

================================================================
== Vivado HLS Report for 'should_skip'
================================================================
* Date:           Wed Apr 16 03:08:45 2025

* Version:        2018.3 (Build 2405991 on Thu Dec 06 23:56:15 MST 2018)
* Project:        lstm_hls_opt
* Solution:       solution1
* Product family: zynq
* Target device:  xc7z020clg400-2


================================================================
== Performance Estimates
================================================================
+ Timing (ns): 
    * Summary: 
    +--------+-------+----------+------------+
    |  Clock | Target| Estimated| Uncertainty|
    +--------+-------+----------+------------+
    |ap_clk  |  10.00|     8.674|        1.25|
    +--------+-------+----------+------------+

+ Latency (clock cycles): 
    * Summary: 
    +-----+-----+-----+-----+---------+
    |  Latency  |  Interval | Pipeline|
    | min | max | min | max |   Type  |
    +-----+-----+-----+-----+---------+
    |   33|   33|   33|   33|   none  |
    +-----+-----+-----+-----+---------+

    + Detail: 
        * Instance: 
        N/A

        * Loop: 
        +----------+-----+-----+----------+-----------+-----------+------+----------+
        |          |  Latency  | Iteration|  Initiation Interval  | Trip |          |
        | Loop Name| min | max |  Latency |  achieved |   target  | Count| Pipelined|
        +----------+-----+-----+----------+-----------+-----------+------+----------+
        |- Loop 1  |   28|   28|         2|          1|          1|    28|    yes   |
        +----------+-----+-----+----------+-----------+-----------+------+----------+



================================================================
== Utilization Estimates
================================================================
* Summary: 
+-----------------+---------+-------+--------+-------+
|       Name      | BRAM_18K| DSP48E|   FF   |  LUT  |
+-----------------+---------+-------+--------+-------+
|DSP              |        -|      -|       -|      -|
|Expression       |        -|      -|      80|   1652|
|FIFO             |        -|      -|       -|      -|
|Instance         |        -|      0|     260|    938|
|Memory           |        -|      -|       -|      -|
|Multiplexer      |        -|      -|       -|     30|
|Register         |        -|      -|     407|      -|
+-----------------+---------+-------+--------+-------+
|Total            |        0|      0|     747|   2620|
+-----------------+---------+-------+--------+-------+
|Available        |      280|    220|  106400|  53200|
+-----------------+---------+-------+--------+-------+
|Utilization (%)  |        0|      0|   ~0   |      4|
+-----------------+---------+-------+--------+-------+

+ Detail: 
    * Instance: 
    +-------------------------+----------------------+---------+-------+-----+-----+
    |         Instance        |        Module        | BRAM_18K| DSP48E|  FF | LUT |
    +-------------------------+----------------------+---------+-------+-----+-----+
    |LSTM_Top_dcmp_64nbkb_U1  |LSTM_Top_dcmp_64nbkb  |        0|      0|  130|  469|
    |LSTM_Top_dcmp_64nbkb_U2  |LSTM_Top_dcmp_64nbkb  |        0|      0|  130|  469|
    +-------------------------+----------------------+---------+-------+-----+-----+
    |Total                    |                      |        0|      0|  260|  938|
    +-------------------------+----------------------+---------+-------+-----+-----+

    * DSP48: 
    N/A

    * Memory: 
    N/A

    * FIFO: 
    N/A

    * Expression: 
    +------------------------------+----------+-------+----+-----+------------+------------+
    |         Variable Name        | Operation| DSP48E| FF | LUT | Bitwidth P0| Bitwidth P1|
    +------------------------------+----------+-------+----+-----+------------+------------+
    |addconv1_fu_521_p2            |     +    |      0|   0|   16|          16|          16|
    |addconv_fu_549_p2             |     +    |      0|   0|   16|          16|          16|
    |i_1_fu_496_p2                 |     +    |      0|   0|    7|           5|           1|
    |lsb_index_1_fu_815_p2         |     +    |      0|   0|   32|           7|          32|
    |lsb_index_fu_694_p2           |     +    |      0|   0|   32|           7|          32|
    |m_2_fu_973_p2                 |     +    |      0|   0|   64|          64|          64|
    |m_7_fu_1078_p2                |     +    |      0|   0|   64|          64|          64|
    |p_Repl2_2_trunc_fu_1010_p2    |     +    |      0|   0|    8|          11|          11|
    |p_Repl2_5_trunc_fu_1115_p2    |     +    |      0|   0|    8|          11|          11|
    |tmp_10_fu_767_p2              |     +    |      0|   0|   16|           7|          16|
    |tmp_15_fu_933_p2              |     +    |      0|   0|   32|           7|          32|
    |tmp_30_fu_888_p2              |     +    |      0|   0|   16|           7|          16|
    |tmp_35_fu_1038_p2             |     +    |      0|   0|   32|           7|          32|
    |delta_V_fu_507_p2             |     -    |      0|   0|   16|          16|          16|
    |tmp_18_fu_948_p2              |     -    |      0|   0|   32|           6|          32|
    |tmp_1_fu_685_p2               |     -    |      0|   0|   32|           5|          32|
    |tmp_25_fu_806_p2              |     -    |      0|   0|   32|           5|          32|
    |tmp_263_fu_1005_p2            |     -    |      0|   0|    8|           3|          11|
    |tmp_268_fu_1110_p2            |     -    |      0|   0|    8|           3|          11|
    |tmp_38_fu_1053_p2             |     -    |      0|   0|   32|           6|          32|
    |tmp_472_fu_720_p2             |     -    |      0|   0|    7|           3|           5|
    |tmp_483_fu_841_p2             |     -    |      0|   0|    7|           3|           5|
    |tmp_7_fu_527_p2               |     -    |      0|   0|   16|          16|          16|
    |tmp_9_fu_555_p2               |     -    |      0|   0|   16|          16|          16|
    |tmp_V_2_fu_641_p2             |     -    |      0|   0|   16|           1|          16|
    |tmp_V_fu_583_p2               |     -    |      0|   0|   16|           1|          16|
    |a_1_fu_868_p2                 |    and   |      0|   0|    1|           1|           1|
    |a_fu_747_p2                   |    and   |      0|   0|    1|           1|           1|
    |ap_condition_146              |    and   |      0|   0|    1|           1|           1|
    |p_Result_3_fu_736_p2          |    and   |      0|   0|   16|          16|          16|
    |p_Result_9_fu_857_p2          |    and   |      0|   0|   16|          16|          16|
    |tmp_12_fu_780_p2              |    and   |      0|   0|    1|           1|           1|
    |tmp_32_fu_901_p2              |    and   |      0|   0|    1|           1|           1|
    |tmp_407_fu_1173_p2            |    and   |      0|   0|    1|           1|           1|
    |tmp_411_fu_1215_p2            |    and   |      0|   0|    1|           1|           1|
    |l_1_fu_673_p3                 |   cttz   |      0|  40|   36|          32|           0|
    |l_fu_615_p3                   |   cttz   |      0|  40|   36|          32|           0|
    |exitcond_fu_490_p2            |   icmp   |      0|   0|    2|           5|           4|
    |icmp1_fu_831_p2               |   icmp   |      0|   0|   12|          31|           1|
    |icmp_fu_710_p2                |   icmp   |      0|   0|   12|          31|           1|
    |notlhs7_fu_1205_p2            |   icmp   |      0|   0|    5|          11|           2|
    |notlhs_fu_1163_p2             |   icmp   |      0|   0|    5|          11|           2|
    |notrhs8_fu_1131_p2            |   icmp   |      0|   0|   20|          52|           1|
    |notrhs_fu_1026_p2             |   icmp   |      0|   0|   20|          52|           1|
    |tmp_14_fu_800_p2              |   icmp   |      0|   0|   12|          32|           1|
    |tmp_24_fu_627_p2              |   icmp   |      0|   0|    7|          16|           1|
    |tmp_28_fu_862_p2              |   icmp   |      0|   0|    7|          16|           1|
    |tmp_34_fu_921_p2              |   icmp   |      0|   0|   12|          32|           1|
    |tmp_4_fu_741_p2               |   icmp   |      0|   0|    7|          16|           1|
    |tmp_fu_569_p2                 |   icmp   |      0|   0|    7|          16|           1|
    |tmp_17_fu_938_p2              |   lshr   |      0|   0|   85|          32|          32|
    |tmp_37_fu_1043_p2             |   lshr   |      0|   0|   85|          32|          32|
    |tmp_474_fu_730_p2             |   lshr   |      0|   0|   35|           2|          16|
    |tmp_485_fu_851_p2             |   lshr   |      0|   0|   35|           2|          16|
    |ap_condition_367              |    or    |      0|   0|    1|           1|           1|
    |ap_return                     |    or    |      0|   0|    1|           1|           1|
    |tmp1_fu_1221_p2               |    or    |      0|   0|    1|           1|           1|
    |tmp2_fu_1226_p2               |    or    |      0|   0|    1|           1|           1|
    |tmp_261_fu_786_p2             |    or    |      0|   0|    1|           1|           1|
    |tmp_266_fu_907_p2             |    or    |      0|   0|    1|           1|           1|
    |tmp_405_fu_1168_p2            |    or    |      0|   0|    1|           1|           1|
    |tmp_409_fu_1210_p2            |    or    |      0|   0|    1|           1|           1|
    |diff_sum_V_fu_533_p3          |  select  |      0|   0|   16|           1|          16|
    |energy_V_fu_561_p3            |  select  |      0|   0|   16|           1|          16|
    |m_1_fu_963_p3                 |  select  |      0|   0|   64|           1|          64|
    |m_6_fu_1068_p3                |  select  |      0|   0|   64|           1|          64|
    |tmp_264_cast_cast_fu_997_p3   |  select  |      0|   0|   10|           1|          10|
    |tmp_272_cast_cast_fu_1102_p3  |  select  |      0|   0|   10|           1|          10|
    |tmp_V_8_fu_589_p3             |  select  |      0|   0|   16|           1|          16|
    |tmp_V_9_fu_647_p3             |  select  |      0|   0|   16|           1|          16|
    |tmp_20_fu_957_p2              |    shl   |      0|   0|  182|          64|          64|
    |tmp_40_fu_1062_p2             |    shl   |      0|   0|  182|          64|          64|
    |ap_enable_pp0                 |    xor   |      0|   0|    2|           1|           2|
    |ap_enable_reg_pp0_iter1       |    xor   |      0|   0|    2|           2|           1|
    |rev1_fu_882_p2                |    xor   |      0|   0|    2|           1|           2|
    |rev_fu_761_p2                 |    xor   |      0|   0|    2|           1|           2|
    +------------------------------+----------+-------+----+-----+------------+------------+
    |Total                         |          |      0|  80| 1652|         954|        1091|
    +------------------------------+----------+-------+----+-----+------------+------------+

    * Multiplexer: 
    +---------------------------------------+----+-----------+-----+-----------+
    |                  Name                 | LUT| Input Size| Bits| Total Bits|
    +---------------------------------------+----+-----------+-----+-----------+
    |ap_NS_fsm                              |   4|          7|    1|          7|
    |ap_enable_reg_pp0_iter1                |   3|          3|    1|          3|
    |ap_phi_mux_i_phi_fu_411_p4             |   3|          2|    5|         10|
    |ap_phi_reg_pp0_iter1_p_Val2_2_reg_419  |  11|         29|   16|        464|
    |i_reg_407                              |   3|          2|    5|         10|
    |tmp_V_6_reg_383                        |   3|          2|   16|         32|
    |tmp_V_7_reg_395                        |   3|          2|   16|         32|
    +---------------------------------------+----+-----------+-----+-----------+
    |Total                                  |  30|         47|   60|        558|
    +---------------------------------------+----+-----------+-----+-----------+

    * Register: 
    +---------------------------------------+----+----+-----+-----------+
    |                  Name                 | FF | LUT| Bits| Const Bits|
    +---------------------------------------+----+----+-----+-----------+
    |ap_CS_fsm                              |   6|   0|    6|          0|
    |ap_enable_reg_pp0_iter0                |   1|   0|    1|          0|
    |ap_enable_reg_pp0_iter1                |   1|   0|    1|          0|
    |ap_phi_reg_pp0_iter1_p_Val2_2_reg_419  |  16|   0|   16|          0|
    |exitcond_reg_1377                      |   1|   0|    1|          0|
    |i_1_reg_1381                           |   5|   0|    5|          0|
    |i_reg_407                              |   5|   0|    5|          0|
    |l_1_reg_1447                           |  32|   0|   32|          0|
    |l_reg_1419                             |  32|   0|   32|          0|
    |m_3_reg_1505                           |  63|   0|   63|          0|
    |m_s_reg_1489                           |  63|   0|   63|          0|
    |notrhs8_reg_1516                       |   1|   0|    1|          0|
    |notrhs_reg_1500                        |   1|   0|    1|          0|
    |p_Repl2_2_trunc_reg_1494               |  11|   0|   11|          0|
    |p_Repl2_5_trunc_reg_1510               |  11|   0|   11|          0|
    |p_Result_12_reg_1406                   |   1|   0|    1|          0|
    |p_Result_15_reg_1434                   |   1|   0|    1|          0|
    |tmp_13_reg_1463                        |   1|   0|   32|         31|
    |tmp_14_reg_1468                        |   1|   0|    1|          0|
    |tmp_1_reg_1457                         |  32|   0|   32|          0|
    |tmp_24_reg_1429                        |   1|   0|    1|          0|
    |tmp_25_reg_1473                        |  32|   0|   32|          0|
    |tmp_33_reg_1479                        |   1|   0|   32|         31|
    |tmp_34_reg_1484                        |   1|   0|    1|          0|
    |tmp_478_reg_1424                       |  11|   0|   11|          0|
    |tmp_489_reg_1452                       |  11|   0|   11|          0|
    |tmp_V_6_reg_383                        |  16|   0|   16|          0|
    |tmp_V_7_reg_395                        |  16|   0|   16|          0|
    |tmp_V_8_reg_1411                       |  16|   0|   16|          0|
    |tmp_V_9_reg_1439                       |  16|   0|   16|          0|
    |tmp_reg_1401                           |   1|   0|    1|          0|
    +---------------------------------------+----+----+-----+-----------+
    |Total                                  | 407|   0|  469|         62|
    +---------------------------------------+----+----+-----+-----------+



================================================================
== Interface
================================================================
* Summary: 
+-------------------+-----+-----+------------+---------------+--------------+
|     RTL Ports     | Dir | Bits|  Protocol  | Source Object |    C Type    |
+-------------------+-----+-----+------------+---------------+--------------+
|ap_clk             |  in |    1| ap_ctrl_hs |  should_skip  | return value |
|ap_rst             |  in |    1| ap_ctrl_hs |  should_skip  | return value |
|ap_start           |  in |    1| ap_ctrl_hs |  should_skip  | return value |
|ap_done            | out |    1| ap_ctrl_hs |  should_skip  | return value |
|ap_idle            | out |    1| ap_ctrl_hs |  should_skip  | return value |
|ap_ready           | out |    1| ap_ctrl_hs |  should_skip  | return value |
|ap_return          | out |    1| ap_ctrl_hs |  should_skip  | return value |
|x_t_0_V_read       |  in |   16|   ap_none  |  x_t_0_V_read |    scalar    |
|x_t_1_V_read       |  in |   16|   ap_none  |  x_t_1_V_read |    scalar    |
|x_t_2_V_read       |  in |   16|   ap_none  |  x_t_2_V_read |    scalar    |
|x_t_3_V_read       |  in |   16|   ap_none  |  x_t_3_V_read |    scalar    |
|x_t_4_V_read       |  in |   16|   ap_none  |  x_t_4_V_read |    scalar    |
|x_t_5_V_read       |  in |   16|   ap_none  |  x_t_5_V_read |    scalar    |
|x_t_6_V_read       |  in |   16|   ap_none  |  x_t_6_V_read |    scalar    |
|x_t_7_V_read       |  in |   16|   ap_none  |  x_t_7_V_read |    scalar    |
|x_t_8_V_read       |  in |   16|   ap_none  |  x_t_8_V_read |    scalar    |
|x_t_9_V_read       |  in |   16|   ap_none  |  x_t_9_V_read |    scalar    |
|x_t_10_V_read      |  in |   16|   ap_none  | x_t_10_V_read |    scalar    |
|x_t_11_V_read      |  in |   16|   ap_none  | x_t_11_V_read |    scalar    |
|x_t_12_V_read      |  in |   16|   ap_none  | x_t_12_V_read |    scalar    |
|x_t_13_V_read      |  in |   16|   ap_none  | x_t_13_V_read |    scalar    |
|x_t_14_V_read      |  in |   16|   ap_none  | x_t_14_V_read |    scalar    |
|x_t_15_V_read      |  in |   16|   ap_none  | x_t_15_V_read |    scalar    |
|x_t_16_V_read      |  in |   16|   ap_none  | x_t_16_V_read |    scalar    |
|x_t_17_V_read      |  in |   16|   ap_none  | x_t_17_V_read |    scalar    |
|x_t_18_V_read      |  in |   16|   ap_none  | x_t_18_V_read |    scalar    |
|x_t_19_V_read      |  in |   16|   ap_none  | x_t_19_V_read |    scalar    |
|x_t_20_V_read      |  in |   16|   ap_none  | x_t_20_V_read |    scalar    |
|x_t_21_V_read      |  in |   16|   ap_none  | x_t_21_V_read |    scalar    |
|x_t_22_V_read      |  in |   16|   ap_none  | x_t_22_V_read |    scalar    |
|x_t_23_V_read      |  in |   16|   ap_none  | x_t_23_V_read |    scalar    |
|x_t_24_V_read      |  in |   16|   ap_none  | x_t_24_V_read |    scalar    |
|x_t_25_V_read      |  in |   16|   ap_none  | x_t_25_V_read |    scalar    |
|x_t_26_V_read      |  in |   16|   ap_none  | x_t_26_V_read |    scalar    |
|x_t_27_V_read      |  in |   16|   ap_none  | x_t_27_V_read |    scalar    |
|x_prev_V_address0  | out |    8|  ap_memory |    x_prev_V   |     array    |
|x_prev_V_ce0       | out |    1|  ap_memory |    x_prev_V   |     array    |
|x_prev_V_q0        |  in |   16|  ap_memory |    x_prev_V   |     array    |
+-------------------+-----+-----+------------+---------------+--------------+

