

================================================================
== Vivado HLS Report for 'LSTM_Top'
================================================================
* Date:           Wed Apr 16 03:09:20 2025

* Version:        2018.3 (Build 2405991 on Thu Dec 06 23:56:15 MST 2018)
* Project:        lstm_hls_opt
* Solution:       solution1
* Product family: zynq
* Target device:  xc7z020clg400-2


================================================================
== Performance Estimates
================================================================
+ Timing (ns): 
    * Summary: 
    +--------+-------+----------+------------+
    |  Clock | Target| Estimated| Uncertainty|
    +--------+-------+----------+------------+
    |ap_clk  |  10.00|     9.235|        1.25|
    +--------+-------+----------+------------+

+ Latency (clock cycles): 
    * Summary: 
    +-----+--------+-----+--------+---------+
    |    Latency   |   Interval   | Pipeline|
    | min |   max  | min |   max  |   Type  |
    +-----+--------+-----+--------+---------+
    |  994|  172334|  994|  172334|   none  |
    +-----+--------+-----+--------+---------+

    + Detail: 
        * Instance: 
        +----------------------+------------+-----+--------+-----+--------+---------+
        |                      |            |    Latency   |   Interval   | Pipeline|
        |       Instance       |   Module   | min |   max  | min |   max  |   Type  |
        +----------------------+------------+-----+--------+-----+--------+---------+
        |grp_mnist_lstm_fu_74  |mnist_lstm  |  991|  172331|  991|  172331|   none  |
        +----------------------+------------+-----+--------+-----+--------+---------+

        * Loop: 
        N/A



================================================================
== Utilization Estimates
================================================================
* Summary: 
+-----------------+---------+-------+--------+-------+
|       Name      | BRAM_18K| DSP48E|   FF   |  LUT  |
+-----------------+---------+-------+--------+-------+
|DSP              |        -|      -|       -|      -|
|Expression       |        -|      -|       0|     44|
|FIFO             |        -|      -|       -|      -|
|Instance         |      245|    620|   36431|  47584|
|Memory           |        -|      -|       -|      -|
|Multiplexer      |        -|      -|       -|    109|
|Register         |        -|      -|     237|      -|
+-----------------+---------+-------+--------+-------+
|Total            |      245|    620|   36668|  47737|
+-----------------+---------+-------+--------+-------+
|Available        |      280|    220|  106400|  53200|
+-----------------+---------+-------+--------+-------+
|Utilization (%)  |       87|    281|      34|     89|
+-----------------+---------+-------+--------+-------+

+ Detail: 
    * Instance: 
    +----------------------+------------+---------+-------+-------+-------+
    |       Instance       |   Module   | BRAM_18K| DSP48E|   FF  |  LUT  |
    +----------------------+------------+---------+-------+-------+-------+
    |grp_mnist_lstm_fu_74  |mnist_lstm  |      245|    620|  36431|  47584|
    +----------------------+------------+---------+-------+-------+-------+
    |Total                 |            |      245|    620|  36431|  47584|
    +----------------------+------------+---------+-------+-------+-------+

    * DSP48: 
    N/A

    * Memory: 
    N/A

    * FIFO: 
    N/A

    * Expression: 
    +-----------------------------------+----------+-------+---+----+------------+------------+
    |           Variable Name           | Operation| DSP48E| FF| LUT| Bitwidth P0| Bitwidth P1|
    +-----------------------------------+----------+-------+---+----+------------+------------+
    |in_data_V_0_load_A                 |    and   |      0|  0|   1|           1|           1|
    |in_data_V_0_load_B                 |    and   |      0|  0|   1|           1|           1|
    |in_dest_V_0_load_A                 |    and   |      0|  0|   1|           1|           1|
    |in_dest_V_0_load_B                 |    and   |      0|  0|   1|           1|           1|
    |in_id_V_0_load_A                   |    and   |      0|  0|   1|           1|           1|
    |in_id_V_0_load_B                   |    and   |      0|  0|   1|           1|           1|
    |in_keep_V_0_load_A                 |    and   |      0|  0|   1|           1|           1|
    |in_keep_V_0_load_B                 |    and   |      0|  0|   1|           1|           1|
    |in_last_V_0_load_A                 |    and   |      0|  0|   1|           1|           1|
    |in_last_V_0_load_B                 |    and   |      0|  0|   1|           1|           1|
    |in_strb_V_0_load_A                 |    and   |      0|  0|   1|           1|           1|
    |in_strb_V_0_load_B                 |    and   |      0|  0|   1|           1|           1|
    |in_user_V_0_load_A                 |    and   |      0|  0|   1|           1|           1|
    |in_user_V_0_load_B                 |    and   |      0|  0|   1|           1|           1|
    |out_data_V_1_load_A                |    and   |      0|  0|   1|           1|           1|
    |out_data_V_1_load_B                |    and   |      0|  0|   1|           1|           1|
    |out_dest_V_1_load_A                |    and   |      0|  0|   1|           1|           1|
    |out_dest_V_1_load_B                |    and   |      0|  0|   1|           1|           1|
    |out_id_V_1_load_A                  |    and   |      0|  0|   1|           1|           1|
    |out_id_V_1_load_B                  |    and   |      0|  0|   1|           1|           1|
    |out_keep_V_1_load_A                |    and   |      0|  0|   1|           1|           1|
    |out_keep_V_1_load_B                |    and   |      0|  0|   1|           1|           1|
    |out_last_V_1_load_A                |    and   |      0|  0|   1|           1|           1|
    |out_last_V_1_load_B                |    and   |      0|  0|   1|           1|           1|
    |out_strb_V_1_load_A                |    and   |      0|  0|   1|           1|           1|
    |out_strb_V_1_load_B                |    and   |      0|  0|   1|           1|           1|
    |out_user_V_1_load_A                |    and   |      0|  0|   1|           1|           1|
    |out_user_V_1_load_B                |    and   |      0|  0|   1|           1|           1|
    |in_data_V_0_state_cmp_full         |   icmp   |      0|  0|   1|           2|           1|
    |in_dest_V_0_state_cmp_full         |   icmp   |      0|  0|   1|           2|           1|
    |in_id_V_0_state_cmp_full           |   icmp   |      0|  0|   1|           2|           1|
    |in_keep_V_0_state_cmp_full         |   icmp   |      0|  0|   1|           2|           1|
    |in_last_V_0_state_cmp_full         |   icmp   |      0|  0|   1|           2|           1|
    |in_strb_V_0_state_cmp_full         |   icmp   |      0|  0|   1|           2|           1|
    |in_user_V_0_state_cmp_full         |   icmp   |      0|  0|   1|           2|           1|
    |out_data_V_1_state_cmp_full        |   icmp   |      0|  0|   1|           2|           1|
    |out_dest_V_1_state_cmp_full        |   icmp   |      0|  0|   1|           2|           1|
    |out_id_V_1_state_cmp_full          |   icmp   |      0|  0|   1|           2|           1|
    |out_keep_V_1_state_cmp_full        |   icmp   |      0|  0|   1|           2|           1|
    |out_last_V_1_state_cmp_full        |   icmp   |      0|  0|   1|           2|           1|
    |out_strb_V_1_state_cmp_full        |   icmp   |      0|  0|   1|           2|           1|
    |out_user_V_1_state_cmp_full        |   icmp   |      0|  0|   1|           2|           1|
    |ap_block_state4                    |    or    |      0|  0|   1|           1|           1|
    |grp_mnist_lstm_fu_74_out_r_TREADY  |    or    |      0|  0|   1|           1|           1|
    +-----------------------------------+----------+-------+---+----+------------+------------+
    |Total                              |          |      0|  0|  44|          58|          44|
    +-----------------------------------+----------+-------+---+----+------------+------------+

    * Multiplexer: 
    +-----------------------+----+-----------+-----+-----------+
    |          Name         | LUT| Input Size| Bits| Total Bits|
    +-----------------------+----+-----------+-----+-----------+
    |ap_NS_fsm              |   4|          5|    1|          5|
    |in_data_V_0_ack_out    |   3|          2|    1|          2|
    |in_data_V_0_data_out   |   3|          2|   32|         64|
    |in_data_V_0_state      |   3|          3|    2|          6|
    |in_dest_V_0_ack_out    |   3|          2|    1|          2|
    |in_dest_V_0_data_out   |   3|          2|    1|          2|
    |in_dest_V_0_state      |   3|          3|    2|          6|
    |in_id_V_0_ack_out      |   3|          2|    1|          2|
    |in_id_V_0_data_out     |   3|          2|    1|          2|
    |in_id_V_0_state        |   3|          3|    2|          6|
    |in_keep_V_0_ack_out    |   3|          2|    1|          2|
    |in_keep_V_0_data_out   |   3|          2|    4|          8|
    |in_keep_V_0_state      |   3|          3|    2|          6|
    |in_last_V_0_ack_out    |   3|          2|    1|          2|
    |in_last_V_0_data_out   |   3|          2|    1|          2|
    |in_last_V_0_state      |   3|          3|    2|          6|
    |in_strb_V_0_ack_out    |   3|          2|    1|          2|
    |in_strb_V_0_data_out   |   3|          2|    4|          8|
    |in_strb_V_0_state      |   3|          3|    2|          6|
    |in_user_V_0_ack_out    |   3|          2|    1|          2|
    |in_user_V_0_data_out   |   3|          2|    1|          2|
    |in_user_V_0_state      |   3|          3|    2|          6|
    |out_data_V_1_data_out  |   3|          2|   32|         64|
    |out_data_V_1_state     |   3|          3|    2|          6|
    |out_dest_V_1_data_out  |   3|          2|    1|          2|
    |out_dest_V_1_state     |   3|          3|    2|          6|
    |out_id_V_1_data_out    |   3|          2|    1|          2|
    |out_id_V_1_state       |   3|          3|    2|          6|
    |out_keep_V_1_data_out  |   3|          2|    4|          8|
    |out_keep_V_1_state     |   3|          3|    2|          6|
    |out_last_V_1_data_out  |   3|          2|    1|          2|
    |out_last_V_1_state     |   3|          3|    2|          6|
    |out_strb_V_1_data_out  |   3|          2|    4|          8|
    |out_strb_V_1_state     |   3|          3|    2|          6|
    |out_user_V_1_data_out  |   3|          2|    1|          2|
    |out_user_V_1_state     |   3|          3|    2|          6|
    +-----------------------+----+-----------+-----+-----------+
    |Total                  | 109|         89|  124|        279|
    +-----------------------+----+-----------+-----+-----------+

    * Register: 
    +-----------------------------------+----+----+-----+-----------+
    |                Name               | FF | LUT| Bits| Const Bits|
    +-----------------------------------+----+----+-----+-----------+
    |ap_CS_fsm                          |   4|   0|    4|          0|
    |grp_mnist_lstm_fu_74_ap_start_reg  |   1|   0|    1|          0|
    |in_data_V_0_payload_A              |  32|   0|   32|          0|
    |in_data_V_0_payload_B              |  32|   0|   32|          0|
    |in_data_V_0_sel_rd                 |   1|   0|    1|          0|
    |in_data_V_0_sel_wr                 |   1|   0|    1|          0|
    |in_data_V_0_state                  |   2|   0|    2|          0|
    |in_dest_V_0_payload_A              |   1|   0|    1|          0|
    |in_dest_V_0_payload_B              |   1|   0|    1|          0|
    |in_dest_V_0_sel_rd                 |   1|   0|    1|          0|
    |in_dest_V_0_sel_wr                 |   1|   0|    1|          0|
    |in_dest_V_0_state                  |   2|   0|    2|          0|
    |in_id_V_0_payload_A                |   1|   0|    1|          0|
    |in_id_V_0_payload_B                |   1|   0|    1|          0|
    |in_id_V_0_sel_rd                   |   1|   0|    1|          0|
    |in_id_V_0_sel_wr                   |   1|   0|    1|          0|
    |in_id_V_0_state                    |   2|   0|    2|          0|
    |in_keep_V_0_payload_A              |   4|   0|    4|          0|
    |in_keep_V_0_payload_B              |   4|   0|    4|          0|
    |in_keep_V_0_sel_rd                 |   1|   0|    1|          0|
    |in_keep_V_0_sel_wr                 |   1|   0|    1|          0|
    |in_keep_V_0_state                  |   2|   0|    2|          0|
    |in_last_V_0_payload_A              |   1|   0|    1|          0|
    |in_last_V_0_payload_B              |   1|   0|    1|          0|
    |in_last_V_0_sel_rd                 |   1|   0|    1|          0|
    |in_last_V_0_sel_wr                 |   1|   0|    1|          0|
    |in_last_V_0_state                  |   2|   0|    2|          0|
    |in_strb_V_0_payload_A              |   4|   0|    4|          0|
    |in_strb_V_0_payload_B              |   4|   0|    4|          0|
    |in_strb_V_0_sel_rd                 |   1|   0|    1|          0|
    |in_strb_V_0_sel_wr                 |   1|   0|    1|          0|
    |in_strb_V_0_state                  |   2|   0|    2|          0|
    |in_user_V_0_payload_A              |   1|   0|    1|          0|
    |in_user_V_0_payload_B              |   1|   0|    1|          0|
    |in_user_V_0_sel_rd                 |   1|   0|    1|          0|
    |in_user_V_0_sel_wr                 |   1|   0|    1|          0|
    |in_user_V_0_state                  |   2|   0|    2|          0|
    |out_data_V_1_payload_A             |  32|   0|   32|          0|
    |out_data_V_1_payload_B             |  32|   0|   32|          0|
    |out_data_V_1_sel_rd                |   1|   0|    1|          0|
    |out_data_V_1_sel_wr                |   1|   0|    1|          0|
    |out_data_V_1_state                 |   2|   0|    2|          0|
    |out_dest_V_1_payload_A             |   1|   0|    1|          0|
    |out_dest_V_1_payload_B             |   1|   0|    1|          0|
    |out_dest_V_1_sel_rd                |   1|   0|    1|          0|
    |out_dest_V_1_sel_wr                |   1|   0|    1|          0|
    |out_dest_V_1_state                 |   2|   0|    2|          0|
    |out_id_V_1_payload_A               |   1|   0|    1|          0|
    |out_id_V_1_payload_B               |   1|   0|    1|          0|
    |out_id_V_1_sel_rd                  |   1|   0|    1|          0|
    |out_id_V_1_sel_wr                  |   1|   0|    1|          0|
    |out_id_V_1_state                   |   2|   0|    2|          0|
    |out_keep_V_1_payload_A             |   4|   0|    4|          0|
    |out_keep_V_1_payload_B             |   4|   0|    4|          0|
    |out_keep_V_1_sel_rd                |   1|   0|    1|          0|
    |out_keep_V_1_sel_wr                |   1|   0|    1|          0|
    |out_keep_V_1_state                 |   2|   0|    2|          0|
    |out_last_V_1_payload_A             |   1|   0|    1|          0|
    |out_last_V_1_payload_B             |   1|   0|    1|          0|
    |out_last_V_1_sel_rd                |   1|   0|    1|          0|
    |out_last_V_1_sel_wr                |   1|   0|    1|          0|
    |out_last_V_1_state                 |   2|   0|    2|          0|
    |out_strb_V_1_payload_A             |   4|   0|    4|          0|
    |out_strb_V_1_payload_B             |   4|   0|    4|          0|
    |out_strb_V_1_sel_rd                |   1|   0|    1|          0|
    |out_strb_V_1_sel_wr                |   1|   0|    1|          0|
    |out_strb_V_1_state                 |   2|   0|    2|          0|
    |out_user_V_1_payload_A             |   1|   0|    1|          0|
    |out_user_V_1_payload_B             |   1|   0|    1|          0|
    |out_user_V_1_sel_rd                |   1|   0|    1|          0|
    |out_user_V_1_sel_wr                |   1|   0|    1|          0|
    |out_user_V_1_state                 |   2|   0|    2|          0|
    +-----------------------------------+----+----+-----+-----------+
    |Total                              | 237|   0|  237|          0|
    +-----------------------------------+----+----+-----+-----------+



================================================================
== Interface
================================================================
* Summary: 
+--------------+-----+-----+--------------+--------------+--------------+
|   RTL Ports  | Dir | Bits|   Protocol   | Source Object|    C Type    |
+--------------+-----+-----+--------------+--------------+--------------+
|ap_clk        |  in |    1| ap_ctrl_none |   LSTM_Top   | return value |
|ap_rst_n      |  in |    1| ap_ctrl_none |   LSTM_Top   | return value |
|in_r_TDATA    |  in |   32|     axis     |   in_data_V  |    pointer   |
|in_r_TVALID   |  in |    1|     axis     |   in_dest_V  |    pointer   |
|in_r_TREADY   | out |    1|     axis     |   in_dest_V  |    pointer   |
|in_r_TDEST    |  in |    1|     axis     |   in_dest_V  |    pointer   |
|in_r_TKEEP    |  in |    4|     axis     |   in_keep_V  |    pointer   |
|in_r_TSTRB    |  in |    4|     axis     |   in_strb_V  |    pointer   |
|in_r_TUSER    |  in |    1|     axis     |   in_user_V  |    pointer   |
|in_r_TLAST    |  in |    1|     axis     |   in_last_V  |    pointer   |
|in_r_TID      |  in |    1|     axis     |    in_id_V   |    pointer   |
|out_r_TDATA   | out |   32|     axis     |  out_data_V  |    pointer   |
|out_r_TVALID  | out |    1|     axis     |  out_dest_V  |    pointer   |
|out_r_TREADY  |  in |    1|     axis     |  out_dest_V  |    pointer   |
|out_r_TDEST   | out |    1|     axis     |  out_dest_V  |    pointer   |
|out_r_TKEEP   | out |    4|     axis     |  out_keep_V  |    pointer   |
|out_r_TSTRB   | out |    4|     axis     |  out_strb_V  |    pointer   |
|out_r_TUSER   | out |    1|     axis     |  out_user_V  |    pointer   |
|out_r_TLAST   | out |    1|     axis     |  out_last_V  |    pointer   |
|out_r_TID     | out |    1|     axis     |   out_id_V   |    pointer   |
+--------------+-----+-----+--------------+--------------+--------------+

============================================================
+ Verbose Summary: Synthesis Manager
============================================================
InlineROM: 1
ExposeGlobal: 0
============================================================
+ Verbose Summary: CDFG Model
============================================================
IsTopModel: 1
ResetActiveHigh: 1
IsCombinational: 2
IsDatapathOnly: 2
HasWiredReturn: 1
HasMFsm: 0
HasVarLatency: 1
IsPipeline: 0
IsRtlPipelined: 0
IsInstanceOverlapped: 0
IsDontTouch: 0
HasImplIP: 0
IsGatedGlobalClock: 0


============================================================
+ Verbose Summary: Schedule
============================================================
* Number of FSM states : 4
* Pipeline : 0
* Dataflow Pipeline: 0

* FSM state transitions: 
1 --> 
	2  / true
2 --> 
	3  / true
3 --> 
	4  / true
4 --> 

* FSM state operations: 

State 1 <SV = 0> <Delay = 0.00>

State 2 <SV = 1> <Delay = 7.19>
ST_2 : Operation 5 [2/2] (7.19ns)   --->   "call fastcc void @mnist_lstm(i32* %in_data_V, i4* %in_keep_V, i4* %in_strb_V, i1* %in_user_V, i1* %in_last_V, i1* %in_id_V, i1* %in_dest_V, i32* %out_data_V, i4* %out_keep_V, i4* %out_strb_V, i1* %out_user_V, i1* %out_last_V, i1* %out_id_V, i1* %out_dest_V)" [lstm_hls_opt/src/rnn_top.cpp:37]   --->   Operation 5 'call' <Predicate = true> <Delay = 7.19> <CoreType = "Generic">   --->   Core 0 '' <Latency = 0> <II = 1> <Delay = 1.00> <Generic> <Opcode : >

State 3 <SV = 2> <Delay = 1.75>
ST_3 : Operation 6 [1/2] (1.75ns)   --->   "call fastcc void @mnist_lstm(i32* %in_data_V, i4* %in_keep_V, i4* %in_strb_V, i1* %in_user_V, i1* %in_last_V, i1* %in_id_V, i1* %in_dest_V, i32* %out_data_V, i4* %out_keep_V, i4* %out_strb_V, i1* %out_user_V, i1* %out_last_V, i1* %out_id_V, i1* %out_dest_V)" [lstm_hls_opt/src/rnn_top.cpp:37]   --->   Operation 6 'call' <Predicate = true> <Delay = 1.75> <CoreType = "Generic">   --->   Core 0 '' <Latency = 0> <II = 1> <Delay = 1.00> <Generic> <Opcode : >

State 4 <SV = 3> <Delay = 0.00>
ST_4 : Operation 7 [1/1] (0.00ns)   --->   "call void (...)* @_ssdm_op_SpecBitsMap(i32* %in_data_V), !map !152"   --->   Operation 7 'specbitsmap' <Predicate = true> <Delay = 0.00>
ST_4 : Operation 8 [1/1] (0.00ns)   --->   "call void (...)* @_ssdm_op_SpecBitsMap(i4* %in_keep_V), !map !158"   --->   Operation 8 'specbitsmap' <Predicate = true> <Delay = 0.00>
ST_4 : Operation 9 [1/1] (0.00ns)   --->   "call void (...)* @_ssdm_op_SpecBitsMap(i4* %in_strb_V), !map !162"   --->   Operation 9 'specbitsmap' <Predicate = true> <Delay = 0.00>
ST_4 : Operation 10 [1/1] (0.00ns)   --->   "call void (...)* @_ssdm_op_SpecBitsMap(i1* %in_user_V), !map !166"   --->   Operation 10 'specbitsmap' <Predicate = true> <Delay = 0.00>
ST_4 : Operation 11 [1/1] (0.00ns)   --->   "call void (...)* @_ssdm_op_SpecBitsMap(i1* %in_last_V), !map !170"   --->   Operation 11 'specbitsmap' <Predicate = true> <Delay = 0.00>
ST_4 : Operation 12 [1/1] (0.00ns)   --->   "call void (...)* @_ssdm_op_SpecBitsMap(i1* %in_id_V), !map !174"   --->   Operation 12 'specbitsmap' <Predicate = true> <Delay = 0.00>
ST_4 : Operation 13 [1/1] (0.00ns)   --->   "call void (...)* @_ssdm_op_SpecBitsMap(i1* %in_dest_V), !map !178"   --->   Operation 13 'specbitsmap' <Predicate = true> <Delay = 0.00>
ST_4 : Operation 14 [1/1] (0.00ns)   --->   "call void (...)* @_ssdm_op_SpecBitsMap(i32* %out_data_V), !map !182"   --->   Operation 14 'specbitsmap' <Predicate = true> <Delay = 0.00>
ST_4 : Operation 15 [1/1] (0.00ns)   --->   "call void (...)* @_ssdm_op_SpecBitsMap(i4* %out_keep_V), !map !188"   --->   Operation 15 'specbitsmap' <Predicate = true> <Delay = 0.00>
ST_4 : Operation 16 [1/1] (0.00ns)   --->   "call void (...)* @_ssdm_op_SpecBitsMap(i4* %out_strb_V), !map !192"   --->   Operation 16 'specbitsmap' <Predicate = true> <Delay = 0.00>
ST_4 : Operation 17 [1/1] (0.00ns)   --->   "call void (...)* @_ssdm_op_SpecBitsMap(i1* %out_user_V), !map !196"   --->   Operation 17 'specbitsmap' <Predicate = true> <Delay = 0.00>
ST_4 : Operation 18 [1/1] (0.00ns)   --->   "call void (...)* @_ssdm_op_SpecBitsMap(i1* %out_last_V), !map !200"   --->   Operation 18 'specbitsmap' <Predicate = true> <Delay = 0.00>
ST_4 : Operation 19 [1/1] (0.00ns)   --->   "call void (...)* @_ssdm_op_SpecBitsMap(i1* %out_id_V), !map !204"   --->   Operation 19 'specbitsmap' <Predicate = true> <Delay = 0.00>
ST_4 : Operation 20 [1/1] (0.00ns)   --->   "call void (...)* @_ssdm_op_SpecBitsMap(i1* %out_dest_V), !map !208"   --->   Operation 20 'specbitsmap' <Predicate = true> <Delay = 0.00>
ST_4 : Operation 21 [1/1] (0.00ns)   --->   "call void (...)* @_ssdm_op_SpecTopModule([9 x i8]* @LSTM_Top_str) nounwind"   --->   Operation 21 'spectopmodule' <Predicate = true> <Delay = 0.00>
ST_4 : Operation 22 [1/1] (0.00ns)   --->   "call void (...)* @_ssdm_op_SpecInterface(i32 0, [13 x i8]* @p_str2, i32 0, i32 0, [1 x i8]* @p_str1, i32 0, i32 0, [1 x i8]* @p_str1, [1 x i8]* @p_str1, [1 x i8]* @p_str1, i32 0, i32 0, i32 0, i32 0, [1 x i8]* @p_str1, [1 x i8]* @p_str1) nounwind" [lstm_hls_opt/src/rnn_top.cpp:33]   --->   Operation 22 'specinterface' <Predicate = true> <Delay = 0.00>
ST_4 : Operation 23 [1/1] (0.00ns)   --->   "call void (...)* @_ssdm_op_SpecInterface(i32* %in_data_V, i4* %in_keep_V, i4* %in_strb_V, i1* %in_user_V, i1* %in_last_V, i1* %in_id_V, i1* %in_dest_V, [5 x i8]* @p_str210, i32 1, i32 1, [5 x i8]* @p_str3, i32 0, i32 0, [1 x i8]* @p_str1, [1 x i8]* @p_str1, [1 x i8]* @p_str1, i32 0, i32 0, i32 0, i32 0, [1 x i8]* @p_str1, [1 x i8]* @p_str1)" [lstm_hls_opt/src/rnn_top.cpp:34]   --->   Operation 23 'specinterface' <Predicate = true> <Delay = 0.00>
ST_4 : Operation 24 [1/1] (0.00ns)   --->   "call void (...)* @_ssdm_op_SpecInterface(i32* %out_data_V, i4* %out_keep_V, i4* %out_strb_V, i1* %out_user_V, i1* %out_last_V, i1* %out_id_V, i1* %out_dest_V, [5 x i8]* @p_str210, i32 1, i32 1, [5 x i8]* @p_str3, i32 0, i32 0, [1 x i8]* @p_str1, [1 x i8]* @p_str1, [1 x i8]* @p_str1, i32 0, i32 0, i32 0, i32 0, [1 x i8]* @p_str1, [1 x i8]* @p_str1)" [lstm_hls_opt/src/rnn_top.cpp:35]   --->   Operation 24 'specinterface' <Predicate = true> <Delay = 0.00>
ST_4 : Operation 25 [1/1] (0.00ns)   --->   "ret void" [lstm_hls_opt/src/rnn_top.cpp:39]   --->   Operation 25 'ret' <Predicate = true> <Delay = 0.00>


============================================================
+ Verbose Summary: Binding
============================================================
STG Binding: 
---------------- STG Properties BEGIN ----------------
- Is combinational: 0
- Is one-state seq: 0
- Is datapath-only: 0
- Is pipelined: 0
- Is top level: 1
Port [ Return ] is wired: 1; IO mode=ap_ctrl_none:ce=0
Port [ in_data_V]:  wired=1; compound=1; hidden=0; nouse=0; global=0; static=0; extern=0; dir=0; type=0; pingpong=0; private_global=0; IO mode=axis:ce=0
Port [ in_keep_V]:  wired=1; compound=1; hidden=0; nouse=0; global=0; static=0; extern=0; dir=0; type=0; pingpong=0; private_global=0; IO mode=axis:ce=0
Port [ in_strb_V]:  wired=1; compound=1; hidden=0; nouse=0; global=0; static=0; extern=0; dir=0; type=0; pingpong=0; private_global=0; IO mode=axis:ce=0
Port [ in_user_V]:  wired=1; compound=1; hidden=0; nouse=0; global=0; static=0; extern=0; dir=0; type=0; pingpong=0; private_global=0; IO mode=axis:ce=0
Port [ in_last_V]:  wired=1; compound=1; hidden=0; nouse=0; global=0; static=0; extern=0; dir=0; type=0; pingpong=0; private_global=0; IO mode=axis:ce=0
Port [ in_id_V]:  wired=1; compound=1; hidden=0; nouse=0; global=0; static=0; extern=0; dir=0; type=0; pingpong=0; private_global=0; IO mode=axis:ce=0
Port [ in_dest_V]:  wired=1; compound=1; hidden=0; nouse=0; global=0; static=0; extern=0; dir=0; type=0; pingpong=0; private_global=0; IO mode=axis:ce=0
Port [ out_data_V]:  wired=1; compound=1; hidden=0; nouse=0; global=0; static=0; extern=0; dir=1; type=0; pingpong=0; private_global=0; IO mode=axis:ce=0
Port [ out_keep_V]:  wired=1; compound=1; hidden=0; nouse=0; global=0; static=0; extern=0; dir=1; type=0; pingpong=0; private_global=0; IO mode=axis:ce=0
Port [ out_strb_V]:  wired=1; compound=1; hidden=0; nouse=0; global=0; static=0; extern=0; dir=1; type=0; pingpong=0; private_global=0; IO mode=axis:ce=0
Port [ out_user_V]:  wired=1; compound=1; hidden=0; nouse=0; global=0; static=0; extern=0; dir=1; type=0; pingpong=0; private_global=0; IO mode=axis:ce=0
Port [ out_last_V]:  wired=1; compound=1; hidden=0; nouse=0; global=0; static=0; extern=0; dir=1; type=0; pingpong=0; private_global=0; IO mode=axis:ce=0
Port [ out_id_V]:  wired=1; compound=1; hidden=0; nouse=0; global=0; static=0; extern=0; dir=1; type=0; pingpong=0; private_global=0; IO mode=axis:ce=0
Port [ out_dest_V]:  wired=1; compound=1; hidden=0; nouse=0; global=0; static=0; extern=0; dir=1; type=0; pingpong=0; private_global=0; IO mode=axis:ce=0
Port [ Weight_f_V]:  wired=0; compound=1; hidden=1; nouse=1; global=1; static=1; extern=0; dir=0; type=1; pingpong=0; private_global=0; linkage=7; visibility=0; MemPort=[11111]; IO mode=ap_memory:ce=0
Port [ Weight_i_V]:  wired=0; compound=1; hidden=1; nouse=1; global=1; static=1; extern=0; dir=0; type=1; pingpong=0; private_global=0; linkage=7; visibility=0; MemPort=[11111]; IO mode=ap_memory:ce=0
Port [ Weight_c_V]:  wired=0; compound=1; hidden=1; nouse=1; global=1; static=1; extern=0; dir=0; type=1; pingpong=0; private_global=0; linkage=7; visibility=0; MemPort=[11111]; IO mode=ap_memory:ce=0
Port [ Weight_o_V]:  wired=0; compound=1; hidden=1; nouse=1; global=1; static=1; extern=0; dir=0; type=1; pingpong=0; private_global=0; linkage=7; visibility=0; MemPort=[11111]; IO mode=ap_memory:ce=0
Port [ Sigmoid_lut_V]:  wired=0; compound=1; hidden=1; nouse=1; global=1; static=1; extern=0; dir=0; type=1; pingpong=0; private_global=0; linkage=7; visibility=0; MemPort=[1]; IO mode=ap_memory:ce=0
Port [ Tanh_lut_V]:  wired=0; compound=1; hidden=1; nouse=1; global=1; static=1; extern=0; dir=0; type=1; pingpong=0; private_global=0; linkage=7; visibility=0; MemPort=[1]; IO mode=ap_memory:ce=0
Port [ Weight_lc_V]:  wired=0; compound=1; hidden=1; nouse=1; global=1; static=0; extern=0; dir=0; type=1; pingpong=0; private_global=0; linkage=0; visibility=0; MemPort=[1]; IO mode=ap_memory:ce=0
Port [ Bias_f_V]:  wired=0; compound=1; hidden=1; nouse=1; global=1; static=0; extern=0; dir=0; type=1; pingpong=0; private_global=0; linkage=0; visibility=0; MemPort=[1]; IO mode=ap_memory:ce=0
Port [ Bias_i_V]:  wired=0; compound=1; hidden=1; nouse=1; global=1; static=0; extern=0; dir=0; type=1; pingpong=0; private_global=0; linkage=0; visibility=0; MemPort=[1]; IO mode=ap_memory:ce=0
Port [ Bias_c_V]:  wired=0; compound=1; hidden=1; nouse=1; global=1; static=0; extern=0; dir=0; type=1; pingpong=0; private_global=0; linkage=0; visibility=0; MemPort=[1]; IO mode=ap_memory:ce=0
Port [ Bias_o_V]:  wired=0; compound=1; hidden=1; nouse=1; global=1; static=0; extern=0; dir=0; type=1; pingpong=0; private_global=0; linkage=0; visibility=0; MemPort=[1]; IO mode=ap_memory:ce=0
Port [ Bias_lc_V]:  wired=0; compound=1; hidden=1; nouse=1; global=1; static=0; extern=0; dir=0; type=1; pingpong=0; private_global=0; linkage=0; visibility=0; MemPort=[1]; IO mode=ap_memory:ce=0
---------------- STG Properties END ------------------

---------------- Datapath Model BEGIN ----------------

<LifeTime>
<method=bitvector/>
StgValue_6  (call         ) [ 00000]
StgValue_7  (specbitsmap  ) [ 00000]
StgValue_8  (specbitsmap  ) [ 00000]
StgValue_9  (specbitsmap  ) [ 00000]
StgValue_10 (specbitsmap  ) [ 00000]
StgValue_11 (specbitsmap  ) [ 00000]
StgValue_12 (specbitsmap  ) [ 00000]
StgValue_13 (specbitsmap  ) [ 00000]
StgValue_14 (specbitsmap  ) [ 00000]
StgValue_15 (specbitsmap  ) [ 00000]
StgValue_16 (specbitsmap  ) [ 00000]
StgValue_17 (specbitsmap  ) [ 00000]
StgValue_18 (specbitsmap  ) [ 00000]
StgValue_19 (specbitsmap  ) [ 00000]
StgValue_20 (specbitsmap  ) [ 00000]
StgValue_21 (spectopmodule) [ 00000]
StgValue_22 (specinterface) [ 00000]
StgValue_23 (specinterface) [ 00000]
StgValue_24 (specinterface) [ 00000]
StgValue_25 (ret          ) [ 00000]
</LifeTime>

<model>

<comp_list>
<comp id="0" class="1000" name="in_data_V">
<pin_list>
<pin id="1" dir="1" index="0" bw="1" slack="0"/>
</pin_list>
<bind>
<StgValue><ssdm name="in_data_V"/></StgValue>
</bind>
</comp>

<comp id="2" class="1000" name="in_keep_V">
<pin_list>
<pin id="3" dir="1" index="0" bw="1" slack="0"/>
</pin_list>
<bind>
<StgValue><ssdm name="in_keep_V"/></StgValue>
</bind>
</comp>

<comp id="4" class="1000" name="in_strb_V">
<pin_list>
<pin id="5" dir="1" index="0" bw="1" slack="0"/>
</pin_list>
<bind>
<StgValue><ssdm name="in_strb_V"/></StgValue>
</bind>
</comp>

<comp id="6" class="1000" name="in_user_V">
<pin_list>
<pin id="7" dir="1" index="0" bw="1" slack="0"/>
</pin_list>
<bind>
<StgValue><ssdm name="in_user_V"/></StgValue>
</bind>
</comp>

<comp id="8" class="1000" name="in_last_V">
<pin_list>
<pin id="9" dir="1" index="0" bw="1" slack="0"/>
</pin_list>
<bind>
<StgValue><ssdm name="in_last_V"/></StgValue>
</bind>
</comp>

<comp id="10" class="1000" name="in_id_V">
<pin_list>
<pin id="11" dir="1" index="0" bw="1" slack="0"/>
</pin_list>
<bind>
<StgValue><ssdm name="in_id_V"/></StgValue>
</bind>
</comp>

<comp id="12" class="1000" name="in_dest_V">
<pin_list>
<pin id="13" dir="1" index="0" bw="1" slack="0"/>
</pin_list>
<bind>
<StgValue><ssdm name="in_dest_V"/></StgValue>
</bind>
</comp>

<comp id="14" class="1000" name="out_data_V">
<pin_list>
<pin id="15" dir="1" index="0" bw="1" slack="0"/>
</pin_list>
<bind>
<StgValue><ssdm name="out_data_V"/></StgValue>
</bind>
</comp>

<comp id="16" class="1000" name="out_keep_V">
<pin_list>
<pin id="17" dir="1" index="0" bw="1" slack="0"/>
</pin_list>
<bind>
<StgValue><ssdm name="out_keep_V"/></StgValue>
</bind>
</comp>

<comp id="18" class="1000" name="out_strb_V">
<pin_list>
<pin id="19" dir="1" index="0" bw="1" slack="0"/>
</pin_list>
<bind>
<StgValue><ssdm name="out_strb_V"/></StgValue>
</bind>
</comp>

<comp id="20" class="1000" name="out_user_V">
<pin_list>
<pin id="21" dir="1" index="0" bw="1" slack="0"/>
</pin_list>
<bind>
<StgValue><ssdm name="out_user_V"/></StgValue>
</bind>
</comp>

<comp id="22" class="1000" name="out_last_V">
<pin_list>
<pin id="23" dir="1" index="0" bw="1" slack="0"/>
</pin_list>
<bind>
<StgValue><ssdm name="out_last_V"/></StgValue>
</bind>
</comp>

<comp id="24" class="1000" name="out_id_V">
<pin_list>
<pin id="25" dir="1" index="0" bw="1" slack="0"/>
</pin_list>
<bind>
<StgValue><ssdm name="out_id_V"/></StgValue>
</bind>
</comp>

<comp id="26" class="1000" name="out_dest_V">
<pin_list>
<pin id="27" dir="1" index="0" bw="1" slack="0"/>
</pin_list>
<bind>
<StgValue><ssdm name="out_dest_V"/></StgValue>
</bind>
</comp>

<comp id="28" class="1000" name="Weight_f_V">
<pin_list>
<pin id="29" dir="1" index="0" bw="1" slack="0"/>
</pin_list>
<bind>
<StgValue><ssdm name="Weight_f_V"/><MemPortTyVec>1 1 1 1 1 </MemPortTyVec>
</StgValue>
</bind>
</comp>

<comp id="30" class="1000" name="Weight_i_V">
<pin_list>
<pin id="31" dir="1" index="0" bw="1" slack="0"/>
</pin_list>
<bind>
<StgValue><ssdm name="Weight_i_V"/><MemPortTyVec>1 1 1 1 1 </MemPortTyVec>
</StgValue>
</bind>
</comp>

<comp id="32" class="1000" name="Weight_c_V">
<pin_list>
<pin id="33" dir="1" index="0" bw="1" slack="0"/>
</pin_list>
<bind>
<StgValue><ssdm name="Weight_c_V"/><MemPortTyVec>1 1 1 1 1 </MemPortTyVec>
</StgValue>
</bind>
</comp>

<comp id="34" class="1000" name="Weight_o_V">
<pin_list>
<pin id="35" dir="1" index="0" bw="1" slack="0"/>
</pin_list>
<bind>
<StgValue><ssdm name="Weight_o_V"/><MemPortTyVec>1 1 1 1 1 </MemPortTyVec>
</StgValue>
</bind>
</comp>

<comp id="36" class="1000" name="Sigmoid_lut_V">
<pin_list>
<pin id="37" dir="1" index="0" bw="1" slack="0"/>
</pin_list>
<bind>
<StgValue><ssdm name="Sigmoid_lut_V"/><MemPortTyVec>1 </MemPortTyVec>
</StgValue>
</bind>
</comp>

<comp id="38" class="1000" name="Tanh_lut_V">
<pin_list>
<pin id="39" dir="1" index="0" bw="1" slack="0"/>
</pin_list>
<bind>
<StgValue><ssdm name="Tanh_lut_V"/><MemPortTyVec>1 </MemPortTyVec>
</StgValue>
</bind>
</comp>

<comp id="40" class="1000" name="Weight_lc_V">
<pin_list>
<pin id="41" dir="1" index="0" bw="1" slack="0"/>
</pin_list>
<bind>
<StgValue><ssdm name="Weight_lc_V"/><MemPortTyVec>1 </MemPortTyVec>
</StgValue>
</bind>
</comp>

<comp id="42" class="1000" name="Bias_f_V">
<pin_list>
<pin id="43" dir="1" index="0" bw="1" slack="0"/>
</pin_list>
<bind>
<StgValue><ssdm name="Bias_f_V"/><MemPortTyVec>1 </MemPortTyVec>
</StgValue>
</bind>
</comp>

<comp id="44" class="1000" name="Bias_i_V">
<pin_list>
<pin id="45" dir="1" index="0" bw="1" slack="0"/>
</pin_list>
<bind>
<StgValue><ssdm name="Bias_i_V"/><MemPortTyVec>1 </MemPortTyVec>
</StgValue>
</bind>
</comp>

<comp id="46" class="1000" name="Bias_c_V">
<pin_list>
<pin id="47" dir="1" index="0" bw="1" slack="0"/>
</pin_list>
<bind>
<StgValue><ssdm name="Bias_c_V"/><MemPortTyVec>1 </MemPortTyVec>
</StgValue>
</bind>
</comp>

<comp id="48" class="1000" name="Bias_o_V">
<pin_list>
<pin id="49" dir="1" index="0" bw="1" slack="0"/>
</pin_list>
<bind>
<StgValue><ssdm name="Bias_o_V"/><MemPortTyVec>1 </MemPortTyVec>
</StgValue>
</bind>
</comp>

<comp id="50" class="1000" name="Bias_lc_V">
<pin_list>
<pin id="51" dir="1" index="0" bw="1" slack="0"/>
</pin_list>
<bind>
<StgValue><ssdm name="Bias_lc_V"/><MemPortTyVec>1 </MemPortTyVec>
</StgValue>
</bind>
</comp>

<comp id="52" class="1001" name="const_52">
<pin_list>
<pin id="53" dir="1" index="0" bw="1" slack="0"/>
</pin_list>
<bind>
<StgValue><ssdm name="mnist_lstm"/></StgValue>
</bind>
</comp>

<comp id="54" class="1001" name="const_54">
<pin_list>
<pin id="55" dir="1" index="0" bw="1" slack="2147483647"/>
</pin_list>
<bind>
<StgValue><ssdm name="_ssdm_op_SpecBitsMap"/></StgValue>
</bind>
</comp>

<comp id="56" class="1001" name="const_56">
<pin_list>
<pin id="57" dir="1" index="0" bw="1" slack="2147483647"/>
</pin_list>
<bind>
<StgValue><ssdm name="_ssdm_op_SpecTopModule"/></StgValue>
</bind>
</comp>

<comp id="58" class="1001" name="const_58">
<pin_list>
<pin id="59" dir="1" index="0" bw="1" slack="2147483647"/>
</pin_list>
<bind>
<StgValue><ssdm name="LSTM_Top_str"/></StgValue>
</bind>
</comp>

<comp id="60" class="1001" name="const_60">
<pin_list>
<pin id="61" dir="1" index="0" bw="1" slack="2147483647"/>
</pin_list>
<bind>
<StgValue><ssdm name="_ssdm_op_SpecInterface"/></StgValue>
</bind>
</comp>

<comp id="62" class="1001" name="const_62">
<pin_list>
<pin id="63" dir="1" index="0" bw="1" slack="2147483647"/>
</pin_list>
<bind>
<StgValue><ssdm name=""/></StgValue>
</bind>
</comp>

<comp id="64" class="1001" name="const_64">
<pin_list>
<pin id="65" dir="1" index="0" bw="1" slack="2147483647"/>
</pin_list>
<bind>
<StgValue><ssdm name="p_str2"/></StgValue>
</bind>
</comp>

<comp id="66" class="1001" name="const_66">
<pin_list>
<pin id="67" dir="1" index="0" bw="1" slack="2147483647"/>
</pin_list>
<bind>
<StgValue><ssdm name="p_str1"/></StgValue>
</bind>
</comp>

<comp id="68" class="1001" name="const_68">
<pin_list>
<pin id="69" dir="1" index="0" bw="1" slack="2147483647"/>
</pin_list>
<bind>
<StgValue><ssdm name="p_str210"/></StgValue>
</bind>
</comp>

<comp id="70" class="1001" name="const_70">
<pin_list>
<pin id="71" dir="1" index="0" bw="1" slack="2147483647"/>
</pin_list>
<bind>
<StgValue><ssdm name=""/></StgValue>
</bind>
</comp>

<comp id="72" class="1001" name="const_72">
<pin_list>
<pin id="73" dir="1" index="0" bw="1" slack="2147483647"/>
</pin_list>
<bind>
<StgValue><ssdm name="p_str3"/></StgValue>
</bind>
</comp>

<comp id="74" class="1004" name="grp_mnist_lstm_fu_74">
<pin_list>
<pin id="75" dir="0" index="0" bw="0" slack="0"/>
<pin id="76" dir="0" index="1" bw="32" slack="0"/>
<pin id="77" dir="0" index="2" bw="4" slack="0"/>
<pin id="78" dir="0" index="3" bw="4" slack="0"/>
<pin id="79" dir="0" index="4" bw="1" slack="0"/>
<pin id="80" dir="0" index="5" bw="1" slack="0"/>
<pin id="81" dir="0" index="6" bw="1" slack="0"/>
<pin id="82" dir="0" index="7" bw="1" slack="0"/>
<pin id="83" dir="0" index="8" bw="32" slack="0"/>
<pin id="84" dir="0" index="9" bw="4" slack="0"/>
<pin id="85" dir="0" index="10" bw="4" slack="0"/>
<pin id="86" dir="0" index="11" bw="1" slack="0"/>
<pin id="87" dir="0" index="12" bw="1" slack="0"/>
<pin id="88" dir="0" index="13" bw="1" slack="0"/>
<pin id="89" dir="0" index="14" bw="1" slack="0"/>
<pin id="90" dir="0" index="15" bw="8" slack="0"/>
<pin id="91" dir="0" index="16" bw="8" slack="0"/>
<pin id="92" dir="0" index="17" bw="8" slack="0"/>
<pin id="93" dir="0" index="18" bw="8" slack="0"/>
<pin id="94" dir="0" index="19" bw="15" slack="0"/>
<pin id="95" dir="0" index="20" bw="16" slack="0"/>
<pin id="96" dir="0" index="21" bw="8" slack="0"/>
<pin id="97" dir="0" index="22" bw="8" slack="0"/>
<pin id="98" dir="0" index="23" bw="8" slack="0"/>
<pin id="99" dir="0" index="24" bw="8" slack="0"/>
<pin id="100" dir="0" index="25" bw="8" slack="0"/>
<pin id="101" dir="0" index="26" bw="8" slack="0"/>
<pin id="102" dir="1" index="27" bw="0" slack="2147483647"/>
</pin_list>
<bind>
<opcode="call(48) " fcode="call"/>
<opset="StgValue_5/2 "/>
</bind>
</comp>

</comp_list>

<net_list>
<net id="103"><net_src comp="52" pin="0"/><net_sink comp="74" pin=0"/></net>

<net id="104"><net_src comp="0" pin="0"/><net_sink comp="74" pin=1"/></net>

<net id="105"><net_src comp="2" pin="0"/><net_sink comp="74" pin=2"/></net>

<net id="106"><net_src comp="4" pin="0"/><net_sink comp="74" pin=3"/></net>

<net id="107"><net_src comp="6" pin="0"/><net_sink comp="74" pin=4"/></net>

<net id="108"><net_src comp="8" pin="0"/><net_sink comp="74" pin=5"/></net>

<net id="109"><net_src comp="10" pin="0"/><net_sink comp="74" pin=6"/></net>

<net id="110"><net_src comp="12" pin="0"/><net_sink comp="74" pin=7"/></net>

<net id="111"><net_src comp="14" pin="0"/><net_sink comp="74" pin=8"/></net>

<net id="112"><net_src comp="16" pin="0"/><net_sink comp="74" pin=9"/></net>

<net id="113"><net_src comp="18" pin="0"/><net_sink comp="74" pin=10"/></net>

<net id="114"><net_src comp="20" pin="0"/><net_sink comp="74" pin=11"/></net>

<net id="115"><net_src comp="22" pin="0"/><net_sink comp="74" pin=12"/></net>

<net id="116"><net_src comp="24" pin="0"/><net_sink comp="74" pin=13"/></net>

<net id="117"><net_src comp="26" pin="0"/><net_sink comp="74" pin=14"/></net>

<net id="118"><net_src comp="28" pin="0"/><net_sink comp="74" pin=15"/></net>

<net id="119"><net_src comp="30" pin="0"/><net_sink comp="74" pin=16"/></net>

<net id="120"><net_src comp="32" pin="0"/><net_sink comp="74" pin=17"/></net>

<net id="121"><net_src comp="34" pin="0"/><net_sink comp="74" pin=18"/></net>

<net id="122"><net_src comp="36" pin="0"/><net_sink comp="74" pin=19"/></net>

<net id="123"><net_src comp="38" pin="0"/><net_sink comp="74" pin=20"/></net>

<net id="124"><net_src comp="40" pin="0"/><net_sink comp="74" pin=21"/></net>

<net id="125"><net_src comp="42" pin="0"/><net_sink comp="74" pin=22"/></net>

<net id="126"><net_src comp="44" pin="0"/><net_sink comp="74" pin=23"/></net>

<net id="127"><net_src comp="46" pin="0"/><net_sink comp="74" pin=24"/></net>

<net id="128"><net_src comp="48" pin="0"/><net_sink comp="74" pin=25"/></net>

<net id="129"><net_src comp="50" pin="0"/><net_sink comp="74" pin=26"/></net>

</net_list>

</model> 
---------------- Datapath Model END ------------------

* FSMD analyzer results:
  - Output states:
	Port: out_data_V | {2 3 }
	Port: out_keep_V | {2 3 }
	Port: out_strb_V | {2 3 }
	Port: out_user_V | {2 3 }
	Port: out_last_V | {2 3 }
	Port: out_id_V | {2 3 }
	Port: out_dest_V | {2 3 }
 - Input state : 
	Port: LSTM_Top : in_data_V | {2 3 }
	Port: LSTM_Top : in_keep_V | {2 3 }
	Port: LSTM_Top : in_strb_V | {2 3 }
	Port: LSTM_Top : in_user_V | {2 3 }
	Port: LSTM_Top : in_last_V | {2 3 }
	Port: LSTM_Top : in_id_V | {2 3 }
	Port: LSTM_Top : in_dest_V | {2 3 }
	Port: LSTM_Top : Weight_f_V | {2 3 }
	Port: LSTM_Top : Weight_i_V | {2 3 }
	Port: LSTM_Top : Weight_c_V | {2 3 }
	Port: LSTM_Top : Weight_o_V | {2 3 }
	Port: LSTM_Top : Sigmoid_lut_V | {2 3 }
	Port: LSTM_Top : Tanh_lut_V | {2 3 }
	Port: LSTM_Top : Weight_lc_V | {2 3 }
	Port: LSTM_Top : Bias_f_V | {2 3 }
	Port: LSTM_Top : Bias_i_V | {2 3 }
	Port: LSTM_Top : Bias_c_V | {2 3 }
	Port: LSTM_Top : Bias_o_V | {2 3 }
	Port: LSTM_Top : Bias_lc_V | {2 3 }
  - Chain level:
	State 1
	State 2
	State 3
	State 4


============================================================
+ Verbose Summary: Datapath Resource usage 
============================================================

* Functional unit list:
|----------|----------------------|---------|---------|---------|---------|---------|
| Operation|    Functional Unit   |   BRAM  |  DSP48E |  Delay  |    FF   |   LUT   |
|----------|----------------------|---------|---------|---------|---------|---------|
|   call   | grp_mnist_lstm_fu_74 |    53   |   620   |  478.63 |  52756  |  44434  |
|----------|----------------------|---------|---------|---------|---------|---------|
|   Total  |                      |    53   |   620   |  478.63 |  52756  |  44434  |
|----------|----------------------|---------|---------|---------|---------|---------|

Memories:
+-------------+--------+--------+--------+
|             |  BRAM  |   FF   |   LUT  |
+-------------+--------+--------+--------+
|   Bias_c_V  |    -   |    8   |   16   |
|   Bias_f_V  |    -   |    8   |   16   |
|   Bias_i_V  |    -   |    8   |   16   |
|  Bias_lc_V  |    -   |    8   |    2   |
|   Bias_o_V  |    -   |    8   |   16   |
|Sigmoid_lut_V|    -   |   15   |   60   |
|  Tanh_lut_V |    -   |   16   |   64   |
|  Weight_c_V |   48   |    0   |    0   |
|  Weight_f_V |   48   |    0   |    0   |
|  Weight_i_V |   48   |    0   |    0   |
| Weight_lc_V |    -   |    8   |   160  |
|  Weight_o_V |   48   |    0   |    0   |
+-------------+--------+--------+--------+
|    Total    |   192  |   79   |   350  |
+-------------+--------+--------+--------+

* Register list:
N/A

* Multiplexer (MUX) list: 
|--------|------|------|------|--------|
|  Comp  |  Pin | Size |  BW  | S x BW |
|--------|------|------|------|--------|
|  Total |      |      |      |    0   |
|--------|------|------|------|--------|



* Summary:
+-----------+--------+--------+--------+--------+--------+
|           |  BRAM  | DSP48E |  Delay |   FF   |   LUT  |
+-----------+--------+--------+--------+--------+--------+
|  Function |   53   |   620  |   478  |  52756 |  44434 |
|   Memory  |   192  |    -   |    -   |   79   |   350  |
|Multiplexer|    -   |    -   |    -   |    -   |    -   |
|  Register |    -   |    -   |    -   |    -   |    -   |
+-----------+--------+--------+--------+--------+--------+
|   Total   |   245  |   620  |   478  |  52835 |  44784 |
+-----------+--------+--------+--------+--------+--------+
