

================================================================
== Vivado HLS Report for 'mnist_lstm'
================================================================
* Date:           Wed Apr 16 03:09:17 2025

* Version:        2018.3 (Build 2405991 on Thu Dec 06 23:56:15 MST 2018)
* Project:        lstm_hls_opt
* Solution:       solution1
* Product family: zynq
* Target device:  xc7z020clg400-2


================================================================
== Performance Estimates
================================================================
+ Timing (ns): 
    * Summary: 
    +--------+-------+----------+------------+
    |  Clock | Target| Estimated| Uncertainty|
    +--------+-------+----------+------------+
    |ap_clk  |  10.00|     9.235|        1.25|
    +--------+-------+----------+------------+

+ Latency (clock cycles): 
    * Summary: 
    +-----+--------+-----+--------+---------+
    |    Latency   |   Interval   | Pipeline|
    | min |   max  | min |   max  |   Type  |
    +-----+--------+-----+--------+---------+
    |  991|  172331|  991|  172331|   none  |
    +-----+--------+-----+--------+---------+

    + Detail: 
        * Instance: 
        +------------------+-------+-----+--------+-----+--------+---------+
        |                  |       |    Latency   |   Interval   | Pipeline|
        |     Instance     | Module| min |   max  | min |   max  |   Type  |
        +------------------+-------+-----+--------+-----+--------+---------+
        |grp_infer_fu_213  |infer  |  181|  171521|  181|  171521|   none  |
        +------------------+-------+-----+--------+-----+--------+---------+

        * Loop: 
        +----------+-----+-----+----------+-----------+-----------+------+----------+
        |          |  Latency  | Iteration|  Initiation Interval  | Trip |          |
        | Loop Name| min | max |  Latency |  achieved |   target  | Count| Pipelined|
        +----------+-----+-----+----------+-----------+-----------+------+----------+
        |- Loop 1  |  795|  795|        13|          1|          1|   784|    yes   |
        |- Loop 2  |   10|   10|         2|          1|          1|    10|    yes   |
        +----------+-----+-----+----------+-----------+-----------+------+----------+



================================================================
== Utilization Estimates
================================================================
* Summary: 
+-----------------+---------+-------+--------+-------+
|       Name      | BRAM_18K| DSP48E|   FF   |  LUT  |
+-----------------+---------+-------+--------+-------+
|DSP              |        -|      -|       -|      -|
|Expression       |        -|      -|       0|     37|
|FIFO             |        -|      -|       -|      -|
|Instance         |      241|    620|   36222|  47431|
|Memory           |        4|      -|       0|      0|
|Multiplexer      |        -|      -|       -|     52|
|Register         |        0|      -|     209|     64|
+-----------------+---------+-------+--------+-------+
|Total            |      245|    620|   36431|  47584|
+-----------------+---------+-------+--------+-------+
|Available        |      280|    220|  106400|  53200|
+-----------------+---------+-------+--------+-------+
|Utilization (%)  |       87|    281|      34|     89|
+-----------------+---------+-------+--------+-------+

+ Detail: 
    * Instance: 
    +---------------------------+----------------------+---------+-------+-------+-------+
    |          Instance         |        Module        | BRAM_18K| DSP48E|   FF  |  LUT  |
    +---------------------------+----------------------+---------+-------+-------+-------+
    |LSTM_Top_fdiv_32nmb6_U700  |LSTM_Top_fdiv_32nmb6  |        0|      0|    563|    991|
    |grp_infer_fu_213           |infer                 |      241|    620|  35659|  46440|
    +---------------------------+----------------------+---------+-------+-------+-------+
    |Total                      |                      |      241|    620|  36222|  47431|
    +---------------------------+----------------------+---------+-------+-------+-------+

    * DSP48: 
    N/A

    * Memory: 
    +-----------+--------------------+---------+---+----+------+-----+------+-------------+
    |   Memory  |       Module       | BRAM_18K| FF| LUT| Words| Bits| Banks| W*Bits*Banks|
    +-----------+--------------------+---------+---+----+------+-----+------+-------------+
    |img_dat_U  |mnist_lstm_img_dat  |        2|  0|   0|   784|   32|     1|        25088|
    |res_U      |mnist_lstm_res      |        2|  0|   0|    10|   32|     1|          320|
    +-----------+--------------------+---------+---+----+------+-----+------+-------------+
    |Total      |                    |        4|  0|   0|   794|   64|     2|        25408|
    +-----------+--------------------+---------+---+----+------+-----+------+-------------+

    * FIFO: 
    N/A

    * Expression: 
    +----------------------------------+----------+-------+---+----+------------+------------+
    |           Variable Name          | Operation| DSP48E| FF| LUT| Bitwidth P0| Bitwidth P1|
    +----------------------------------+----------+-------+---+----+------------+------------+
    |i_2_fu_254_p2                     |     +    |      0|  0|  10|          10|           1|
    |i_3_fu_280_p2                     |     +    |      0|  0|   6|           4|           1|
    |ap_block_pp0_stage0_11001         |    and   |      0|  0|   1|           1|           1|
    |ap_block_pp1_stage0_11001         |    and   |      0|  0|   1|           1|           1|
    |ap_block_state18_io               |    and   |      0|  0|   1|           1|           1|
    |ap_block_state2_pp0_stage0_iter0  |    and   |      0|  0|   1|           1|           1|
    |exitcond1_fu_248_p2               |   icmp   |      0|  0|   5|          10|           9|
    |exitcond_fu_274_p2                |   icmp   |      0|  0|   2|           4|           4|
    |last_assign_fu_291_p2             |   icmp   |      0|  0|   2|           4|           4|
    |ap_enable_pp0                     |    xor   |      0|  0|   2|           1|           2|
    |ap_enable_pp1                     |    xor   |      0|  0|   2|           1|           2|
    |ap_enable_reg_pp0_iter1           |    xor   |      0|  0|   2|           2|           1|
    |ap_enable_reg_pp1_iter1           |    xor   |      0|  0|   2|           2|           1|
    +----------------------------------+----------+-------+---+----+------------+------------+
    |Total                             |          |      0|  0|  37|          42|          29|
    +----------------------------------+----------+-------+---+----+------------+------------+

    * Multiplexer: 
    +----------------------------+----+-----------+-----+-----------+
    |            Name            | LUT| Input Size| Bits| Total Bits|
    +----------------------------+----+-----------+-----+-----------+
    |ap_NS_fsm                   |   4|          7|    1|          7|
    |ap_enable_reg_pp0_iter1     |   3|          2|    1|          2|
    |ap_enable_reg_pp0_iter12    |   3|          2|    1|          2|
    |ap_enable_reg_pp1_iter1     |   3|          3|    1|          3|
    |ap_phi_mux_i_phi_fu_194_p4  |   3|          2|   10|         20|
    |i1_reg_202                  |   3|          2|    4|          8|
    |i_reg_190                   |   3|          2|   10|         20|
    |img_dat_address0            |   3|          3|   10|         30|
    |img_dat_ce0                 |   3|          3|    1|          3|
    |img_dat_ce1                 |   3|          2|    1|          2|
    |in_r_TDATA_blk_n            |   3|          2|    1|          2|
    |out_r_TDATA_blk_n           |   3|          2|    1|          2|
    |res_address0                |   3|          3|    4|         12|
    |res_ce0                     |   3|          3|    1|          3|
    |res_ce1                     |   3|          2|    1|          2|
    |res_we0                     |   3|          2|    1|          2|
    |res_we1                     |   3|          2|    1|          2|
    +----------------------------+----+-----------+-----+-----------+
    |Total                       |  52|         44|   50|        122|
    +----------------------------+----+-----------+-----+-----------+

    * Register: 
    +-------------------------------+----+----+-----+-----------+
    |              Name             | FF | LUT| Bits| Const Bits|
    +-------------------------------+----+----+-----+-----------+
    |ap_CS_fsm                      |   6|   0|    6|          0|
    |ap_enable_reg_pp0_iter0        |   1|   0|    1|          0|
    |ap_enable_reg_pp0_iter1        |   1|   0|    1|          0|
    |ap_enable_reg_pp0_iter10       |   1|   0|    1|          0|
    |ap_enable_reg_pp0_iter11       |   1|   0|    1|          0|
    |ap_enable_reg_pp0_iter12       |   1|   0|    1|          0|
    |ap_enable_reg_pp0_iter2        |   1|   0|    1|          0|
    |ap_enable_reg_pp0_iter3        |   1|   0|    1|          0|
    |ap_enable_reg_pp0_iter4        |   1|   0|    1|          0|
    |ap_enable_reg_pp0_iter5        |   1|   0|    1|          0|
    |ap_enable_reg_pp0_iter6        |   1|   0|    1|          0|
    |ap_enable_reg_pp0_iter7        |   1|   0|    1|          0|
    |ap_enable_reg_pp0_iter8        |   1|   0|    1|          0|
    |ap_enable_reg_pp0_iter9        |   1|   0|    1|          0|
    |ap_enable_reg_pp1_iter0        |   1|   0|    1|          0|
    |ap_enable_reg_pp1_iter1        |   1|   0|    1|          0|
    |exitcond1_reg_302              |   1|   0|    1|          0|
    |exitcond_reg_321               |   1|   0|    1|          0|
    |grp_infer_fu_213_ap_start_reg  |   1|   0|    1|          0|
    |i1_reg_202                     |   4|   0|    4|          0|
    |i_2_reg_306                    |  10|   0|   10|          0|
    |i_reg_190                      |  10|   0|   10|          0|
    |last_assign_reg_335            |   1|   0|    1|          0|
    |tmp_s_reg_316                  |  32|   0|   32|          0|
    |exitcond1_reg_302              |  64|  32|    1|          0|
    |i_reg_190                      |  64|  32|   10|          0|
    +-------------------------------+----+----+-----+-----------+
    |Total                          | 209|  64|   92|          0|
    +-------------------------------+----+----+-----+-----------+



================================================================
== Interface
================================================================
* Summary: 
+--------------+-----+-----+------------+--------------+--------------+
|   RTL Ports  | Dir | Bits|  Protocol  | Source Object|    C Type    |
+--------------+-----+-----+------------+--------------+--------------+
|ap_clk        |  in |    1| ap_ctrl_hs |  mnist_lstm  | return value |
|ap_rst        |  in |    1| ap_ctrl_hs |  mnist_lstm  | return value |
|ap_start      |  in |    1| ap_ctrl_hs |  mnist_lstm  | return value |
|ap_done       | out |    1| ap_ctrl_hs |  mnist_lstm  | return value |
|ap_idle       | out |    1| ap_ctrl_hs |  mnist_lstm  | return value |
|ap_ready      | out |    1| ap_ctrl_hs |  mnist_lstm  | return value |
|in_r_TDATA    |  in |   32|    axis    |   in_data_V  |    pointer   |
|in_r_TVALID   |  in |    1|    axis    |   in_data_V  |    pointer   |
|in_r_TREADY   | out |    1|    axis    |   in_dest_V  |    pointer   |
|in_r_TDEST    |  in |    1|    axis    |   in_dest_V  |    pointer   |
|in_r_TKEEP    |  in |    4|    axis    |   in_keep_V  |    pointer   |
|in_r_TSTRB    |  in |    4|    axis    |   in_strb_V  |    pointer   |
|in_r_TUSER    |  in |    1|    axis    |   in_user_V  |    pointer   |
|in_r_TLAST    |  in |    1|    axis    |   in_last_V  |    pointer   |
|in_r_TID      |  in |    1|    axis    |    in_id_V   |    pointer   |
|out_r_TDATA   | out |   32|    axis    |  out_data_V  |    pointer   |
|out_r_TREADY  |  in |    1|    axis    |  out_data_V  |    pointer   |
|out_r_TVALID  | out |    1|    axis    |  out_dest_V  |    pointer   |
|out_r_TDEST   | out |    1|    axis    |  out_dest_V  |    pointer   |
|out_r_TKEEP   | out |    4|    axis    |  out_keep_V  |    pointer   |
|out_r_TSTRB   | out |    4|    axis    |  out_strb_V  |    pointer   |
|out_r_TUSER   | out |    1|    axis    |  out_user_V  |    pointer   |
|out_r_TLAST   | out |    1|    axis    |  out_last_V  |    pointer   |
|out_r_TID     | out |    1|    axis    |   out_id_V   |    pointer   |
+--------------+-----+-----+------------+--------------+--------------+

============================================================
+ Verbose Summary: Synthesis Manager
============================================================
InlineROM: 1
ExposeGlobal: 0
============================================================
+ Verbose Summary: CDFG Model
============================================================
IsTopModel: 0
ResetActiveHigh: 1
IsCombinational: 2
IsDatapathOnly: 2
HasWiredReturn: 1
HasMFsm: 0
HasVarLatency: 1
IsPipeline: 0
IsRtlPipelined: 0
IsInstanceOverlapped: 0
IsDontTouch: 0
HasImplIP: 0
IsGatedGlobalClock: 0

+ Individual pipeline summary: 
  * Pipeline-0: initiation interval (II) = 1, depth = 13
  * Pipeline-1: initiation interval (II) = 1, depth = 2


============================================================
+ Verbose Summary: Schedule
============================================================
* Number of FSM states : 19
* Pipeline : 2
  Pipeline-0 : II = 1, D = 13, States = { 2 3 4 5 6 7 8 9 10 11 12 13 14 }
  Pipeline-1 : II = 1, D = 2, States = { 17 18 }
* Dataflow Pipeline: 0

* FSM state transitions: 
1 --> 
	2  / true
2 --> 
	15  / (exitcond1)
	3  / (!exitcond1)
3 --> 
	4  / true
4 --> 
	5  / true
5 --> 
	6  / true
6 --> 
	7  / true
7 --> 
	8  / true
8 --> 
	9  / true
9 --> 
	10  / true
10 --> 
	11  / true
11 --> 
	12  / true
12 --> 
	13  / true
13 --> 
	14  / true
14 --> 
	2  / true
15 --> 
	16  / true
16 --> 
	17  / true
17 --> 
	19  / (exitcond)
	18  / (!exitcond)
18 --> 
	17  / true
19 --> 

* FSM state operations: 

State 1 <SV = 0> <Delay = 2.77>
ST_1 : Operation 20 [1/1] (0.00ns)   --->   "call void (...)* @_ssdm_op_SpecInterface(i32* %out_data_V, i4* %out_keep_V, i4* %out_strb_V, i1* %out_user_V, i1* %out_last_V, i1* %out_id_V, i1* %out_dest_V, [5 x i8]* @p_str210, i32 0, i32 0, [5 x i8]* @p_str3, i32 0, i32 0, [1 x i8]* @p_str1, [1 x i8]* @p_str1, [1 x i8]* @p_str1, i32 0, i32 0, i32 0, i32 0, [1 x i8]* @p_str1, [1 x i8]* @p_str1)"   --->   Operation 20 'specinterface' <Predicate = true> <Delay = 0.00>
ST_1 : Operation 21 [1/1] (0.00ns)   --->   "call void (...)* @_ssdm_op_SpecInterface(i32* %in_data_V, i4* %in_keep_V, i4* %in_strb_V, i1* %in_user_V, i1* %in_last_V, i1* %in_id_V, i1* %in_dest_V, [5 x i8]* @p_str210, i32 0, i32 0, [5 x i8]* @p_str3, i32 0, i32 0, [1 x i8]* @p_str1, [1 x i8]* @p_str1, [1 x i8]* @p_str1, i32 0, i32 0, i32 0, i32 0, [1 x i8]* @p_str1, [1 x i8]* @p_str1)"   --->   Operation 21 'specinterface' <Predicate = true> <Delay = 0.00>
ST_1 : Operation 22 [1/1] (2.77ns)   --->   "%img_dat = alloca [784 x float], align 16" [lstm_hls_opt/src/rnn_top.cpp:7]   --->   Operation 22 'alloca' 'img_dat' <Predicate = true> <Delay = 2.77> <Core = "RAM">   --->   Core 37 'RAM' <Latency = 1> <II = 1> <Delay = 1.75> <Storage> <Opcode : 'load' 'store'> <Ports = 2> <Width = 32> <Depth = 10> <RAM>
ST_1 : Operation 23 [1/1] (1.75ns)   --->   "%res = alloca [10 x float], align 16"   --->   Operation 23 'alloca' 'res' <Predicate = true> <Delay = 1.75> <Core = "RAM">   --->   Core 37 'RAM' <Latency = 1> <II = 1> <Delay = 1.75> <Storage> <Opcode : 'load' 'store'> <Ports = 2> <Width = 32> <Depth = 10> <RAM>
ST_1 : Operation 24 [1/1] (0.46ns)   --->   "br label %1" [lstm_hls_opt/src/rnn_top.cpp:10]   --->   Operation 24 'br' <Predicate = true> <Delay = 0.46>

State 2 <SV = 1> <Delay = 7.19>
ST_2 : Operation 25 [1/1] (0.00ns)   --->   "%i = phi i10 [ 0, %0 ], [ %i_2, %2 ]"   --->   Operation 25 'phi' 'i' <Predicate = true> <Delay = 0.00>
ST_2 : Operation 26 [1/1] (1.94ns)   --->   "%exitcond1 = icmp eq i10 %i, -240" [lstm_hls_opt/src/rnn_top.cpp:10]   --->   Operation 26 'icmp' 'exitcond1' <Predicate = true> <Delay = 1.94> <Core = "Cmp">   --->   Core 25 'Cmp' <Latency = 0> <II = 1> <Delay = 0.96> <FuncUnit> <Opcode : 'icmp'> <InPorts = 2> <OutPorts = 1>
ST_2 : Operation 27 [1/1] (0.00ns)   --->   "%empty = call i32 (...)* @_ssdm_op_SpecLoopTripCount(i64 784, i64 784, i64 784)"   --->   Operation 27 'speclooptripcount' 'empty' <Predicate = true> <Delay = 0.00>
ST_2 : Operation 28 [1/1] (1.41ns)   --->   "%i_2 = add i10 %i, 1" [lstm_hls_opt/src/rnn_top.cpp:10]   --->   Operation 28 'add' 'i_2' <Predicate = true> <Delay = 1.41> <Core = "AddSub">   --->   Core 14 'AddSub' <Latency = 0> <II = 1> <Delay = 0.99> <FuncUnit> <Opcode : 'add' 'sub'> <InPorts = 2> <OutPorts = 1>
ST_2 : Operation 29 [1/1] (0.00ns)   --->   "br i1 %exitcond1, label %3, label %2" [lstm_hls_opt/src/rnn_top.cpp:10]   --->   Operation 29 'br' <Predicate = true> <Delay = 0.00>
ST_2 : Operation 30 [1/1] (0.00ns)   --->   "%empty_102 = call { i32, i4, i4, i1, i1, i1, i1 } @_ssdm_op_Read.axis.volatile.i32P.i4P.i4P.i1P.i1P.i1P.i1P(i32* %in_data_V, i4* %in_keep_V, i4* %in_strb_V, i1* %in_user_V, i1* %in_last_V, i1* %in_id_V, i1* %in_dest_V)"   --->   Operation 30 'read' 'empty_102' <Predicate = (!exitcond1)> <Delay = 0.00> <Core = "AXI4Stream">   --->   Core 5 'AXI4Stream' <Latency = 0> <II = 1> <Delay = 1.00> <Adapter> <Opcode : >
ST_2 : Operation 31 [1/1] (0.00ns)   --->   "%in_data_V_tmp = extractvalue { i32, i4, i4, i1, i1, i1, i1 } %empty_102, 0"   --->   Operation 31 'extractvalue' 'in_data_V_tmp' <Predicate = (!exitcond1)> <Delay = 0.00>
ST_2 : Operation 32 [1/1] (0.00ns)   --->   "%ret = bitcast i32 %in_data_V_tmp to float" [lstm_hls_opt/src/utils.h:25->lstm_hls_opt/src/rnn_top.cpp:13]   --->   Operation 32 'bitcast' 'ret' <Predicate = (!exitcond1)> <Delay = 0.00>
ST_2 : Operation 33 [12/12] (7.19ns)   --->   "%tmp_s = fdiv float %ret, 2.550000e+02" [lstm_hls_opt/src/rnn_top.cpp:14]   --->   Operation 33 'fdiv' 'tmp_s' <Predicate = (!exitcond1)> <Delay = 7.19> <Core = "FDiv">   --->   Core 106 'FDiv' <Latency = 11> <II = 1> <Delay = 7.19> <FuncUnit> <Opcode : 'fdiv' 'frem'> <InPorts = 2> <OutPorts = 1>

State 3 <SV = 2> <Delay = 7.19>
ST_3 : Operation 34 [11/12] (7.19ns)   --->   "%tmp_s = fdiv float %ret, 2.550000e+02" [lstm_hls_opt/src/rnn_top.cpp:14]   --->   Operation 34 'fdiv' 'tmp_s' <Predicate = (!exitcond1)> <Delay = 7.19> <Core = "FDiv">   --->   Core 106 'FDiv' <Latency = 11> <II = 1> <Delay = 7.19> <FuncUnit> <Opcode : 'fdiv' 'frem'> <InPorts = 2> <OutPorts = 1>

State 4 <SV = 3> <Delay = 7.19>
ST_4 : Operation 35 [10/12] (7.19ns)   --->   "%tmp_s = fdiv float %ret, 2.550000e+02" [lstm_hls_opt/src/rnn_top.cpp:14]   --->   Operation 35 'fdiv' 'tmp_s' <Predicate = (!exitcond1)> <Delay = 7.19> <Core = "FDiv">   --->   Core 106 'FDiv' <Latency = 11> <II = 1> <Delay = 7.19> <FuncUnit> <Opcode : 'fdiv' 'frem'> <InPorts = 2> <OutPorts = 1>

State 5 <SV = 4> <Delay = 7.19>
ST_5 : Operation 36 [9/12] (7.19ns)   --->   "%tmp_s = fdiv float %ret, 2.550000e+02" [lstm_hls_opt/src/rnn_top.cpp:14]   --->   Operation 36 'fdiv' 'tmp_s' <Predicate = (!exitcond1)> <Delay = 7.19> <Core = "FDiv">   --->   Core 106 'FDiv' <Latency = 11> <II = 1> <Delay = 7.19> <FuncUnit> <Opcode : 'fdiv' 'frem'> <InPorts = 2> <OutPorts = 1>

State 6 <SV = 5> <Delay = 7.19>
ST_6 : Operation 37 [8/12] (7.19ns)   --->   "%tmp_s = fdiv float %ret, 2.550000e+02" [lstm_hls_opt/src/rnn_top.cpp:14]   --->   Operation 37 'fdiv' 'tmp_s' <Predicate = (!exitcond1)> <Delay = 7.19> <Core = "FDiv">   --->   Core 106 'FDiv' <Latency = 11> <II = 1> <Delay = 7.19> <FuncUnit> <Opcode : 'fdiv' 'frem'> <InPorts = 2> <OutPorts = 1>

State 7 <SV = 6> <Delay = 7.19>
ST_7 : Operation 38 [7/12] (7.19ns)   --->   "%tmp_s = fdiv float %ret, 2.550000e+02" [lstm_hls_opt/src/rnn_top.cpp:14]   --->   Operation 38 'fdiv' 'tmp_s' <Predicate = (!exitcond1)> <Delay = 7.19> <Core = "FDiv">   --->   Core 106 'FDiv' <Latency = 11> <II = 1> <Delay = 7.19> <FuncUnit> <Opcode : 'fdiv' 'frem'> <InPorts = 2> <OutPorts = 1>

State 8 <SV = 7> <Delay = 7.19>
ST_8 : Operation 39 [6/12] (7.19ns)   --->   "%tmp_s = fdiv float %ret, 2.550000e+02" [lstm_hls_opt/src/rnn_top.cpp:14]   --->   Operation 39 'fdiv' 'tmp_s' <Predicate = (!exitcond1)> <Delay = 7.19> <Core = "FDiv">   --->   Core 106 'FDiv' <Latency = 11> <II = 1> <Delay = 7.19> <FuncUnit> <Opcode : 'fdiv' 'frem'> <InPorts = 2> <OutPorts = 1>

State 9 <SV = 8> <Delay = 7.19>
ST_9 : Operation 40 [5/12] (7.19ns)   --->   "%tmp_s = fdiv float %ret, 2.550000e+02" [lstm_hls_opt/src/rnn_top.cpp:14]   --->   Operation 40 'fdiv' 'tmp_s' <Predicate = (!exitcond1)> <Delay = 7.19> <Core = "FDiv">   --->   Core 106 'FDiv' <Latency = 11> <II = 1> <Delay = 7.19> <FuncUnit> <Opcode : 'fdiv' 'frem'> <InPorts = 2> <OutPorts = 1>

State 10 <SV = 9> <Delay = 7.19>
ST_10 : Operation 41 [4/12] (7.19ns)   --->   "%tmp_s = fdiv float %ret, 2.550000e+02" [lstm_hls_opt/src/rnn_top.cpp:14]   --->   Operation 41 'fdiv' 'tmp_s' <Predicate = (!exitcond1)> <Delay = 7.19> <Core = "FDiv">   --->   Core 106 'FDiv' <Latency = 11> <II = 1> <Delay = 7.19> <FuncUnit> <Opcode : 'fdiv' 'frem'> <InPorts = 2> <OutPorts = 1>

State 11 <SV = 10> <Delay = 7.19>
ST_11 : Operation 42 [3/12] (7.19ns)   --->   "%tmp_s = fdiv float %ret, 2.550000e+02" [lstm_hls_opt/src/rnn_top.cpp:14]   --->   Operation 42 'fdiv' 'tmp_s' <Predicate = (!exitcond1)> <Delay = 7.19> <Core = "FDiv">   --->   Core 106 'FDiv' <Latency = 11> <II = 1> <Delay = 7.19> <FuncUnit> <Opcode : 'fdiv' 'frem'> <InPorts = 2> <OutPorts = 1>

State 12 <SV = 11> <Delay = 7.19>
ST_12 : Operation 43 [2/12] (7.19ns)   --->   "%tmp_s = fdiv float %ret, 2.550000e+02" [lstm_hls_opt/src/rnn_top.cpp:14]   --->   Operation 43 'fdiv' 'tmp_s' <Predicate = (!exitcond1)> <Delay = 7.19> <Core = "FDiv">   --->   Core 106 'FDiv' <Latency = 11> <II = 1> <Delay = 7.19> <FuncUnit> <Opcode : 'fdiv' 'frem'> <InPorts = 2> <OutPorts = 1>

State 13 <SV = 12> <Delay = 7.19>
ST_13 : Operation 44 [1/12] (7.19ns)   --->   "%tmp_s = fdiv float %ret, 2.550000e+02" [lstm_hls_opt/src/rnn_top.cpp:14]   --->   Operation 44 'fdiv' 'tmp_s' <Predicate = (!exitcond1)> <Delay = 7.19> <Core = "FDiv">   --->   Core 106 'FDiv' <Latency = 11> <II = 1> <Delay = 7.19> <FuncUnit> <Opcode : 'fdiv' 'frem'> <InPorts = 2> <OutPorts = 1>

State 14 <SV = 13> <Delay = 2.77>
ST_14 : Operation 45 [1/1] (0.00ns)   --->   "%tmp_270 = call i32 (...)* @_ssdm_op_SpecRegionBegin([12 x i8]* @p_str4)" [lstm_hls_opt/src/rnn_top.cpp:11]   --->   Operation 45 'specregionbegin' 'tmp_270' <Predicate = (!exitcond1)> <Delay = 0.00>
ST_14 : Operation 46 [1/1] (0.00ns)   --->   "call void (...)* @_ssdm_op_SpecPipeline(i32 1, i32 1, i32 1, i32 0, [1 x i8]* @p_str1) nounwind" [lstm_hls_opt/src/rnn_top.cpp:12]   --->   Operation 46 'specpipeline' <Predicate = (!exitcond1)> <Delay = 0.00>
ST_14 : Operation 47 [1/1] (0.00ns)   --->   "%tmp = zext i10 %i to i64" [lstm_hls_opt/src/rnn_top.cpp:13]   --->   Operation 47 'zext' 'tmp' <Predicate = (!exitcond1)> <Delay = 0.00>
ST_14 : Operation 48 [1/1] (0.00ns)   --->   "%img_dat_addr = getelementptr inbounds [784 x float]* %img_dat, i64 0, i64 %tmp" [lstm_hls_opt/src/rnn_top.cpp:14]   --->   Operation 48 'getelementptr' 'img_dat_addr' <Predicate = (!exitcond1)> <Delay = 0.00>
ST_14 : Operation 49 [1/1] (2.77ns)   --->   "store float %tmp_s, float* %img_dat_addr, align 4" [lstm_hls_opt/src/rnn_top.cpp:14]   --->   Operation 49 'store' <Predicate = (!exitcond1)> <Delay = 2.77> <Core = "RAM">   --->   Core 37 'RAM' <Latency = 1> <II = 1> <Delay = 1.75> <Storage> <Opcode : 'load' 'store'> <Ports = 2> <Width = 32> <Depth = 10> <RAM>
ST_14 : Operation 50 [1/1] (0.00ns)   --->   "%empty_103 = call i32 (...)* @_ssdm_op_SpecRegionEnd([12 x i8]* @p_str4, i32 %tmp_270)" [lstm_hls_opt/src/rnn_top.cpp:15]   --->   Operation 50 'specregionend' 'empty_103' <Predicate = (!exitcond1)> <Delay = 0.00>
ST_14 : Operation 51 [1/1] (0.00ns)   --->   "br label %1" [lstm_hls_opt/src/rnn_top.cpp:10]   --->   Operation 51 'br' <Predicate = (!exitcond1)> <Delay = 0.00>

State 15 <SV = 2> <Delay = 0.00>
ST_15 : Operation 52 [2/2] (0.00ns)   --->   "call fastcc void @infer([784 x float]* %img_dat, [10 x float]* %res)" [lstm_hls_opt/src/rnn_top.cpp:18]   --->   Operation 52 'call' <Predicate = true> <Delay = 0.00> <CoreType = "Generic">   --->   Core 0 '' <Latency = 0> <II = 1> <Delay = 1.00> <Generic> <Opcode : >

State 16 <SV = 3> <Delay = 0.46>
ST_16 : Operation 53 [1/2] (0.00ns)   --->   "call fastcc void @infer([784 x float]* %img_dat, [10 x float]* %res)" [lstm_hls_opt/src/rnn_top.cpp:18]   --->   Operation 53 'call' <Predicate = true> <Delay = 0.00> <CoreType = "Generic">   --->   Core 0 '' <Latency = 0> <II = 1> <Delay = 1.00> <Generic> <Opcode : >
ST_16 : Operation 54 [1/1] (0.46ns)   --->   "br label %4" [lstm_hls_opt/src/rnn_top.cpp:21]   --->   Operation 54 'br' <Predicate = true> <Delay = 0.46>

State 17 <SV = 4> <Delay = 1.76>
ST_17 : Operation 55 [1/1] (0.00ns)   --->   "%i1 = phi i4 [ 0, %3 ], [ %i_3, %5 ]"   --->   Operation 55 'phi' 'i1' <Predicate = true> <Delay = 0.00>
ST_17 : Operation 56 [1/1] (0.96ns)   --->   "%exitcond = icmp eq i4 %i1, -6" [lstm_hls_opt/src/rnn_top.cpp:21]   --->   Operation 56 'icmp' 'exitcond' <Predicate = true> <Delay = 0.96> <Core = "Cmp">   --->   Core 25 'Cmp' <Latency = 0> <II = 1> <Delay = 0.96> <FuncUnit> <Opcode : 'icmp'> <InPorts = 2> <OutPorts = 1>
ST_17 : Operation 57 [1/1] (0.00ns)   --->   "%empty_104 = call i32 (...)* @_ssdm_op_SpecLoopTripCount(i64 10, i64 10, i64 10)"   --->   Operation 57 'speclooptripcount' 'empty_104' <Predicate = true> <Delay = 0.00>
ST_17 : Operation 58 [1/1] (0.99ns)   --->   "%i_3 = add i4 %i1, 1" [lstm_hls_opt/src/rnn_top.cpp:21]   --->   Operation 58 'add' 'i_3' <Predicate = true> <Delay = 0.99> <Core = "AddSub">   --->   Core 14 'AddSub' <Latency = 0> <II = 1> <Delay = 0.99> <FuncUnit> <Opcode : 'add' 'sub'> <InPorts = 2> <OutPorts = 1>
ST_17 : Operation 59 [1/1] (0.00ns)   --->   "br i1 %exitcond, label %6, label %5" [lstm_hls_opt/src/rnn_top.cpp:21]   --->   Operation 59 'br' <Predicate = true> <Delay = 0.00>
ST_17 : Operation 60 [1/1] (0.00ns)   --->   "%tmp_44 = zext i4 %i1 to i64" [lstm_hls_opt/src/rnn_top.cpp:24]   --->   Operation 60 'zext' 'tmp_44' <Predicate = (!exitcond)> <Delay = 0.00>
ST_17 : Operation 61 [1/1] (0.00ns)   --->   "%res_addr = getelementptr inbounds [10 x float]* %res, i64 0, i64 %tmp_44" [lstm_hls_opt/src/rnn_top.cpp:24]   --->   Operation 61 'getelementptr' 'res_addr' <Predicate = (!exitcond)> <Delay = 0.00>
ST_17 : Operation 62 [1/1] (0.96ns)   --->   "%last_assign = icmp eq i4 %i1, -7" [lstm_hls_opt/src/rnn_top.cpp:24]   --->   Operation 62 'icmp' 'last_assign' <Predicate = (!exitcond)> <Delay = 0.96> <Core = "Cmp">   --->   Core 25 'Cmp' <Latency = 0> <II = 1> <Delay = 0.96> <FuncUnit> <Opcode : 'icmp'> <InPorts = 2> <OutPorts = 1>
ST_17 : Operation 63 [2/2] (1.75ns)   --->   "%res_load = load float* %res_addr, align 4" [lstm_hls_opt/src/utils.h:49->lstm_hls_opt/src/rnn_top.cpp:24]   --->   Operation 63 'load' 'res_load' <Predicate = (!exitcond)> <Delay = 1.75> <Core = "RAM">   --->   Core 37 'RAM' <Latency = 1> <II = 1> <Delay = 1.75> <Storage> <Opcode : 'load' 'store'> <Ports = 2> <Width = 32> <Depth = 10> <RAM>

State 18 <SV = 5> <Delay = 1.75>
ST_18 : Operation 64 [1/1] (0.00ns)   --->   "%tmp_271 = call i32 (...)* @_ssdm_op_SpecRegionBegin([12 x i8]* @p_str5)" [lstm_hls_opt/src/rnn_top.cpp:22]   --->   Operation 64 'specregionbegin' 'tmp_271' <Predicate = (!exitcond)> <Delay = 0.00>
ST_18 : Operation 65 [1/1] (0.00ns)   --->   "call void (...)* @_ssdm_op_SpecPipeline(i32 1, i32 1, i32 1, i32 0, [1 x i8]* @p_str1) nounwind" [lstm_hls_opt/src/rnn_top.cpp:23]   --->   Operation 65 'specpipeline' <Predicate = (!exitcond)> <Delay = 0.00>
ST_18 : Operation 66 [1/2] (1.75ns)   --->   "%res_load = load float* %res_addr, align 4" [lstm_hls_opt/src/utils.h:49->lstm_hls_opt/src/rnn_top.cpp:24]   --->   Operation 66 'load' 'res_load' <Predicate = (!exitcond)> <Delay = 1.75> <Core = "RAM">   --->   Core 37 'RAM' <Latency = 1> <II = 1> <Delay = 1.75> <Storage> <Opcode : 'load' 'store'> <Ports = 2> <Width = 32> <Depth = 10> <RAM>
ST_18 : Operation 67 [1/1] (0.00ns)   --->   "%val_assign = bitcast float %res_load to i32" [lstm_hls_opt/src/utils.h:49->lstm_hls_opt/src/rnn_top.cpp:24]   --->   Operation 67 'bitcast' 'val_assign' <Predicate = (!exitcond)> <Delay = 0.00>
ST_18 : Operation 68 [1/1] (0.00ns)   --->   "call void @_ssdm_op_Write.axis.volatile.i32P.i4P.i4P.i1P.i1P.i1P.i1P(i32* %out_data_V, i4* %out_keep_V, i4* %out_strb_V, i1* %out_user_V, i1* %out_last_V, i1* %out_id_V, i1* %out_dest_V, i32 %val_assign, i4 -1, i4 -1, i1 false, i1 %last_assign, i1 false, i1 false)" [lstm_hls_opt/src/utils.h:49->lstm_hls_opt/src/rnn_top.cpp:24]   --->   Operation 68 'write' <Predicate = (!exitcond)> <Delay = 0.00> <Core = "AXI4Stream">   --->   Core 5 'AXI4Stream' <Latency = 0> <II = 1> <Delay = 1.00> <Adapter> <Opcode : >
ST_18 : Operation 69 [1/1] (0.00ns)   --->   "%empty_105 = call i32 (...)* @_ssdm_op_SpecRegionEnd([12 x i8]* @p_str5, i32 %tmp_271)" [lstm_hls_opt/src/rnn_top.cpp:25]   --->   Operation 69 'specregionend' 'empty_105' <Predicate = (!exitcond)> <Delay = 0.00>
ST_18 : Operation 70 [1/1] (0.00ns)   --->   "br label %4" [lstm_hls_opt/src/rnn_top.cpp:21]   --->   Operation 70 'br' <Predicate = (!exitcond)> <Delay = 0.00>

State 19 <SV = 5> <Delay = 0.00>
ST_19 : Operation 71 [1/1] (0.00ns)   --->   "ret void" [lstm_hls_opt/src/rnn_top.cpp:27]   --->   Operation 71 'ret' <Predicate = true> <Delay = 0.00>


============================================================
+ Verbose Summary: Binding
============================================================
STG Binding: 
---------------- STG Properties BEGIN ----------------
- Is combinational: 0
- Is one-state seq: 0
- Is datapath-only: 0
- Is pipelined: 0
- Is top level: 0
Port [ Return ] is wired: 1; IO mode=ap_ctrl_hs:ce=0
Port [ in_data_V]:  wired=1; compound=1; hidden=0; nouse=0; global=0; static=0; extern=0; dir=0; type=0; pingpong=0; private_global=0; IO mode=axis:ce=0
Port [ in_keep_V]:  wired=1; compound=1; hidden=0; nouse=0; global=0; static=0; extern=0; dir=0; type=0; pingpong=0; private_global=0; IO mode=axis:ce=0
Port [ in_strb_V]:  wired=1; compound=1; hidden=0; nouse=0; global=0; static=0; extern=0; dir=0; type=0; pingpong=0; private_global=0; IO mode=axis:ce=0
Port [ in_user_V]:  wired=1; compound=1; hidden=0; nouse=0; global=0; static=0; extern=0; dir=0; type=0; pingpong=0; private_global=0; IO mode=axis:ce=0
Port [ in_last_V]:  wired=1; compound=1; hidden=0; nouse=0; global=0; static=0; extern=0; dir=0; type=0; pingpong=0; private_global=0; IO mode=axis:ce=0
Port [ in_id_V]:  wired=1; compound=1; hidden=0; nouse=0; global=0; static=0; extern=0; dir=0; type=0; pingpong=0; private_global=0; IO mode=axis:ce=0
Port [ in_dest_V]:  wired=1; compound=1; hidden=0; nouse=0; global=0; static=0; extern=0; dir=0; type=0; pingpong=0; private_global=0; IO mode=axis:ce=0
Port [ out_data_V]:  wired=1; compound=1; hidden=0; nouse=0; global=0; static=0; extern=0; dir=1; type=0; pingpong=0; private_global=0; IO mode=axis:ce=0
Port [ out_keep_V]:  wired=1; compound=1; hidden=0; nouse=0; global=0; static=0; extern=0; dir=1; type=0; pingpong=0; private_global=0; IO mode=axis:ce=0
Port [ out_strb_V]:  wired=1; compound=1; hidden=0; nouse=0; global=0; static=0; extern=0; dir=1; type=0; pingpong=0; private_global=0; IO mode=axis:ce=0
Port [ out_user_V]:  wired=1; compound=1; hidden=0; nouse=0; global=0; static=0; extern=0; dir=1; type=0; pingpong=0; private_global=0; IO mode=axis:ce=0
Port [ out_last_V]:  wired=1; compound=1; hidden=0; nouse=0; global=0; static=0; extern=0; dir=1; type=0; pingpong=0; private_global=0; IO mode=axis:ce=0
Port [ out_id_V]:  wired=1; compound=1; hidden=0; nouse=0; global=0; static=0; extern=0; dir=1; type=0; pingpong=0; private_global=0; IO mode=axis:ce=0
Port [ out_dest_V]:  wired=1; compound=1; hidden=0; nouse=0; global=0; static=0; extern=0; dir=1; type=0; pingpong=0; private_global=0; IO mode=axis:ce=0
Port [ Weight_f_V]:  wired=0; compound=1; hidden=1; nouse=1; global=1; static=1; extern=0; dir=0; type=1; pingpong=0; private_global=0; linkage=7; visibility=0; MemPort=[11111]; IO mode=ap_memory:ce=0
Port [ Weight_i_V]:  wired=0; compound=1; hidden=1; nouse=1; global=1; static=1; extern=0; dir=0; type=1; pingpong=0; private_global=0; linkage=7; visibility=0; MemPort=[11111]; IO mode=ap_memory:ce=0
Port [ Weight_c_V]:  wired=0; compound=1; hidden=1; nouse=1; global=1; static=1; extern=0; dir=0; type=1; pingpong=0; private_global=0; linkage=7; visibility=0; MemPort=[11111]; IO mode=ap_memory:ce=0
Port [ Weight_o_V]:  wired=0; compound=1; hidden=1; nouse=1; global=1; static=1; extern=0; dir=0; type=1; pingpong=0; private_global=0; linkage=7; visibility=0; MemPort=[11111]; IO mode=ap_memory:ce=0
Port [ Sigmoid_lut_V]:  wired=0; compound=1; hidden=1; nouse=1; global=1; static=1; extern=0; dir=0; type=1; pingpong=0; private_global=0; linkage=7; visibility=0; MemPort=[1]; IO mode=ap_memory:ce=0
Port [ Tanh_lut_V]:  wired=0; compound=1; hidden=1; nouse=1; global=1; static=1; extern=0; dir=0; type=1; pingpong=0; private_global=0; linkage=7; visibility=0; MemPort=[1]; IO mode=ap_memory:ce=0
Port [ Weight_lc_V]:  wired=0; compound=1; hidden=1; nouse=1; global=1; static=0; extern=0; dir=0; type=1; pingpong=0; private_global=0; linkage=0; visibility=0; MemPort=[1]; IO mode=ap_memory:ce=0
Port [ Bias_f_V]:  wired=0; compound=1; hidden=1; nouse=1; global=1; static=0; extern=0; dir=0; type=1; pingpong=0; private_global=0; linkage=0; visibility=0; MemPort=[1]; IO mode=ap_memory:ce=0
Port [ Bias_i_V]:  wired=0; compound=1; hidden=1; nouse=1; global=1; static=0; extern=0; dir=0; type=1; pingpong=0; private_global=0; linkage=0; visibility=0; MemPort=[1]; IO mode=ap_memory:ce=0
Port [ Bias_c_V]:  wired=0; compound=1; hidden=1; nouse=1; global=1; static=0; extern=0; dir=0; type=1; pingpong=0; private_global=0; linkage=0; visibility=0; MemPort=[1]; IO mode=ap_memory:ce=0
Port [ Bias_o_V]:  wired=0; compound=1; hidden=1; nouse=1; global=1; static=0; extern=0; dir=0; type=1; pingpong=0; private_global=0; linkage=0; visibility=0; MemPort=[1]; IO mode=ap_memory:ce=0
Port [ Bias_lc_V]:  wired=0; compound=1; hidden=1; nouse=1; global=1; static=0; extern=0; dir=0; type=1; pingpong=0; private_global=0; linkage=0; visibility=0; MemPort=[1]; IO mode=ap_memory:ce=0
---------------- STG Properties END ------------------

---------------- Datapath Model BEGIN ----------------

<LifeTime>
<method=bitvector/>
StgValue_20   (specinterface    ) [ 00000000000000000000]
StgValue_21   (specinterface    ) [ 00000000000000000000]
img_dat       (alloca           ) [ 00111111111111111000]
res           (alloca           ) [ 00111111111111111110]
StgValue_24   (br               ) [ 01111111111111100000]
i             (phi              ) [ 00111111111111100000]
exitcond1     (icmp             ) [ 00111111111111100000]
empty         (speclooptripcount) [ 00000000000000000000]
i_2           (add              ) [ 01111111111111100000]
StgValue_29   (br               ) [ 00000000000000000000]
empty_102     (read             ) [ 00000000000000000000]
in_data_V_tmp (extractvalue     ) [ 00000000000000000000]
ret           (bitcast          ) [ 00111111111111000000]
tmp_s         (fdiv             ) [ 00100000000000100000]
tmp_270       (specregionbegin  ) [ 00000000000000000000]
StgValue_46   (specpipeline     ) [ 00000000000000000000]
tmp           (zext             ) [ 00000000000000000000]
img_dat_addr  (getelementptr    ) [ 00000000000000000000]
StgValue_49   (store            ) [ 00000000000000000000]
empty_103     (specregionend    ) [ 00000000000000000000]
StgValue_51   (br               ) [ 01111111111111100000]
StgValue_53   (call             ) [ 00000000000000000000]
StgValue_54   (br               ) [ 00000000000000001110]
i1            (phi              ) [ 00000000000000000100]
exitcond      (icmp             ) [ 00000000000000000110]
empty_104     (speclooptripcount) [ 00000000000000000000]
i_3           (add              ) [ 00000000000000001110]
StgValue_59   (br               ) [ 00000000000000000000]
tmp_44        (zext             ) [ 00000000000000000000]
res_addr      (getelementptr    ) [ 00000000000000000110]
last_assign   (icmp             ) [ 00000000000000000110]
tmp_271       (specregionbegin  ) [ 00000000000000000000]
StgValue_65   (specpipeline     ) [ 00000000000000000000]
res_load      (load             ) [ 00000000000000000000]
val_assign    (bitcast          ) [ 00000000000000000000]
StgValue_68   (write            ) [ 00000000000000000000]
empty_105     (specregionend    ) [ 00000000000000000000]
StgValue_70   (br               ) [ 00000000000000001110]
StgValue_71   (ret              ) [ 00000000000000000000]
</LifeTime>

<model>

<comp_list>
<comp id="0" class="1000" name="in_data_V">
<pin_list>
<pin id="1" dir="1" index="0" bw="1" slack="0"/>
</pin_list>
<bind>
<StgValue><ssdm name="in_data_V"/></StgValue>
</bind>
</comp>

<comp id="2" class="1000" name="in_keep_V">
<pin_list>
<pin id="3" dir="1" index="0" bw="1" slack="0"/>
</pin_list>
<bind>
<StgValue><ssdm name="in_keep_V"/></StgValue>
</bind>
</comp>

<comp id="4" class="1000" name="in_strb_V">
<pin_list>
<pin id="5" dir="1" index="0" bw="1" slack="0"/>
</pin_list>
<bind>
<StgValue><ssdm name="in_strb_V"/></StgValue>
</bind>
</comp>

<comp id="6" class="1000" name="in_user_V">
<pin_list>
<pin id="7" dir="1" index="0" bw="1" slack="0"/>
</pin_list>
<bind>
<StgValue><ssdm name="in_user_V"/></StgValue>
</bind>
</comp>

<comp id="8" class="1000" name="in_last_V">
<pin_list>
<pin id="9" dir="1" index="0" bw="1" slack="0"/>
</pin_list>
<bind>
<StgValue><ssdm name="in_last_V"/></StgValue>
</bind>
</comp>

<comp id="10" class="1000" name="in_id_V">
<pin_list>
<pin id="11" dir="1" index="0" bw="1" slack="0"/>
</pin_list>
<bind>
<StgValue><ssdm name="in_id_V"/></StgValue>
</bind>
</comp>

<comp id="12" class="1000" name="in_dest_V">
<pin_list>
<pin id="13" dir="1" index="0" bw="1" slack="0"/>
</pin_list>
<bind>
<StgValue><ssdm name="in_dest_V"/></StgValue>
</bind>
</comp>

<comp id="14" class="1000" name="out_data_V">
<pin_list>
<pin id="15" dir="1" index="0" bw="1" slack="0"/>
</pin_list>
<bind>
<StgValue><ssdm name="out_data_V"/></StgValue>
</bind>
</comp>

<comp id="16" class="1000" name="out_keep_V">
<pin_list>
<pin id="17" dir="1" index="0" bw="1" slack="0"/>
</pin_list>
<bind>
<StgValue><ssdm name="out_keep_V"/></StgValue>
</bind>
</comp>

<comp id="18" class="1000" name="out_strb_V">
<pin_list>
<pin id="19" dir="1" index="0" bw="1" slack="0"/>
</pin_list>
<bind>
<StgValue><ssdm name="out_strb_V"/></StgValue>
</bind>
</comp>

<comp id="20" class="1000" name="out_user_V">
<pin_list>
<pin id="21" dir="1" index="0" bw="1" slack="0"/>
</pin_list>
<bind>
<StgValue><ssdm name="out_user_V"/></StgValue>
</bind>
</comp>

<comp id="22" class="1000" name="out_last_V">
<pin_list>
<pin id="23" dir="1" index="0" bw="1" slack="0"/>
</pin_list>
<bind>
<StgValue><ssdm name="out_last_V"/></StgValue>
</bind>
</comp>

<comp id="24" class="1000" name="out_id_V">
<pin_list>
<pin id="25" dir="1" index="0" bw="1" slack="0"/>
</pin_list>
<bind>
<StgValue><ssdm name="out_id_V"/></StgValue>
</bind>
</comp>

<comp id="26" class="1000" name="out_dest_V">
<pin_list>
<pin id="27" dir="1" index="0" bw="1" slack="0"/>
</pin_list>
<bind>
<StgValue><ssdm name="out_dest_V"/></StgValue>
</bind>
</comp>

<comp id="28" class="1000" name="Weight_f_V">
<pin_list>
<pin id="29" dir="1" index="0" bw="1" slack="0"/>
</pin_list>
<bind>
<StgValue><ssdm name="Weight_f_V"/><MemPortTyVec>1 1 1 1 1 </MemPortTyVec>
</StgValue>
</bind>
</comp>

<comp id="30" class="1000" name="Weight_i_V">
<pin_list>
<pin id="31" dir="1" index="0" bw="1" slack="0"/>
</pin_list>
<bind>
<StgValue><ssdm name="Weight_i_V"/><MemPortTyVec>1 1 1 1 1 </MemPortTyVec>
</StgValue>
</bind>
</comp>

<comp id="32" class="1000" name="Weight_c_V">
<pin_list>
<pin id="33" dir="1" index="0" bw="1" slack="0"/>
</pin_list>
<bind>
<StgValue><ssdm name="Weight_c_V"/><MemPortTyVec>1 1 1 1 1 </MemPortTyVec>
</StgValue>
</bind>
</comp>

<comp id="34" class="1000" name="Weight_o_V">
<pin_list>
<pin id="35" dir="1" index="0" bw="1" slack="0"/>
</pin_list>
<bind>
<StgValue><ssdm name="Weight_o_V"/><MemPortTyVec>1 1 1 1 1 </MemPortTyVec>
</StgValue>
</bind>
</comp>

<comp id="36" class="1000" name="Sigmoid_lut_V">
<pin_list>
<pin id="37" dir="1" index="0" bw="1" slack="0"/>
</pin_list>
<bind>
<StgValue><ssdm name="Sigmoid_lut_V"/><MemPortTyVec>1 </MemPortTyVec>
</StgValue>
</bind>
</comp>

<comp id="38" class="1000" name="Tanh_lut_V">
<pin_list>
<pin id="39" dir="1" index="0" bw="1" slack="0"/>
</pin_list>
<bind>
<StgValue><ssdm name="Tanh_lut_V"/><MemPortTyVec>1 </MemPortTyVec>
</StgValue>
</bind>
</comp>

<comp id="40" class="1000" name="Weight_lc_V">
<pin_list>
<pin id="41" dir="1" index="0" bw="1" slack="0"/>
</pin_list>
<bind>
<StgValue><ssdm name="Weight_lc_V"/><MemPortTyVec>1 </MemPortTyVec>
</StgValue>
</bind>
</comp>

<comp id="42" class="1000" name="Bias_f_V">
<pin_list>
<pin id="43" dir="1" index="0" bw="1" slack="0"/>
</pin_list>
<bind>
<StgValue><ssdm name="Bias_f_V"/><MemPortTyVec>1 </MemPortTyVec>
</StgValue>
</bind>
</comp>

<comp id="44" class="1000" name="Bias_i_V">
<pin_list>
<pin id="45" dir="1" index="0" bw="1" slack="0"/>
</pin_list>
<bind>
<StgValue><ssdm name="Bias_i_V"/><MemPortTyVec>1 </MemPortTyVec>
</StgValue>
</bind>
</comp>

<comp id="46" class="1000" name="Bias_c_V">
<pin_list>
<pin id="47" dir="1" index="0" bw="1" slack="0"/>
</pin_list>
<bind>
<StgValue><ssdm name="Bias_c_V"/><MemPortTyVec>1 </MemPortTyVec>
</StgValue>
</bind>
</comp>

<comp id="48" class="1000" name="Bias_o_V">
<pin_list>
<pin id="49" dir="1" index="0" bw="1" slack="0"/>
</pin_list>
<bind>
<StgValue><ssdm name="Bias_o_V"/><MemPortTyVec>1 </MemPortTyVec>
</StgValue>
</bind>
</comp>

<comp id="50" class="1000" name="Bias_lc_V">
<pin_list>
<pin id="51" dir="1" index="0" bw="1" slack="0"/>
</pin_list>
<bind>
<StgValue><ssdm name="Bias_lc_V"/><MemPortTyVec>1 </MemPortTyVec>
</StgValue>
</bind>
</comp>

<comp id="52" class="1001" name="const_52">
<pin_list>
<pin id="53" dir="1" index="0" bw="1" slack="2147483647"/>
</pin_list>
<bind>
<StgValue><ssdm name="_ssdm_op_SpecInterface"/></StgValue>
</bind>
</comp>

<comp id="54" class="1001" name="const_54">
<pin_list>
<pin id="55" dir="1" index="0" bw="1" slack="2147483647"/>
</pin_list>
<bind>
<StgValue><ssdm name="p_str210"/></StgValue>
</bind>
</comp>

<comp id="56" class="1001" name="const_56">
<pin_list>
<pin id="57" dir="1" index="0" bw="1" slack="2147483647"/>
</pin_list>
<bind>
<StgValue><ssdm name=""/></StgValue>
</bind>
</comp>

<comp id="58" class="1001" name="const_58">
<pin_list>
<pin id="59" dir="1" index="0" bw="1" slack="2147483647"/>
</pin_list>
<bind>
<StgValue><ssdm name="p_str3"/></StgValue>
</bind>
</comp>

<comp id="60" class="1001" name="const_60">
<pin_list>
<pin id="61" dir="1" index="0" bw="1" slack="2147483647"/>
</pin_list>
<bind>
<StgValue><ssdm name="p_str1"/></StgValue>
</bind>
</comp>

<comp id="62" class="1001" name="const_62">
<pin_list>
<pin id="63" dir="1" index="0" bw="1" slack="0"/>
</pin_list>
<bind>
<StgValue><ssdm name=""/></StgValue>
</bind>
</comp>

<comp id="64" class="1001" name="const_64">
<pin_list>
<pin id="65" dir="1" index="0" bw="1" slack="1"/>
</pin_list>
<bind>
<StgValue><ssdm name=""/></StgValue>
</bind>
</comp>

<comp id="66" class="1001" name="const_66">
<pin_list>
<pin id="67" dir="1" index="0" bw="1" slack="0"/>
</pin_list>
<bind>
<StgValue><ssdm name=""/></StgValue>
</bind>
</comp>

<comp id="68" class="1001" name="const_68">
<pin_list>
<pin id="69" dir="1" index="0" bw="1" slack="2147483647"/>
</pin_list>
<bind>
<StgValue><ssdm name="_ssdm_op_SpecLoopTripCount"/></StgValue>
</bind>
</comp>

<comp id="70" class="1001" name="const_70">
<pin_list>
<pin id="71" dir="1" index="0" bw="1" slack="2147483647"/>
</pin_list>
<bind>
<StgValue><ssdm name=""/></StgValue>
</bind>
</comp>

<comp id="72" class="1001" name="const_72">
<pin_list>
<pin id="73" dir="1" index="0" bw="1" slack="0"/>
</pin_list>
<bind>
<StgValue><ssdm name=""/></StgValue>
</bind>
</comp>

<comp id="74" class="1001" name="const_74">
<pin_list>
<pin id="75" dir="1" index="0" bw="1" slack="0"/>
</pin_list>
<bind>
<StgValue><ssdm name="_ssdm_op_Read.axis.volatile.i32P.i4P.i4P.i1P.i1P.i1P.i1P"/></StgValue>
</bind>
</comp>

<comp id="76" class="1001" name="const_76">
<pin_list>
<pin id="77" dir="1" index="0" bw="1" slack="0"/>
</pin_list>
<bind>
<StgValue><ssdm name=""/></StgValue>
</bind>
</comp>

<comp id="78" class="1001" name="const_78">
<pin_list>
<pin id="79" dir="1" index="0" bw="1" slack="2147483647"/>
</pin_list>
<bind>
<StgValue><ssdm name="_ssdm_op_SpecRegionBegin"/></StgValue>
</bind>
</comp>

<comp id="80" class="1001" name="const_80">
<pin_list>
<pin id="81" dir="1" index="0" bw="1" slack="2147483647"/>
</pin_list>
<bind>
<StgValue><ssdm name="p_str4"/></StgValue>
</bind>
</comp>

<comp id="82" class="1001" name="const_82">
<pin_list>
<pin id="83" dir="1" index="0" bw="1" slack="2147483647"/>
</pin_list>
<bind>
<StgValue><ssdm name="_ssdm_op_SpecPipeline"/></StgValue>
</bind>
</comp>

<comp id="84" class="1001" name="const_84">
<pin_list>
<pin id="85" dir="1" index="0" bw="1" slack="2147483647"/>
</pin_list>
<bind>
<StgValue><ssdm name=""/></StgValue>
</bind>
</comp>

<comp id="86" class="1001" name="const_86">
<pin_list>
<pin id="87" dir="1" index="0" bw="1" slack="0"/>
</pin_list>
<bind>
<StgValue><ssdm name=""/></StgValue>
</bind>
</comp>

<comp id="88" class="1001" name="const_88">
<pin_list>
<pin id="89" dir="1" index="0" bw="1" slack="2147483647"/>
</pin_list>
<bind>
<StgValue><ssdm name="_ssdm_op_SpecRegionEnd"/></StgValue>
</bind>
</comp>

<comp id="90" class="1001" name="const_90">
<pin_list>
<pin id="91" dir="1" index="0" bw="1" slack="0"/>
</pin_list>
<bind>
<StgValue><ssdm name="infer"/></StgValue>
</bind>
</comp>

<comp id="92" class="1001" name="const_92">
<pin_list>
<pin id="93" dir="1" index="0" bw="1" slack="1"/>
</pin_list>
<bind>
<StgValue><ssdm name=""/></StgValue>
</bind>
</comp>

<comp id="94" class="1001" name="const_94">
<pin_list>
<pin id="95" dir="1" index="0" bw="1" slack="0"/>
</pin_list>
<bind>
<StgValue><ssdm name=""/></StgValue>
</bind>
</comp>

<comp id="96" class="1001" name="const_96">
<pin_list>
<pin id="97" dir="1" index="0" bw="1" slack="2147483647"/>
</pin_list>
<bind>
<StgValue><ssdm name=""/></StgValue>
</bind>
</comp>

<comp id="98" class="1001" name="const_98">
<pin_list>
<pin id="99" dir="1" index="0" bw="1" slack="0"/>
</pin_list>
<bind>
<StgValue><ssdm name=""/></StgValue>
</bind>
</comp>

<comp id="100" class="1001" name="const_100">
<pin_list>
<pin id="101" dir="1" index="0" bw="1" slack="0"/>
</pin_list>
<bind>
<StgValue><ssdm name=""/></StgValue>
</bind>
</comp>

<comp id="102" class="1001" name="const_102">
<pin_list>
<pin id="103" dir="1" index="0" bw="1" slack="2147483647"/>
</pin_list>
<bind>
<StgValue><ssdm name="p_str5"/></StgValue>
</bind>
</comp>

<comp id="104" class="1001" name="const_104">
<pin_list>
<pin id="105" dir="1" index="0" bw="1" slack="0"/>
</pin_list>
<bind>
<StgValue><ssdm name="_ssdm_op_Write.axis.volatile.i32P.i4P.i4P.i1P.i1P.i1P.i1P"/></StgValue>
</bind>
</comp>

<comp id="106" class="1001" name="const_106">
<pin_list>
<pin id="107" dir="1" index="0" bw="1" slack="0"/>
</pin_list>
<bind>
<StgValue><ssdm name=""/></StgValue>
</bind>
</comp>

<comp id="108" class="1001" name="const_108">
<pin_list>
<pin id="109" dir="1" index="0" bw="1" slack="0"/>
</pin_list>
<bind>
<StgValue><ssdm name=""/></StgValue>
</bind>
</comp>

<comp id="110" class="1004" name="img_dat_alloca_fu_110">
<pin_list>
<pin id="111" dir="0" index="0" bw="1" slack="0"/>
<pin id="112" dir="1" index="1" bw="32" slack="2147483647"/>
</pin_list>
<bind>
<opcode="alloca(26) " fcode="alloca"/>
<opset="img_dat/1 "/>
</bind>
</comp>

<comp id="114" class="1004" name="res_alloca_fu_114">
<pin_list>
<pin id="115" dir="0" index="0" bw="1" slack="0"/>
<pin id="116" dir="1" index="1" bw="32" slack="2147483647"/>
</pin_list>
<bind>
<opcode="alloca(26) " fcode="alloca"/>
<opset="res/1 "/>
</bind>
</comp>

<comp id="118" class="1004" name="empty_102_read_fu_118">
<pin_list>
<pin id="119" dir="0" index="0" bw="44" slack="0"/>
<pin id="120" dir="0" index="1" bw="32" slack="0"/>
<pin id="121" dir="0" index="2" bw="4" slack="0"/>
<pin id="122" dir="0" index="3" bw="4" slack="0"/>
<pin id="123" dir="0" index="4" bw="1" slack="0"/>
<pin id="124" dir="0" index="5" bw="1" slack="0"/>
<pin id="125" dir="0" index="6" bw="1" slack="0"/>
<pin id="126" dir="0" index="7" bw="1" slack="0"/>
<pin id="127" dir="1" index="8" bw="44" slack="0"/>
</pin_list>
<bind>
<opcode="read(1150) " fcode="read"/>
<opset="empty_102/2 "/>
</bind>
</comp>

<comp id="136" class="1004" name="StgValue_68_write_fu_136">
<pin_list>
<pin id="137" dir="0" index="0" bw="0" slack="0"/>
<pin id="138" dir="0" index="1" bw="32" slack="0"/>
<pin id="139" dir="0" index="2" bw="4" slack="0"/>
<pin id="140" dir="0" index="3" bw="4" slack="0"/>
<pin id="141" dir="0" index="4" bw="1" slack="0"/>
<pin id="142" dir="0" index="5" bw="1" slack="0"/>
<pin id="143" dir="0" index="6" bw="1" slack="0"/>
<pin id="144" dir="0" index="7" bw="1" slack="0"/>
<pin id="145" dir="0" index="8" bw="32" slack="0"/>
<pin id="146" dir="0" index="9" bw="1" slack="0"/>
<pin id="147" dir="0" index="10" bw="1" slack="0"/>
<pin id="148" dir="0" index="11" bw="1" slack="0"/>
<pin id="149" dir="0" index="12" bw="1" slack="1"/>
<pin id="150" dir="0" index="13" bw="1" slack="0"/>
<pin id="151" dir="0" index="14" bw="1" slack="0"/>
<pin id="152" dir="1" index="15" bw="0" slack="2147483647"/>
</pin_list>
<bind>
<opcode="write(1151) " fcode="write"/>
<opset="StgValue_68/18 "/>
</bind>
</comp>

<comp id="166" class="1004" name="img_dat_addr_gep_fu_166">
<pin_list>
<pin id="167" dir="0" index="0" bw="32" slack="2147483647"/>
<pin id="168" dir="0" index="1" bw="1" slack="0"/>
<pin id="169" dir="0" index="2" bw="10" slack="0"/>
<pin id="170" dir="1" index="3" bw="10" slack="0"/>
</pin_list>
<bind>
<opcode="getelementptr(29) " fcode="getelementptr"/>
<opset="img_dat_addr/14 "/>
</bind>
</comp>

<comp id="172" class="1004" name="StgValue_49_access_fu_172">
<pin_list>
<pin id="173" dir="0" index="0" bw="10" slack="0"/>
<pin id="174" dir="0" index="1" bw="32" slack="1"/>
<pin id="175" dir="0" index="2" bw="0" slack="2147483647"/>
<pin id="176" dir="1" index="3" bw="32" slack="2147483647"/>
</pin_list>
<bind>
<opcode="store(28) " fcode="store"/>
<opset="StgValue_49/14 "/>
</bind>
</comp>

<comp id="178" class="1004" name="res_addr_gep_fu_178">
<pin_list>
<pin id="179" dir="0" index="0" bw="32" slack="2147483647"/>
<pin id="180" dir="0" index="1" bw="1" slack="0"/>
<pin id="181" dir="0" index="2" bw="4" slack="0"/>
<pin id="182" dir="1" index="3" bw="4" slack="0"/>
</pin_list>
<bind>
<opcode="getelementptr(29) " fcode="getelementptr"/>
<opset="res_addr/17 "/>
</bind>
</comp>

<comp id="184" class="1004" name="grp_access_fu_184">
<pin_list>
<pin id="185" dir="0" index="0" bw="4" slack="0"/>
<pin id="186" dir="0" index="1" bw="32" slack="2147483647"/>
<pin id="187" dir="0" index="2" bw="0" slack="2147483647"/>
<pin id="188" dir="1" index="3" bw="32" slack="0"/>
</pin_list>
<bind>
<opcode="load(27) " fcode="load"/>
<opset="res_load/17 "/>
</bind>
</comp>

<comp id="190" class="1005" name="i_reg_190">
<pin_list>
<pin id="191" dir="0" index="0" bw="10" slack="1"/>
<pin id="192" dir="1" index="1" bw="10" slack="1"/>
</pin_list>
<bind>
<opset="i (phireg) "/>
</bind>
</comp>

<comp id="194" class="1004" name="i_phi_fu_194">
<pin_list>
<pin id="195" dir="0" index="0" bw="1" slack="1"/>
<pin id="196" dir="0" index="1" bw="0" slack="2147483647"/>
<pin id="197" dir="0" index="2" bw="10" slack="0"/>
<pin id="198" dir="0" index="3" bw="0" slack="2147483647"/>
<pin id="199" dir="1" index="4" bw="10" slack="0"/>
</pin_list>
<bind>
<opcode="phi(47) " fcode="phi"/>
<opset="i/2 "/>
</bind>
</comp>

<comp id="202" class="1005" name="i1_reg_202">
<pin_list>
<pin id="203" dir="0" index="0" bw="4" slack="1"/>
<pin id="204" dir="1" index="1" bw="4" slack="1"/>
</pin_list>
<bind>
<opset="i1 (phireg) "/>
</bind>
</comp>

<comp id="206" class="1004" name="i1_phi_fu_206">
<pin_list>
<pin id="207" dir="0" index="0" bw="1" slack="1"/>
<pin id="208" dir="0" index="1" bw="0" slack="2147483647"/>
<pin id="209" dir="0" index="2" bw="4" slack="0"/>
<pin id="210" dir="0" index="3" bw="0" slack="2147483647"/>
<pin id="211" dir="1" index="4" bw="4" slack="0"/>
</pin_list>
<bind>
<opcode="phi(47) " fcode="phi"/>
<opset="i1/17 "/>
</bind>
</comp>

<comp id="213" class="1004" name="grp_infer_fu_213">
<pin_list>
<pin id="214" dir="0" index="0" bw="0" slack="0"/>
<pin id="215" dir="0" index="1" bw="32" slack="2147483647"/>
<pin id="216" dir="0" index="2" bw="32" slack="2147483647"/>
<pin id="217" dir="0" index="3" bw="8" slack="0"/>
<pin id="218" dir="0" index="4" bw="8" slack="0"/>
<pin id="219" dir="0" index="5" bw="8" slack="0"/>
<pin id="220" dir="0" index="6" bw="8" slack="0"/>
<pin id="221" dir="0" index="7" bw="15" slack="0"/>
<pin id="222" dir="0" index="8" bw="16" slack="0"/>
<pin id="223" dir="0" index="9" bw="8" slack="0"/>
<pin id="224" dir="0" index="10" bw="8" slack="0"/>
<pin id="225" dir="0" index="11" bw="8" slack="0"/>
<pin id="226" dir="0" index="12" bw="8" slack="0"/>
<pin id="227" dir="0" index="13" bw="8" slack="0"/>
<pin id="228" dir="0" index="14" bw="8" slack="0"/>
<pin id="229" dir="1" index="15" bw="0" slack="2147483647"/>
</pin_list>
<bind>
<opcode="call(48) " fcode="call"/>
<opset="StgValue_52/15 "/>
</bind>
</comp>

<comp id="243" class="1004" name="grp_fu_243">
<pin_list>
<pin id="244" dir="0" index="0" bw="32" slack="0"/>
<pin id="245" dir="0" index="1" bw="32" slack="0"/>
<pin id="246" dir="1" index="2" bw="32" slack="1"/>
</pin_list>
<bind>
<opcode="fdiv(16) " fcode="fdiv"/>
<opset="tmp_s/2 "/>
</bind>
</comp>

<comp id="248" class="1004" name="exitcond1_fu_248">
<pin_list>
<pin id="249" dir="0" index="0" bw="10" slack="0"/>
<pin id="250" dir="0" index="1" bw="10" slack="0"/>
<pin id="251" dir="1" index="2" bw="1" slack="1"/>
</pin_list>
<bind>
<opcode="icmp(45) " fcode="icmp"/>
<opset="exitcond1/2 "/>
</bind>
</comp>

<comp id="254" class="1004" name="i_2_fu_254">
<pin_list>
<pin id="255" dir="0" index="0" bw="10" slack="0"/>
<pin id="256" dir="0" index="1" bw="1" slack="0"/>
<pin id="257" dir="1" index="2" bw="10" slack="0"/>
</pin_list>
<bind>
<opcode="add(8) " fcode="add"/>
<opset="i_2/2 "/>
</bind>
</comp>

<comp id="260" class="1004" name="in_data_V_tmp_fu_260">
<pin_list>
<pin id="261" dir="0" index="0" bw="44" slack="0"/>
<pin id="262" dir="1" index="1" bw="32" slack="0"/>
</pin_list>
<bind>
<opcode="extractvalue(56) " fcode="extractvalue"/>
<opset="in_data_V_tmp/2 "/>
</bind>
</comp>

<comp id="264" class="1004" name="ret_fu_264">
<pin_list>
<pin id="265" dir="0" index="0" bw="32" slack="0"/>
<pin id="266" dir="1" index="1" bw="32" slack="0"/>
</pin_list>
<bind>
<opcode="bitcast(44) " fcode="bitcast"/>
<opset="ret/2 "/>
</bind>
</comp>

<comp id="269" class="1004" name="tmp_fu_269">
<pin_list>
<pin id="270" dir="0" index="0" bw="10" slack="12"/>
<pin id="271" dir="1" index="1" bw="64" slack="0"/>
</pin_list>
<bind>
<opcode="zext(34) " fcode="zext"/>
<opset="tmp/14 "/>
</bind>
</comp>

<comp id="274" class="1004" name="exitcond_fu_274">
<pin_list>
<pin id="275" dir="0" index="0" bw="4" slack="0"/>
<pin id="276" dir="0" index="1" bw="4" slack="0"/>
<pin id="277" dir="1" index="2" bw="1" slack="1"/>
</pin_list>
<bind>
<opcode="icmp(45) " fcode="icmp"/>
<opset="exitcond/17 "/>
</bind>
</comp>

<comp id="280" class="1004" name="i_3_fu_280">
<pin_list>
<pin id="281" dir="0" index="0" bw="4" slack="0"/>
<pin id="282" dir="0" index="1" bw="1" slack="0"/>
<pin id="283" dir="1" index="2" bw="4" slack="0"/>
</pin_list>
<bind>
<opcode="add(8) " fcode="add"/>
<opset="i_3/17 "/>
</bind>
</comp>

<comp id="286" class="1004" name="tmp_44_fu_286">
<pin_list>
<pin id="287" dir="0" index="0" bw="4" slack="0"/>
<pin id="288" dir="1" index="1" bw="64" slack="0"/>
</pin_list>
<bind>
<opcode="zext(34) " fcode="zext"/>
<opset="tmp_44/17 "/>
</bind>
</comp>

<comp id="291" class="1004" name="last_assign_fu_291">
<pin_list>
<pin id="292" dir="0" index="0" bw="4" slack="0"/>
<pin id="293" dir="0" index="1" bw="4" slack="0"/>
<pin id="294" dir="1" index="2" bw="1" slack="1"/>
</pin_list>
<bind>
<opcode="icmp(45) " fcode="icmp"/>
<opset="last_assign/17 "/>
</bind>
</comp>

<comp id="297" class="1004" name="val_assign_fu_297">
<pin_list>
<pin id="298" dir="0" index="0" bw="32" slack="0"/>
<pin id="299" dir="1" index="1" bw="32" slack="0"/>
</pin_list>
<bind>
<opcode="bitcast(44) " fcode="bitcast"/>
<opset="val_assign/18 "/>
</bind>
</comp>

<comp id="302" class="1005" name="exitcond1_reg_302">
<pin_list>
<pin id="303" dir="0" index="0" bw="1" slack="1"/>
<pin id="304" dir="1" index="1" bw="1" slack="2147483647"/>
</pin_list>
<bind>
<opset="exitcond1 "/>
</bind>
</comp>

<comp id="306" class="1005" name="i_2_reg_306">
<pin_list>
<pin id="307" dir="0" index="0" bw="10" slack="0"/>
<pin id="308" dir="1" index="1" bw="10" slack="0"/>
</pin_list>
<bind>
<opset="i_2 "/>
</bind>
</comp>

<comp id="311" class="1005" name="ret_reg_311">
<pin_list>
<pin id="312" dir="0" index="0" bw="32" slack="1"/>
<pin id="313" dir="1" index="1" bw="32" slack="1"/>
</pin_list>
<bind>
<opset="ret "/>
</bind>
</comp>

<comp id="316" class="1005" name="tmp_s_reg_316">
<pin_list>
<pin id="317" dir="0" index="0" bw="32" slack="1"/>
<pin id="318" dir="1" index="1" bw="32" slack="1"/>
</pin_list>
<bind>
<opset="tmp_s "/>
</bind>
</comp>

<comp id="321" class="1005" name="exitcond_reg_321">
<pin_list>
<pin id="322" dir="0" index="0" bw="1" slack="1"/>
<pin id="323" dir="1" index="1" bw="1" slack="2147483647"/>
</pin_list>
<bind>
<opset="exitcond "/>
</bind>
</comp>

<comp id="325" class="1005" name="i_3_reg_325">
<pin_list>
<pin id="326" dir="0" index="0" bw="4" slack="0"/>
<pin id="327" dir="1" index="1" bw="4" slack="0"/>
</pin_list>
<bind>
<opset="i_3 "/>
</bind>
</comp>

<comp id="330" class="1005" name="res_addr_reg_330">
<pin_list>
<pin id="331" dir="0" index="0" bw="4" slack="1"/>
<pin id="332" dir="1" index="1" bw="4" slack="1"/>
</pin_list>
<bind>
<opset="res_addr "/>
</bind>
</comp>

<comp id="335" class="1005" name="last_assign_reg_335">
<pin_list>
<pin id="336" dir="0" index="0" bw="1" slack="1"/>
<pin id="337" dir="1" index="1" bw="1" slack="1"/>
</pin_list>
<bind>
<opset="last_assign "/>
</bind>
</comp>

</comp_list>

<net_list>
<net id="113"><net_src comp="62" pin="0"/><net_sink comp="110" pin=0"/></net>

<net id="117"><net_src comp="62" pin="0"/><net_sink comp="114" pin=0"/></net>

<net id="128"><net_src comp="74" pin="0"/><net_sink comp="118" pin=0"/></net>

<net id="129"><net_src comp="0" pin="0"/><net_sink comp="118" pin=1"/></net>

<net id="130"><net_src comp="2" pin="0"/><net_sink comp="118" pin=2"/></net>

<net id="131"><net_src comp="4" pin="0"/><net_sink comp="118" pin=3"/></net>

<net id="132"><net_src comp="6" pin="0"/><net_sink comp="118" pin=4"/></net>

<net id="133"><net_src comp="8" pin="0"/><net_sink comp="118" pin=5"/></net>

<net id="134"><net_src comp="10" pin="0"/><net_sink comp="118" pin=6"/></net>

<net id="135"><net_src comp="12" pin="0"/><net_sink comp="118" pin=7"/></net>

<net id="153"><net_src comp="104" pin="0"/><net_sink comp="136" pin=0"/></net>

<net id="154"><net_src comp="14" pin="0"/><net_sink comp="136" pin=1"/></net>

<net id="155"><net_src comp="16" pin="0"/><net_sink comp="136" pin=2"/></net>

<net id="156"><net_src comp="18" pin="0"/><net_sink comp="136" pin=3"/></net>

<net id="157"><net_src comp="20" pin="0"/><net_sink comp="136" pin=4"/></net>

<net id="158"><net_src comp="22" pin="0"/><net_sink comp="136" pin=5"/></net>

<net id="159"><net_src comp="24" pin="0"/><net_sink comp="136" pin=6"/></net>

<net id="160"><net_src comp="26" pin="0"/><net_sink comp="136" pin=7"/></net>

<net id="161"><net_src comp="106" pin="0"/><net_sink comp="136" pin=9"/></net>

<net id="162"><net_src comp="106" pin="0"/><net_sink comp="136" pin=10"/></net>

<net id="163"><net_src comp="108" pin="0"/><net_sink comp="136" pin=11"/></net>

<net id="164"><net_src comp="108" pin="0"/><net_sink comp="136" pin=13"/></net>

<net id="165"><net_src comp="108" pin="0"/><net_sink comp="136" pin=14"/></net>

<net id="171"><net_src comp="86" pin="0"/><net_sink comp="166" pin=1"/></net>

<net id="177"><net_src comp="166" pin="3"/><net_sink comp="172" pin=0"/></net>

<net id="183"><net_src comp="86" pin="0"/><net_sink comp="178" pin=1"/></net>

<net id="189"><net_src comp="178" pin="3"/><net_sink comp="184" pin=0"/></net>

<net id="193"><net_src comp="64" pin="0"/><net_sink comp="190" pin=0"/></net>

<net id="200"><net_src comp="190" pin="1"/><net_sink comp="194" pin=0"/></net>

<net id="201"><net_src comp="194" pin="4"/><net_sink comp="190" pin=0"/></net>

<net id="205"><net_src comp="92" pin="0"/><net_sink comp="202" pin=0"/></net>

<net id="212"><net_src comp="202" pin="1"/><net_sink comp="206" pin=0"/></net>

<net id="230"><net_src comp="90" pin="0"/><net_sink comp="213" pin=0"/></net>

<net id="231"><net_src comp="28" pin="0"/><net_sink comp="213" pin=3"/></net>

<net id="232"><net_src comp="30" pin="0"/><net_sink comp="213" pin=4"/></net>

<net id="233"><net_src comp="32" pin="0"/><net_sink comp="213" pin=5"/></net>

<net id="234"><net_src comp="34" pin="0"/><net_sink comp="213" pin=6"/></net>

<net id="235"><net_src comp="36" pin="0"/><net_sink comp="213" pin=7"/></net>

<net id="236"><net_src comp="38" pin="0"/><net_sink comp="213" pin=8"/></net>

<net id="237"><net_src comp="40" pin="0"/><net_sink comp="213" pin=9"/></net>

<net id="238"><net_src comp="42" pin="0"/><net_sink comp="213" pin=10"/></net>

<net id="239"><net_src comp="44" pin="0"/><net_sink comp="213" pin=11"/></net>

<net id="240"><net_src comp="46" pin="0"/><net_sink comp="213" pin=12"/></net>

<net id="241"><net_src comp="48" pin="0"/><net_sink comp="213" pin=13"/></net>

<net id="242"><net_src comp="50" pin="0"/><net_sink comp="213" pin=14"/></net>

<net id="247"><net_src comp="76" pin="0"/><net_sink comp="243" pin=1"/></net>

<net id="252"><net_src comp="194" pin="4"/><net_sink comp="248" pin=0"/></net>

<net id="253"><net_src comp="66" pin="0"/><net_sink comp="248" pin=1"/></net>

<net id="258"><net_src comp="194" pin="4"/><net_sink comp="254" pin=0"/></net>

<net id="259"><net_src comp="72" pin="0"/><net_sink comp="254" pin=1"/></net>

<net id="263"><net_src comp="118" pin="8"/><net_sink comp="260" pin=0"/></net>

<net id="267"><net_src comp="260" pin="1"/><net_sink comp="264" pin=0"/></net>

<net id="268"><net_src comp="264" pin="1"/><net_sink comp="243" pin=0"/></net>

<net id="272"><net_src comp="190" pin="1"/><net_sink comp="269" pin=0"/></net>

<net id="273"><net_src comp="269" pin="1"/><net_sink comp="166" pin=2"/></net>

<net id="278"><net_src comp="206" pin="4"/><net_sink comp="274" pin=0"/></net>

<net id="279"><net_src comp="94" pin="0"/><net_sink comp="274" pin=1"/></net>

<net id="284"><net_src comp="206" pin="4"/><net_sink comp="280" pin=0"/></net>

<net id="285"><net_src comp="98" pin="0"/><net_sink comp="280" pin=1"/></net>

<net id="289"><net_src comp="206" pin="4"/><net_sink comp="286" pin=0"/></net>

<net id="290"><net_src comp="286" pin="1"/><net_sink comp="178" pin=2"/></net>

<net id="295"><net_src comp="206" pin="4"/><net_sink comp="291" pin=0"/></net>

<net id="296"><net_src comp="100" pin="0"/><net_sink comp="291" pin=1"/></net>

<net id="300"><net_src comp="184" pin="3"/><net_sink comp="297" pin=0"/></net>

<net id="301"><net_src comp="297" pin="1"/><net_sink comp="136" pin=8"/></net>

<net id="305"><net_src comp="248" pin="2"/><net_sink comp="302" pin=0"/></net>

<net id="309"><net_src comp="254" pin="2"/><net_sink comp="306" pin=0"/></net>

<net id="310"><net_src comp="306" pin="1"/><net_sink comp="194" pin=2"/></net>

<net id="314"><net_src comp="264" pin="1"/><net_sink comp="311" pin=0"/></net>

<net id="315"><net_src comp="311" pin="1"/><net_sink comp="243" pin=0"/></net>

<net id="319"><net_src comp="243" pin="2"/><net_sink comp="316" pin=0"/></net>

<net id="320"><net_src comp="316" pin="1"/><net_sink comp="172" pin=1"/></net>

<net id="324"><net_src comp="274" pin="2"/><net_sink comp="321" pin=0"/></net>

<net id="328"><net_src comp="280" pin="2"/><net_sink comp="325" pin=0"/></net>

<net id="329"><net_src comp="325" pin="1"/><net_sink comp="206" pin=2"/></net>

<net id="333"><net_src comp="178" pin="3"/><net_sink comp="330" pin=0"/></net>

<net id="334"><net_src comp="330" pin="1"/><net_sink comp="184" pin=0"/></net>

<net id="338"><net_src comp="291" pin="2"/><net_sink comp="335" pin=0"/></net>

<net id="339"><net_src comp="335" pin="1"/><net_sink comp="136" pin=12"/></net>

</net_list>

</model> 
---------------- Datapath Model END ------------------

* FSMD analyzer results:
  - Output states:
	Port: in_data_V | {}
	Port: in_keep_V | {}
	Port: in_strb_V | {}
	Port: in_user_V | {}
	Port: in_last_V | {}
	Port: in_id_V | {}
	Port: in_dest_V | {}
	Port: out_data_V | {18 }
	Port: out_keep_V | {18 }
	Port: out_strb_V | {18 }
	Port: out_user_V | {18 }
	Port: out_last_V | {18 }
	Port: out_id_V | {18 }
	Port: out_dest_V | {18 }
	Port: Weight_f_V | {}
	Port: Weight_i_V | {}
	Port: Weight_c_V | {}
	Port: Weight_o_V | {}
	Port: Sigmoid_lut_V | {}
	Port: Tanh_lut_V | {}
	Port: Weight_lc_V | {}
	Port: Bias_f_V | {}
	Port: Bias_i_V | {}
	Port: Bias_c_V | {}
	Port: Bias_o_V | {}
	Port: Bias_lc_V | {}
 - Input state : 
	Port: mnist_lstm : in_data_V | {2 }
	Port: mnist_lstm : in_keep_V | {2 }
	Port: mnist_lstm : in_strb_V | {2 }
	Port: mnist_lstm : in_user_V | {2 }
	Port: mnist_lstm : in_last_V | {2 }
	Port: mnist_lstm : in_id_V | {2 }
	Port: mnist_lstm : in_dest_V | {2 }
	Port: mnist_lstm : out_data_V | {}
	Port: mnist_lstm : out_keep_V | {}
	Port: mnist_lstm : out_strb_V | {}
	Port: mnist_lstm : out_user_V | {}
	Port: mnist_lstm : out_last_V | {}
	Port: mnist_lstm : out_id_V | {}
	Port: mnist_lstm : out_dest_V | {}
	Port: mnist_lstm : Weight_f_V | {15 16 }
	Port: mnist_lstm : Weight_i_V | {15 16 }
	Port: mnist_lstm : Weight_c_V | {15 16 }
	Port: mnist_lstm : Weight_o_V | {15 16 }
	Port: mnist_lstm : Sigmoid_lut_V | {15 16 }
	Port: mnist_lstm : Tanh_lut_V | {15 16 }
	Port: mnist_lstm : Weight_lc_V | {15 16 }
	Port: mnist_lstm : Bias_f_V | {15 16 }
	Port: mnist_lstm : Bias_i_V | {15 16 }
	Port: mnist_lstm : Bias_c_V | {15 16 }
	Port: mnist_lstm : Bias_o_V | {15 16 }
	Port: mnist_lstm : Bias_lc_V | {15 16 }
  - Chain level:
	State 1
	State 2
		exitcond1 : 1
		i_2 : 1
		StgValue_29 : 2
		ret : 1
		tmp_s : 2
	State 3
	State 4
	State 5
	State 6
	State 7
	State 8
	State 9
	State 10
	State 11
	State 12
	State 13
	State 14
		img_dat_addr : 1
		StgValue_49 : 2
		empty_103 : 1
	State 15
	State 16
	State 17
		exitcond : 1
		i_3 : 1
		StgValue_59 : 2
		tmp_44 : 1
		res_addr : 2
		last_assign : 1
		res_load : 3
	State 18
		val_assign : 1
		StgValue_68 : 2
		empty_105 : 1
	State 19


============================================================
+ Verbose Summary: Datapath Resource usage 
============================================================

* Functional unit list:
|----------|--------------------------|---------|---------|---------|---------|---------|
| Operation|      Functional Unit     |   BRAM  |  DSP48E |  Delay  |    FF   |   LUT   |
|----------|--------------------------|---------|---------|---------|---------|---------|
|   call   |     grp_infer_fu_213     |    49   |   620   | 477.232 |  52094  |  43409  |
|----------|--------------------------|---------|---------|---------|---------|---------|
|   fdiv   |        grp_fu_243        |    0    |    0    |    0    |   563   |   991   |
|----------|--------------------------|---------|---------|---------|---------|---------|
|    add   |        i_2_fu_254        |    0    |    0    |    0    |    0    |    10   |
|          |        i_3_fu_280        |    0    |    0    |    0    |    0    |    6    |
|----------|--------------------------|---------|---------|---------|---------|---------|
|          |     exitcond1_fu_248     |    0    |    0    |    0    |    0    |    5    |
|   icmp   |      exitcond_fu_274     |    0    |    0    |    0    |    0    |    2    |
|          |    last_assign_fu_291    |    0    |    0    |    0    |    0    |    2    |
|----------|--------------------------|---------|---------|---------|---------|---------|
|   read   |   empty_102_read_fu_118  |    0    |    0    |    0    |    0    |    0    |
|----------|--------------------------|---------|---------|---------|---------|---------|
|   write  | StgValue_68_write_fu_136 |    0    |    0    |    0    |    0    |    0    |
|----------|--------------------------|---------|---------|---------|---------|---------|
|extractvalue|   in_data_V_tmp_fu_260   |    0    |    0    |    0    |    0    |    0    |
|----------|--------------------------|---------|---------|---------|---------|---------|
|   zext   |        tmp_fu_269        |    0    |    0    |    0    |    0    |    0    |
|          |       tmp_44_fu_286      |    0    |    0    |    0    |    0    |    0    |
|----------|--------------------------|---------|---------|---------|---------|---------|
|   Total  |                          |    49   |   620   | 477.232 |  52657  |  44425  |
|----------|--------------------------|---------|---------|---------|---------|---------|

Memories:
+-------+--------+--------+--------+
|       |  BRAM  |   FF   |   LUT  |
+-------+--------+--------+--------+
|img_dat|    2   |    0   |    0   |
|  res  |    2   |    0   |    0   |
+-------+--------+--------+--------+
| Total |    4   |    0   |    0   |
+-------+--------+--------+--------+

* Register list:
+-------------------+--------+
|                   |   FF   |
+-------------------+--------+
| exitcond1_reg_302 |    1   |
|  exitcond_reg_321 |    1   |
|     i1_reg_202    |    4   |
|    i_2_reg_306    |   10   |
|    i_3_reg_325    |    4   |
|     i_reg_190     |   10   |
|last_assign_reg_335|    1   |
|  res_addr_reg_330 |    4   |
|    ret_reg_311    |   32   |
|   tmp_s_reg_316   |   32   |
+-------------------+--------+
|       Total       |   99   |
+-------------------+--------+

* Multiplexer (MUX) list: 
|-------------------|------|------|------|--------||---------||---------|
|        Comp       |  Pin | Size |  BW  | S x BW ||  Delay  ||   LUT   |
|-------------------|------|------|------|--------||---------||---------|
| grp_access_fu_184 |  p0  |   2  |   4  |    8   ||    3    |
|     i_reg_190     |  p0  |   2  |  10  |   20   ||    3    |
|     grp_fu_243    |  p0  |   2  |  32  |   64   ||    3    |
|-------------------|------|------|------|--------||---------||---------|
|       Total       |      |      |      |   92   ||  1.398  ||    9    |
|-------------------|------|------|------|--------||---------||---------|



* Summary:
+-----------+--------+--------+--------+--------+--------+
|           |  BRAM  | DSP48E |  Delay |   FF   |   LUT  |
+-----------+--------+--------+--------+--------+--------+
|  Function |   49   |   620  |   477  |  52657 |  44425 |
|   Memory  |    4   |    -   |    -   |    0   |    0   |
|Multiplexer|    -   |    -   |    1   |    -   |    9   |
|  Register |    -   |    -   |    -   |   99   |    -   |
+-----------+--------+--------+--------+--------+--------+
|   Total   |   53   |   620  |   478  |  52756 |  44434 |
+-----------+--------+--------+--------+--------+--------+
