

================================================================
== Vivado HLS Report for 'should_skip'
================================================================
* Date:           Wed Apr 16 02:46:22 2025

* Version:        2018.3 (Build 2405991 on Thu Dec 06 23:56:15 MST 2018)
* Project:        lstm_hls_opt
* Solution:       solution1
* Product family: zynq
* Target device:  xc7z020clg400-2


================================================================
== Performance Estimates
================================================================
+ Timing (ns): 
    * Summary: 
    +--------+-------+----------+------------+
    |  Clock | Target| Estimated| Uncertainty|
    +--------+-------+----------+------------+
    |ap_clk  |  10.00|     8.674|        1.25|
    +--------+-------+----------+------------+

+ Latency (clock cycles): 
    * Summary: 
    +-----+-----+-----+-----+---------+
    |  Latency  |  Interval | Pipeline|
    | min | max | min | max |   Type  |
    +-----+-----+-----+-----+---------+
    |   33|   33|   33|   33|   none  |
    +-----+-----+-----+-----+---------+

    + Detail: 
        * Instance: 
        N/A

        * Loop: 
        +----------+-----+-----+----------+-----------+-----------+------+----------+
        |          |  Latency  | Iteration|  Initiation Interval  | Trip |          |
        | Loop Name| min | max |  Latency |  achieved |   target  | Count| Pipelined|
        +----------+-----+-----+----------+-----------+-----------+------+----------+
        |- Loop 1  |   28|   28|         2|          1|          1|    28|    yes   |
        +----------+-----+-----+----------+-----------+-----------+------+----------+

============================================================
+ Verbose Summary: Synthesis Manager
============================================================
InlineROM: 1
ExposeGlobal: 0
============================================================
+ Verbose Summary: CDFG Model
============================================================
IsTopModel: 0
ResetActiveHigh: 1
IsCombinational: 0
IsDatapathOnly: 0
HasWiredReturn: 1
HasMFsm: 0
HasVarLatency: 1
IsPipeline: 0
IsRtlPipelined: 0
IsInstanceOverlapped: 0
IsDontTouch: 0
HasImplIP: 0
IsGatedGlobalClock: 0

+ Individual pipeline summary: 
  * Pipeline-0: initiation interval (II) = 1, depth = 2


============================================================
+ Verbose Summary: Schedule
============================================================
* Number of FSM states : 7
* Pipeline : 1
  Pipeline-0 : II = 1, D = 2, States = { 2 3 }
* Dataflow Pipeline: 0

* FSM state transitions: 
1 --> 
	2  / true
2 --> 
	4  / (exitcond)
	3  / (!exitcond)
3 --> 
	2  / true
4 --> 
	5  / true
5 --> 
	6  / true
6 --> 
	7  / true
7 --> 

* FSM state operations: 

State 1 <SV = 0> <Delay = 0.46>
ST_1 : Operation 8 [1/1] (0.00ns)   --->   "%x_t_27_V_read_1 = call i16 @_ssdm_op_Read.ap_auto.i16(i16 %x_t_27_V_read)" [lstm_hls_opt/src/rnn.cpp:31]   --->   Operation 8 'read' 'x_t_27_V_read_1' <Predicate = true> <Delay = 0.00>
ST_1 : Operation 9 [1/1] (0.00ns)   --->   "%x_t_26_V_read_1 = call i16 @_ssdm_op_Read.ap_auto.i16(i16 %x_t_26_V_read)" [lstm_hls_opt/src/rnn.cpp:31]   --->   Operation 9 'read' 'x_t_26_V_read_1' <Predicate = true> <Delay = 0.00>
ST_1 : Operation 10 [1/1] (0.00ns)   --->   "%x_t_25_V_read_1 = call i16 @_ssdm_op_Read.ap_auto.i16(i16 %x_t_25_V_read)" [lstm_hls_opt/src/rnn.cpp:31]   --->   Operation 10 'read' 'x_t_25_V_read_1' <Predicate = true> <Delay = 0.00>
ST_1 : Operation 11 [1/1] (0.00ns)   --->   "%x_t_24_V_read_1 = call i16 @_ssdm_op_Read.ap_auto.i16(i16 %x_t_24_V_read)" [lstm_hls_opt/src/rnn.cpp:31]   --->   Operation 11 'read' 'x_t_24_V_read_1' <Predicate = true> <Delay = 0.00>
ST_1 : Operation 12 [1/1] (0.00ns)   --->   "%x_t_23_V_read_1 = call i16 @_ssdm_op_Read.ap_auto.i16(i16 %x_t_23_V_read)" [lstm_hls_opt/src/rnn.cpp:31]   --->   Operation 12 'read' 'x_t_23_V_read_1' <Predicate = true> <Delay = 0.00>
ST_1 : Operation 13 [1/1] (0.00ns)   --->   "%x_t_22_V_read_1 = call i16 @_ssdm_op_Read.ap_auto.i16(i16 %x_t_22_V_read)" [lstm_hls_opt/src/rnn.cpp:31]   --->   Operation 13 'read' 'x_t_22_V_read_1' <Predicate = true> <Delay = 0.00>
ST_1 : Operation 14 [1/1] (0.00ns)   --->   "%x_t_21_V_read_1 = call i16 @_ssdm_op_Read.ap_auto.i16(i16 %x_t_21_V_read)" [lstm_hls_opt/src/rnn.cpp:31]   --->   Operation 14 'read' 'x_t_21_V_read_1' <Predicate = true> <Delay = 0.00>
ST_1 : Operation 15 [1/1] (0.00ns)   --->   "%x_t_20_V_read_1 = call i16 @_ssdm_op_Read.ap_auto.i16(i16 %x_t_20_V_read)" [lstm_hls_opt/src/rnn.cpp:31]   --->   Operation 15 'read' 'x_t_20_V_read_1' <Predicate = true> <Delay = 0.00>
ST_1 : Operation 16 [1/1] (0.00ns)   --->   "%x_t_19_V_read_1 = call i16 @_ssdm_op_Read.ap_auto.i16(i16 %x_t_19_V_read)" [lstm_hls_opt/src/rnn.cpp:31]   --->   Operation 16 'read' 'x_t_19_V_read_1' <Predicate = true> <Delay = 0.00>
ST_1 : Operation 17 [1/1] (0.00ns)   --->   "%x_t_18_V_read_1 = call i16 @_ssdm_op_Read.ap_auto.i16(i16 %x_t_18_V_read)" [lstm_hls_opt/src/rnn.cpp:31]   --->   Operation 17 'read' 'x_t_18_V_read_1' <Predicate = true> <Delay = 0.00>
ST_1 : Operation 18 [1/1] (0.00ns)   --->   "%x_t_17_V_read_1 = call i16 @_ssdm_op_Read.ap_auto.i16(i16 %x_t_17_V_read)" [lstm_hls_opt/src/rnn.cpp:31]   --->   Operation 18 'read' 'x_t_17_V_read_1' <Predicate = true> <Delay = 0.00>
ST_1 : Operation 19 [1/1] (0.00ns)   --->   "%x_t_16_V_read_1 = call i16 @_ssdm_op_Read.ap_auto.i16(i16 %x_t_16_V_read)" [lstm_hls_opt/src/rnn.cpp:31]   --->   Operation 19 'read' 'x_t_16_V_read_1' <Predicate = true> <Delay = 0.00>
ST_1 : Operation 20 [1/1] (0.00ns)   --->   "%x_t_15_V_read_1 = call i16 @_ssdm_op_Read.ap_auto.i16(i16 %x_t_15_V_read)" [lstm_hls_opt/src/rnn.cpp:31]   --->   Operation 20 'read' 'x_t_15_V_read_1' <Predicate = true> <Delay = 0.00>
ST_1 : Operation 21 [1/1] (0.00ns)   --->   "%x_t_14_V_read_1 = call i16 @_ssdm_op_Read.ap_auto.i16(i16 %x_t_14_V_read)" [lstm_hls_opt/src/rnn.cpp:31]   --->   Operation 21 'read' 'x_t_14_V_read_1' <Predicate = true> <Delay = 0.00>
ST_1 : Operation 22 [1/1] (0.00ns)   --->   "%x_t_13_V_read_1 = call i16 @_ssdm_op_Read.ap_auto.i16(i16 %x_t_13_V_read)" [lstm_hls_opt/src/rnn.cpp:31]   --->   Operation 22 'read' 'x_t_13_V_read_1' <Predicate = true> <Delay = 0.00>
ST_1 : Operation 23 [1/1] (0.00ns)   --->   "%x_t_12_V_read_1 = call i16 @_ssdm_op_Read.ap_auto.i16(i16 %x_t_12_V_read)" [lstm_hls_opt/src/rnn.cpp:31]   --->   Operation 23 'read' 'x_t_12_V_read_1' <Predicate = true> <Delay = 0.00>
ST_1 : Operation 24 [1/1] (0.00ns)   --->   "%x_t_11_V_read_1 = call i16 @_ssdm_op_Read.ap_auto.i16(i16 %x_t_11_V_read)" [lstm_hls_opt/src/rnn.cpp:31]   --->   Operation 24 'read' 'x_t_11_V_read_1' <Predicate = true> <Delay = 0.00>
ST_1 : Operation 25 [1/1] (0.00ns)   --->   "%x_t_10_V_read_1 = call i16 @_ssdm_op_Read.ap_auto.i16(i16 %x_t_10_V_read)" [lstm_hls_opt/src/rnn.cpp:31]   --->   Operation 25 'read' 'x_t_10_V_read_1' <Predicate = true> <Delay = 0.00>
ST_1 : Operation 26 [1/1] (0.00ns)   --->   "%x_t_9_V_read_1 = call i16 @_ssdm_op_Read.ap_auto.i16(i16 %x_t_9_V_read)" [lstm_hls_opt/src/rnn.cpp:31]   --->   Operation 26 'read' 'x_t_9_V_read_1' <Predicate = true> <Delay = 0.00>
ST_1 : Operation 27 [1/1] (0.00ns)   --->   "%x_t_8_V_read_1 = call i16 @_ssdm_op_Read.ap_auto.i16(i16 %x_t_8_V_read)" [lstm_hls_opt/src/rnn.cpp:31]   --->   Operation 27 'read' 'x_t_8_V_read_1' <Predicate = true> <Delay = 0.00>
ST_1 : Operation 28 [1/1] (0.00ns)   --->   "%x_t_7_V_read_1 = call i16 @_ssdm_op_Read.ap_auto.i16(i16 %x_t_7_V_read)" [lstm_hls_opt/src/rnn.cpp:31]   --->   Operation 28 'read' 'x_t_7_V_read_1' <Predicate = true> <Delay = 0.00>
ST_1 : Operation 29 [1/1] (0.00ns)   --->   "%x_t_6_V_read_1 = call i16 @_ssdm_op_Read.ap_auto.i16(i16 %x_t_6_V_read)" [lstm_hls_opt/src/rnn.cpp:31]   --->   Operation 29 'read' 'x_t_6_V_read_1' <Predicate = true> <Delay = 0.00>
ST_1 : Operation 30 [1/1] (0.00ns)   --->   "%x_t_5_V_read_1 = call i16 @_ssdm_op_Read.ap_auto.i16(i16 %x_t_5_V_read)" [lstm_hls_opt/src/rnn.cpp:31]   --->   Operation 30 'read' 'x_t_5_V_read_1' <Predicate = true> <Delay = 0.00>
ST_1 : Operation 31 [1/1] (0.00ns)   --->   "%x_t_4_V_read_1 = call i16 @_ssdm_op_Read.ap_auto.i16(i16 %x_t_4_V_read)" [lstm_hls_opt/src/rnn.cpp:31]   --->   Operation 31 'read' 'x_t_4_V_read_1' <Predicate = true> <Delay = 0.00>
ST_1 : Operation 32 [1/1] (0.00ns)   --->   "%x_t_3_V_read_1 = call i16 @_ssdm_op_Read.ap_auto.i16(i16 %x_t_3_V_read)" [lstm_hls_opt/src/rnn.cpp:31]   --->   Operation 32 'read' 'x_t_3_V_read_1' <Predicate = true> <Delay = 0.00>
ST_1 : Operation 33 [1/1] (0.00ns)   --->   "%x_t_2_V_read_1 = call i16 @_ssdm_op_Read.ap_auto.i16(i16 %x_t_2_V_read)" [lstm_hls_opt/src/rnn.cpp:31]   --->   Operation 33 'read' 'x_t_2_V_read_1' <Predicate = true> <Delay = 0.00>
ST_1 : Operation 34 [1/1] (0.00ns)   --->   "%x_t_1_V_read_1 = call i16 @_ssdm_op_Read.ap_auto.i16(i16 %x_t_1_V_read)" [lstm_hls_opt/src/rnn.cpp:31]   --->   Operation 34 'read' 'x_t_1_V_read_1' <Predicate = true> <Delay = 0.00>
ST_1 : Operation 35 [1/1] (0.00ns)   --->   "%x_t_0_V_read_1 = call i16 @_ssdm_op_Read.ap_auto.i16(i16 %x_t_0_V_read)" [lstm_hls_opt/src/rnn.cpp:31]   --->   Operation 35 'read' 'x_t_0_V_read_1' <Predicate = true> <Delay = 0.00>
ST_1 : Operation 36 [1/1] (0.46ns)   --->   "br label %0" [lstm_hls_opt/src/rnn.cpp:34]   --->   Operation 36 'br' <Predicate = true> <Delay = 0.46>

State 2 <SV = 1> <Delay = 2.77>
ST_2 : Operation 37 [1/1] (0.00ns)   --->   "%tmp_V_6 = phi i16 [ 0, %_ZN8ap_fixedILi16ELi5EL9ap_q_mode5EL9ap_o_mode3ELi0EEC1Ei.exit ], [ %diff_sum_V, %_ZN13ap_fixed_baseILi17ELi6ELb1EL9ap_q_mode5EL9ap_o_mode3ELi0EEC1ILi16ELi5ELb1ELS0_5ELS1_3ELi0EEERKS_IXT_EXT0_EXT1_EXT2_EXT3_EXT4_EE.exit9.i311 ]"   --->   Operation 37 'phi' 'tmp_V_6' <Predicate = true> <Delay = 0.00>
ST_2 : Operation 38 [1/1] (0.00ns)   --->   "%tmp_V_7 = phi i16 [ 0, %_ZN8ap_fixedILi16ELi5EL9ap_q_mode5EL9ap_o_mode3ELi0EEC1Ei.exit ], [ %energy_V, %_ZN13ap_fixed_baseILi17ELi6ELb1EL9ap_q_mode5EL9ap_o_mode3ELi0EEC1ILi16ELi5ELb1ELS0_5ELS1_3ELi0EEERKS_IXT_EXT0_EXT1_EXT2_EXT3_EXT4_EE.exit9.i311 ]"   --->   Operation 38 'phi' 'tmp_V_7' <Predicate = true> <Delay = 0.00>
ST_2 : Operation 39 [1/1] (0.00ns)   --->   "%i = phi i5 [ 0, %_ZN8ap_fixedILi16ELi5EL9ap_q_mode5EL9ap_o_mode3ELi0EEC1Ei.exit ], [ %i_1, %_ZN13ap_fixed_baseILi17ELi6ELb1EL9ap_q_mode5EL9ap_o_mode3ELi0EEC1ILi16ELi5ELb1ELS0_5ELS1_3ELi0EEERKS_IXT_EXT0_EXT1_EXT2_EXT3_EXT4_EE.exit9.i311 ]"   --->   Operation 39 'phi' 'i' <Predicate = true> <Delay = 0.00>
ST_2 : Operation 40 [1/1] (0.97ns)   --->   "%exitcond = icmp eq i5 %i, -4" [lstm_hls_opt/src/rnn.cpp:34]   --->   Operation 40 'icmp' 'exitcond' <Predicate = true> <Delay = 0.97> <Core = "Cmp">   --->   Core 25 'Cmp' <Latency = 0> <II = 1> <Delay = 2.20> <FuncUnit> <Opcode : 'icmp'> <InPorts = 2> <OutPorts = 1>
ST_2 : Operation 41 [1/1] (0.00ns)   --->   "%empty = call i32 (...)* @_ssdm_op_SpecLoopTripCount(i64 28, i64 28, i64 28)"   --->   Operation 41 'speclooptripcount' 'empty' <Predicate = true> <Delay = 0.00>
ST_2 : Operation 42 [1/1] (1.02ns)   --->   "%i_1 = add i5 %i, 1" [lstm_hls_opt/src/rnn.cpp:34]   --->   Operation 42 'add' 'i_1' <Predicate = true> <Delay = 1.02> <Core = "AddSub">   --->   Core 14 'AddSub' <Latency = 0> <II = 1> <Delay = 2.69> <FuncUnit> <Opcode : 'add' 'sub'> <InPorts = 2> <OutPorts = 1>
ST_2 : Operation 43 [1/1] (0.00ns)   --->   "br i1 %exitcond, label %_ifconv, label %_ZN13ap_fixed_baseILi17ELi6ELb1EL9ap_q_mode5EL9ap_o_mode3ELi0EEC1ILi16ELi5ELb1ELS0_5ELS1_3ELi0EEERKS_IXT_EXT0_EXT1_EXT2_EXT3_EXT4_EE.exit9.i" [lstm_hls_opt/src/rnn.cpp:34]   --->   Operation 43 'br' <Predicate = true> <Delay = 0.00>
ST_2 : Operation 44 [1/1] (0.00ns)   --->   "%tmp_259 = call i32 (...)* @_ssdm_op_SpecRegionBegin([12 x i8]* @p_str31)" [lstm_hls_opt/src/rnn.cpp:34]   --->   Operation 44 'specregionbegin' 'tmp_259' <Predicate = (!exitcond)> <Delay = 0.00>
ST_2 : Operation 45 [1/1] (0.00ns)   --->   "call void (...)* @_ssdm_op_SpecPipeline(i32 1, i32 1, i32 1, i32 0, [1 x i8]* @p_str13) nounwind" [lstm_hls_opt/src/rnn.cpp:35]   --->   Operation 45 'specpipeline' <Predicate = (!exitcond)> <Delay = 0.00>
ST_2 : Operation 46 [1/1] (0.00ns)   --->   "%tmp_s = zext i5 %i to i64" [lstm_hls_opt/src/rnn.cpp:36]   --->   Operation 46 'zext' 'tmp_s' <Predicate = (!exitcond)> <Delay = 0.00>
ST_2 : Operation 47 [1/1] (1.87ns)   --->   "switch i5 %i, label %branch27 [
    i5 0, label %_ZN13ap_fixed_baseILi17ELi6ELb1EL9ap_q_mode5EL9ap_o_mode3ELi0EEC1ILi16ELi5ELb1ELS0_5ELS1_3ELi0EEERKS_IXT_EXT0_EXT1_EXT2_EXT3_EXT4_EE.exit9.i311
    i5 1, label %branch1
    i5 2, label %branch2
    i5 3, label %branch3
    i5 4, label %branch4
    i5 5, label %branch5
    i5 6, label %branch6
    i5 7, label %branch7
    i5 8, label %branch8
    i5 9, label %branch9
    i5 10, label %branch10
    i5 11, label %branch11
    i5 12, label %branch12
    i5 13, label %branch13
    i5 14, label %branch14
    i5 15, label %branch15
    i5 -16, label %branch16
    i5 -15, label %branch17
    i5 -14, label %branch18
    i5 -13, label %branch19
    i5 -12, label %branch20
    i5 -11, label %branch21
    i5 -10, label %branch22
    i5 -9, label %branch23
    i5 -8, label %branch24
    i5 -7, label %branch25
    i5 -6, label %branch26
  ]" [lstm_hls_opt/src/rnn.cpp:36]   --->   Operation 47 'switch' <Predicate = (!exitcond)> <Delay = 1.87>
ST_2 : Operation 48 [1/1] (1.87ns)   --->   "br label %_ZN13ap_fixed_baseILi17ELi6ELb1EL9ap_q_mode5EL9ap_o_mode3ELi0EEC1ILi16ELi5ELb1ELS0_5ELS1_3ELi0EEERKS_IXT_EXT0_EXT1_EXT2_EXT3_EXT4_EE.exit9.i311" [lstm_hls_opt/src/rnn.cpp:36]   --->   Operation 48 'br' <Predicate = (!exitcond & i == 26)> <Delay = 1.87>
ST_2 : Operation 49 [1/1] (1.87ns)   --->   "br label %_ZN13ap_fixed_baseILi17ELi6ELb1EL9ap_q_mode5EL9ap_o_mode3ELi0EEC1ILi16ELi5ELb1ELS0_5ELS1_3ELi0EEERKS_IXT_EXT0_EXT1_EXT2_EXT3_EXT4_EE.exit9.i311" [lstm_hls_opt/src/rnn.cpp:36]   --->   Operation 49 'br' <Predicate = (!exitcond & i == 25)> <Delay = 1.87>
ST_2 : Operation 50 [1/1] (1.87ns)   --->   "br label %_ZN13ap_fixed_baseILi17ELi6ELb1EL9ap_q_mode5EL9ap_o_mode3ELi0EEC1ILi16ELi5ELb1ELS0_5ELS1_3ELi0EEERKS_IXT_EXT0_EXT1_EXT2_EXT3_EXT4_EE.exit9.i311" [lstm_hls_opt/src/rnn.cpp:36]   --->   Operation 50 'br' <Predicate = (!exitcond & i == 24)> <Delay = 1.87>
ST_2 : Operation 51 [1/1] (1.87ns)   --->   "br label %_ZN13ap_fixed_baseILi17ELi6ELb1EL9ap_q_mode5EL9ap_o_mode3ELi0EEC1ILi16ELi5ELb1ELS0_5ELS1_3ELi0EEERKS_IXT_EXT0_EXT1_EXT2_EXT3_EXT4_EE.exit9.i311" [lstm_hls_opt/src/rnn.cpp:36]   --->   Operation 51 'br' <Predicate = (!exitcond & i == 23)> <Delay = 1.87>
ST_2 : Operation 52 [1/1] (1.87ns)   --->   "br label %_ZN13ap_fixed_baseILi17ELi6ELb1EL9ap_q_mode5EL9ap_o_mode3ELi0EEC1ILi16ELi5ELb1ELS0_5ELS1_3ELi0EEERKS_IXT_EXT0_EXT1_EXT2_EXT3_EXT4_EE.exit9.i311" [lstm_hls_opt/src/rnn.cpp:36]   --->   Operation 52 'br' <Predicate = (!exitcond & i == 22)> <Delay = 1.87>
ST_2 : Operation 53 [1/1] (1.87ns)   --->   "br label %_ZN13ap_fixed_baseILi17ELi6ELb1EL9ap_q_mode5EL9ap_o_mode3ELi0EEC1ILi16ELi5ELb1ELS0_5ELS1_3ELi0EEERKS_IXT_EXT0_EXT1_EXT2_EXT3_EXT4_EE.exit9.i311" [lstm_hls_opt/src/rnn.cpp:36]   --->   Operation 53 'br' <Predicate = (!exitcond & i == 21)> <Delay = 1.87>
ST_2 : Operation 54 [1/1] (1.87ns)   --->   "br label %_ZN13ap_fixed_baseILi17ELi6ELb1EL9ap_q_mode5EL9ap_o_mode3ELi0EEC1ILi16ELi5ELb1ELS0_5ELS1_3ELi0EEERKS_IXT_EXT0_EXT1_EXT2_EXT3_EXT4_EE.exit9.i311" [lstm_hls_opt/src/rnn.cpp:36]   --->   Operation 54 'br' <Predicate = (!exitcond & i == 20)> <Delay = 1.87>
ST_2 : Operation 55 [1/1] (1.87ns)   --->   "br label %_ZN13ap_fixed_baseILi17ELi6ELb1EL9ap_q_mode5EL9ap_o_mode3ELi0EEC1ILi16ELi5ELb1ELS0_5ELS1_3ELi0EEERKS_IXT_EXT0_EXT1_EXT2_EXT3_EXT4_EE.exit9.i311" [lstm_hls_opt/src/rnn.cpp:36]   --->   Operation 55 'br' <Predicate = (!exitcond & i == 19)> <Delay = 1.87>
ST_2 : Operation 56 [1/1] (1.87ns)   --->   "br label %_ZN13ap_fixed_baseILi17ELi6ELb1EL9ap_q_mode5EL9ap_o_mode3ELi0EEC1ILi16ELi5ELb1ELS0_5ELS1_3ELi0EEERKS_IXT_EXT0_EXT1_EXT2_EXT3_EXT4_EE.exit9.i311" [lstm_hls_opt/src/rnn.cpp:36]   --->   Operation 56 'br' <Predicate = (!exitcond & i == 18)> <Delay = 1.87>
ST_2 : Operation 57 [1/1] (1.87ns)   --->   "br label %_ZN13ap_fixed_baseILi17ELi6ELb1EL9ap_q_mode5EL9ap_o_mode3ELi0EEC1ILi16ELi5ELb1ELS0_5ELS1_3ELi0EEERKS_IXT_EXT0_EXT1_EXT2_EXT3_EXT4_EE.exit9.i311" [lstm_hls_opt/src/rnn.cpp:36]   --->   Operation 57 'br' <Predicate = (!exitcond & i == 17)> <Delay = 1.87>
ST_2 : Operation 58 [1/1] (1.87ns)   --->   "br label %_ZN13ap_fixed_baseILi17ELi6ELb1EL9ap_q_mode5EL9ap_o_mode3ELi0EEC1ILi16ELi5ELb1ELS0_5ELS1_3ELi0EEERKS_IXT_EXT0_EXT1_EXT2_EXT3_EXT4_EE.exit9.i311" [lstm_hls_opt/src/rnn.cpp:36]   --->   Operation 58 'br' <Predicate = (!exitcond & i == 16)> <Delay = 1.87>
ST_2 : Operation 59 [1/1] (1.87ns)   --->   "br label %_ZN13ap_fixed_baseILi17ELi6ELb1EL9ap_q_mode5EL9ap_o_mode3ELi0EEC1ILi16ELi5ELb1ELS0_5ELS1_3ELi0EEERKS_IXT_EXT0_EXT1_EXT2_EXT3_EXT4_EE.exit9.i311" [lstm_hls_opt/src/rnn.cpp:36]   --->   Operation 59 'br' <Predicate = (!exitcond & i == 15)> <Delay = 1.87>
ST_2 : Operation 60 [1/1] (1.87ns)   --->   "br label %_ZN13ap_fixed_baseILi17ELi6ELb1EL9ap_q_mode5EL9ap_o_mode3ELi0EEC1ILi16ELi5ELb1ELS0_5ELS1_3ELi0EEERKS_IXT_EXT0_EXT1_EXT2_EXT3_EXT4_EE.exit9.i311" [lstm_hls_opt/src/rnn.cpp:36]   --->   Operation 60 'br' <Predicate = (!exitcond & i == 14)> <Delay = 1.87>
ST_2 : Operation 61 [1/1] (1.87ns)   --->   "br label %_ZN13ap_fixed_baseILi17ELi6ELb1EL9ap_q_mode5EL9ap_o_mode3ELi0EEC1ILi16ELi5ELb1ELS0_5ELS1_3ELi0EEERKS_IXT_EXT0_EXT1_EXT2_EXT3_EXT4_EE.exit9.i311" [lstm_hls_opt/src/rnn.cpp:36]   --->   Operation 61 'br' <Predicate = (!exitcond & i == 13)> <Delay = 1.87>
ST_2 : Operation 62 [1/1] (1.87ns)   --->   "br label %_ZN13ap_fixed_baseILi17ELi6ELb1EL9ap_q_mode5EL9ap_o_mode3ELi0EEC1ILi16ELi5ELb1ELS0_5ELS1_3ELi0EEERKS_IXT_EXT0_EXT1_EXT2_EXT3_EXT4_EE.exit9.i311" [lstm_hls_opt/src/rnn.cpp:36]   --->   Operation 62 'br' <Predicate = (!exitcond & i == 12)> <Delay = 1.87>
ST_2 : Operation 63 [1/1] (1.87ns)   --->   "br label %_ZN13ap_fixed_baseILi17ELi6ELb1EL9ap_q_mode5EL9ap_o_mode3ELi0EEC1ILi16ELi5ELb1ELS0_5ELS1_3ELi0EEERKS_IXT_EXT0_EXT1_EXT2_EXT3_EXT4_EE.exit9.i311" [lstm_hls_opt/src/rnn.cpp:36]   --->   Operation 63 'br' <Predicate = (!exitcond & i == 11)> <Delay = 1.87>
ST_2 : Operation 64 [1/1] (1.87ns)   --->   "br label %_ZN13ap_fixed_baseILi17ELi6ELb1EL9ap_q_mode5EL9ap_o_mode3ELi0EEC1ILi16ELi5ELb1ELS0_5ELS1_3ELi0EEERKS_IXT_EXT0_EXT1_EXT2_EXT3_EXT4_EE.exit9.i311" [lstm_hls_opt/src/rnn.cpp:36]   --->   Operation 64 'br' <Predicate = (!exitcond & i == 10)> <Delay = 1.87>
ST_2 : Operation 65 [1/1] (1.87ns)   --->   "br label %_ZN13ap_fixed_baseILi17ELi6ELb1EL9ap_q_mode5EL9ap_o_mode3ELi0EEC1ILi16ELi5ELb1ELS0_5ELS1_3ELi0EEERKS_IXT_EXT0_EXT1_EXT2_EXT3_EXT4_EE.exit9.i311" [lstm_hls_opt/src/rnn.cpp:36]   --->   Operation 65 'br' <Predicate = (!exitcond & i == 9)> <Delay = 1.87>
ST_2 : Operation 66 [1/1] (1.87ns)   --->   "br label %_ZN13ap_fixed_baseILi17ELi6ELb1EL9ap_q_mode5EL9ap_o_mode3ELi0EEC1ILi16ELi5ELb1ELS0_5ELS1_3ELi0EEERKS_IXT_EXT0_EXT1_EXT2_EXT3_EXT4_EE.exit9.i311" [lstm_hls_opt/src/rnn.cpp:36]   --->   Operation 66 'br' <Predicate = (!exitcond & i == 8)> <Delay = 1.87>
ST_2 : Operation 67 [1/1] (1.87ns)   --->   "br label %_ZN13ap_fixed_baseILi17ELi6ELb1EL9ap_q_mode5EL9ap_o_mode3ELi0EEC1ILi16ELi5ELb1ELS0_5ELS1_3ELi0EEERKS_IXT_EXT0_EXT1_EXT2_EXT3_EXT4_EE.exit9.i311" [lstm_hls_opt/src/rnn.cpp:36]   --->   Operation 67 'br' <Predicate = (!exitcond & i == 7)> <Delay = 1.87>
ST_2 : Operation 68 [1/1] (1.87ns)   --->   "br label %_ZN13ap_fixed_baseILi17ELi6ELb1EL9ap_q_mode5EL9ap_o_mode3ELi0EEC1ILi16ELi5ELb1ELS0_5ELS1_3ELi0EEERKS_IXT_EXT0_EXT1_EXT2_EXT3_EXT4_EE.exit9.i311" [lstm_hls_opt/src/rnn.cpp:36]   --->   Operation 68 'br' <Predicate = (!exitcond & i == 6)> <Delay = 1.87>
ST_2 : Operation 69 [1/1] (1.87ns)   --->   "br label %_ZN13ap_fixed_baseILi17ELi6ELb1EL9ap_q_mode5EL9ap_o_mode3ELi0EEC1ILi16ELi5ELb1ELS0_5ELS1_3ELi0EEERKS_IXT_EXT0_EXT1_EXT2_EXT3_EXT4_EE.exit9.i311" [lstm_hls_opt/src/rnn.cpp:36]   --->   Operation 69 'br' <Predicate = (!exitcond & i == 5)> <Delay = 1.87>
ST_2 : Operation 70 [1/1] (1.87ns)   --->   "br label %_ZN13ap_fixed_baseILi17ELi6ELb1EL9ap_q_mode5EL9ap_o_mode3ELi0EEC1ILi16ELi5ELb1ELS0_5ELS1_3ELi0EEERKS_IXT_EXT0_EXT1_EXT2_EXT3_EXT4_EE.exit9.i311" [lstm_hls_opt/src/rnn.cpp:36]   --->   Operation 70 'br' <Predicate = (!exitcond & i == 4)> <Delay = 1.87>
ST_2 : Operation 71 [1/1] (1.87ns)   --->   "br label %_ZN13ap_fixed_baseILi17ELi6ELb1EL9ap_q_mode5EL9ap_o_mode3ELi0EEC1ILi16ELi5ELb1ELS0_5ELS1_3ELi0EEERKS_IXT_EXT0_EXT1_EXT2_EXT3_EXT4_EE.exit9.i311" [lstm_hls_opt/src/rnn.cpp:36]   --->   Operation 71 'br' <Predicate = (!exitcond & i == 3)> <Delay = 1.87>
ST_2 : Operation 72 [1/1] (1.87ns)   --->   "br label %_ZN13ap_fixed_baseILi17ELi6ELb1EL9ap_q_mode5EL9ap_o_mode3ELi0EEC1ILi16ELi5ELb1ELS0_5ELS1_3ELi0EEERKS_IXT_EXT0_EXT1_EXT2_EXT3_EXT4_EE.exit9.i311" [lstm_hls_opt/src/rnn.cpp:36]   --->   Operation 72 'br' <Predicate = (!exitcond & i == 2)> <Delay = 1.87>
ST_2 : Operation 73 [1/1] (1.87ns)   --->   "br label %_ZN13ap_fixed_baseILi17ELi6ELb1EL9ap_q_mode5EL9ap_o_mode3ELi0EEC1ILi16ELi5ELb1ELS0_5ELS1_3ELi0EEERKS_IXT_EXT0_EXT1_EXT2_EXT3_EXT4_EE.exit9.i311" [lstm_hls_opt/src/rnn.cpp:36]   --->   Operation 73 'br' <Predicate = (!exitcond & i == 1)> <Delay = 1.87>
ST_2 : Operation 74 [1/1] (1.87ns)   --->   "br label %_ZN13ap_fixed_baseILi17ELi6ELb1EL9ap_q_mode5EL9ap_o_mode3ELi0EEC1ILi16ELi5ELb1ELS0_5ELS1_3ELi0EEERKS_IXT_EXT0_EXT1_EXT2_EXT3_EXT4_EE.exit9.i311" [lstm_hls_opt/src/rnn.cpp:36]   --->   Operation 74 'br' <Predicate = (!exitcond & i == 31) | (!exitcond & i == 30) | (!exitcond & i == 29) | (!exitcond & i == 28) | (!exitcond & i == 27)> <Delay = 1.87>
ST_2 : Operation 75 [1/1] (0.00ns)   --->   "%x_prev_V_addr = getelementptr [156 x i16]* %x_prev_V, i64 0, i64 %tmp_s" [lstm_hls_opt/src/rnn.cpp:36]   --->   Operation 75 'getelementptr' 'x_prev_V_addr' <Predicate = (!exitcond)> <Delay = 0.00>
ST_2 : Operation 76 [2/2] (2.77ns)   --->   "%p_Val2_s = load i16* %x_prev_V_addr, align 2" [lstm_hls_opt/src/rnn.cpp:36]   --->   Operation 76 'load' 'p_Val2_s' <Predicate = (!exitcond)> <Delay = 2.77> <Core = "RAM">   --->   Core 37 'RAM' <Latency = 1> <II = 1> <Delay = 2.77> <Storage> <Opcode : 'load' 'store'> <Ports = 2> <Width = 16> <Depth = 156> <RAM>

State 3 <SV = 2> <Delay = 6.48>
ST_3 : Operation 77 [1/1] (0.00ns)   --->   "%p_Val2_2 = phi i16 [ %x_t_1_V_read_1, %branch1 ], [ %x_t_2_V_read_1, %branch2 ], [ %x_t_3_V_read_1, %branch3 ], [ %x_t_4_V_read_1, %branch4 ], [ %x_t_5_V_read_1, %branch5 ], [ %x_t_6_V_read_1, %branch6 ], [ %x_t_7_V_read_1, %branch7 ], [ %x_t_8_V_read_1, %branch8 ], [ %x_t_9_V_read_1, %branch9 ], [ %x_t_10_V_read_1, %branch10 ], [ %x_t_11_V_read_1, %branch11 ], [ %x_t_12_V_read_1, %branch12 ], [ %x_t_13_V_read_1, %branch13 ], [ %x_t_14_V_read_1, %branch14 ], [ %x_t_15_V_read_1, %branch15 ], [ %x_t_16_V_read_1, %branch16 ], [ %x_t_17_V_read_1, %branch17 ], [ %x_t_18_V_read_1, %branch18 ], [ %x_t_19_V_read_1, %branch19 ], [ %x_t_20_V_read_1, %branch20 ], [ %x_t_21_V_read_1, %branch21 ], [ %x_t_22_V_read_1, %branch22 ], [ %x_t_23_V_read_1, %branch23 ], [ %x_t_24_V_read_1, %branch24 ], [ %x_t_25_V_read_1, %branch25 ], [ %x_t_26_V_read_1, %branch26 ], [ %x_t_27_V_read_1, %branch27 ], [ %x_t_0_V_read_1, %_ZN13ap_fixed_baseILi17ELi6ELb1EL9ap_q_mode5EL9ap_o_mode3ELi0EEC1ILi16ELi5ELb1ELS0_5ELS1_3ELi0EEERKS_IXT_EXT0_EXT1_EXT2_EXT3_EXT4_EE.exit9.i ]" [lstm_hls_opt/src/rnn.cpp:36]   --->   Operation 77 'phi' 'p_Val2_2' <Predicate = (!exitcond)> <Delay = 0.00>
ST_3 : Operation 78 [1/2] (2.77ns)   --->   "%p_Val2_s = load i16* %x_prev_V_addr, align 2" [lstm_hls_opt/src/rnn.cpp:36]   --->   Operation 78 'load' 'p_Val2_s' <Predicate = (!exitcond)> <Delay = 2.77> <Core = "RAM">   --->   Core 37 'RAM' <Latency = 1> <II = 1> <Delay = 2.77> <Storage> <Opcode : 'load' 'store'> <Ports = 2> <Width = 16> <Depth = 156> <RAM>
ST_3 : Operation 79 [1/1] (1.54ns)   --->   "%delta_V = sub i16 %p_Val2_2, %p_Val2_s" [lstm_hls_opt/src/rnn.cpp:36]   --->   Operation 79 'sub' 'delta_V' <Predicate = (!exitcond)> <Delay = 1.54> <Core = "AddSub">   --->   Core 14 'AddSub' <Latency = 0> <II = 1> <Delay = 2.69> <FuncUnit> <Opcode : 'add' 'sub'> <InPorts = 2> <OutPorts = 1>
ST_3 : Operation 80 [1/1] (0.00ns)   --->   "%tmp_490 = call i1 @_ssdm_op_BitSelect.i1.i16.i32(i16 %delta_V, i32 15)" [lstm_hls_opt/src/rnn.cpp:37]   --->   Operation 80 'bitselect' 'tmp_490' <Predicate = (!exitcond)> <Delay = 0.00>
ST_3 : Operation 81 [1/1] (1.54ns)   --->   "%addconv1 = add i16 %tmp_V_6, %delta_V" [lstm_hls_opt/src/rnn.cpp:38]   --->   Operation 81 'add' 'addconv1' <Predicate = (!exitcond)> <Delay = 1.54> <Core = "AddSub">   --->   Core 14 'AddSub' <Latency = 0> <II = 1> <Delay = 2.69> <FuncUnit> <Opcode : 'add' 'sub'> <InPorts = 2> <OutPorts = 1>
ST_3 : Operation 82 [1/1] (1.54ns)   --->   "%tmp_7 = sub i16 %tmp_V_6, %delta_V" [lstm_hls_opt/src/rnn.cpp:38]   --->   Operation 82 'sub' 'tmp_7' <Predicate = (!exitcond)> <Delay = 1.54> <Core = "AddSub">   --->   Core 14 'AddSub' <Latency = 0> <II = 1> <Delay = 2.69> <FuncUnit> <Opcode : 'add' 'sub'> <InPorts = 2> <OutPorts = 1>
ST_3 : Operation 83 [1/1] (0.62ns)   --->   "%diff_sum_V = select i1 %tmp_490, i16 %tmp_7, i16 %addconv1" [lstm_hls_opt/src/rnn.cpp:37]   --->   Operation 83 'select' 'diff_sum_V' <Predicate = (!exitcond)> <Delay = 0.62> <Core = "Sel">   --->   Core 26 'Sel' <Latency = 0> <II = 1> <Delay = 0.79> <FuncUnit> <Opcode : 'select'> <InPorts = 3> <OutPorts = 1>
ST_3 : Operation 84 [1/1] (0.00ns)   --->   "%tmp_491 = call i1 @_ssdm_op_BitSelect.i1.i16.i32(i16 %p_Val2_2, i32 15)" [lstm_hls_opt/src/rnn.cpp:41]   --->   Operation 84 'bitselect' 'tmp_491' <Predicate = (!exitcond)> <Delay = 0.00>
ST_3 : Operation 85 [1/1] (1.54ns)   --->   "%addconv = add i16 %p_Val2_2, %tmp_V_7" [lstm_hls_opt/src/rnn.cpp:42]   --->   Operation 85 'add' 'addconv' <Predicate = (!exitcond)> <Delay = 1.54> <Core = "AddSub">   --->   Core 14 'AddSub' <Latency = 0> <II = 1> <Delay = 2.69> <FuncUnit> <Opcode : 'add' 'sub'> <InPorts = 2> <OutPorts = 1>
ST_3 : Operation 86 [1/1] (1.54ns)   --->   "%tmp_9 = sub i16 %tmp_V_7, %p_Val2_2" [lstm_hls_opt/src/rnn.cpp:42]   --->   Operation 86 'sub' 'tmp_9' <Predicate = (!exitcond)> <Delay = 1.54> <Core = "AddSub">   --->   Core 14 'AddSub' <Latency = 0> <II = 1> <Delay = 2.69> <FuncUnit> <Opcode : 'add' 'sub'> <InPorts = 2> <OutPorts = 1>
ST_3 : Operation 87 [1/1] (0.62ns)   --->   "%energy_V = select i1 %tmp_491, i16 %tmp_9, i16 %addconv" [lstm_hls_opt/src/rnn.cpp:41]   --->   Operation 87 'select' 'energy_V' <Predicate = (!exitcond)> <Delay = 0.62> <Core = "Sel">   --->   Core 26 'Sel' <Latency = 0> <II = 1> <Delay = 0.79> <FuncUnit> <Opcode : 'select'> <InPorts = 3> <OutPorts = 1>
ST_3 : Operation 88 [1/1] (0.00ns)   --->   "%empty_101 = call i32 (...)* @_ssdm_op_SpecRegionEnd([12 x i8]* @p_str31, i32 %tmp_259)" [lstm_hls_opt/src/rnn.cpp:45]   --->   Operation 88 'specregionend' 'empty_101' <Predicate = (!exitcond)> <Delay = 0.00>
ST_3 : Operation 89 [1/1] (0.00ns)   --->   "br label %0" [lstm_hls_opt/src/rnn.cpp:34]   --->   Operation 89 'br' <Predicate = (!exitcond)> <Delay = 0.00>

State 4 <SV = 2> <Delay = 4.97>
ST_4 : Operation 90 [1/1] (2.13ns)   --->   "%tmp = icmp eq i16 %tmp_V_7, 0" [lstm_hls_opt/src/rnn.cpp:46]   --->   Operation 90 'icmp' 'tmp' <Predicate = true> <Delay = 2.13> <Core = "Cmp">   --->   Core 25 'Cmp' <Latency = 0> <II = 1> <Delay = 2.20> <FuncUnit> <Opcode : 'icmp'> <InPorts = 2> <OutPorts = 1>
ST_4 : Operation 91 [1/1] (0.00ns)   --->   "%p_Result_12 = call i1 @_ssdm_op_BitSelect.i1.i16.i32(i16 %tmp_V_7, i32 15)" [lstm_hls_opt/src/rnn.cpp:46]   --->   Operation 91 'bitselect' 'p_Result_12' <Predicate = true> <Delay = 0.00>
ST_4 : Operation 92 [1/1] (1.54ns)   --->   "%tmp_V = sub i16 0, %tmp_V_7" [lstm_hls_opt/src/rnn.cpp:46]   --->   Operation 92 'sub' 'tmp_V' <Predicate = true> <Delay = 1.54> <Core = "AddSub">   --->   Core 14 'AddSub' <Latency = 0> <II = 1> <Delay = 2.69> <FuncUnit> <Opcode : 'add' 'sub'> <InPorts = 2> <OutPorts = 1>
ST_4 : Operation 93 [1/1] (0.62ns)   --->   "%tmp_V_8 = select i1 %p_Result_12, i16 %tmp_V, i16 %tmp_V_7" [lstm_hls_opt/src/rnn.cpp:46]   --->   Operation 93 'select' 'tmp_V_8' <Predicate = true> <Delay = 0.62> <Core = "Sel">   --->   Core 26 'Sel' <Latency = 0> <II = 1> <Delay = 0.79> <FuncUnit> <Opcode : 'select'> <InPorts = 3> <OutPorts = 1>
ST_4 : Operation 94 [1/1] (0.00ns)   --->   "%p_Result_s = call i16 @llvm.part.select.i16(i16 %tmp_V_8, i32 15, i32 0) nounwind" [lstm_hls_opt/src/rnn.cpp:46]   --->   Operation 94 'partselect' 'p_Result_s' <Predicate = true> <Delay = 0.00>
ST_4 : Operation 95 [1/1] (0.00ns)   --->   "%p_Result_13 = call i32 @_ssdm_op_BitConcatenate.i32.i16.i16(i16 -1, i16 %p_Result_s)" [lstm_hls_opt/src/rnn.cpp:46]   --->   Operation 95 'bitconcatenate' 'p_Result_13' <Predicate = true> <Delay = 0.00>
ST_4 : Operation 96 [1/1] (2.79ns)   --->   "%l = call i32 @llvm.cttz.i32(i32 %p_Result_13, i1 true) nounwind" [lstm_hls_opt/src/rnn.cpp:46]   --->   Operation 96 'cttz' 'l' <Predicate = true> <Delay = 2.79> <Core = "CTTZ">   --->   Core 64 'CTTZ' <Latency = 0> <II = 1> <Delay = 2.79> <FuncUnit> <Opcode : 'cttz'> <InPorts = 1> <OutPorts = 1>
ST_4 : Operation 97 [1/1] (0.00ns)   --->   "%tmp_478 = trunc i32 %l to i11" [lstm_hls_opt/src/rnn.cpp:46]   --->   Operation 97 'trunc' 'tmp_478' <Predicate = true> <Delay = 0.00>
ST_4 : Operation 98 [1/1] (2.13ns)   --->   "%tmp_24 = icmp eq i16 %tmp_V_6, 0" [lstm_hls_opt/src/rnn.cpp:47]   --->   Operation 98 'icmp' 'tmp_24' <Predicate = true> <Delay = 2.13> <Core = "Cmp">   --->   Core 25 'Cmp' <Latency = 0> <II = 1> <Delay = 2.20> <FuncUnit> <Opcode : 'icmp'> <InPorts = 2> <OutPorts = 1>
ST_4 : Operation 99 [1/1] (0.00ns)   --->   "%p_Result_15 = call i1 @_ssdm_op_BitSelect.i1.i16.i32(i16 %tmp_V_6, i32 15)" [lstm_hls_opt/src/rnn.cpp:47]   --->   Operation 99 'bitselect' 'p_Result_15' <Predicate = true> <Delay = 0.00>
ST_4 : Operation 100 [1/1] (1.54ns)   --->   "%tmp_V_2 = sub i16 0, %tmp_V_6" [lstm_hls_opt/src/rnn.cpp:47]   --->   Operation 100 'sub' 'tmp_V_2' <Predicate = true> <Delay = 1.54> <Core = "AddSub">   --->   Core 14 'AddSub' <Latency = 0> <II = 1> <Delay = 2.69> <FuncUnit> <Opcode : 'add' 'sub'> <InPorts = 2> <OutPorts = 1>
ST_4 : Operation 101 [1/1] (0.62ns)   --->   "%tmp_V_9 = select i1 %p_Result_15, i16 %tmp_V_2, i16 %tmp_V_6" [lstm_hls_opt/src/rnn.cpp:47]   --->   Operation 101 'select' 'tmp_V_9' <Predicate = true> <Delay = 0.62> <Core = "Sel">   --->   Core 26 'Sel' <Latency = 0> <II = 1> <Delay = 0.79> <FuncUnit> <Opcode : 'select'> <InPorts = 3> <OutPorts = 1>
ST_4 : Operation 102 [1/1] (0.00ns)   --->   "%p_Result_7 = call i16 @llvm.part.select.i16(i16 %tmp_V_9, i32 15, i32 0) nounwind" [lstm_hls_opt/src/rnn.cpp:47]   --->   Operation 102 'partselect' 'p_Result_7' <Predicate = true> <Delay = 0.00>
ST_4 : Operation 103 [1/1] (0.00ns)   --->   "%p_Result_16 = call i32 @_ssdm_op_BitConcatenate.i32.i16.i16(i16 -1, i16 %p_Result_7)" [lstm_hls_opt/src/rnn.cpp:47]   --->   Operation 103 'bitconcatenate' 'p_Result_16' <Predicate = true> <Delay = 0.00>
ST_4 : Operation 104 [1/1] (2.79ns)   --->   "%l_1 = call i32 @llvm.cttz.i32(i32 %p_Result_16, i1 true) nounwind" [lstm_hls_opt/src/rnn.cpp:47]   --->   Operation 104 'cttz' 'l_1' <Predicate = true> <Delay = 2.79> <Core = "CTTZ">   --->   Core 64 'CTTZ' <Latency = 0> <II = 1> <Delay = 2.79> <FuncUnit> <Opcode : 'cttz'> <InPorts = 1> <OutPorts = 1>
ST_4 : Operation 105 [1/1] (0.00ns)   --->   "%tmp_489 = trunc i32 %l_1 to i11" [lstm_hls_opt/src/rnn.cpp:47]   --->   Operation 105 'trunc' 'tmp_489' <Predicate = true> <Delay = 0.00>

State 5 <SV = 3> <Delay = 6.55>
ST_5 : Operation 106 [1/1] (1.89ns)   --->   "%tmp_1 = sub nsw i32 16, %l" [lstm_hls_opt/src/rnn.cpp:46]   --->   Operation 106 'sub' 'tmp_1' <Predicate = true> <Delay = 1.89> <Core = "AddSub">   --->   Core 14 'AddSub' <Latency = 0> <II = 1> <Delay = 2.69> <FuncUnit> <Opcode : 'add' 'sub'> <InPorts = 2> <OutPorts = 1>
ST_5 : Operation 107 [1/1] (0.00ns)   --->   "%tmp_469 = trunc i32 %tmp_1 to i16" [lstm_hls_opt/src/rnn.cpp:46]   --->   Operation 107 'trunc' 'tmp_469' <Predicate = true> <Delay = 0.00>
ST_5 : Operation 108 [1/1] (1.89ns)   --->   "%lsb_index = add nsw i32 -53, %tmp_1" [lstm_hls_opt/src/rnn.cpp:46]   --->   Operation 108 'add' 'lsb_index' <Predicate = true> <Delay = 1.89> <Core = "AddSub">   --->   Core 14 'AddSub' <Latency = 0> <II = 1> <Delay = 2.69> <FuncUnit> <Opcode : 'add' 'sub'> <InPorts = 2> <OutPorts = 1>
ST_5 : Operation 109 [1/1] (0.00ns)   --->   "%tmp_470 = call i31 @_ssdm_op_PartSelect.i31.i32.i32.i32(i32 %lsb_index, i32 1, i32 31)" [lstm_hls_opt/src/rnn.cpp:46]   --->   Operation 109 'partselect' 'tmp_470' <Predicate = true> <Delay = 0.00>
ST_5 : Operation 110 [1/1] (1.96ns)   --->   "%icmp = icmp sgt i31 %tmp_470, 0" [lstm_hls_opt/src/rnn.cpp:46]   --->   Operation 110 'icmp' 'icmp' <Predicate = true> <Delay = 1.96> <Core = "Cmp">   --->   Core 25 'Cmp' <Latency = 0> <II = 1> <Delay = 2.20> <FuncUnit> <Opcode : 'icmp'> <InPorts = 2> <OutPorts = 1>
ST_5 : Operation 111 [1/1] (0.00ns)   --->   "%tmp_471 = trunc i32 %tmp_1 to i5" [lstm_hls_opt/src/rnn.cpp:46]   --->   Operation 111 'trunc' 'tmp_471' <Predicate = true> <Delay = 0.00>
ST_5 : Operation 112 [1/1] (1.02ns)   --->   "%tmp_472 = sub i5 6, %tmp_471" [lstm_hls_opt/src/rnn.cpp:46]   --->   Operation 112 'sub' 'tmp_472' <Predicate = true> <Delay = 1.02> <Core = "AddSub">   --->   Core 14 'AddSub' <Latency = 0> <II = 1> <Delay = 2.69> <FuncUnit> <Opcode : 'add' 'sub'> <InPorts = 2> <OutPorts = 1>
ST_5 : Operation 113 [1/1] (0.00ns) (grouped into LUT with out node tmp_4)   --->   "%tmp_473 = zext i5 %tmp_472 to i16" [lstm_hls_opt/src/rnn.cpp:46]   --->   Operation 113 'zext' 'tmp_473' <Predicate = true> <Delay = 0.00>
ST_5 : Operation 114 [1/1] (0.00ns) (grouped into LUT with out node tmp_4)   --->   "%tmp_474 = lshr i16 -1, %tmp_473" [lstm_hls_opt/src/rnn.cpp:46]   --->   Operation 114 'lshr' 'tmp_474' <Predicate = true> <Delay = 0.00> <Core = "Shift">   --->   Core 28 'Shift' <Latency = 0> <II = 1> <Delay = 2.93> <FuncUnit> <Opcode : 'shl' 'lshr' 'ashr'> <InPorts = 2> <OutPorts = 1>
ST_5 : Operation 115 [1/1] (0.00ns) (grouped into LUT with out node tmp_4)   --->   "%p_Result_3 = and i16 %tmp_V_8, %tmp_474" [lstm_hls_opt/src/rnn.cpp:46]   --->   Operation 115 'and' 'p_Result_3' <Predicate = true> <Delay = 0.00> <Core = "LogicGate">   --->   Core 27 'LogicGate' <Latency = 0> <II = 1> <Delay = 0.80> <FuncUnit> <Opcode : 'and' 'or' 'xor'> <InPorts = 2> <OutPorts = 1>
ST_5 : Operation 116 [1/1] (2.18ns) (out node of the LUT)   --->   "%tmp_4 = icmp ne i16 %p_Result_3, 0" [lstm_hls_opt/src/rnn.cpp:46]   --->   Operation 116 'icmp' 'tmp_4' <Predicate = true> <Delay = 2.18> <Core = "Cmp">   --->   Core 25 'Cmp' <Latency = 0> <II = 1> <Delay = 2.20> <FuncUnit> <Opcode : 'icmp'> <InPorts = 2> <OutPorts = 1>
ST_5 : Operation 117 [1/1] (0.00ns) (grouped into LUT with out node tmp_13)   --->   "%a = and i1 %icmp, %tmp_4" [lstm_hls_opt/src/rnn.cpp:46]   --->   Operation 117 'and' 'a' <Predicate = true> <Delay = 0.00> <Core = "LogicGate">   --->   Core 27 'LogicGate' <Latency = 0> <II = 1> <Delay = 0.80> <FuncUnit> <Opcode : 'and' 'or' 'xor'> <InPorts = 2> <OutPorts = 1>
ST_5 : Operation 118 [1/1] (0.00ns) (grouped into LUT with out node tmp_13)   --->   "%tmp_476 = call i1 @_ssdm_op_BitSelect.i1.i32.i32(i32 %lsb_index, i32 31)" [lstm_hls_opt/src/rnn.cpp:46]   --->   Operation 118 'bitselect' 'tmp_476' <Predicate = true> <Delay = 0.00>
ST_5 : Operation 119 [1/1] (0.00ns) (grouped into LUT with out node tmp_13)   --->   "%rev = xor i1 %tmp_476, true" [lstm_hls_opt/src/rnn.cpp:46]   --->   Operation 119 'xor' 'rev' <Predicate = true> <Delay = 0.00> <Core = "LogicGate">   --->   Core 27 'LogicGate' <Latency = 0> <II = 1> <Delay = 0.80> <FuncUnit> <Opcode : 'and' 'or' 'xor'> <InPorts = 2> <OutPorts = 1>
ST_5 : Operation 120 [1/1] (1.54ns)   --->   "%tmp_10 = add i16 -53, %tmp_469" [lstm_hls_opt/src/rnn.cpp:46]   --->   Operation 120 'add' 'tmp_10' <Predicate = true> <Delay = 1.54> <Core = "AddSub">   --->   Core 14 'AddSub' <Latency = 0> <II = 1> <Delay = 2.69> <FuncUnit> <Opcode : 'add' 'sub'> <InPorts = 2> <OutPorts = 1>
ST_5 : Operation 121 [1/1] (0.00ns) (grouped into LUT with out node tmp_13)   --->   "%p_Result_4 = call i1 @_ssdm_op_BitSelect.i1.i16.i16(i16 %tmp_V_8, i16 %tmp_10)" [lstm_hls_opt/src/rnn.cpp:46]   --->   Operation 121 'bitselect' 'p_Result_4' <Predicate = true> <Delay = 0.00>
ST_5 : Operation 122 [1/1] (0.00ns) (grouped into LUT with out node tmp_13)   --->   "%tmp_12 = and i1 %p_Result_4, %rev" [lstm_hls_opt/src/rnn.cpp:46]   --->   Operation 122 'and' 'tmp_12' <Predicate = true> <Delay = 0.00> <Core = "LogicGate">   --->   Core 27 'LogicGate' <Latency = 0> <II = 1> <Delay = 0.80> <FuncUnit> <Opcode : 'and' 'or' 'xor'> <InPorts = 2> <OutPorts = 1>
ST_5 : Operation 123 [1/1] (0.00ns) (grouped into LUT with out node tmp_13)   --->   "%tmp_261 = or i1 %tmp_12, %a" [lstm_hls_opt/src/rnn.cpp:46]   --->   Operation 123 'or' 'tmp_261' <Predicate = true> <Delay = 0.00> <Core = "LogicGate">   --->   Core 27 'LogicGate' <Latency = 0> <II = 1> <Delay = 0.80> <FuncUnit> <Opcode : 'and' 'or' 'xor'> <InPorts = 2> <OutPorts = 1>
ST_5 : Operation 124 [1/1] (0.80ns) (out node of the LUT)   --->   "%tmp_13 = call i32 @_ssdm_op_BitConcatenate.i32.i31.i1(i31 0, i1 %tmp_261)" [lstm_hls_opt/src/rnn.cpp:46]   --->   Operation 124 'bitconcatenate' 'tmp_13' <Predicate = true> <Delay = 0.80>
ST_5 : Operation 125 [1/1] (1.96ns)   --->   "%tmp_14 = icmp sgt i32 %lsb_index, 0" [lstm_hls_opt/src/rnn.cpp:46]   --->   Operation 125 'icmp' 'tmp_14' <Predicate = true> <Delay = 1.96> <Core = "Cmp">   --->   Core 25 'Cmp' <Latency = 0> <II = 1> <Delay = 2.20> <FuncUnit> <Opcode : 'icmp'> <InPorts = 2> <OutPorts = 1>
ST_5 : Operation 126 [1/1] (1.89ns)   --->   "%tmp_25 = sub nsw i32 16, %l_1" [lstm_hls_opt/src/rnn.cpp:47]   --->   Operation 126 'sub' 'tmp_25' <Predicate = true> <Delay = 1.89> <Core = "AddSub">   --->   Core 14 'AddSub' <Latency = 0> <II = 1> <Delay = 2.69> <FuncUnit> <Opcode : 'add' 'sub'> <InPorts = 2> <OutPorts = 1>
ST_5 : Operation 127 [1/1] (0.00ns)   --->   "%tmp_480 = trunc i32 %tmp_25 to i16" [lstm_hls_opt/src/rnn.cpp:47]   --->   Operation 127 'trunc' 'tmp_480' <Predicate = true> <Delay = 0.00>
ST_5 : Operation 128 [1/1] (1.89ns)   --->   "%lsb_index_1 = add nsw i32 -53, %tmp_25" [lstm_hls_opt/src/rnn.cpp:47]   --->   Operation 128 'add' 'lsb_index_1' <Predicate = true> <Delay = 1.89> <Core = "AddSub">   --->   Core 14 'AddSub' <Latency = 0> <II = 1> <Delay = 2.69> <FuncUnit> <Opcode : 'add' 'sub'> <InPorts = 2> <OutPorts = 1>
ST_5 : Operation 129 [1/1] (0.00ns)   --->   "%tmp_481 = call i31 @_ssdm_op_PartSelect.i31.i32.i32.i32(i32 %lsb_index_1, i32 1, i32 31)" [lstm_hls_opt/src/rnn.cpp:47]   --->   Operation 129 'partselect' 'tmp_481' <Predicate = true> <Delay = 0.00>
ST_5 : Operation 130 [1/1] (1.96ns)   --->   "%icmp1 = icmp sgt i31 %tmp_481, 0" [lstm_hls_opt/src/rnn.cpp:47]   --->   Operation 130 'icmp' 'icmp1' <Predicate = true> <Delay = 1.96> <Core = "Cmp">   --->   Core 25 'Cmp' <Latency = 0> <II = 1> <Delay = 2.20> <FuncUnit> <Opcode : 'icmp'> <InPorts = 2> <OutPorts = 1>
ST_5 : Operation 131 [1/1] (0.00ns)   --->   "%tmp_482 = trunc i32 %tmp_25 to i5" [lstm_hls_opt/src/rnn.cpp:47]   --->   Operation 131 'trunc' 'tmp_482' <Predicate = true> <Delay = 0.00>
ST_5 : Operation 132 [1/1] (1.02ns)   --->   "%tmp_483 = sub i5 6, %tmp_482" [lstm_hls_opt/src/rnn.cpp:47]   --->   Operation 132 'sub' 'tmp_483' <Predicate = true> <Delay = 1.02> <Core = "AddSub">   --->   Core 14 'AddSub' <Latency = 0> <II = 1> <Delay = 2.69> <FuncUnit> <Opcode : 'add' 'sub'> <InPorts = 2> <OutPorts = 1>
ST_5 : Operation 133 [1/1] (0.00ns) (grouped into LUT with out node tmp_28)   --->   "%tmp_484 = zext i5 %tmp_483 to i16" [lstm_hls_opt/src/rnn.cpp:47]   --->   Operation 133 'zext' 'tmp_484' <Predicate = true> <Delay = 0.00>
ST_5 : Operation 134 [1/1] (0.00ns) (grouped into LUT with out node tmp_28)   --->   "%tmp_485 = lshr i16 -1, %tmp_484" [lstm_hls_opt/src/rnn.cpp:47]   --->   Operation 134 'lshr' 'tmp_485' <Predicate = true> <Delay = 0.00> <Core = "Shift">   --->   Core 28 'Shift' <Latency = 0> <II = 1> <Delay = 2.93> <FuncUnit> <Opcode : 'shl' 'lshr' 'ashr'> <InPorts = 2> <OutPorts = 1>
ST_5 : Operation 135 [1/1] (0.00ns) (grouped into LUT with out node tmp_28)   --->   "%p_Result_9 = and i16 %tmp_V_9, %tmp_485" [lstm_hls_opt/src/rnn.cpp:47]   --->   Operation 135 'and' 'p_Result_9' <Predicate = true> <Delay = 0.00> <Core = "LogicGate">   --->   Core 27 'LogicGate' <Latency = 0> <II = 1> <Delay = 0.80> <FuncUnit> <Opcode : 'and' 'or' 'xor'> <InPorts = 2> <OutPorts = 1>
ST_5 : Operation 136 [1/1] (2.18ns) (out node of the LUT)   --->   "%tmp_28 = icmp ne i16 %p_Result_9, 0" [lstm_hls_opt/src/rnn.cpp:47]   --->   Operation 136 'icmp' 'tmp_28' <Predicate = true> <Delay = 2.18> <Core = "Cmp">   --->   Core 25 'Cmp' <Latency = 0> <II = 1> <Delay = 2.20> <FuncUnit> <Opcode : 'icmp'> <InPorts = 2> <OutPorts = 1>
ST_5 : Operation 137 [1/1] (0.00ns) (grouped into LUT with out node tmp_33)   --->   "%a_1 = and i1 %icmp1, %tmp_28" [lstm_hls_opt/src/rnn.cpp:47]   --->   Operation 137 'and' 'a_1' <Predicate = true> <Delay = 0.00> <Core = "LogicGate">   --->   Core 27 'LogicGate' <Latency = 0> <II = 1> <Delay = 0.80> <FuncUnit> <Opcode : 'and' 'or' 'xor'> <InPorts = 2> <OutPorts = 1>
ST_5 : Operation 138 [1/1] (0.00ns) (grouped into LUT with out node tmp_33)   --->   "%tmp_487 = call i1 @_ssdm_op_BitSelect.i1.i32.i32(i32 %lsb_index_1, i32 31)" [lstm_hls_opt/src/rnn.cpp:47]   --->   Operation 138 'bitselect' 'tmp_487' <Predicate = true> <Delay = 0.00>
ST_5 : Operation 139 [1/1] (0.00ns) (grouped into LUT with out node tmp_33)   --->   "%rev1 = xor i1 %tmp_487, true" [lstm_hls_opt/src/rnn.cpp:47]   --->   Operation 139 'xor' 'rev1' <Predicate = true> <Delay = 0.00> <Core = "LogicGate">   --->   Core 27 'LogicGate' <Latency = 0> <II = 1> <Delay = 0.80> <FuncUnit> <Opcode : 'and' 'or' 'xor'> <InPorts = 2> <OutPorts = 1>
ST_5 : Operation 140 [1/1] (1.54ns)   --->   "%tmp_30 = add i16 -53, %tmp_480" [lstm_hls_opt/src/rnn.cpp:47]   --->   Operation 140 'add' 'tmp_30' <Predicate = true> <Delay = 1.54> <Core = "AddSub">   --->   Core 14 'AddSub' <Latency = 0> <II = 1> <Delay = 2.69> <FuncUnit> <Opcode : 'add' 'sub'> <InPorts = 2> <OutPorts = 1>
ST_5 : Operation 141 [1/1] (0.00ns) (grouped into LUT with out node tmp_33)   --->   "%p_Result_10 = call i1 @_ssdm_op_BitSelect.i1.i16.i16(i16 %tmp_V_9, i16 %tmp_30)" [lstm_hls_opt/src/rnn.cpp:47]   --->   Operation 141 'bitselect' 'p_Result_10' <Predicate = true> <Delay = 0.00>
ST_5 : Operation 142 [1/1] (0.00ns) (grouped into LUT with out node tmp_33)   --->   "%tmp_32 = and i1 %p_Result_10, %rev1" [lstm_hls_opt/src/rnn.cpp:47]   --->   Operation 142 'and' 'tmp_32' <Predicate = true> <Delay = 0.00> <Core = "LogicGate">   --->   Core 27 'LogicGate' <Latency = 0> <II = 1> <Delay = 0.80> <FuncUnit> <Opcode : 'and' 'or' 'xor'> <InPorts = 2> <OutPorts = 1>
ST_5 : Operation 143 [1/1] (0.00ns) (grouped into LUT with out node tmp_33)   --->   "%tmp_266 = or i1 %tmp_32, %a_1" [lstm_hls_opt/src/rnn.cpp:47]   --->   Operation 143 'or' 'tmp_266' <Predicate = true> <Delay = 0.00> <Core = "LogicGate">   --->   Core 27 'LogicGate' <Latency = 0> <II = 1> <Delay = 0.80> <FuncUnit> <Opcode : 'and' 'or' 'xor'> <InPorts = 2> <OutPorts = 1>
ST_5 : Operation 144 [1/1] (0.80ns) (out node of the LUT)   --->   "%tmp_33 = call i32 @_ssdm_op_BitConcatenate.i32.i31.i1(i31 0, i1 %tmp_266)" [lstm_hls_opt/src/rnn.cpp:47]   --->   Operation 144 'bitconcatenate' 'tmp_33' <Predicate = true> <Delay = 0.80>
ST_5 : Operation 145 [1/1] (1.96ns)   --->   "%tmp_34 = icmp sgt i32 %lsb_index_1, 0" [lstm_hls_opt/src/rnn.cpp:47]   --->   Operation 145 'icmp' 'tmp_34' <Predicate = true> <Delay = 1.96> <Core = "Cmp">   --->   Core 25 'Cmp' <Latency = 0> <II = 1> <Delay = 2.20> <FuncUnit> <Opcode : 'icmp'> <InPorts = 2> <OutPorts = 1>

State 6 <SV = 4> <Delay = 8.67>
ST_6 : Operation 146 [1/1] (0.00ns) (grouped into LUT with out node m_2)   --->   "%m = zext i16 %tmp_V_8 to i64" [lstm_hls_opt/src/rnn.cpp:46]   --->   Operation 146 'zext' 'm' <Predicate = (!tmp_14)> <Delay = 0.00>
ST_6 : Operation 147 [1/1] (0.00ns) (grouped into LUT with out node m_2)   --->   "%m_cast = zext i16 %tmp_V_8 to i32" [lstm_hls_opt/src/rnn.cpp:46]   --->   Operation 147 'zext' 'm_cast' <Predicate = (tmp_14)> <Delay = 0.00>
ST_6 : Operation 148 [1/1] (1.89ns)   --->   "%tmp_15 = add nsw i32 -54, %tmp_1" [lstm_hls_opt/src/rnn.cpp:46]   --->   Operation 148 'add' 'tmp_15' <Predicate = (tmp_14)> <Delay = 1.89> <Core = "AddSub">   --->   Core 14 'AddSub' <Latency = 0> <II = 1> <Delay = 2.69> <FuncUnit> <Opcode : 'add' 'sub'> <InPorts = 2> <OutPorts = 1>
ST_6 : Operation 149 [1/1] (0.00ns) (grouped into LUT with out node m_2)   --->   "%tmp_17 = lshr i32 %m_cast, %tmp_15" [lstm_hls_opt/src/rnn.cpp:46]   --->   Operation 149 'lshr' 'tmp_17' <Predicate = (tmp_14)> <Delay = 0.00> <Core = "Shift">   --->   Core 28 'Shift' <Latency = 0> <II = 1> <Delay = 2.93> <FuncUnit> <Opcode : 'shl' 'lshr' 'ashr'> <InPorts = 2> <OutPorts = 1>
ST_6 : Operation 150 [1/1] (0.00ns) (grouped into LUT with out node m_2)   --->   "%tmp_17_cast = zext i32 %tmp_17 to i64" [lstm_hls_opt/src/rnn.cpp:46]   --->   Operation 150 'zext' 'tmp_17_cast' <Predicate = (tmp_14)> <Delay = 0.00>
ST_6 : Operation 151 [1/1] (1.89ns)   --->   "%tmp_18 = sub i32 54, %tmp_1" [lstm_hls_opt/src/rnn.cpp:46]   --->   Operation 151 'sub' 'tmp_18' <Predicate = (!tmp_14)> <Delay = 1.89> <Core = "AddSub">   --->   Core 14 'AddSub' <Latency = 0> <II = 1> <Delay = 2.69> <FuncUnit> <Opcode : 'add' 'sub'> <InPorts = 2> <OutPorts = 1>
ST_6 : Operation 152 [1/1] (0.00ns) (grouped into LUT with out node m_2)   --->   "%tmp_19 = zext i32 %tmp_18 to i64" [lstm_hls_opt/src/rnn.cpp:46]   --->   Operation 152 'zext' 'tmp_19' <Predicate = (!tmp_14)> <Delay = 0.00>
ST_6 : Operation 153 [1/1] (0.00ns) (grouped into LUT with out node m_2)   --->   "%tmp_20 = shl i64 %m, %tmp_19" [lstm_hls_opt/src/rnn.cpp:46]   --->   Operation 153 'shl' 'tmp_20' <Predicate = (!tmp_14)> <Delay = 0.00> <Core = "Shift">   --->   Core 28 'Shift' <Latency = 0> <II = 1> <Delay = 2.93> <FuncUnit> <Opcode : 'shl' 'lshr' 'ashr'> <InPorts = 2> <OutPorts = 1>
ST_6 : Operation 154 [1/1] (0.00ns) (grouped into LUT with out node m_2)   --->   "%m_1 = select i1 %tmp_14, i64 %tmp_17_cast, i64 %tmp_20" [lstm_hls_opt/src/rnn.cpp:46]   --->   Operation 154 'select' 'm_1' <Predicate = true> <Delay = 0.00> <Core = "Sel">   --->   Core 26 'Sel' <Latency = 0> <II = 1> <Delay = 0.79> <FuncUnit> <Opcode : 'select'> <InPorts = 3> <OutPorts = 1>
ST_6 : Operation 155 [1/1] (0.00ns) (grouped into LUT with out node m_2)   --->   "%tmp_21 = zext i32 %tmp_13 to i64" [lstm_hls_opt/src/rnn.cpp:46]   --->   Operation 155 'zext' 'tmp_21' <Predicate = true> <Delay = 0.00>
ST_6 : Operation 156 [1/1] (2.93ns) (out node of the LUT)   --->   "%m_2 = add i64 %tmp_21, %m_1" [lstm_hls_opt/src/rnn.cpp:46]   --->   Operation 156 'add' 'm_2' <Predicate = true> <Delay = 2.93> <Core = "AddSub">   --->   Core 14 'AddSub' <Latency = 0> <II = 1> <Delay = 2.69> <FuncUnit> <Opcode : 'add' 'sub'> <InPorts = 2> <OutPorts = 1>
ST_6 : Operation 157 [1/1] (0.00ns)   --->   "%m_s = call i63 @_ssdm_op_PartSelect.i63.i64.i32.i32(i64 %m_2, i32 1, i32 63)" [lstm_hls_opt/src/rnn.cpp:46]   --->   Operation 157 'partselect' 'm_s' <Predicate = true> <Delay = 0.00>
ST_6 : Operation 158 [1/1] (0.00ns)   --->   "%tmp_477 = call i1 @_ssdm_op_BitSelect.i1.i64.i32(i64 %m_2, i32 54)" [lstm_hls_opt/src/rnn.cpp:46]   --->   Operation 158 'bitselect' 'tmp_477' <Predicate = true> <Delay = 0.00>
ST_6 : Operation 159 [1/1] (0.79ns)   --->   "%tmp_264_cast_cast = select i1 %tmp_477, i11 1023, i11 1022" [lstm_hls_opt/src/rnn.cpp:46]   --->   Operation 159 'select' 'tmp_264_cast_cast' <Predicate = true> <Delay = 0.79> <Core = "Sel">   --->   Core 26 'Sel' <Latency = 0> <II = 1> <Delay = 0.79> <FuncUnit> <Opcode : 'select'> <InPorts = 3> <OutPorts = 1>
ST_6 : Operation 160 [1/1] (0.00ns) (grouped into TernaryAdder)   --->   "%tmp_263 = sub i11 5, %tmp_478" [lstm_hls_opt/src/rnn.cpp:46]   --->   Operation 160 'sub' 'tmp_263' <Predicate = true> <Delay = 0.00> <Core = "TAddSub">   --->   Core 84 'TAddSub' <Latency = 0> <II = 1> <Delay = 1.52> <IPBlock> <Opcode : 'add' 'sub'> <InPorts = 3> <OutPorts = 1> <Sync> <CReg>
ST_6 : Operation 161 [1/1] (3.04ns) (root node of TernaryAdder)   --->   "%p_Repl2_2_trunc = add i11 %tmp_263, %tmp_264_cast_cast" [lstm_hls_opt/src/rnn.cpp:46]   --->   Operation 161 'add' 'p_Repl2_2_trunc' <Predicate = true> <Delay = 3.04> <Core = "TAddSub">   --->   Core 84 'TAddSub' <Latency = 0> <II = 1> <Delay = 1.52> <IPBlock> <Opcode : 'add' 'sub'> <InPorts = 3> <OutPorts = 1> <Sync> <CReg>
ST_6 : Operation 162 [1/1] (0.00ns)   --->   "%tmp_404 = call i52 @_ssdm_op_PartSelect.i52.i64.i32.i32(i64 %m_2, i32 1, i32 52)" [lstm_hls_opt/src/rnn.cpp:46]   --->   Operation 162 'partselect' 'tmp_404' <Predicate = true> <Delay = 0.00>
ST_6 : Operation 163 [1/1] (2.20ns)   --->   "%notrhs = icmp eq i52 %tmp_404, 0" [lstm_hls_opt/src/rnn.cpp:46]   --->   Operation 163 'icmp' 'notrhs' <Predicate = true> <Delay = 2.20> <Core = "Cmp">   --->   Core 25 'Cmp' <Latency = 0> <II = 1> <Delay = 2.20> <FuncUnit> <Opcode : 'icmp'> <InPorts = 2> <OutPorts = 1>
ST_6 : Operation 164 [1/1] (0.00ns) (grouped into LUT with out node m_7)   --->   "%m_5 = zext i16 %tmp_V_9 to i64" [lstm_hls_opt/src/rnn.cpp:47]   --->   Operation 164 'zext' 'm_5' <Predicate = (!tmp_34)> <Delay = 0.00>
ST_6 : Operation 165 [1/1] (0.00ns) (grouped into LUT with out node m_7)   --->   "%m_5_cast = zext i16 %tmp_V_9 to i32" [lstm_hls_opt/src/rnn.cpp:47]   --->   Operation 165 'zext' 'm_5_cast' <Predicate = (tmp_34)> <Delay = 0.00>
ST_6 : Operation 166 [1/1] (1.89ns)   --->   "%tmp_35 = add nsw i32 -54, %tmp_25" [lstm_hls_opt/src/rnn.cpp:47]   --->   Operation 166 'add' 'tmp_35' <Predicate = (tmp_34)> <Delay = 1.89> <Core = "AddSub">   --->   Core 14 'AddSub' <Latency = 0> <II = 1> <Delay = 2.69> <FuncUnit> <Opcode : 'add' 'sub'> <InPorts = 2> <OutPorts = 1>
ST_6 : Operation 167 [1/1] (0.00ns) (grouped into LUT with out node m_7)   --->   "%tmp_37 = lshr i32 %m_5_cast, %tmp_35" [lstm_hls_opt/src/rnn.cpp:47]   --->   Operation 167 'lshr' 'tmp_37' <Predicate = (tmp_34)> <Delay = 0.00> <Core = "Shift">   --->   Core 28 'Shift' <Latency = 0> <II = 1> <Delay = 2.93> <FuncUnit> <Opcode : 'shl' 'lshr' 'ashr'> <InPorts = 2> <OutPorts = 1>
ST_6 : Operation 168 [1/1] (0.00ns) (grouped into LUT with out node m_7)   --->   "%tmp_37_cast = zext i32 %tmp_37 to i64" [lstm_hls_opt/src/rnn.cpp:47]   --->   Operation 168 'zext' 'tmp_37_cast' <Predicate = (tmp_34)> <Delay = 0.00>
ST_6 : Operation 169 [1/1] (1.89ns)   --->   "%tmp_38 = sub i32 54, %tmp_25" [lstm_hls_opt/src/rnn.cpp:47]   --->   Operation 169 'sub' 'tmp_38' <Predicate = (!tmp_34)> <Delay = 1.89> <Core = "AddSub">   --->   Core 14 'AddSub' <Latency = 0> <II = 1> <Delay = 2.69> <FuncUnit> <Opcode : 'add' 'sub'> <InPorts = 2> <OutPorts = 1>
ST_6 : Operation 170 [1/1] (0.00ns) (grouped into LUT with out node m_7)   --->   "%tmp_39 = zext i32 %tmp_38 to i64" [lstm_hls_opt/src/rnn.cpp:47]   --->   Operation 170 'zext' 'tmp_39' <Predicate = (!tmp_34)> <Delay = 0.00>
ST_6 : Operation 171 [1/1] (0.00ns) (grouped into LUT with out node m_7)   --->   "%tmp_40 = shl i64 %m_5, %tmp_39" [lstm_hls_opt/src/rnn.cpp:47]   --->   Operation 171 'shl' 'tmp_40' <Predicate = (!tmp_34)> <Delay = 0.00> <Core = "Shift">   --->   Core 28 'Shift' <Latency = 0> <II = 1> <Delay = 2.93> <FuncUnit> <Opcode : 'shl' 'lshr' 'ashr'> <InPorts = 2> <OutPorts = 1>
ST_6 : Operation 172 [1/1] (0.00ns) (grouped into LUT with out node m_7)   --->   "%m_6 = select i1 %tmp_34, i64 %tmp_37_cast, i64 %tmp_40" [lstm_hls_opt/src/rnn.cpp:47]   --->   Operation 172 'select' 'm_6' <Predicate = true> <Delay = 0.00> <Core = "Sel">   --->   Core 26 'Sel' <Latency = 0> <II = 1> <Delay = 0.79> <FuncUnit> <Opcode : 'select'> <InPorts = 3> <OutPorts = 1>
ST_6 : Operation 173 [1/1] (0.00ns) (grouped into LUT with out node m_7)   --->   "%tmp_41 = zext i32 %tmp_33 to i64" [lstm_hls_opt/src/rnn.cpp:47]   --->   Operation 173 'zext' 'tmp_41' <Predicate = true> <Delay = 0.00>
ST_6 : Operation 174 [1/1] (2.93ns) (out node of the LUT)   --->   "%m_7 = add i64 %tmp_41, %m_6" [lstm_hls_opt/src/rnn.cpp:47]   --->   Operation 174 'add' 'm_7' <Predicate = true> <Delay = 2.93> <Core = "AddSub">   --->   Core 14 'AddSub' <Latency = 0> <II = 1> <Delay = 2.69> <FuncUnit> <Opcode : 'add' 'sub'> <InPorts = 2> <OutPorts = 1>
ST_6 : Operation 175 [1/1] (0.00ns)   --->   "%m_3 = call i63 @_ssdm_op_PartSelect.i63.i64.i32.i32(i64 %m_7, i32 1, i32 63)" [lstm_hls_opt/src/rnn.cpp:47]   --->   Operation 175 'partselect' 'm_3' <Predicate = true> <Delay = 0.00>
ST_6 : Operation 176 [1/1] (0.00ns)   --->   "%tmp_488 = call i1 @_ssdm_op_BitSelect.i1.i64.i32(i64 %m_7, i32 54)" [lstm_hls_opt/src/rnn.cpp:47]   --->   Operation 176 'bitselect' 'tmp_488' <Predicate = true> <Delay = 0.00>
ST_6 : Operation 177 [1/1] (0.79ns)   --->   "%tmp_272_cast_cast = select i1 %tmp_488, i11 1023, i11 1022" [lstm_hls_opt/src/rnn.cpp:47]   --->   Operation 177 'select' 'tmp_272_cast_cast' <Predicate = true> <Delay = 0.79> <Core = "Sel">   --->   Core 26 'Sel' <Latency = 0> <II = 1> <Delay = 0.79> <FuncUnit> <Opcode : 'select'> <InPorts = 3> <OutPorts = 1>
ST_6 : Operation 178 [1/1] (0.00ns) (grouped into TernaryAdder)   --->   "%tmp_268 = sub i11 5, %tmp_489" [lstm_hls_opt/src/rnn.cpp:47]   --->   Operation 178 'sub' 'tmp_268' <Predicate = true> <Delay = 0.00> <Core = "TAddSub">   --->   Core 84 'TAddSub' <Latency = 0> <II = 1> <Delay = 1.52> <IPBlock> <Opcode : 'add' 'sub'> <InPorts = 3> <OutPorts = 1> <Sync> <CReg>
ST_6 : Operation 179 [1/1] (3.04ns) (root node of TernaryAdder)   --->   "%p_Repl2_5_trunc = add i11 %tmp_268, %tmp_272_cast_cast" [lstm_hls_opt/src/rnn.cpp:47]   --->   Operation 179 'add' 'p_Repl2_5_trunc' <Predicate = true> <Delay = 3.04> <Core = "TAddSub">   --->   Core 84 'TAddSub' <Latency = 0> <II = 1> <Delay = 1.52> <IPBlock> <Opcode : 'add' 'sub'> <InPorts = 3> <OutPorts = 1> <Sync> <CReg>
ST_6 : Operation 180 [1/1] (0.00ns)   --->   "%tmp_408 = call i52 @_ssdm_op_PartSelect.i52.i64.i32.i32(i64 %m_7, i32 1, i32 52)" [lstm_hls_opt/src/rnn.cpp:47]   --->   Operation 180 'partselect' 'tmp_408' <Predicate = true> <Delay = 0.00>
ST_6 : Operation 181 [1/1] (2.20ns)   --->   "%notrhs8 = icmp eq i52 %tmp_408, 0" [lstm_hls_opt/src/rnn.cpp:47]   --->   Operation 181 'icmp' 'notrhs8' <Predicate = true> <Delay = 2.20> <Core = "Cmp">   --->   Core 25 'Cmp' <Latency = 0> <II = 1> <Delay = 2.20> <FuncUnit> <Opcode : 'icmp'> <InPorts = 2> <OutPorts = 1>

State 7 <SV = 5> <Delay = 7.70>
ST_7 : Operation 182 [1/1] (0.00ns)   --->   "%m_11 = zext i63 %m_s to i64" [lstm_hls_opt/src/rnn.cpp:46]   --->   Operation 182 'zext' 'm_11' <Predicate = true> <Delay = 0.00>
ST_7 : Operation 183 [1/1] (0.00ns)   --->   "%tmp_264 = call i12 @_ssdm_op_BitConcatenate.i12.i1.i11(i1 %p_Result_12, i11 %p_Repl2_2_trunc)" [lstm_hls_opt/src/rnn.cpp:46]   --->   Operation 183 'bitconcatenate' 'tmp_264' <Predicate = true> <Delay = 0.00>
ST_7 : Operation 184 [1/1] (0.00ns)   --->   "%p_Result_14 = call i64 @_ssdm_op_PartSet.i64.i64.i12.i32.i32(i64 %m_11, i12 %tmp_264, i32 52, i32 63)" [lstm_hls_opt/src/rnn.cpp:46]   --->   Operation 184 'partset' 'p_Result_14' <Predicate = true> <Delay = 0.00>
ST_7 : Operation 185 [1/1] (0.00ns)   --->   "%tmp_23 = bitcast i64 %p_Result_14 to double" [lstm_hls_opt/src/rnn.cpp:46]   --->   Operation 185 'bitcast' 'tmp_23' <Predicate = true> <Delay = 0.00>
ST_7 : Operation 186 [1/1] (1.88ns)   --->   "%notlhs = icmp ne i11 %p_Repl2_2_trunc, -1" [lstm_hls_opt/src/rnn.cpp:46]   --->   Operation 186 'icmp' 'notlhs' <Predicate = true> <Delay = 1.88> <Core = "Cmp">   --->   Core 25 'Cmp' <Latency = 0> <II = 1> <Delay = 2.20> <FuncUnit> <Opcode : 'icmp'> <InPorts = 2> <OutPorts = 1>
ST_7 : Operation 187 [1/1] (0.00ns) (grouped into LUT with out node p_s)   --->   "%tmp_405 = or i1 %notrhs, %notlhs" [lstm_hls_opt/src/rnn.cpp:46]   --->   Operation 187 'or' 'tmp_405' <Predicate = true> <Delay = 0.00> <Core = "LogicGate">   --->   Core 27 'LogicGate' <Latency = 0> <II = 1> <Delay = 0.80> <FuncUnit> <Opcode : 'and' 'or' 'xor'> <InPorts = 2> <OutPorts = 1>
ST_7 : Operation 188 [1/1] (6.10ns)   --->   "%tmp_406 = fcmp olt double %tmp_23, 5.600000e-02" [lstm_hls_opt/src/rnn.cpp:46]   --->   Operation 188 'dcmp' 'tmp_406' <Predicate = true> <Delay = 6.10> <Core = "DCmp">   --->   Core 119 'DCmp' <Latency = 0> <II = 1> <Delay = 6.10> <FuncUnit> <Opcode : 'dcmp'> <InPorts = 2> <OutPorts = 1>
ST_7 : Operation 189 [1/1] (0.00ns) (grouped into LUT with out node p_s)   --->   "%tmp_407 = and i1 %tmp_405, %tmp_406" [lstm_hls_opt/src/rnn.cpp:46]   --->   Operation 189 'and' 'tmp_407' <Predicate = true> <Delay = 0.00> <Core = "LogicGate">   --->   Core 27 'LogicGate' <Latency = 0> <II = 1> <Delay = 0.80> <FuncUnit> <Opcode : 'and' 'or' 'xor'> <InPorts = 2> <OutPorts = 1>
ST_7 : Operation 190 [1/1] (0.00ns)   --->   "%m_12 = zext i63 %m_3 to i64" [lstm_hls_opt/src/rnn.cpp:47]   --->   Operation 190 'zext' 'm_12' <Predicate = true> <Delay = 0.00>
ST_7 : Operation 191 [1/1] (0.00ns)   --->   "%tmp_269 = call i12 @_ssdm_op_BitConcatenate.i12.i1.i11(i1 %p_Result_15, i11 %p_Repl2_5_trunc)" [lstm_hls_opt/src/rnn.cpp:47]   --->   Operation 191 'bitconcatenate' 'tmp_269' <Predicate = true> <Delay = 0.00>
ST_7 : Operation 192 [1/1] (0.00ns)   --->   "%p_Result_17 = call i64 @_ssdm_op_PartSet.i64.i64.i12.i32.i32(i64 %m_12, i12 %tmp_269, i32 52, i32 63)" [lstm_hls_opt/src/rnn.cpp:47]   --->   Operation 192 'partset' 'p_Result_17' <Predicate = true> <Delay = 0.00>
ST_7 : Operation 193 [1/1] (0.00ns)   --->   "%tmp_43 = bitcast i64 %p_Result_17 to double" [lstm_hls_opt/src/rnn.cpp:47]   --->   Operation 193 'bitcast' 'tmp_43' <Predicate = true> <Delay = 0.00>
ST_7 : Operation 194 [1/1] (1.88ns)   --->   "%notlhs7 = icmp ne i11 %p_Repl2_5_trunc, -1" [lstm_hls_opt/src/rnn.cpp:47]   --->   Operation 194 'icmp' 'notlhs7' <Predicate = true> <Delay = 1.88> <Core = "Cmp">   --->   Core 25 'Cmp' <Latency = 0> <II = 1> <Delay = 2.20> <FuncUnit> <Opcode : 'icmp'> <InPorts = 2> <OutPorts = 1>
ST_7 : Operation 195 [1/1] (0.00ns) (grouped into LUT with out node tmp1)   --->   "%tmp_409 = or i1 %notrhs8, %notlhs7" [lstm_hls_opt/src/rnn.cpp:47]   --->   Operation 195 'or' 'tmp_409' <Predicate = true> <Delay = 0.00> <Core = "LogicGate">   --->   Core 27 'LogicGate' <Latency = 0> <II = 1> <Delay = 0.80> <FuncUnit> <Opcode : 'and' 'or' 'xor'> <InPorts = 2> <OutPorts = 1>
ST_7 : Operation 196 [1/1] (6.10ns)   --->   "%tmp_410 = fcmp olt double %tmp_43, 1.700000e-02" [lstm_hls_opt/src/rnn.cpp:47]   --->   Operation 196 'dcmp' 'tmp_410' <Predicate = true> <Delay = 6.10> <Core = "DCmp">   --->   Core 119 'DCmp' <Latency = 0> <II = 1> <Delay = 6.10> <FuncUnit> <Opcode : 'dcmp'> <InPorts = 2> <OutPorts = 1>
ST_7 : Operation 197 [1/1] (0.00ns) (grouped into LUT with out node tmp1)   --->   "%tmp_411 = and i1 %tmp_409, %tmp_410" [lstm_hls_opt/src/rnn.cpp:47]   --->   Operation 197 'and' 'tmp_411' <Predicate = true> <Delay = 0.00> <Core = "LogicGate">   --->   Core 27 'LogicGate' <Latency = 0> <II = 1> <Delay = 0.80> <FuncUnit> <Opcode : 'and' 'or' 'xor'> <InPorts = 2> <OutPorts = 1>
ST_7 : Operation 198 [1/1] (0.80ns) (out node of the LUT)   --->   "%tmp1 = or i1 %tmp_24, %tmp_411" [lstm_hls_opt/src/rnn.cpp:48]   --->   Operation 198 'or' 'tmp1' <Predicate = true> <Delay = 0.80> <Core = "LogicGate">   --->   Core 27 'LogicGate' <Latency = 0> <II = 1> <Delay = 0.80> <FuncUnit> <Opcode : 'and' 'or' 'xor'> <InPorts = 2> <OutPorts = 1>
ST_7 : Operation 199 [1/1] (0.00ns) (grouped into LUT with out node p_s)   --->   "%tmp2 = or i1 %tmp_407, %tmp" [lstm_hls_opt/src/rnn.cpp:48]   --->   Operation 199 'or' 'tmp2' <Predicate = true> <Delay = 0.00> <Core = "LogicGate">   --->   Core 27 'LogicGate' <Latency = 0> <II = 1> <Delay = 0.80> <FuncUnit> <Opcode : 'and' 'or' 'xor'> <InPorts = 2> <OutPorts = 1>
ST_7 : Operation 200 [1/1] (0.80ns) (out node of the LUT)   --->   "%p_s = or i1 %tmp2, %tmp1" [lstm_hls_opt/src/rnn.cpp:48]   --->   Operation 200 'or' 'p_s' <Predicate = true> <Delay = 0.80> <Core = "LogicGate">   --->   Core 27 'LogicGate' <Latency = 0> <II = 1> <Delay = 0.80> <FuncUnit> <Opcode : 'and' 'or' 'xor'> <InPorts = 2> <OutPorts = 1>
ST_7 : Operation 201 [1/1] (0.00ns)   --->   "ret i1 %p_s" [lstm_hls_opt/src/rnn.cpp:48]   --->   Operation 201 'ret' <Predicate = true> <Delay = 0.00>


============================================================
+ Verbose Summary: Timing violations
============================================================
Target clock period: 10ns, clock uncertainty: 1.25ns.

 <State 1>: 0.466ns
The critical path consists of the following:
	multiplexor before 'phi' operation ('diff_sum.V') with incoming values : ('diff_sum.V', lstm_hls_opt/src/rnn.cpp:37) [60]  (0.466 ns)

 <State 2>: 2.77ns
The critical path consists of the following:
	'phi' operation ('i') with incoming values : ('i', lstm_hls_opt/src/rnn.cpp:34) [62]  (0 ns)
	'getelementptr' operation ('x_prev_V_addr', lstm_hls_opt/src/rnn.cpp:36) [128]  (0 ns)
	'load' operation ('__Val2__', lstm_hls_opt/src/rnn.cpp:36) on array 'x_prev_V' [129]  (2.77 ns)

 <State 3>: 6.49ns
The critical path consists of the following:
	'load' operation ('__Val2__', lstm_hls_opt/src/rnn.cpp:36) on array 'x_prev_V' [129]  (2.77 ns)
	'sub' operation ('delta.V', lstm_hls_opt/src/rnn.cpp:36) [130]  (1.54 ns)
	'sub' operation ('tmp_7', lstm_hls_opt/src/rnn.cpp:38) [133]  (1.54 ns)
	'select' operation ('diff_sum.V', lstm_hls_opt/src/rnn.cpp:37) [134]  (0.627 ns)

 <State 4>: 4.97ns
The critical path consists of the following:
	'sub' operation ('tmp.V', lstm_hls_opt/src/rnn.cpp:46) [144]  (1.54 ns)
	'select' operation ('tmp.V', lstm_hls_opt/src/rnn.cpp:46) [145]  (0.627 ns)
	'cttz' operation ('l', lstm_hls_opt/src/rnn.cpp:46) [148]  (2.8 ns)

 <State 5>: 6.55ns
The critical path consists of the following:
	'sub' operation ('tmp_1', lstm_hls_opt/src/rnn.cpp:46) [149]  (1.9 ns)
	'add' operation ('lsb_index', lstm_hls_opt/src/rnn.cpp:46) [151]  (1.9 ns)
	'icmp' operation ('icmp', lstm_hls_opt/src/rnn.cpp:46) [153]  (1.96 ns)
	'and' operation ('a', lstm_hls_opt/src/rnn.cpp:46) [160]  (0 ns)
	'or' operation ('tmp_261', lstm_hls_opt/src/rnn.cpp:46) [166]  (0 ns)
	blocking operation 0.8 ns on control path)

 <State 6>: 8.67ns
The critical path consists of the following:
	'add' operation ('tmp_15', lstm_hls_opt/src/rnn.cpp:46) [171]  (1.9 ns)
	'lshr' operation ('tmp_17', lstm_hls_opt/src/rnn.cpp:46) [172]  (0 ns)
	'select' operation ('m', lstm_hls_opt/src/rnn.cpp:46) [177]  (0 ns)
	'add' operation ('m', lstm_hls_opt/src/rnn.cpp:46) [179]  (2.94 ns)
	'select' operation ('tmp_264_cast_cast', lstm_hls_opt/src/rnn.cpp:46) [183]  (0.793 ns)
	'add' operation ('p_Repl2_2_trunc', lstm_hls_opt/src/rnn.cpp:46) [186]  (3.05 ns)

 <State 7>: 7.71ns
The critical path consists of the following:
	'dcmp' operation ('tmp_410', lstm_hls_opt/src/rnn.cpp:47) [248]  (6.11 ns)
	'and' operation ('tmp_411', lstm_hls_opt/src/rnn.cpp:47) [249]  (0 ns)
	'or' operation ('tmp1', lstm_hls_opt/src/rnn.cpp:48) [250]  (0.8 ns)
	'or' operation ('p_s', lstm_hls_opt/src/rnn.cpp:48) [252]  (0.8 ns)


============================================================
+ Verbose Summary: Binding
============================================================
N/A
* FSMD analyzer results:
  - Output states:
 - Input state : 
  - Chain level:
	State 1
	State 2
	State 3
	State 4
	State 5
	State 6
	State 7


============================================================
+ Verbose Summary: Datapath Resource usage 
============================================================
N/A
