

================================================================
== Vivado HLS Report for 'fc_layer'
================================================================
* Date:           Sun Apr 27 23:37:16 2025

* Version:        2018.3 (Build 2405991 on Thu Dec 06 23:56:15 MST 2018)
* Project:        lstm_hls_fixed8
* Solution:       solution1
* Product family: zynq
* Target device:  xc7z020clg400-2


================================================================
== Performance Estimates
================================================================
+ Timing (ns): 
    * Summary: 
    +--------+-------+----------+------------+
    |  Clock | Target| Estimated| Uncertainty|
    +--------+-------+----------+------------+
    |ap_clk  |  10.00|     8.692|        1.25|
    +--------+-------+----------+------------+

+ Latency (clock cycles): 
    * Summary: 
    +-----+-----+-----+-----+---------+
    |  Latency  |  Interval | Pipeline|
    | min | max | min | max |   Type  |
    +-----+-----+-----+-----+---------+
    |  644|  644|  644|  644|   none  |
    +-----+-----+-----+-----+---------+

    + Detail: 
        * Instance: 
        N/A

        * Loop: 
        +----------+-----+-----+----------+-----------+-----------+------+----------+
        |          |  Latency  | Iteration|  Initiation Interval  | Trip |          |
        | Loop Name| min | max |  Latency |  achieved |   target  | Count| Pipelined|
        +----------+-----+-----+----------+-----------+-----------+------+----------+
        |- Loop 1  |  642|  642|        67|         64|          1|    10|    yes   |
        +----------+-----+-----+----------+-----------+-----------+------+----------+



================================================================
== Utilization Estimates
================================================================
* Summary: 
+-----------------+---------+-------+--------+-------+
|       Name      | BRAM_18K| DSP48E|   FF   |  LUT  |
+-----------------+---------+-------+--------+-------+
|DSP              |        -|    128|       -|      -|
|Expression       |        -|      -|       0|   3229|
|FIFO             |        -|      -|       -|      -|
|Instance         |        -|      -|       -|      -|
|Memory           |        1|      -|       6|      1|
|Multiplexer      |        -|      -|       -|     64|
|Register         |        -|      -|    4071|      -|
+-----------------+---------+-------+--------+-------+
|Total            |        1|    128|    4077|   3294|
+-----------------+---------+-------+--------+-------+
|Available        |      280|    220|  106400|  53200|
+-----------------+---------+-------+--------+-------+
|Utilization (%)  |    ~0   |     58|       3|      6|
+-----------------+---------+-------+--------+-------+

+ Detail: 
    * Instance: 
    N/A

    * DSP48: 
    +---------------------------+----------------------+-----------+
    |          Instance         |        Module        | Expression|
    +---------------------------+----------------------+-----------+
    |LSTM_Top_mul_mul_bkb_U186  |LSTM_Top_mul_mul_bkb  |  i0 * i1  |
    |LSTM_Top_mul_mul_bkb_U187  |LSTM_Top_mul_mul_bkb  |  i0 * i1  |
    |LSTM_Top_mul_mul_bkb_U188  |LSTM_Top_mul_mul_bkb  |  i0 * i1  |
    |LSTM_Top_mul_mul_bkb_U189  |LSTM_Top_mul_mul_bkb  |  i0 * i1  |
    |LSTM_Top_mul_mul_bkb_U190  |LSTM_Top_mul_mul_bkb  |  i0 * i1  |
    |LSTM_Top_mul_mul_bkb_U191  |LSTM_Top_mul_mul_bkb  |  i0 * i1  |
    |LSTM_Top_mul_mul_bkb_U192  |LSTM_Top_mul_mul_bkb  |  i0 * i1  |
    |LSTM_Top_mul_mul_bkb_U193  |LSTM_Top_mul_mul_bkb  |  i0 * i1  |
    |LSTM_Top_mul_mul_bkb_U194  |LSTM_Top_mul_mul_bkb  |  i0 * i1  |
    |LSTM_Top_mul_mul_bkb_U195  |LSTM_Top_mul_mul_bkb  |  i0 * i1  |
    |LSTM_Top_mul_mul_bkb_U196  |LSTM_Top_mul_mul_bkb  |  i0 * i1  |
    |LSTM_Top_mul_mul_bkb_U197  |LSTM_Top_mul_mul_bkb  |  i0 * i1  |
    |LSTM_Top_mul_mul_bkb_U198  |LSTM_Top_mul_mul_bkb  |  i0 * i1  |
    |LSTM_Top_mul_mul_bkb_U199  |LSTM_Top_mul_mul_bkb  |  i0 * i1  |
    |LSTM_Top_mul_mul_bkb_U200  |LSTM_Top_mul_mul_bkb  |  i0 * i1  |
    |LSTM_Top_mul_mul_bkb_U201  |LSTM_Top_mul_mul_bkb  |  i0 * i1  |
    |LSTM_Top_mul_mul_bkb_U202  |LSTM_Top_mul_mul_bkb  |  i0 * i1  |
    |LSTM_Top_mul_mul_bkb_U203  |LSTM_Top_mul_mul_bkb  |  i0 * i1  |
    |LSTM_Top_mul_mul_bkb_U204  |LSTM_Top_mul_mul_bkb  |  i0 * i1  |
    |LSTM_Top_mul_mul_bkb_U205  |LSTM_Top_mul_mul_bkb  |  i0 * i1  |
    |LSTM_Top_mul_mul_bkb_U206  |LSTM_Top_mul_mul_bkb  |  i0 * i1  |
    |LSTM_Top_mul_mul_bkb_U207  |LSTM_Top_mul_mul_bkb  |  i0 * i1  |
    |LSTM_Top_mul_mul_bkb_U208  |LSTM_Top_mul_mul_bkb  |  i0 * i1  |
    |LSTM_Top_mul_mul_bkb_U209  |LSTM_Top_mul_mul_bkb  |  i0 * i1  |
    |LSTM_Top_mul_mul_bkb_U210  |LSTM_Top_mul_mul_bkb  |  i0 * i1  |
    |LSTM_Top_mul_mul_bkb_U211  |LSTM_Top_mul_mul_bkb  |  i0 * i1  |
    |LSTM_Top_mul_mul_bkb_U212  |LSTM_Top_mul_mul_bkb  |  i0 * i1  |
    |LSTM_Top_mul_mul_bkb_U213  |LSTM_Top_mul_mul_bkb  |  i0 * i1  |
    |LSTM_Top_mul_mul_bkb_U214  |LSTM_Top_mul_mul_bkb  |  i0 * i1  |
    |LSTM_Top_mul_mul_bkb_U215  |LSTM_Top_mul_mul_bkb  |  i0 * i1  |
    |LSTM_Top_mul_mul_bkb_U216  |LSTM_Top_mul_mul_bkb  |  i0 * i1  |
    |LSTM_Top_mul_mul_bkb_U217  |LSTM_Top_mul_mul_bkb  |  i0 * i1  |
    |LSTM_Top_mul_mul_bkb_U218  |LSTM_Top_mul_mul_bkb  |  i0 * i1  |
    |LSTM_Top_mul_mul_bkb_U219  |LSTM_Top_mul_mul_bkb  |  i0 * i1  |
    |LSTM_Top_mul_mul_bkb_U220  |LSTM_Top_mul_mul_bkb  |  i0 * i1  |
    |LSTM_Top_mul_mul_bkb_U221  |LSTM_Top_mul_mul_bkb  |  i0 * i1  |
    |LSTM_Top_mul_mul_bkb_U222  |LSTM_Top_mul_mul_bkb  |  i0 * i1  |
    |LSTM_Top_mul_mul_bkb_U223  |LSTM_Top_mul_mul_bkb  |  i0 * i1  |
    |LSTM_Top_mul_mul_bkb_U224  |LSTM_Top_mul_mul_bkb  |  i0 * i1  |
    |LSTM_Top_mul_mul_bkb_U225  |LSTM_Top_mul_mul_bkb  |  i0 * i1  |
    |LSTM_Top_mul_mul_bkb_U226  |LSTM_Top_mul_mul_bkb  |  i0 * i1  |
    |LSTM_Top_mul_mul_bkb_U227  |LSTM_Top_mul_mul_bkb  |  i0 * i1  |
    |LSTM_Top_mul_mul_bkb_U228  |LSTM_Top_mul_mul_bkb  |  i0 * i1  |
    |LSTM_Top_mul_mul_bkb_U229  |LSTM_Top_mul_mul_bkb  |  i0 * i1  |
    |LSTM_Top_mul_mul_bkb_U230  |LSTM_Top_mul_mul_bkb  |  i0 * i1  |
    |LSTM_Top_mul_mul_bkb_U231  |LSTM_Top_mul_mul_bkb  |  i0 * i1  |
    |LSTM_Top_mul_mul_bkb_U232  |LSTM_Top_mul_mul_bkb  |  i0 * i1  |
    |LSTM_Top_mul_mul_bkb_U233  |LSTM_Top_mul_mul_bkb  |  i0 * i1  |
    |LSTM_Top_mul_mul_bkb_U234  |LSTM_Top_mul_mul_bkb  |  i0 * i1  |
    |LSTM_Top_mul_mul_bkb_U235  |LSTM_Top_mul_mul_bkb  |  i0 * i1  |
    |LSTM_Top_mul_mul_bkb_U236  |LSTM_Top_mul_mul_bkb  |  i0 * i1  |
    |LSTM_Top_mul_mul_bkb_U237  |LSTM_Top_mul_mul_bkb  |  i0 * i1  |
    |LSTM_Top_mul_mul_bkb_U238  |LSTM_Top_mul_mul_bkb  |  i0 * i1  |
    |LSTM_Top_mul_mul_bkb_U239  |LSTM_Top_mul_mul_bkb  |  i0 * i1  |
    |LSTM_Top_mul_mul_bkb_U240  |LSTM_Top_mul_mul_bkb  |  i0 * i1  |
    |LSTM_Top_mul_mul_bkb_U241  |LSTM_Top_mul_mul_bkb  |  i0 * i1  |
    |LSTM_Top_mul_mul_bkb_U242  |LSTM_Top_mul_mul_bkb  |  i0 * i1  |
    |LSTM_Top_mul_mul_bkb_U243  |LSTM_Top_mul_mul_bkb  |  i0 * i1  |
    |LSTM_Top_mul_mul_bkb_U244  |LSTM_Top_mul_mul_bkb  |  i0 * i1  |
    |LSTM_Top_mul_mul_bkb_U245  |LSTM_Top_mul_mul_bkb  |  i0 * i1  |
    |LSTM_Top_mul_mul_bkb_U246  |LSTM_Top_mul_mul_bkb  |  i0 * i1  |
    |LSTM_Top_mul_mul_bkb_U247  |LSTM_Top_mul_mul_bkb  |  i0 * i1  |
    |LSTM_Top_mul_mul_bkb_U248  |LSTM_Top_mul_mul_bkb  |  i0 * i1  |
    |LSTM_Top_mul_mul_bkb_U249  |LSTM_Top_mul_mul_bkb  |  i0 * i1  |
    |LSTM_Top_mul_mul_bkb_U250  |LSTM_Top_mul_mul_bkb  |  i0 * i1  |
    |LSTM_Top_mul_mul_bkb_U251  |LSTM_Top_mul_mul_bkb  |  i0 * i1  |
    |LSTM_Top_mul_mul_bkb_U252  |LSTM_Top_mul_mul_bkb  |  i0 * i1  |
    |LSTM_Top_mul_mul_bkb_U253  |LSTM_Top_mul_mul_bkb  |  i0 * i1  |
    |LSTM_Top_mul_mul_bkb_U254  |LSTM_Top_mul_mul_bkb  |  i0 * i1  |
    |LSTM_Top_mul_mul_bkb_U255  |LSTM_Top_mul_mul_bkb  |  i0 * i1  |
    |LSTM_Top_mul_mul_bkb_U256  |LSTM_Top_mul_mul_bkb  |  i0 * i1  |
    |LSTM_Top_mul_mul_bkb_U257  |LSTM_Top_mul_mul_bkb  |  i0 * i1  |
    |LSTM_Top_mul_mul_bkb_U258  |LSTM_Top_mul_mul_bkb  |  i0 * i1  |
    |LSTM_Top_mul_mul_bkb_U259  |LSTM_Top_mul_mul_bkb  |  i0 * i1  |
    |LSTM_Top_mul_mul_bkb_U260  |LSTM_Top_mul_mul_bkb  |  i0 * i1  |
    |LSTM_Top_mul_mul_bkb_U261  |LSTM_Top_mul_mul_bkb  |  i0 * i1  |
    |LSTM_Top_mul_mul_bkb_U262  |LSTM_Top_mul_mul_bkb  |  i0 * i1  |
    |LSTM_Top_mul_mul_bkb_U263  |LSTM_Top_mul_mul_bkb  |  i0 * i1  |
    |LSTM_Top_mul_mul_bkb_U264  |LSTM_Top_mul_mul_bkb  |  i0 * i1  |
    |LSTM_Top_mul_mul_bkb_U265  |LSTM_Top_mul_mul_bkb  |  i0 * i1  |
    |LSTM_Top_mul_mul_bkb_U266  |LSTM_Top_mul_mul_bkb  |  i0 * i1  |
    |LSTM_Top_mul_mul_bkb_U267  |LSTM_Top_mul_mul_bkb  |  i0 * i1  |
    |LSTM_Top_mul_mul_bkb_U268  |LSTM_Top_mul_mul_bkb  |  i0 * i1  |
    |LSTM_Top_mul_mul_bkb_U269  |LSTM_Top_mul_mul_bkb  |  i0 * i1  |
    |LSTM_Top_mul_mul_bkb_U270  |LSTM_Top_mul_mul_bkb  |  i0 * i1  |
    |LSTM_Top_mul_mul_bkb_U271  |LSTM_Top_mul_mul_bkb  |  i0 * i1  |
    |LSTM_Top_mul_mul_bkb_U272  |LSTM_Top_mul_mul_bkb  |  i0 * i1  |
    |LSTM_Top_mul_mul_bkb_U273  |LSTM_Top_mul_mul_bkb  |  i0 * i1  |
    |LSTM_Top_mul_mul_bkb_U274  |LSTM_Top_mul_mul_bkb  |  i0 * i1  |
    |LSTM_Top_mul_mul_bkb_U275  |LSTM_Top_mul_mul_bkb  |  i0 * i1  |
    |LSTM_Top_mul_mul_bkb_U276  |LSTM_Top_mul_mul_bkb  |  i0 * i1  |
    |LSTM_Top_mul_mul_bkb_U277  |LSTM_Top_mul_mul_bkb  |  i0 * i1  |
    |LSTM_Top_mul_mul_bkb_U278  |LSTM_Top_mul_mul_bkb  |  i0 * i1  |
    |LSTM_Top_mul_mul_bkb_U279  |LSTM_Top_mul_mul_bkb  |  i0 * i1  |
    |LSTM_Top_mul_mul_bkb_U280  |LSTM_Top_mul_mul_bkb  |  i0 * i1  |
    |LSTM_Top_mul_mul_bkb_U281  |LSTM_Top_mul_mul_bkb  |  i0 * i1  |
    |LSTM_Top_mul_mul_bkb_U282  |LSTM_Top_mul_mul_bkb  |  i0 * i1  |
    |LSTM_Top_mul_mul_bkb_U283  |LSTM_Top_mul_mul_bkb  |  i0 * i1  |
    |LSTM_Top_mul_mul_bkb_U284  |LSTM_Top_mul_mul_bkb  |  i0 * i1  |
    |LSTM_Top_mul_mul_bkb_U285  |LSTM_Top_mul_mul_bkb  |  i0 * i1  |
    |LSTM_Top_mul_mul_bkb_U286  |LSTM_Top_mul_mul_bkb  |  i0 * i1  |
    |LSTM_Top_mul_mul_bkb_U287  |LSTM_Top_mul_mul_bkb  |  i0 * i1  |
    |LSTM_Top_mul_mul_bkb_U288  |LSTM_Top_mul_mul_bkb  |  i0 * i1  |
    |LSTM_Top_mul_mul_bkb_U289  |LSTM_Top_mul_mul_bkb  |  i0 * i1  |
    |LSTM_Top_mul_mul_bkb_U290  |LSTM_Top_mul_mul_bkb  |  i0 * i1  |
    |LSTM_Top_mul_mul_bkb_U291  |LSTM_Top_mul_mul_bkb  |  i0 * i1  |
    |LSTM_Top_mul_mul_bkb_U292  |LSTM_Top_mul_mul_bkb  |  i0 * i1  |
    |LSTM_Top_mul_mul_bkb_U293  |LSTM_Top_mul_mul_bkb  |  i0 * i1  |
    |LSTM_Top_mul_mul_bkb_U294  |LSTM_Top_mul_mul_bkb  |  i0 * i1  |
    |LSTM_Top_mul_mul_bkb_U295  |LSTM_Top_mul_mul_bkb  |  i0 * i1  |
    |LSTM_Top_mul_mul_bkb_U296  |LSTM_Top_mul_mul_bkb  |  i0 * i1  |
    |LSTM_Top_mul_mul_bkb_U297  |LSTM_Top_mul_mul_bkb  |  i0 * i1  |
    |LSTM_Top_mul_mul_bkb_U298  |LSTM_Top_mul_mul_bkb  |  i0 * i1  |
    |LSTM_Top_mul_mul_bkb_U299  |LSTM_Top_mul_mul_bkb  |  i0 * i1  |
    |LSTM_Top_mul_mul_bkb_U300  |LSTM_Top_mul_mul_bkb  |  i0 * i1  |
    |LSTM_Top_mul_mul_bkb_U301  |LSTM_Top_mul_mul_bkb  |  i0 * i1  |
    |LSTM_Top_mul_mul_bkb_U302  |LSTM_Top_mul_mul_bkb  |  i0 * i1  |
    |LSTM_Top_mul_mul_bkb_U303  |LSTM_Top_mul_mul_bkb  |  i0 * i1  |
    |LSTM_Top_mul_mul_bkb_U304  |LSTM_Top_mul_mul_bkb  |  i0 * i1  |
    |LSTM_Top_mul_mul_bkb_U305  |LSTM_Top_mul_mul_bkb  |  i0 * i1  |
    |LSTM_Top_mul_mul_bkb_U306  |LSTM_Top_mul_mul_bkb  |  i0 * i1  |
    |LSTM_Top_mul_mul_bkb_U307  |LSTM_Top_mul_mul_bkb  |  i0 * i1  |
    |LSTM_Top_mul_mul_bkb_U308  |LSTM_Top_mul_mul_bkb  |  i0 * i1  |
    |LSTM_Top_mul_mul_bkb_U309  |LSTM_Top_mul_mul_bkb  |  i0 * i1  |
    |LSTM_Top_mul_mul_bkb_U310  |LSTM_Top_mul_mul_bkb  |  i0 * i1  |
    |LSTM_Top_mul_mul_bkb_U311  |LSTM_Top_mul_mul_bkb  |  i0 * i1  |
    |LSTM_Top_mul_mul_bkb_U312  |LSTM_Top_mul_mul_bkb  |  i0 * i1  |
    |LSTM_Top_mul_mul_bkb_U313  |LSTM_Top_mul_mul_bkb  |  i0 * i1  |
    +---------------------------+----------------------+-----------+

    * Memory: 
    +---------------+----------------------+---------+---+----+------+-----+------+-------------+
    |     Memory    |        Module        | BRAM_18K| FF| LUT| Words| Bits| Banks| W*Bits*Banks|
    +---------------+----------------------+---------+---+----+------+-----+------+-------------+
    |Bias_lc_V_U    |fc_layer_Bias_lc_V    |        0|  6|   1|    10|    6|     1|           60|
    |Weight_lc_V_U  |fc_layer_Weight_lhbi  |        1|  0|   0|  1280|    8|     1|        10240|
    +---------------+----------------------+---------+---+----+------+-----+------+-------------+
    |Total          |                      |        1|  6|   1|  1290|   14|     2|        10300|
    +---------------+----------------------+---------+---+----+------+-----+------+-------------+

    * FIFO: 
    N/A

    * Expression: 
    +----------------------+----------+-------+---+----+------------+------------+
    |     Variable Name    | Operation| DSP48E| FF| LUT| Bitwidth P0| Bitwidth P1|
    +----------------------+----------+-------+---+----+------------+------------+
    |i_5_fu_2672_p2        |     +    |      0|  0|   6|           4|           1|
    |ret_V_fu_7123_p2      |     +    |      0|  0|   8|          27|          27|
    |sum_V_s_fu_7107_p2    |     +    |      0|  0|   8|          27|          27|
    |tmp100_fu_6937_p2     |     +    |      0|  0|  27|          27|          27|
    |tmp101_fu_7001_p2     |     +    |      0|  0|  27|          27|          27|
    |tmp102_fu_4241_p2     |     +    |      0|  0|   8|          27|          27|
    |tmp103_fu_4229_p2     |     +    |      0|  0|   8|          27|          27|
    |tmp104_fu_4235_p2     |     +    |      0|  0|  27|          27|          27|
    |tmp105_fu_7083_p2     |     +    |      0|  0|   8|          27|          27|
    |tmp106_fu_7078_p2     |     +    |      0|  0|   8|          27|          27|
    |tmp107_fu_7052_p2     |     +    |      0|  0|  27|          27|          27|
    |tmp108_fu_7072_p2     |     +    |      0|  0|  27|          27|          27|
    |tmp109_fu_4375_p2     |     +    |      0|  0|   8|          27|          27|
    |tmp10_fu_5176_p2      |     +    |      0|  0|  27|          27|          27|
    |tmp110_fu_4363_p2     |     +    |      0|  0|   8|          27|          27|
    |tmp111_fu_4369_p2     |     +    |      0|  0|  27|          27|          27|
    |tmp112_fu_4959_p2     |     +    |      0|  0|   8|          27|          27|
    |tmp113_fu_4955_p2     |     +    |      0|  0|   8|          27|          27|
    |tmp114_fu_4509_p2     |     +    |      0|  0|   8|          27|          27|
    |tmp115_fu_4497_p2     |     +    |      0|  0|   8|          27|          27|
    |tmp116_fu_4503_p2     |     +    |      0|  0|  27|          27|          27|
    |tmp117_fu_4643_p2     |     +    |      0|  0|   8|          27|          27|
    |tmp118_fu_4631_p2     |     +    |      0|  0|   8|          27|          27|
    |tmp119_fu_4637_p2     |     +    |      0|  0|  27|          27|          27|
    |tmp11_fu_5325_p2      |     +    |      0|  0|   8|          27|          27|
    |tmp120_fu_4905_p2     |     +    |      0|  0|   8|          27|          27|
    |tmp121_fu_4883_p2     |     +    |      0|  0|   8|          27|          27|
    |tmp122_fu_4707_p2     |     +    |      0|  0|  27|          27|          27|
    |tmp123_fu_4771_p2     |     +    |      0|  0|  27|          27|          27|
    |tmp124_fu_4899_p2     |     +    |      0|  0|   8|          27|          27|
    |tmp125_fu_4887_p2     |     +    |      0|  0|   8|          27|          27|
    |tmp126_fu_4893_p2     |     +    |      0|  0|  27|          27|          27|
    |tmp12_fu_5320_p2      |     +    |      0|  0|   8|          27|          27|
    |tmp13_fu_5246_p2      |     +    |      0|  0|  27|          27|          27|
    |tmp14_fu_5314_p2      |     +    |      0|  0|  27|          27|          27|
    |tmp15_fu_2888_p2      |     +    |      0|  0|   8|          27|          27|
    |tmp16_fu_2876_p2      |     +    |      0|  0|   8|          27|          27|
    |tmp17_fu_2882_p2      |     +    |      0|  0|  27|          27|          27|
    |tmp18_fu_5746_p2      |     +    |      0|  0|   8|          27|          27|
    |tmp19_fu_5726_p2      |     +    |      0|  0|   8|          27|          27|
    |tmp1_fu_6086_p2       |     +    |      0|  0|   8|          27|          27|
    |tmp20_fu_5464_p2      |     +    |      0|  0|   8|          27|          27|
    |tmp21_fu_5452_p2      |     +    |      0|  0|   8|          27|          27|
    |tmp22_fu_5458_p2      |     +    |      0|  0|  27|          27|          27|
    |tmp23_fu_5598_p2      |     +    |      0|  0|   8|          27|          27|
    |tmp24_fu_5586_p2      |     +    |      0|  0|   8|          27|          27|
    |tmp25_fu_5592_p2      |     +    |      0|  0|  27|          27|          27|
    |tmp26_fu_5741_p2      |     +    |      0|  0|   8|          27|          27|
    |tmp27_fu_5736_p2      |     +    |      0|  0|   8|          27|          27|
    |tmp28_fu_5662_p2      |     +    |      0|  0|  27|          27|          27|
    |tmp29_fu_5730_p2      |     +    |      0|  0|  27|          27|          27|
    |tmp2_fu_6082_p2       |     +    |      0|  0|   8|          27|          27|
    |tmp30_fu_3022_p2      |     +    |      0|  0|   8|          27|          27|
    |tmp31_fu_3010_p2      |     +    |      0|  0|   8|          27|          27|
    |tmp32_fu_3016_p2      |     +    |      0|  0|  27|          27|          27|
    |tmp33_fu_6033_p2      |     +    |      0|  0|   8|          27|          27|
    |tmp34_fu_6028_p2      |     +    |      0|  0|   8|          27|          27|
    |tmp35_fu_5885_p2      |     +    |      0|  0|   8|          27|          27|
    |tmp36_fu_5880_p2      |     +    |      0|  0|   8|          27|          27|
    |tmp37_fu_5810_p2      |     +    |      0|  0|  27|          27|          27|
    |tmp38_fu_5874_p2      |     +    |      0|  0|  27|          27|          27|
    |tmp39_fu_3156_p2      |     +    |      0|  0|   8|          27|          27|
    |tmp3_fu_5330_p2       |     +    |      0|  0|   8|          27|          27|
    |tmp40_fu_3144_p2      |     +    |      0|  0|   8|          27|          27|
    |tmp41_fu_3150_p2      |     +    |      0|  0|  27|          27|          27|
    |tmp42_fu_6023_p2      |     +    |      0|  0|   8|          27|          27|
    |tmp43_fu_6018_p2      |     +    |      0|  0|   8|          27|          27|
    |tmp44_fu_5948_p2      |     +    |      0|  0|  27|          27|          27|
    |tmp45_fu_6012_p2      |     +    |      0|  0|  27|          27|          27|
    |tmp46_fu_3290_p2      |     +    |      0|  0|   8|          27|          27|
    |tmp47_fu_3278_p2      |     +    |      0|  0|   8|          27|          27|
    |tmp48_fu_3284_p2      |     +    |      0|  0|  27|          27|          27|
    |tmp49_fu_3884_p2      |     +    |      0|  0|   8|          27|          27|
    |tmp4_fu_5310_p2       |     +    |      0|  0|   8|          27|          27|
    |tmp50_fu_3880_p2      |     +    |      0|  0|   8|          27|          27|
    |tmp51_fu_3424_p2      |     +    |      0|  0|   8|          27|          27|
    |tmp52_fu_3412_p2      |     +    |      0|  0|   8|          27|          27|
    |tmp53_fu_3418_p2      |     +    |      0|  0|  27|          27|          27|
    |tmp54_fu_3558_p2      |     +    |      0|  0|   8|          27|          27|
    |tmp55_fu_3546_p2      |     +    |      0|  0|   8|          27|          27|
    |tmp56_fu_3552_p2      |     +    |      0|  0|  27|          27|          27|
    |tmp57_fu_3830_p2      |     +    |      0|  0|   8|          27|          27|
    |tmp58_fu_3808_p2      |     +    |      0|  0|   8|          27|          27|
    |tmp59_fu_3622_p2      |     +    |      0|  0|  27|          27|          27|
    |tmp5_fu_5048_p2       |     +    |      0|  0|   8|          27|          27|
    |tmp60_fu_3686_p2      |     +    |      0|  0|  27|          27|          27|
    |tmp61_fu_3824_p2      |     +    |      0|  0|   8|          27|          27|
    |tmp62_fu_3812_p2      |     +    |      0|  0|   8|          27|          27|
    |tmp63_fu_3818_p2      |     +    |      0|  0|  27|          27|          27|
    |tmp64_fu_7102_p2      |     +    |      0|  0|   8|          27|          27|
    |tmp65_fu_7098_p2      |     +    |      0|  0|   8|          27|          27|
    |tmp66_fu_6457_p2      |     +    |      0|  0|   8|          27|          27|
    |tmp67_fu_6437_p2      |     +    |      0|  0|   8|          27|          27|
    |tmp68_fu_6175_p2      |     +    |      0|  0|   8|          27|          27|
    |tmp69_fu_6163_p2      |     +    |      0|  0|   8|          27|          27|
    |tmp6_fu_5036_p2       |     +    |      0|  0|   8|          27|          27|
    |tmp70_fu_6169_p2      |     +    |      0|  0|  27|          27|          27|
    |tmp71_fu_6309_p2      |     +    |      0|  0|   8|          27|          27|
    |tmp72_fu_6297_p2      |     +    |      0|  0|   8|          27|          27|
    |tmp73_fu_6303_p2      |     +    |      0|  0|  27|          27|          27|
    |tmp74_fu_6452_p2      |     +    |      0|  0|   8|          27|          27|
    |tmp75_fu_6447_p2      |     +    |      0|  0|   8|          27|          27|
    |tmp76_fu_6373_p2      |     +    |      0|  0|  27|          27|          27|
    |tmp77_fu_6441_p2      |     +    |      0|  0|  27|          27|          27|
    |tmp78_fu_3973_p2      |     +    |      0|  0|   8|          27|          27|
    |tmp79_fu_3961_p2      |     +    |      0|  0|   8|          27|          27|
    |tmp7_fu_5042_p2       |     +    |      0|  0|  27|          27|          27|
    |tmp80_fu_3967_p2      |     +    |      0|  0|  27|          27|          27|
    |tmp81_fu_6873_p2      |     +    |      0|  0|   8|          27|          27|
    |tmp82_fu_6853_p2      |     +    |      0|  0|   8|          27|          27|
    |tmp83_fu_6591_p2      |     +    |      0|  0|   8|          27|          27|
    |tmp84_fu_6579_p2      |     +    |      0|  0|   8|          27|          27|
    |tmp85_fu_6585_p2      |     +    |      0|  0|  27|          27|          27|
    |tmp86_fu_6725_p2      |     +    |      0|  0|   8|          27|          27|
    |tmp87_fu_6713_p2      |     +    |      0|  0|   8|          27|          27|
    |tmp88_fu_6719_p2      |     +    |      0|  0|  27|          27|          27|
    |tmp89_fu_6868_p2      |     +    |      0|  0|   8|          27|          27|
    |tmp8_fu_5182_p2       |     +    |      0|  0|   8|          27|          27|
    |tmp90_fu_6863_p2      |     +    |      0|  0|   8|          27|          27|
    |tmp91_fu_6789_p2      |     +    |      0|  0|  27|          27|          27|
    |tmp92_fu_6857_p2      |     +    |      0|  0|  27|          27|          27|
    |tmp93_fu_4107_p2      |     +    |      0|  0|   8|          27|          27|
    |tmp94_fu_4095_p2      |     +    |      0|  0|   8|          27|          27|
    |tmp95_fu_4101_p2      |     +    |      0|  0|  27|          27|          27|
    |tmp96_fu_7093_p2      |     +    |      0|  0|   8|          27|          27|
    |tmp97_fu_7088_p2      |     +    |      0|  0|   8|          27|          27|
    |tmp98_fu_7012_p2      |     +    |      0|  0|   8|          27|          27|
    |tmp99_fu_7007_p2      |     +    |      0|  0|   8|          27|          27|
    |tmp9_fu_5170_p2       |     +    |      0|  0|   8|          27|          27|
    |exitcond6_fu_2666_p2  |   icmp   |      0|  0|   2|           4|           4|
    |tmp_209_fu_4781_p2    |    or    |      0|  0|  11|          11|           1|
    |tmp_211_fu_4811_p2    |    or    |      0|  0|  11|          11|           2|
    |tmp_213_fu_4825_p2    |    or    |      0|  0|  11|          11|           2|
    |tmp_215_fu_4911_p2    |    or    |      0|  0|  11|          11|           3|
    |tmp_217_fu_4925_p2    |    or    |      0|  0|  11|          11|           3|
    |tmp_220_fu_4964_p2    |    or    |      0|  0|  11|          11|           3|
    |tmp_223_fu_4978_p2    |    or    |      0|  0|  11|          11|           3|
    |tmp_225_fu_5054_p2    |    or    |      0|  0|  11|          11|           4|
    |tmp_227_fu_5068_p2    |    or    |      0|  0|  11|          11|           4|
    |tmp_229_fu_5098_p2    |    or    |      0|  0|  11|          11|           4|
    |tmp_231_fu_5112_p2    |    or    |      0|  0|  11|          11|           4|
    |tmp_233_fu_2686_p2    |    or    |      0|  0|  11|          11|           4|
    |tmp_235_fu_2701_p2    |    or    |      0|  0|  11|          11|           4|
    |tmp_237_fu_2716_p2    |    or    |      0|  0|  11|          11|           4|
    |tmp_239_fu_2730_p2    |    or    |      0|  0|  11|          11|           4|
    |tmp_241_fu_5188_p2    |    or    |      0|  0|  11|          11|           5|
    |tmp_243_fu_5202_p2    |    or    |      0|  0|  11|          11|           5|
    |tmp_245_fu_5252_p2    |    or    |      0|  0|  11|          11|           5|
    |tmp_247_fu_5266_p2    |    or    |      0|  0|  11|          11|           5|
    |tmp_249_fu_5336_p2    |    or    |      0|  0|  11|          11|           5|
    |tmp_251_fu_5350_p2    |    or    |      0|  0|  11|          11|           5|
    |tmp_253_fu_5380_p2    |    or    |      0|  0|  11|          11|           5|
    |tmp_255_fu_5394_p2    |    or    |      0|  0|  11|          11|           5|
    |tmp_257_fu_5470_p2    |    or    |      0|  0|  11|          11|           5|
    |tmp_259_fu_5484_p2    |    or    |      0|  0|  11|          11|           5|
    |tmp_261_fu_5514_p2    |    or    |      0|  0|  11|          11|           5|
    |tmp_263_fu_5528_p2    |    or    |      0|  0|  11|          11|           5|
    |tmp_265_fu_2760_p2    |    or    |      0|  0|  11|          11|           5|
    |tmp_267_fu_2774_p2    |    or    |      0|  0|  11|          11|           5|
    |tmp_269_fu_2804_p2    |    or    |      0|  0|  11|          11|           5|
    |tmp_271_fu_2818_p2    |    or    |      0|  0|  11|          11|           5|
    |tmp_273_fu_5604_p2    |    or    |      0|  0|  11|          11|           6|
    |tmp_275_fu_5618_p2    |    or    |      0|  0|  11|          11|           6|
    |tmp_277_fu_5668_p2    |    or    |      0|  0|  11|          11|           6|
    |tmp_279_fu_5682_p2    |    or    |      0|  0|  11|          11|           6|
    |tmp_281_fu_2894_p2    |    or    |      0|  0|  11|          11|           6|
    |tmp_283_fu_2908_p2    |    or    |      0|  0|  11|          11|           6|
    |tmp_285_fu_2938_p2    |    or    |      0|  0|  11|          11|           6|
    |tmp_287_fu_2952_p2    |    or    |      0|  0|  11|          11|           6|
    |tmp_289_fu_5752_p2    |    or    |      0|  0|  11|          11|           6|
    |tmp_291_fu_5766_p2    |    or    |      0|  0|  11|          11|           6|
    |tmp_293_fu_5816_p2    |    or    |      0|  0|  11|          11|           6|
    |tmp_295_fu_5830_p2    |    or    |      0|  0|  11|          11|           6|
    |tmp_297_fu_3028_p2    |    or    |      0|  0|  11|          11|           6|
    |tmp_299_fu_3042_p2    |    or    |      0|  0|  11|          11|           6|
    |tmp_301_fu_3072_p2    |    or    |      0|  0|  11|          11|           6|
    |tmp_303_fu_3086_p2    |    or    |      0|  0|  11|          11|           6|
    |tmp_305_fu_3162_p2    |    or    |      0|  0|  11|          11|           6|
    |tmp_307_fu_3176_p2    |    or    |      0|  0|  11|          11|           6|
    |tmp_309_fu_3206_p2    |    or    |      0|  0|  11|          11|           6|
    |tmp_311_fu_3220_p2    |    or    |      0|  0|  11|          11|           6|
    |tmp_313_fu_3296_p2    |    or    |      0|  0|  11|          11|           6|
    |tmp_315_fu_3310_p2    |    or    |      0|  0|  11|          11|           6|
    |tmp_317_fu_3340_p2    |    or    |      0|  0|  11|          11|           6|
    |tmp_319_fu_3354_p2    |    or    |      0|  0|  11|          11|           6|
    |tmp_321_fu_3430_p2    |    or    |      0|  0|  11|          11|           6|
    |tmp_323_fu_3444_p2    |    or    |      0|  0|  11|          11|           6|
    |tmp_325_fu_3474_p2    |    or    |      0|  0|  11|          11|           6|
    |tmp_327_fu_3488_p2    |    or    |      0|  0|  11|          11|           6|
    |tmp_329_fu_3564_p2    |    or    |      0|  0|  11|          11|           6|
    |tmp_331_fu_3578_p2    |    or    |      0|  0|  11|          11|           6|
    |tmp_333_fu_3628_p2    |    or    |      0|  0|  11|          11|           6|
    |tmp_335_fu_3642_p2    |    or    |      0|  0|  11|          11|           6|
    |tmp_337_fu_5890_p2    |    or    |      0|  0|  11|          11|           7|
    |tmp_339_fu_5904_p2    |    or    |      0|  0|  11|          11|           7|
    |tmp_341_fu_5954_p2    |    or    |      0|  0|  11|          11|           7|
    |tmp_343_fu_5968_p2    |    or    |      0|  0|  11|          11|           7|
    |tmp_345_fu_6038_p2    |    or    |      0|  0|  11|          11|           7|
    |tmp_347_fu_6052_p2    |    or    |      0|  0|  11|          11|           7|
    |tmp_349_fu_6091_p2    |    or    |      0|  0|  11|          11|           7|
    |tmp_351_fu_6105_p2    |    or    |      0|  0|  11|          11|           7|
    |tmp_353_fu_6181_p2    |    or    |      0|  0|  11|          11|           7|
    |tmp_355_fu_6195_p2    |    or    |      0|  0|  11|          11|           7|
    |tmp_357_fu_6225_p2    |    or    |      0|  0|  11|          11|           7|
    |tmp_359_fu_6239_p2    |    or    |      0|  0|  11|          11|           7|
    |tmp_361_fu_3692_p2    |    or    |      0|  0|  11|          11|           7|
    |tmp_363_fu_3706_p2    |    or    |      0|  0|  11|          11|           7|
    |tmp_365_fu_3736_p2    |    or    |      0|  0|  11|          11|           7|
    |tmp_367_fu_3750_p2    |    or    |      0|  0|  11|          11|           7|
    |tmp_369_fu_6315_p2    |    or    |      0|  0|  11|          11|           7|
    |tmp_371_fu_6329_p2    |    or    |      0|  0|  11|          11|           7|
    |tmp_373_fu_6379_p2    |    or    |      0|  0|  11|          11|           7|
    |tmp_375_fu_6393_p2    |    or    |      0|  0|  11|          11|           7|
    |tmp_377_fu_6463_p2    |    or    |      0|  0|  11|          11|           7|
    |tmp_379_fu_6477_p2    |    or    |      0|  0|  11|          11|           7|
    |tmp_381_fu_6507_p2    |    or    |      0|  0|  11|          11|           7|
    |tmp_383_fu_6521_p2    |    or    |      0|  0|  11|          11|           7|
    |tmp_385_fu_6597_p2    |    or    |      0|  0|  11|          11|           7|
    |tmp_387_fu_6611_p2    |    or    |      0|  0|  11|          11|           7|
    |tmp_389_fu_6641_p2    |    or    |      0|  0|  11|          11|           7|
    |tmp_391_fu_6655_p2    |    or    |      0|  0|  11|          11|           7|
    |tmp_393_fu_3836_p2    |    or    |      0|  0|  11|          11|           7|
    |tmp_395_fu_3850_p2    |    or    |      0|  0|  11|          11|           7|
    |tmp_397_fu_3889_p2    |    or    |      0|  0|  11|          11|           7|
    |tmp_399_fu_3903_p2    |    or    |      0|  0|  11|          11|           7|
    |tmp_401_fu_6731_p2    |    or    |      0|  0|  11|          11|           7|
    |tmp_403_fu_6745_p2    |    or    |      0|  0|  11|          11|           7|
    |tmp_405_fu_6795_p2    |    or    |      0|  0|  11|          11|           7|
    |tmp_407_fu_6809_p2    |    or    |      0|  0|  11|          11|           7|
    |tmp_409_fu_3979_p2    |    or    |      0|  0|  11|          11|           7|
    |tmp_411_fu_3993_p2    |    or    |      0|  0|  11|          11|           7|
    |tmp_413_fu_4023_p2    |    or    |      0|  0|  11|          11|           7|
    |tmp_415_fu_4037_p2    |    or    |      0|  0|  11|          11|           7|
    |tmp_417_fu_6879_p2    |    or    |      0|  0|  11|          11|           7|
    |tmp_419_fu_6893_p2    |    or    |      0|  0|  11|          11|           7|
    |tmp_421_fu_6943_p2    |    or    |      0|  0|  11|          11|           7|
    |tmp_423_fu_6957_p2    |    or    |      0|  0|  11|          11|           7|
    |tmp_425_fu_4113_p2    |    or    |      0|  0|  11|          11|           7|
    |tmp_427_fu_4127_p2    |    or    |      0|  0|  11|          11|           7|
    |tmp_429_fu_4157_p2    |    or    |      0|  0|  11|          11|           7|
    |tmp_431_fu_4171_p2    |    or    |      0|  0|  11|          11|           7|
    |tmp_433_fu_4247_p2    |    or    |      0|  0|  11|          11|           7|
    |tmp_435_fu_4261_p2    |    or    |      0|  0|  11|          11|           7|
    |tmp_437_fu_4291_p2    |    or    |      0|  0|  11|          11|           7|
    |tmp_439_fu_4305_p2    |    or    |      0|  0|  11|          11|           7|
    |tmp_441_fu_4381_p2    |    or    |      0|  0|  11|          11|           7|
    |tmp_443_fu_4395_p2    |    or    |      0|  0|  11|          11|           7|
    |tmp_445_fu_4425_p2    |    or    |      0|  0|  11|          11|           7|
    |tmp_447_fu_4439_p2    |    or    |      0|  0|  11|          11|           7|
    |tmp_449_fu_4515_p2    |    or    |      0|  0|  11|          11|           7|
    |tmp_451_fu_4529_p2    |    or    |      0|  0|  11|          11|           7|
    |tmp_453_fu_4559_p2    |    or    |      0|  0|  11|          11|           7|
    |tmp_455_fu_4573_p2    |    or    |      0|  0|  11|          11|           7|
    |tmp_457_fu_4649_p2    |    or    |      0|  0|  11|          11|           7|
    |tmp_459_fu_4663_p2    |    or    |      0|  0|  11|          11|           7|
    |tmp_461_fu_4713_p2    |    or    |      0|  0|  11|          11|           7|
    |tmp_463_fu_4727_p2    |    or    |      0|  0|  11|          11|           7|
    |ap_enable_pp0         |    xor   |      0|  0|   2|           1|           2|
    +----------------------+----------+-------+---+----+------------+------------+
    |Total                 |          |      0|  0|3229|        4862|        4232|
    +----------------------+----------+-------+---+----+------------+------------+

    * Multiplexer: 
    +-----------------------------+----+-----------+-----+-----------+
    |             Name            | LUT| Input Size| Bits| Total Bits|
    +-----------------------------+----+-----------+-----+-----------+
    |Weight_lc_V_address0         |  11|         65|   11|        715|
    |Weight_lc_V_address1         |  11|         65|   11|        715|
    |ap_NS_fsm                    |  11|         67|    1|         67|
    |ap_enable_reg_pp0_iter1      |   3|          2|    1|          2|
    |ap_phi_mux_i_phi_fu_2658_p4  |   3|          2|    4|          8|
    |i_reg_2654                   |   3|          2|    4|          8|
    |in_V_address0                |  11|         65|    7|        455|
    |in_V_address1                |  11|         65|    7|        455|
    +-----------------------------+----+-----------+-----+-----------+
    |Total                        |  64|        333|   46|       2425|
    +-----------------------------+----+-----------+-----+-----------+

    * Register: 
    +----------------------------------+----+----+-----+-----------+
    |               Name               | FF | LUT| Bits| Const Bits|
    +----------------------------------+----+----+-----+-----------+
    |ap_CS_fsm                         |  66|   0|   66|          0|
    |ap_enable_reg_pp0_iter0           |   1|   0|    1|          0|
    |ap_enable_reg_pp0_iter1           |   1|   0|    1|          0|
    |exitcond6_reg_8548                |   1|   0|    1|          0|
    |exitcond6_reg_8548_pp0_iter1_reg  |   1|   0|    1|          0|
    |i_5_reg_8552                      |   4|   0|    4|          0|
    |i_reg_2654                        |   4|   0|    4|          0|
    |p_Val2_s_reg_10202                |   6|   0|    6|          0|
    |r_V_12_100_reg_9167               |  23|   0|   23|          0|
    |r_V_12_101_reg_9187               |  23|   0|   23|          0|
    |r_V_12_102_reg_9192               |  23|   0|   23|          0|
    |r_V_12_103_reg_10157              |  23|   0|   23|          0|
    |r_V_12_104_reg_10162              |  23|   0|   23|          0|
    |r_V_12_105_reg_10177              |  23|   0|   23|          0|
    |r_V_12_106_reg_10182              |  23|   0|   23|          0|
    |r_V_12_107_reg_9207               |  23|   0|   23|          0|
    |r_V_12_108_reg_9212               |  23|   0|   23|          0|
    |r_V_12_109_reg_9232               |  23|   0|   23|          0|
    |r_V_12_10_reg_9562                |  23|   0|   23|          0|
    |r_V_12_110_reg_9237               |  23|   0|   23|          0|
    |r_V_12_111_reg_9252               |  23|   0|   23|          0|
    |r_V_12_112_reg_9257               |  23|   0|   23|          0|
    |r_V_12_113_reg_9277               |  23|   0|   23|          0|
    |r_V_12_114_reg_9282               |  23|   0|   23|          0|
    |r_V_12_115_reg_9297               |  23|   0|   23|          0|
    |r_V_12_116_reg_9302               |  23|   0|   23|          0|
    |r_V_12_117_reg_9322               |  23|   0|   23|          0|
    |r_V_12_118_reg_9327               |  23|   0|   23|          0|
    |r_V_12_119_reg_9342               |  23|   0|   23|          0|
    |r_V_12_11_reg_8707                |  23|   0|   23|          0|
    |r_V_12_120_reg_9347               |  23|   0|   23|          0|
    |r_V_12_121_reg_9367               |  23|   0|   23|          0|
    |r_V_12_122_reg_9372               |  23|   0|   23|          0|
    |r_V_12_123_reg_9392               |  23|   0|   23|          0|
    |r_V_12_124_reg_9397               |  23|   0|   23|          0|
    |r_V_12_125_reg_9417               |  23|   0|   23|          0|
    |r_V_12_126_reg_9422               |  23|   0|   23|          0|
    |r_V_12_12_reg_8712                |  23|   0|   23|          0|
    |r_V_12_13_reg_8727                |  23|   0|   23|          0|
    |r_V_12_14_reg_8732                |  23|   0|   23|          0|
    |r_V_12_15_reg_9582                |  23|   0|   23|          0|
    |r_V_12_16_reg_9587                |  23|   0|   23|          0|
    |r_V_12_17_reg_9607                |  23|   0|   23|          0|
    |r_V_12_18_reg_9612                |  23|   0|   23|          0|
    |r_V_12_19_reg_9627                |  23|   0|   23|          0|
    |r_V_12_1_reg_9442                 |  23|   0|   23|          0|
    |r_V_12_20_reg_9632                |  23|   0|   23|          0|
    |r_V_12_21_reg_9652                |  23|   0|   23|          0|
    |r_V_12_22_reg_9657                |  23|   0|   23|          0|
    |r_V_12_23_reg_9672                |  23|   0|   23|          0|
    |r_V_12_24_reg_9677                |  23|   0|   23|          0|
    |r_V_12_25_reg_9697                |  23|   0|   23|          0|
    |r_V_12_26_reg_9702                |  23|   0|   23|          0|
    |r_V_12_27_reg_8747                |  23|   0|   23|          0|
    |r_V_12_28_reg_8752                |  23|   0|   23|          0|
    |r_V_12_29_reg_8772                |  23|   0|   23|          0|
    |r_V_12_2_reg_9462                 |  23|   0|   23|          0|
    |r_V_12_30_reg_8777                |  23|   0|   23|          0|
    |r_V_12_31_reg_9722                |  23|   0|   23|          0|
    |r_V_12_32_reg_9727                |  23|   0|   23|          0|
    |r_V_12_33_reg_9747                |  23|   0|   23|          0|
    |r_V_12_34_reg_9752                |  23|   0|   23|          0|
    |r_V_12_35_reg_8792                |  23|   0|   23|          0|
    |r_V_12_36_reg_8797                |  23|   0|   23|          0|
    |r_V_12_37_reg_8817                |  23|   0|   23|          0|
    |r_V_12_38_reg_8822                |  23|   0|   23|          0|
    |r_V_12_39_reg_9772                |  23|   0|   23|          0|
    |r_V_12_3_reg_9467                 |  23|   0|   23|          0|
    |r_V_12_40_reg_9777                |  23|   0|   23|          0|
    |r_V_12_41_reg_9797                |  23|   0|   23|          0|
    |r_V_12_42_reg_9802                |  23|   0|   23|          0|
    |r_V_12_43_reg_8837                |  23|   0|   23|          0|
    |r_V_12_44_reg_8842                |  23|   0|   23|          0|
    |r_V_12_45_reg_8862                |  23|   0|   23|          0|
    |r_V_12_46_reg_8867                |  23|   0|   23|          0|
    |r_V_12_47_reg_8882                |  23|   0|   23|          0|
    |r_V_12_48_reg_8887                |  23|   0|   23|          0|
    |r_V_12_49_reg_8907                |  23|   0|   23|          0|
    |r_V_12_4_reg_9487                 |  23|   0|   23|          0|
    |r_V_12_50_reg_8912                |  23|   0|   23|          0|
    |r_V_12_51_reg_8927                |  23|   0|   23|          0|
    |r_V_12_52_reg_8932                |  23|   0|   23|          0|
    |r_V_12_53_reg_8952                |  23|   0|   23|          0|
    |r_V_12_54_reg_8957                |  23|   0|   23|          0|
    |r_V_12_55_reg_8972                |  23|   0|   23|          0|
    |r_V_12_56_reg_8977                |  23|   0|   23|          0|
    |r_V_12_57_reg_8997                |  23|   0|   23|          0|
    |r_V_12_58_reg_9002                |  23|   0|   23|          0|
    |r_V_12_59_reg_9022                |  23|   0|   23|          0|
    |r_V_12_5_reg_9492                 |  23|   0|   23|          0|
    |r_V_12_60_reg_9027                |  23|   0|   23|          0|
    |r_V_12_61_reg_9047                |  23|   0|   23|          0|
    |r_V_12_62_reg_9052                |  23|   0|   23|          0|
    |r_V_12_63_reg_9822                |  23|   0|   23|          0|
    |r_V_12_64_reg_9827                |  23|   0|   23|          0|
    |r_V_12_65_reg_9847                |  23|   0|   23|          0|
    |r_V_12_66_reg_9852                |  23|   0|   23|          0|
    |r_V_12_67_reg_9872                |  23|   0|   23|          0|
    |r_V_12_68_reg_9877                |  23|   0|   23|          0|
    |r_V_12_69_reg_9897                |  23|   0|   23|          0|
    |r_V_12_6_reg_9512                 |  23|   0|   23|          0|
    |r_V_12_70_reg_9902                |  23|   0|   23|          0|
    |r_V_12_71_reg_9917                |  23|   0|   23|          0|
    |r_V_12_72_reg_9922                |  23|   0|   23|          0|
    |r_V_12_73_reg_9942                |  23|   0|   23|          0|
    |r_V_12_74_reg_9947                |  23|   0|   23|          0|
    |r_V_12_75_reg_9067                |  23|   0|   23|          0|
    |r_V_12_76_reg_9072                |  23|   0|   23|          0|
    |r_V_12_77_reg_9092                |  23|   0|   23|          0|
    |r_V_12_78_reg_9097                |  23|   0|   23|          0|
    |r_V_12_79_reg_9967                |  23|   0|   23|          0|
    |r_V_12_7_reg_9517                 |  23|   0|   23|          0|
    |r_V_12_80_reg_9972                |  23|   0|   23|          0|
    |r_V_12_81_reg_9992                |  23|   0|   23|          0|
    |r_V_12_82_reg_9997                |  23|   0|   23|          0|
    |r_V_12_83_reg_10012               |  23|   0|   23|          0|
    |r_V_12_84_reg_10017               |  23|   0|   23|          0|
    |r_V_12_85_reg_10037               |  23|   0|   23|          0|
    |r_V_12_86_reg_10042               |  23|   0|   23|          0|
    |r_V_12_87_reg_10057               |  23|   0|   23|          0|
    |r_V_12_88_reg_10062               |  23|   0|   23|          0|
    |r_V_12_89_reg_10082               |  23|   0|   23|          0|
    |r_V_12_8_reg_9532                 |  23|   0|   23|          0|
    |r_V_12_90_reg_10087               |  23|   0|   23|          0|
    |r_V_12_91_reg_9117                |  23|   0|   23|          0|
    |r_V_12_92_reg_9122                |  23|   0|   23|          0|
    |r_V_12_93_reg_9142                |  23|   0|   23|          0|
    |r_V_12_94_reg_9147                |  23|   0|   23|          0|
    |r_V_12_95_reg_10107               |  23|   0|   23|          0|
    |r_V_12_96_reg_10112               |  23|   0|   23|          0|
    |r_V_12_97_reg_10132               |  23|   0|   23|          0|
    |r_V_12_98_reg_10137               |  23|   0|   23|          0|
    |r_V_12_99_reg_9162                |  23|   0|   23|          0|
    |r_V_12_9_reg_9537                 |  23|   0|   23|          0|
    |r_V_12_reg_9437                   |  23|   0|   23|          0|
    |r_V_12_s_reg_9557                 |  23|   0|   23|          0|
    |tmp100_reg_10142                  |  23|   0|   27|          4|
    |tmp102_reg_9217                   |  23|   0|   27|          4|
    |tmp107_reg_10187                  |  23|   0|   27|          4|
    |tmp109_reg_9262                   |  23|   0|   27|          4|
    |tmp112_reg_9472                   |  23|   0|   27|          4|
    |tmp114_reg_9307                   |  23|   0|   27|          4|
    |tmp117_reg_9352                   |  23|   0|   27|          4|
    |tmp120_reg_9447                   |  23|   0|   27|          4|
    |tmp122_reg_9377                   |  23|   0|   27|          4|
    |tmp123_reg_9402                   |  23|   0|   27|          4|
    |tmp13_reg_9567                    |  23|   0|   27|          4|
    |tmp15_reg_8757                    |  23|   0|   27|          4|
    |tmp18_reg_9732                    |  23|   0|   27|          4|
    |tmp1_reg_9857                     |  23|   0|   27|          4|
    |tmp20_reg_9637                    |  23|   0|   27|          4|
    |tmp23_reg_9682                    |  23|   0|   27|          4|
    |tmp28_reg_9707                    |  23|   0|   27|          4|
    |tmp30_reg_8802                    |  23|   0|   27|          4|
    |tmp33_reg_9832                    |  23|   0|   27|          4|
    |tmp35_reg_9782                    |  23|   0|   27|          4|
    |tmp37_reg_9757                    |  23|   0|   27|          4|
    |tmp39_reg_8847                    |  23|   0|   27|          4|
    |tmp3_reg_9592                     |  23|   0|   27|          4|
    |tmp44_reg_9807                    |  23|   0|   27|          4|
    |tmp46_reg_8892                    |  23|   0|   27|          4|
    |tmp49_reg_9102                    |  23|   0|   27|          4|
    |tmp51_reg_8937                    |  23|   0|   27|          4|
    |tmp54_reg_8982                    |  23|   0|   27|          4|
    |tmp57_reg_9077                    |  23|   0|   27|          4|
    |tmp59_reg_9007                    |  23|   0|   27|          4|
    |tmp5_reg_9497                     |  23|   0|   27|          4|
    |tmp60_reg_9032                    |  23|   0|   27|          4|
    |tmp66_reg_9977                    |  23|   0|   27|          4|
    |tmp68_reg_9882                    |  23|   0|   27|          4|
    |tmp71_reg_9927                    |  23|   0|   27|          4|
    |tmp76_reg_9952                    |  23|   0|   27|          4|
    |tmp78_reg_9127                    |  23|   0|   27|          4|
    |tmp81_reg_10117                   |  23|   0|   27|          4|
    |tmp83_reg_10022                   |  23|   0|   27|          4|
    |tmp86_reg_10067                   |  23|   0|   27|          4|
    |tmp8_reg_9542                     |  23|   0|   27|          4|
    |tmp91_reg_10092                   |  23|   0|   27|          4|
    |tmp93_reg_9172                    |  23|   0|   27|          4|
    |tmp96_reg_10197                   |  23|   0|   27|          4|
    |tmp98_reg_10167                   |  23|   0|   27|          4|
    |tmp_207_reg_8557                  |   4|   0|   11|          7|
    |tmp_reg_10172                     |   4|   0|   64|         60|
    +----------------------------------+----+----+-----+-----------+
    |Total                             |4071|   0| 4318|        247|
    +----------------------------------+----+----+-----+-----------+



================================================================
== Interface
================================================================
* Summary: 
+----------------+-----+-----+------------+--------------+--------------+
|    RTL Ports   | Dir | Bits|  Protocol  | Source Object|    C Type    |
+----------------+-----+-----+------------+--------------+--------------+
|ap_clk          |  in |    1| ap_ctrl_hs |   fc_layer   | return value |
|ap_rst          |  in |    1| ap_ctrl_hs |   fc_layer   | return value |
|ap_start        |  in |    1| ap_ctrl_hs |   fc_layer   | return value |
|ap_done         | out |    1| ap_ctrl_hs |   fc_layer   | return value |
|ap_idle         | out |    1| ap_ctrl_hs |   fc_layer   | return value |
|ap_ready        | out |    1| ap_ctrl_hs |   fc_layer   | return value |
|in_V_address0   | out |    7|  ap_memory |     in_V     |     array    |
|in_V_ce0        | out |    1|  ap_memory |     in_V     |     array    |
|in_V_q0         |  in |   16|  ap_memory |     in_V     |     array    |
|in_V_address1   | out |    7|  ap_memory |     in_V     |     array    |
|in_V_ce1        | out |    1|  ap_memory |     in_V     |     array    |
|in_V_q1         |  in |   16|  ap_memory |     in_V     |     array    |
|out_V_address0  | out |    4|  ap_memory |     out_V    |     array    |
|out_V_ce0       | out |    1|  ap_memory |     out_V    |     array    |
|out_V_we0       | out |    1|  ap_memory |     out_V    |     array    |
|out_V_d0        | out |   16|  ap_memory |     out_V    |     array    |
+----------------+-----+-----+------------+--------------+--------------+

