

================================================================
== Vivado HLS Report for 'tanh'
================================================================
* Date:           Sun Apr 27 23:37:15 2025

* Version:        2018.3 (Build 2405991 on Thu Dec 06 23:56:15 MST 2018)
* Project:        lstm_hls_fixed8
* Solution:       solution1
* Product family: zynq
* Target device:  xc7z020clg400-2


================================================================
== Performance Estimates
================================================================
+ Timing (ns): 
    * Summary: 
    +--------+-------+----------+------------+
    |  Clock | Target| Estimated| Uncertainty|
    +--------+-------+----------+------------+
    |ap_clk  |  10.00|     8.719|        1.25|
    +--------+-------+----------+------------+

+ Latency (clock cycles): 
    * Summary: 
    +-----+-----+-----+-----+---------+
    |  Latency  |  Interval | Pipeline|
    | min | max | min | max |   Type  |
    +-----+-----+-----+-----+---------+
    |  159|  159|  159|  159|   none  |
    +-----+-----+-----+-----+---------+

    + Detail: 
        * Instance: 
        N/A

        * Loop: 
        +----------+-----+-----+----------+-----------+-----------+------+----------+
        |          |  Latency  | Iteration|  Initiation Interval  | Trip |          |
        | Loop Name| min | max |  Latency |  achieved |   target  | Count| Pipelined|
        +----------+-----+-----+----------+-----------+-----------+------+----------+
        |- Loop 1  |  157|  157|        31|          1|          1|   128|    yes   |
        +----------+-----+-----+----------+-----------+-----------+------+----------+



================================================================
== Utilization Estimates
================================================================
* Summary: 
+-----------------+---------+-------+--------+-------+
|       Name      | BRAM_18K| DSP48E|   FF   |  LUT  |
+-----------------+---------+-------+--------+-------+
|DSP              |        -|      -|       -|      -|
|Expression       |        -|      -|      40|   1214|
|FIFO             |        -|      -|       -|      -|
|Instance         |        -|     18|    1765|   3754|
|Memory           |        -|      -|       -|      -|
|Multiplexer      |        -|      -|       -|     12|
|Register         |        0|      -|     666|     96|
+-----------------+---------+-------+--------+-------+
|Total            |        0|     18|    2471|   5076|
+-----------------+---------+-------+--------+-------+
|Available        |      280|    220|  106400|  53200|
+-----------------+---------+-------+--------+-------+
|Utilization (%)  |        0|      8|       2|      9|
+-----------------+---------+-------+--------+-------+

+ Detail: 
    * Instance: 
    +---------------------------+----------------------+---------+-------+-----+-----+
    |          Instance         |        Module        | BRAM_18K| DSP48E|  FF | LUT |
    +---------------------------+----------------------+---------+-------+-----+-----+
    |LSTM_Top_fadd_32ncud_U179  |LSTM_Top_fadd_32ncud  |        0|      2|  227|  404|
    |LSTM_Top_fdiv_32ndEe_U180  |LSTM_Top_fdiv_32ndEe  |        0|      0|  563|  991|
    |LSTM_Top_fexp_32nfYi_U182  |LSTM_Top_fexp_32nfYi  |        0|      7|  324|  906|
    |LSTM_Top_fexp_32nfYi_U183  |LSTM_Top_fexp_32nfYi  |        0|      7|  324|  906|
    |LSTM_Top_fpext_32eOg_U181  |LSTM_Top_fpext_32eOg  |        0|      0|  100|  143|
    |LSTM_Top_fsub_32ng8j_U178  |LSTM_Top_fsub_32ng8j  |        0|      2|  227|  404|
    +---------------------------+----------------------+---------+-------+-----+-----+
    |Total                      |                      |        0|     18| 1765| 3754|
    +---------------------------+----------------------+---------+-------+-----+-----+

    * DSP48: 
    N/A

    * Memory: 
    N/A

    * FIFO: 
    N/A

    * Expression: 
    +------------------------------+----------+-------+----+-----+------------+------------+
    |         Variable Name        | Operation| DSP48E| FF | LUT | Bitwidth P0| Bitwidth P1|
    +------------------------------+----------+-------+----+-----+------------+------------+
    |i_1_fu_190_p2                 |     +    |      0|   0|    8|           8|           1|
    |lsb_index_fu_268_p2           |     +    |      0|   0|   32|           6|          32|
    |m_2_fu_412_p2                 |     +    |      0|   0|   32|          32|          32|
    |p_Repl2_2_trunc_fu_452_p2     |     +    |      0|   0|    8|           8|           8|
    |tmp_12_fu_383_p2              |     +    |      0|   0|   32|           6|          32|
    |tmp_47_fu_580_p2              |     +    |      0|   0|   12|           5|          12|
    |tmp_9_fu_341_p2               |     +    |      0|   0|   16|           6|          16|
    |F2_fu_545_p2                  |     -    |      0|   0|   12|          11|          12|
    |man_V_1_fu_562_p2             |     -    |      0|   0|   54|           1|          54|
    |tmp_14_fu_394_p2              |     -    |      0|   0|   32|           5|          32|
    |tmp_39_fu_447_p2              |     -    |      0|   0|    8|           3|           8|
    |tmp_3_fu_259_p2               |     -    |      0|   0|   32|           5|          32|
    |tmp_48_fu_585_p2              |     -    |      0|   0|   12|           4|          12|
    |tmp_65_fu_294_p2              |     -    |      0|   0|    7|           4|           5|
    |tmp_V_fu_215_p2               |     -    |      0|   0|   16|           1|          16|
    |a_fu_321_p2                   |    and   |      0|   0|    1|           1|           1|
    |p_Result_16_fu_310_p2         |    and   |      0|   0|   16|          16|          16|
    |sel_tmp2_fu_685_p2            |    and   |      0|   0|    1|           1|           1|
    |sel_tmp3_fu_738_p2            |    and   |      0|   0|    1|           1|           1|
    |sel_tmp7_fu_702_p2            |    and   |      0|   0|    1|           1|           1|
    |sel_tmp9_fu_714_p2            |    and   |      0|   0|    1|           1|           1|
    |sel_tmp_fu_720_p2             |    and   |      0|   0|    1|           1|           1|
    |tmp_2_fu_354_p2               |    and   |      0|   0|    1|           1|           1|
    |tmp_52_fu_637_p2              |   ashr   |      0|   0|  162|          54|          54|
    |l_fu_247_p3                   |   cttz   |      0|  40|   36|          32|           0|
    |exitcond_fu_184_p2            |   icmp   |      0|   0|    5|           8|           9|
    |icmp2_fu_627_p2               |   icmp   |      0|   0|    4|           8|           1|
    |icmp_fu_284_p2                |   icmp   |      0|   0|   12|          31|           1|
    |tmp_11_fu_374_p2              |   icmp   |      0|   0|   12|          32|           1|
    |tmp_1_fu_201_p2               |   icmp   |      0|   0|    7|          16|           1|
    |tmp_45_fu_539_p2              |   icmp   |      0|   0|   23|          63|           1|
    |tmp_46_fu_575_p2              |   icmp   |      0|   0|    5|          12|           4|
    |tmp_49_fu_602_p2              |   icmp   |      0|   0|    5|          12|           4|
    |tmp_50_fu_611_p2              |   icmp   |      0|   0|    5|          12|           6|
    |tmp_6_fu_315_p2               |   icmp   |      0|   0|    7|          16|           1|
    |tmp_13_fu_388_p2              |   lshr   |      0|   0|   85|          32|          32|
    |tmp_67_fu_304_p2              |   lshr   |      0|   0|   35|           2|          16|
    |or_cond3_fu_766_p2            |    or    |      0|   0|    1|           1|           1|
    |or_cond4_fu_780_p2            |    or    |      0|   0|    1|           1|           1|
    |or_cond_fu_752_p2             |    or    |      0|   0|    1|           1|           1|
    |sel_tmp21_demorgan_fu_726_p2  |    or    |      0|   0|    1|           1|           1|
    |sel_tmp6_demorgan_fu_691_p2   |    or    |      0|   0|    1|           1|           1|
    |tmp_38_fu_360_p2              |    or    |      0|   0|    1|           1|           1|
    |grp_fu_174_p1                 |  select  |      0|   0|   32|           1|           1|
    |grp_fu_179_p1                 |  select  |      0|   0|   33|           1|          33|
    |m_1_fu_405_p3                 |  select  |      0|   0|   32|           1|          32|
    |man_V_2_fu_568_p3             |  select  |      0|   0|   54|           1|          54|
    |newSel4_fu_758_p3             |  select  |      0|   0|   16|           1|          16|
    |newSel5_fu_772_p3             |  select  |      0|   0|   16|           1|          16|
    |newSel6_fu_786_p3             |  select  |      0|   0|   16|           1|          16|
    |newSel_fu_744_p3              |  select  |      0|   0|   16|           1|          16|
    |sh_amt_fu_590_p3              |  select  |      0|   0|   12|           1|          12|
    |tmp_129_cast_cast_fu_439_p3   |  select  |      0|   0|    7|           1|           7|
    |tmp_53_fu_658_p3              |  select  |      0|   0|    2|           1|           2|
    |tmp_V_8_fu_221_p3             |  select  |      0|   0|   16|           1|          16|
    |tmp_15_fu_399_p2              |    shl   |      0|   0|   85|          32|          32|
    |tmp_55_fu_670_p2              |    shl   |      0|   0|   85|          32|          32|
    |ap_enable_pp0                 |    xor   |      0|   0|    2|           1|           2|
    |ap_enable_reg_pp0_iter1       |    xor   |      0|   0|    2|           2|           1|
    |p_Result_60_op_fu_488_p2      |    xor   |      0|   0|   33|          32|          33|
    |rev_fu_335_p2                 |    xor   |      0|   0|    2|           1|           2|
    |sel_tmp1_fu_680_p2            |    xor   |      0|   0|    2|           1|           2|
    |sel_tmp5_fu_732_p2            |    xor   |      0|   0|    2|           1|           2|
    |sel_tmp6_fu_696_p2            |    xor   |      0|   0|    2|           1|           2|
    |sel_tmp8_fu_708_p2            |    xor   |      0|   0|    2|           1|           2|
    +------------------------------+----------+-------+----+-----+------------+------------+
    |Total                         |          |      0|  40| 1214|         580|         795|
    +------------------------------+----------+-------+----+-----+------------+------------+

    * Multiplexer: 
    +--------------------------+----+-----------+-----+-----------+
    |           Name           | LUT| Input Size| Bits| Total Bits|
    +--------------------------+----+-----------+-----+-----------+
    |ap_NS_fsm                 |   3|          4|    1|          4|
    |ap_enable_reg_pp0_iter1   |   3|          2|    1|          2|
    |ap_enable_reg_pp0_iter30  |   3|          2|    1|          2|
    |i_reg_148                 |   3|          2|    8|         16|
    +--------------------------+----+-----------+-----+-----------+
    |Total                     |  12|         10|   11|         24|
    +--------------------------+----+-----------+-----+-----------+

    * Register: 
    +-----------------------------------+----+----+-----+-----------+
    |                Name               | FF | LUT| Bits| Const Bits|
    +-----------------------------------+----+----+-----+-----------+
    |F2_reg_917                         |  12|   0|   12|          0|
    |ap_CS_fsm                          |   3|   0|    3|          0|
    |ap_enable_reg_pp0_iter0            |   1|   0|    1|          0|
    |ap_enable_reg_pp0_iter1            |   1|   0|    1|          0|
    |ap_enable_reg_pp0_iter10           |   1|   0|    1|          0|
    |ap_enable_reg_pp0_iter11           |   1|   0|    1|          0|
    |ap_enable_reg_pp0_iter12           |   1|   0|    1|          0|
    |ap_enable_reg_pp0_iter13           |   1|   0|    1|          0|
    |ap_enable_reg_pp0_iter14           |   1|   0|    1|          0|
    |ap_enable_reg_pp0_iter15           |   1|   0|    1|          0|
    |ap_enable_reg_pp0_iter16           |   1|   0|    1|          0|
    |ap_enable_reg_pp0_iter17           |   1|   0|    1|          0|
    |ap_enable_reg_pp0_iter18           |   1|   0|    1|          0|
    |ap_enable_reg_pp0_iter19           |   1|   0|    1|          0|
    |ap_enable_reg_pp0_iter2            |   1|   0|    1|          0|
    |ap_enable_reg_pp0_iter20           |   1|   0|    1|          0|
    |ap_enable_reg_pp0_iter21           |   1|   0|    1|          0|
    |ap_enable_reg_pp0_iter22           |   1|   0|    1|          0|
    |ap_enable_reg_pp0_iter23           |   1|   0|    1|          0|
    |ap_enable_reg_pp0_iter24           |   1|   0|    1|          0|
    |ap_enable_reg_pp0_iter25           |   1|   0|    1|          0|
    |ap_enable_reg_pp0_iter26           |   1|   0|    1|          0|
    |ap_enable_reg_pp0_iter27           |   1|   0|    1|          0|
    |ap_enable_reg_pp0_iter28           |   1|   0|    1|          0|
    |ap_enable_reg_pp0_iter29           |   1|   0|    1|          0|
    |ap_enable_reg_pp0_iter3            |   1|   0|    1|          0|
    |ap_enable_reg_pp0_iter30           |   1|   0|    1|          0|
    |ap_enable_reg_pp0_iter4            |   1|   0|    1|          0|
    |ap_enable_reg_pp0_iter5            |   1|   0|    1|          0|
    |ap_enable_reg_pp0_iter6            |   1|   0|    1|          0|
    |ap_enable_reg_pp0_iter7            |   1|   0|    1|          0|
    |ap_enable_reg_pp0_iter8            |   1|   0|    1|          0|
    |ap_enable_reg_pp0_iter9            |   1|   0|    1|          0|
    |exitcond_reg_794                   |   1|   0|    1|          0|
    |i_reg_148                          |   8|   0|    8|          0|
    |l_reg_831                          |  32|   0|   32|          0|
    |newSel6_reg_925                    |  16|   0|   16|          0|
    |p_Result_21_reg_819                |   1|   0|    1|          0|
    |p_Result_21_reg_819_pp0_iter2_reg  |   1|   0|    1|          0|
    |p_Result_23_reg_857                |  32|   0|   32|          0|
    |p_Result_24_reg_901                |   1|   0|    1|          0|
    |tmp_10_reg_847                     |   1|   0|   32|         31|
    |tmp_11_reg_852                     |   1|   0|    1|          0|
    |tmp_1_reg_813                      |   1|   0|    1|          0|
    |tmp_3_reg_841                      |  32|   0|   32|          0|
    |tmp_41_reg_885                     |  32|   0|   32|          0|
    |tmp_42_reg_890                     |  32|   0|   32|          0|
    |tmp_45_reg_911                     |   1|   0|    1|          0|
    |tmp_71_reg_836                     |   8|   0|    8|          0|
    |tmp_71_reg_836_pp0_iter2_reg       |   8|   0|    8|          0|
    |tmp_74_reg_906                     |  52|   0|   52|          0|
    |tmp_V_8_reg_824                    |  16|   0|   16|          0|
    |tmp_V_8_reg_824_pp0_iter2_reg      |  16|   0|   16|          0|
    |tmp_i_i5_reg_879                   |  32|   0|   32|          0|
    |tmp_i_i_reg_873                    |  32|   0|   32|          0|
    |tmp_reg_803                        |   8|   0|   64|         56|
    |v_assign_reg_895                   |  32|   0|   32|          0|
    |v_assign_reg_895_pp0_iter28_reg    |  32|   0|   32|          0|
    |exitcond_reg_794                   |  64|  32|    1|          0|
    |tmp_1_reg_813                      |  64|  32|    1|          0|
    |tmp_reg_803                        |  64|  32|   64|         56|
    +-----------------------------------+----+----+-----+-----------+
    |Total                              | 666|  96|  627|        143|
    +-----------------------------------+----+----+-----+-----------+



================================================================
== Interface
================================================================
* Summary: 
+----------------+-----+-----+------------+--------------+--------------+
|    RTL Ports   | Dir | Bits|  Protocol  | Source Object|    C Type    |
+----------------+-----+-----+------------+--------------+--------------+
|ap_clk          |  in |    1| ap_ctrl_hs |     tanh     | return value |
|ap_rst          |  in |    1| ap_ctrl_hs |     tanh     | return value |
|ap_start        |  in |    1| ap_ctrl_hs |     tanh     | return value |
|ap_done         | out |    1| ap_ctrl_hs |     tanh     | return value |
|ap_idle         | out |    1| ap_ctrl_hs |     tanh     | return value |
|ap_ready        | out |    1| ap_ctrl_hs |     tanh     | return value |
|res_V_address0  | out |    7|  ap_memory |     res_V    |     array    |
|res_V_ce0       | out |    1|  ap_memory |     res_V    |     array    |
|res_V_we0       | out |    1|  ap_memory |     res_V    |     array    |
|res_V_d0        | out |   16|  ap_memory |     res_V    |     array    |
|x_V_address0    | out |    7|  ap_memory |      x_V     |     array    |
|x_V_ce0         | out |    1|  ap_memory |      x_V     |     array    |
|x_V_q0          |  in |   16|  ap_memory |      x_V     |     array    |
+----------------+-----+-----+------------+--------------+--------------+

