

================================================================
== Vivado HLS Report for 'tanh_1'
================================================================
* Date:           Sun Apr 27 23:37:15 2025

* Version:        2018.3 (Build 2405991 on Thu Dec 06 23:56:15 MST 2018)
* Project:        lstm_hls_fixed8
* Solution:       solution1
* Product family: zynq
* Target device:  xc7z020clg400-2


================================================================
== Performance Estimates
================================================================
+ Timing (ns): 
    * Summary: 
    +--------+-------+----------+------------+
    |  Clock | Target| Estimated| Uncertainty|
    +--------+-------+----------+------------+
    |ap_clk  |  10.00|     8.719|        1.25|
    +--------+-------+----------+------------+

+ Latency (clock cycles): 
    * Summary: 
    +-----+-----+-----+-----+---------+
    |  Latency  |  Interval | Pipeline|
    | min | max | min | max |   Type  |
    +-----+-----+-----+-----+---------+
    |  159|  159|  159|  159|   none  |
    +-----+-----+-----+-----+---------+

    + Detail: 
        * Instance: 
        N/A

        * Loop: 
        +----------+-----+-----+----------+-----------+-----------+------+----------+
        |          |  Latency  | Iteration|  Initiation Interval  | Trip |          |
        | Loop Name| min | max |  Latency |  achieved |   target  | Count| Pipelined|
        +----------+-----+-----+----------+-----------+-----------+------+----------+
        |- Loop 1  |  157|  157|        31|          1|          1|   128|    yes   |
        +----------+-----+-----+----------+-----------+-----------+------+----------+



================================================================
== Utilization Estimates
================================================================
* Summary: 
+-----------------+---------+-------+--------+-------+
|       Name      | BRAM_18K| DSP48E|   FF   |  LUT  |
+-----------------+---------+-------+--------+-------+
|DSP              |        -|      -|       -|      -|
|Expression       |        -|      -|      40|   1214|
|FIFO             |        -|      -|       -|      -|
|Instance         |        -|     18|    1765|   3754|
|Memory           |        -|      -|       -|      -|
|Multiplexer      |        -|      -|       -|     12|
|Register         |        0|      -|     665|     96|
+-----------------+---------+-------+--------+-------+
|Total            |        0|     18|    2470|   5076|
+-----------------+---------+-------+--------+-------+
|Available        |      280|    220|  106400|  53200|
+-----------------+---------+-------+--------+-------+
|Utilization (%)  |        0|      8|       2|      9|
+-----------------+---------+-------+--------+-------+

+ Detail: 
    * Instance: 
    +---------------------------+----------------------+---------+-------+-----+-----+
    |          Instance         |        Module        | BRAM_18K| DSP48E|  FF | LUT |
    +---------------------------+----------------------+---------+-------+-----+-----+
    |LSTM_Top_fadd_32ncud_U171  |LSTM_Top_fadd_32ncud  |        0|      2|  227|  404|
    |LSTM_Top_fdiv_32ndEe_U172  |LSTM_Top_fdiv_32ndEe  |        0|      0|  563|  991|
    |LSTM_Top_fexp_32nfYi_U174  |LSTM_Top_fexp_32nfYi  |        0|      7|  324|  906|
    |LSTM_Top_fexp_32nfYi_U175  |LSTM_Top_fexp_32nfYi  |        0|      7|  324|  906|
    |LSTM_Top_fpext_32eOg_U173  |LSTM_Top_fpext_32eOg  |        0|      0|  100|  143|
    |LSTM_Top_fsub_32ng8j_U170  |LSTM_Top_fsub_32ng8j  |        0|      2|  227|  404|
    +---------------------------+----------------------+---------+-------+-----+-----+
    |Total                      |                      |        0|     18| 1765| 3754|
    +---------------------------+----------------------+---------+-------+-----+-----+

    * DSP48: 
    N/A

    * Memory: 
    N/A

    * FIFO: 
    N/A

    * Expression: 
    +------------------------------+----------+-------+----+-----+------------+------------+
    |         Variable Name        | Operation| DSP48E| FF | LUT | Bitwidth P0| Bitwidth P1|
    +------------------------------+----------+-------+----+-----+------------+------------+
    |i_1_fu_179_p2                 |     +    |      0|   0|    8|           8|           1|
    |lsb_index_fu_257_p2           |     +    |      0|   0|   32|           6|          32|
    |m_2_fu_401_p2                 |     +    |      0|   0|   32|          32|          32|
    |p_Repl2_2_trunc_fu_441_p2     |     +    |      0|   0|    8|           8|           8|
    |tmp_11_fu_372_p2              |     +    |      0|   0|   32|           6|          32|
    |tmp_26_fu_569_p2              |     +    |      0|   0|   12|           5|          12|
    |tmp_9_fu_330_p2               |     +    |      0|   0|   16|           6|          16|
    |F2_fu_534_p2                  |     -    |      0|   0|   12|          11|          12|
    |man_V_1_fu_551_p2             |     -    |      0|   0|   54|           1|          54|
    |tmp_13_fu_383_p2              |     -    |      0|   0|   32|           5|          32|
    |tmp_15_fu_436_p2              |     -    |      0|   0|    8|           3|           8|
    |tmp_27_fu_574_p2              |     -    |      0|   0|   12|           4|          12|
    |tmp_31_fu_283_p2              |     -    |      0|   0|    7|           4|           5|
    |tmp_3_fu_248_p2               |     -    |      0|   0|   32|           5|          32|
    |tmp_V_fu_204_p2               |     -    |      0|   0|   16|           1|          16|
    |a_fu_310_p2                   |    and   |      0|   0|    1|           1|           1|
    |p_Result_4_fu_299_p2          |    and   |      0|   0|   16|          16|          16|
    |sel_tmp2_fu_674_p2            |    and   |      0|   0|    1|           1|           1|
    |sel_tmp4_fu_727_p2            |    and   |      0|   0|    1|           1|           1|
    |sel_tmp7_fu_691_p2            |    and   |      0|   0|    1|           1|           1|
    |sel_tmp9_fu_703_p2            |    and   |      0|   0|    1|           1|           1|
    |sel_tmp_fu_709_p2             |    and   |      0|   0|    1|           1|           1|
    |tmp_2_fu_343_p2               |    and   |      0|   0|    1|           1|           1|
    |tmp_32_fu_626_p2              |   ashr   |      0|   0|  162|          54|          54|
    |l_fu_236_p3                   |   cttz   |      0|  40|   36|          32|           0|
    |exitcond_fu_173_p2            |   icmp   |      0|   0|    5|           8|           9|
    |icmp1_fu_616_p2               |   icmp   |      0|   0|    4|           8|           1|
    |icmp_fu_273_p2                |   icmp   |      0|   0|   12|          31|           1|
    |tmp_10_fu_363_p2              |   icmp   |      0|   0|   12|          32|           1|
    |tmp_1_fu_190_p2               |   icmp   |      0|   0|    7|          16|           1|
    |tmp_24_fu_528_p2              |   icmp   |      0|   0|   23|          63|           1|
    |tmp_25_fu_564_p2              |   icmp   |      0|   0|    5|          12|           4|
    |tmp_28_fu_591_p2              |   icmp   |      0|   0|    5|          12|           4|
    |tmp_29_fu_600_p2              |   icmp   |      0|   0|    5|          12|           6|
    |tmp_6_fu_304_p2               |   icmp   |      0|   0|    7|          16|           1|
    |tmp_12_fu_377_p2              |   lshr   |      0|   0|   85|          32|          32|
    |tmp_36_fu_293_p2              |   lshr   |      0|   0|   35|           2|          16|
    |or_cond1_fu_755_p2            |    or    |      0|   0|    1|           1|           1|
    |or_cond2_fu_769_p2            |    or    |      0|   0|    1|           1|           1|
    |or_cond_fu_741_p2             |    or    |      0|   0|    1|           1|           1|
    |sel_tmp21_demorgan_fu_715_p2  |    or    |      0|   0|    1|           1|           1|
    |sel_tmp6_demorgan_fu_680_p2   |    or    |      0|   0|    1|           1|           1|
    |tmp_s_fu_349_p2               |    or    |      0|   0|    1|           1|           1|
    |grp_fu_163_p1                 |  select  |      0|   0|   32|           1|           1|
    |grp_fu_168_p1                 |  select  |      0|   0|   33|           1|          33|
    |m_1_fu_394_p3                 |  select  |      0|   0|   32|           1|          32|
    |man_V_2_fu_557_p3             |  select  |      0|   0|   54|           1|          54|
    |newSel1_fu_747_p3             |  select  |      0|   0|   16|           1|          16|
    |newSel2_fu_761_p3             |  select  |      0|   0|   16|           1|          16|
    |newSel3_fu_775_p3             |  select  |      0|   0|   16|           1|          16|
    |newSel_fu_733_p3              |  select  |      0|   0|   16|           1|          16|
    |sh_amt_fu_579_p3              |  select  |      0|   0|   12|           1|          12|
    |tmp_34_fu_647_p3              |  select  |      0|   0|    2|           1|           2|
    |tmp_37_cast_cast_fu_428_p3    |  select  |      0|   0|    7|           1|           7|
    |tmp_V_4_fu_210_p3             |  select  |      0|   0|   16|           1|          16|
    |tmp_14_fu_388_p2              |    shl   |      0|   0|   85|          32|          32|
    |tmp_37_fu_659_p2              |    shl   |      0|   0|   85|          32|          32|
    |ap_enable_pp0                 |    xor   |      0|   0|    2|           1|           2|
    |ap_enable_reg_pp0_iter1       |    xor   |      0|   0|    2|           2|           1|
    |p_Result_35_op_fu_477_p2      |    xor   |      0|   0|   33|          32|          33|
    |rev_fu_324_p2                 |    xor   |      0|   0|    2|           1|           2|
    |sel_tmp1_fu_669_p2            |    xor   |      0|   0|    2|           1|           2|
    |sel_tmp3_fu_721_p2            |    xor   |      0|   0|    2|           1|           2|
    |sel_tmp6_fu_685_p2            |    xor   |      0|   0|    2|           1|           2|
    |sel_tmp8_fu_697_p2            |    xor   |      0|   0|    2|           1|           2|
    +------------------------------+----------+-------+----+-----+------------+------------+
    |Total                         |          |      0|  40| 1214|         580|         795|
    +------------------------------+----------+-------+----+-----+------------+------------+

    * Multiplexer: 
    +--------------------------+----+-----------+-----+-----------+
    |           Name           | LUT| Input Size| Bits| Total Bits|
    +--------------------------+----+-----------+-----+-----------+
    |ap_NS_fsm                 |   3|          4|    1|          4|
    |ap_enable_reg_pp0_iter1   |   3|          2|    1|          2|
    |ap_enable_reg_pp0_iter30  |   3|          2|    1|          2|
    |i_reg_137                 |   3|          2|    8|         16|
    +--------------------------+----+-----------+-----+-----------+
    |Total                     |  12|         10|   11|         24|
    +--------------------------+----+-----------+-----+-----------+

    * Register: 
    +----------------------------------+----+----+-----+-----------+
    |               Name               | FF | LUT| Bits| Const Bits|
    +----------------------------------+----+----+-----+-----------+
    |F2_reg_902                        |  12|   0|   12|          0|
    |ap_CS_fsm                         |   3|   0|    3|          0|
    |ap_enable_reg_pp0_iter0           |   1|   0|    1|          0|
    |ap_enable_reg_pp0_iter1           |   1|   0|    1|          0|
    |ap_enable_reg_pp0_iter10          |   1|   0|    1|          0|
    |ap_enable_reg_pp0_iter11          |   1|   0|    1|          0|
    |ap_enable_reg_pp0_iter12          |   1|   0|    1|          0|
    |ap_enable_reg_pp0_iter13          |   1|   0|    1|          0|
    |ap_enable_reg_pp0_iter14          |   1|   0|    1|          0|
    |ap_enable_reg_pp0_iter15          |   1|   0|    1|          0|
    |ap_enable_reg_pp0_iter16          |   1|   0|    1|          0|
    |ap_enable_reg_pp0_iter17          |   1|   0|    1|          0|
    |ap_enable_reg_pp0_iter18          |   1|   0|    1|          0|
    |ap_enable_reg_pp0_iter19          |   1|   0|    1|          0|
    |ap_enable_reg_pp0_iter2           |   1|   0|    1|          0|
    |ap_enable_reg_pp0_iter20          |   1|   0|    1|          0|
    |ap_enable_reg_pp0_iter21          |   1|   0|    1|          0|
    |ap_enable_reg_pp0_iter22          |   1|   0|    1|          0|
    |ap_enable_reg_pp0_iter23          |   1|   0|    1|          0|
    |ap_enable_reg_pp0_iter24          |   1|   0|    1|          0|
    |ap_enable_reg_pp0_iter25          |   1|   0|    1|          0|
    |ap_enable_reg_pp0_iter26          |   1|   0|    1|          0|
    |ap_enable_reg_pp0_iter27          |   1|   0|    1|          0|
    |ap_enable_reg_pp0_iter28          |   1|   0|    1|          0|
    |ap_enable_reg_pp0_iter29          |   1|   0|    1|          0|
    |ap_enable_reg_pp0_iter3           |   1|   0|    1|          0|
    |ap_enable_reg_pp0_iter30          |   1|   0|    1|          0|
    |ap_enable_reg_pp0_iter4           |   1|   0|    1|          0|
    |ap_enable_reg_pp0_iter5           |   1|   0|    1|          0|
    |ap_enable_reg_pp0_iter6           |   1|   0|    1|          0|
    |ap_enable_reg_pp0_iter7           |   1|   0|    1|          0|
    |ap_enable_reg_pp0_iter8           |   1|   0|    1|          0|
    |ap_enable_reg_pp0_iter9           |   1|   0|    1|          0|
    |exitcond_reg_783                  |   1|   0|    1|          0|
    |i_reg_137                         |   8|   0|    8|          0|
    |l_reg_816                         |  32|   0|   32|          0|
    |newSel3_reg_910                   |  16|   0|   16|          0|
    |p_Result_10_reg_842               |  32|   0|   32|          0|
    |p_Result_11_reg_886               |   1|   0|    1|          0|
    |p_Result_8_reg_804                |   1|   0|    1|          0|
    |p_Result_8_reg_804_pp0_iter2_reg  |   1|   0|    1|          0|
    |tmp_10_reg_837                    |   1|   0|    1|          0|
    |tmp_1_reg_798                     |   1|   0|    1|          0|
    |tmp_20_reg_870                    |  32|   0|   32|          0|
    |tmp_21_reg_875                    |  32|   0|   32|          0|
    |tmp_24_reg_896                    |   1|   0|    1|          0|
    |tmp_3_reg_826                     |  32|   0|   32|          0|
    |tmp_43_reg_821                    |   8|   0|    8|          0|
    |tmp_43_reg_821_pp0_iter2_reg      |   8|   0|    8|          0|
    |tmp_46_reg_891                    |  52|   0|   52|          0|
    |tmp_4_reg_832                     |   1|   0|   32|         31|
    |tmp_V_4_reg_809                   |  16|   0|   16|          0|
    |tmp_V_4_reg_809_pp0_iter2_reg     |  16|   0|   16|          0|
    |tmp_i_i1_reg_864                  |  32|   0|   32|          0|
    |tmp_i_i_reg_858                   |  32|   0|   32|          0|
    |v_assign_reg_880                  |  32|   0|   32|          0|
    |v_assign_reg_880_pp0_iter28_reg   |  32|   0|   32|          0|
    |x_V_addr_reg_792                  |   7|   0|    7|          0|
    |exitcond_reg_783                  |  64|  32|    1|          0|
    |tmp_1_reg_798                     |  64|  32|    1|          0|
    |x_V_addr_reg_792                  |  64|  32|    7|          0|
    +----------------------------------+----+----+-----+-----------+
    |Total                             | 665|  96|  513|         31|
    +----------------------------------+----+----+-----+-----------+



================================================================
== Interface
================================================================
* Summary: 
+----------------+-----+-----+------------+--------------+--------------+
|    RTL Ports   | Dir | Bits|  Protocol  | Source Object|    C Type    |
+----------------+-----+-----+------------+--------------+--------------+
|ap_clk          |  in |    1| ap_ctrl_hs |    tanh.1    | return value |
|ap_rst          |  in |    1| ap_ctrl_hs |    tanh.1    | return value |
|ap_start        |  in |    1| ap_ctrl_hs |    tanh.1    | return value |
|ap_done         | out |    1| ap_ctrl_hs |    tanh.1    | return value |
|ap_idle         | out |    1| ap_ctrl_hs |    tanh.1    | return value |
|ap_ready        | out |    1| ap_ctrl_hs |    tanh.1    | return value |
|res_V_address0  | out |    7|  ap_memory |     res_V    |     array    |
|res_V_ce0       | out |    1|  ap_memory |     res_V    |     array    |
|res_V_q0        |  in |   16|  ap_memory |     res_V    |     array    |
|res_V_address1  | out |    7|  ap_memory |     res_V    |     array    |
|res_V_ce1       | out |    1|  ap_memory |     res_V    |     array    |
|res_V_we1       | out |    1|  ap_memory |     res_V    |     array    |
|res_V_d1        | out |   16|  ap_memory |     res_V    |     array    |
+----------------+-----+-----+------------+--------------+--------------+

