INFO: [SIM 2] *************** CSIM start ***************
INFO: [SIM 4] CSIM will launch GCC as the compiler.
   Compiling ../../../src/main.cpp in debug mode
   Compiling ../../../src/rnn_top.cpp in debug mode
   Compiling ../../../src/rnn.cpp in debug mode
   Generating csim.exe
i'm in the main function !





Current dir: D:\Xilinx\Project\LSTM\lstm_hls\lstm_fpga\lstm_hls_opt\solution1\csim\build
test on the road!
Testing all images...
0 image(7) is predict as 7


1 image(2) is predict as 2


2 image(1) is predict as 1


3 image(0) is predict as 0


4 image(4) is predict as 4


5 image(1) is predict as 1


6 image(4) is predict as 4


7 image(9) is predict as 9


8 image(5) is predict as 6


9 image(9) is predict as 9


0.189s usded, acc = 0.900000
Test done.
INFO: [SIM 1] CSim done with 0 errors.
INFO: [SIM 3] *************** CSIM finish ***************
