

================================================================
== Vivado HLS Report for 'mnist_lstm'
================================================================
* Date:           Sun Apr 27 23:37:08 2025

* Version:        2018.3 (Build 2405991 on Thu Dec 06 23:56:15 MST 2018)
* Project:        lstm_hls_fixed8
* Solution:       solution1
* Product family: zynq
* Target device:  xc7z020clg400-2


================================================================
== Performance Estimates
================================================================
+ Timing (ns): 
    * Summary: 
    +--------+-------+----------+------------+
    |  Clock | Target| Estimated| Uncertainty|
    +--------+-------+----------+------------+
    |ap_clk  |  10.00|     8.719|        1.25|
    +--------+-------+----------+------------+

+ Latency (clock cycles): 
    * Summary: 
    +---------+---------+---------+---------+---------+
    |      Latency      |      Interval     | Pipeline|
    |   min   |   max   |   min   |   max   |   Type  |
    +---------+---------+---------+---------+---------+
    |  1160447|  1160447|  1160447|  1160447|   none  |
    +---------+---------+---------+---------+---------+

    + Detail: 
        * Instance: 
        N/A

        * Loop: 
        +----------+-----+-----+----------+-----------+-----------+------+----------+
        |          |  Latency  | Iteration|  Initiation Interval  | Trip |          |
        | Loop Name| min | max |  Latency |  achieved |   target  | Count| Pipelined|
        +----------+-----+-----+----------+-----------+-----------+------+----------+
        |- Loop 1  |  795|  795|        13|          1|          1|   784|    yes   |
        |- Loop 2  |   10|   10|         2|          1|          1|    10|    yes   |
        +----------+-----+-----+----------+-----------+-----------+------+----------+

============================================================
+ Verbose Summary: Synthesis Manager
============================================================
InlineROM: 1
ExposeGlobal: 0
============================================================
+ Verbose Summary: CDFG Model
============================================================
IsTopModel: 0
ResetActiveHigh: 1
IsCombinational: 0
IsDatapathOnly: 0
HasWiredReturn: 1
HasMFsm: 0
HasVarLatency: 1
IsPipeline: 0
IsRtlPipelined: 0
IsInstanceOverlapped: 0
IsDontTouch: 0
HasImplIP: 0
IsGatedGlobalClock: 0

+ Individual pipeline summary: 
  * Pipeline-0: initiation interval (II) = 1, depth = 13
  * Pipeline-1: initiation interval (II) = 1, depth = 2


============================================================
+ Verbose Summary: Schedule
============================================================
* Number of FSM states : 19
* Pipeline : 2
  Pipeline-0 : II = 1, D = 13, States = { 2 3 4 5 6 7 8 9 10 11 12 13 14 }
  Pipeline-1 : II = 1, D = 2, States = { 17 18 }
* Dataflow Pipeline: 0

* FSM state transitions: 
1 --> 
	2  / true
2 --> 
	15  / (exitcond1)
	3  / (!exitcond1)
3 --> 
	4  / true
4 --> 
	5  / true
5 --> 
	6  / true
6 --> 
	7  / true
7 --> 
	8  / true
8 --> 
	9  / true
9 --> 
	10  / true
10 --> 
	11  / true
11 --> 
	12  / true
12 --> 
	13  / true
13 --> 
	14  / true
14 --> 
	2  / true
15 --> 
	16  / true
16 --> 
	17  / true
17 --> 
	19  / (exitcond)
	18  / (!exitcond)
18 --> 
	17  / true
19 --> 

* FSM state operations: 

State 1 <SV = 0> <Delay = 0.46>
ST_1 : Operation 20 [1/1] (0.00ns)   --->   "call void (...)* @_ssdm_op_SpecInterface(i32* %out_data_V, i4* %out_keep_V, i4* %out_strb_V, i1* %out_user_V, i1* %out_last_V, i1* %out_id_V, i1* %out_dest_V, [5 x i8]* @p_str24, i32 0, i32 0, [5 x i8]* @p_str3, i32 0, i32 0, [1 x i8]* @p_str1, [1 x i8]* @p_str1, [1 x i8]* @p_str1, i32 0, i32 0, i32 0, i32 0, [1 x i8]* @p_str1, [1 x i8]* @p_str1)"   --->   Operation 20 'specinterface' <Predicate = true> <Delay = 0.00>
ST_1 : Operation 21 [1/1] (0.00ns)   --->   "call void (...)* @_ssdm_op_SpecInterface(i32* %in_data_V, i4* %in_keep_V, i4* %in_strb_V, i1* %in_user_V, i1* %in_last_V, i1* %in_id_V, i1* %in_dest_V, [5 x i8]* @p_str24, i32 0, i32 0, [5 x i8]* @p_str3, i32 0, i32 0, [1 x i8]* @p_str1, [1 x i8]* @p_str1, [1 x i8]* @p_str1, i32 0, i32 0, i32 0, i32 0, [1 x i8]* @p_str1, [1 x i8]* @p_str1)"   --->   Operation 21 'specinterface' <Predicate = true> <Delay = 0.00>
ST_1 : Operation 22 [1/1] (0.00ns)   --->   "%img_dat = alloca [784 x float], align 16" [lstm_hls_fixed8/src/rnn_top.cpp:7]   --->   Operation 22 'alloca' 'img_dat' <Predicate = true> <Delay = 0.00> <Core = "RAM">   --->   Core 37 'RAM' <Latency = 1> <II = 1> <Delay = 1.75> <Storage> <Opcode : 'load' 'store'> <Ports = 2> <Width = 32> <Depth = 10> <RAM>
ST_1 : Operation 23 [1/1] (0.00ns)   --->   "%res = alloca [10 x float], align 16"   --->   Operation 23 'alloca' 'res' <Predicate = true> <Delay = 0.00> <Core = "RAM">   --->   Core 37 'RAM' <Latency = 1> <II = 1> <Delay = 1.75> <Storage> <Opcode : 'load' 'store'> <Ports = 2> <Width = 32> <Depth = 10> <RAM>
ST_1 : Operation 24 [1/1] (0.46ns)   --->   "br label %1" [lstm_hls_fixed8/src/rnn_top.cpp:10]   --->   Operation 24 'br' <Predicate = true> <Delay = 0.46>

State 2 <SV = 1> <Delay = 7.19>
ST_2 : Operation 25 [1/1] (0.00ns)   --->   "%i = phi i10 [ 0, %0 ], [ %i_3, %2 ]"   --->   Operation 25 'phi' 'i' <Predicate = true> <Delay = 0.00>
ST_2 : Operation 26 [1/1] (1.94ns)   --->   "%exitcond1 = icmp eq i10 %i, -240" [lstm_hls_fixed8/src/rnn_top.cpp:10]   --->   Operation 26 'icmp' 'exitcond1' <Predicate = true> <Delay = 1.94> <Core = "Cmp">   --->   Core 25 'Cmp' <Latency = 0> <II = 1> <Delay = 0.96> <FuncUnit> <Opcode : 'icmp'> <InPorts = 2> <OutPorts = 1>
ST_2 : Operation 27 [1/1] (0.00ns)   --->   "%empty = call i32 (...)* @_ssdm_op_SpecLoopTripCount(i64 784, i64 784, i64 784)"   --->   Operation 27 'speclooptripcount' 'empty' <Predicate = true> <Delay = 0.00>
ST_2 : Operation 28 [1/1] (1.41ns)   --->   "%i_3 = add i10 %i, 1" [lstm_hls_fixed8/src/rnn_top.cpp:10]   --->   Operation 28 'add' 'i_3' <Predicate = true> <Delay = 1.41> <Core = "AddSub">   --->   Core 14 'AddSub' <Latency = 0> <II = 1> <Delay = 0.99> <FuncUnit> <Opcode : 'add' 'sub'> <InPorts = 2> <OutPorts = 1>
ST_2 : Operation 29 [1/1] (0.00ns)   --->   "br i1 %exitcond1, label %3, label %2" [lstm_hls_fixed8/src/rnn_top.cpp:10]   --->   Operation 29 'br' <Predicate = true> <Delay = 0.00>
ST_2 : Operation 30 [1/1] (0.00ns)   --->   "%empty_20 = call { i32, i4, i4, i1, i1, i1, i1 } @_ssdm_op_Read.axis.volatile.i32P.i4P.i4P.i1P.i1P.i1P.i1P(i32* %in_data_V, i4* %in_keep_V, i4* %in_strb_V, i1* %in_user_V, i1* %in_last_V, i1* %in_id_V, i1* %in_dest_V)"   --->   Operation 30 'read' 'empty_20' <Predicate = (!exitcond1)> <Delay = 0.00> <Core = "AXI4Stream">   --->   Core 5 'AXI4Stream' <Latency = 0> <II = 1> <Delay = 1.00> <Adapter> <Opcode : >
ST_2 : Operation 31 [1/1] (0.00ns)   --->   "%in_data_V_tmp = extractvalue { i32, i4, i4, i1, i1, i1, i1 } %empty_20, 0"   --->   Operation 31 'extractvalue' 'in_data_V_tmp' <Predicate = (!exitcond1)> <Delay = 0.00>
ST_2 : Operation 32 [1/1] (0.00ns)   --->   "%ret = bitcast i32 %in_data_V_tmp to float" [lstm_hls_fixed8/src/utils.h:25->lstm_hls_fixed8/src/rnn_top.cpp:13]   --->   Operation 32 'bitcast' 'ret' <Predicate = (!exitcond1)> <Delay = 0.00>
ST_2 : Operation 33 [12/12] (7.19ns)   --->   "%tmp_s = fdiv float %ret, 2.550000e+02" [lstm_hls_fixed8/src/rnn_top.cpp:14]   --->   Operation 33 'fdiv' 'tmp_s' <Predicate = (!exitcond1)> <Delay = 7.19> <Core = "FDiv">   --->   Core 106 'FDiv' <Latency = 11> <II = 1> <Delay = 7.19> <FuncUnit> <Opcode : 'fdiv' 'frem'> <InPorts = 2> <OutPorts = 1>

State 3 <SV = 2> <Delay = 7.19>
ST_3 : Operation 34 [11/12] (7.19ns)   --->   "%tmp_s = fdiv float %ret, 2.550000e+02" [lstm_hls_fixed8/src/rnn_top.cpp:14]   --->   Operation 34 'fdiv' 'tmp_s' <Predicate = (!exitcond1)> <Delay = 7.19> <Core = "FDiv">   --->   Core 106 'FDiv' <Latency = 11> <II = 1> <Delay = 7.19> <FuncUnit> <Opcode : 'fdiv' 'frem'> <InPorts = 2> <OutPorts = 1>

State 4 <SV = 3> <Delay = 7.19>
ST_4 : Operation 35 [10/12] (7.19ns)   --->   "%tmp_s = fdiv float %ret, 2.550000e+02" [lstm_hls_fixed8/src/rnn_top.cpp:14]   --->   Operation 35 'fdiv' 'tmp_s' <Predicate = (!exitcond1)> <Delay = 7.19> <Core = "FDiv">   --->   Core 106 'FDiv' <Latency = 11> <II = 1> <Delay = 7.19> <FuncUnit> <Opcode : 'fdiv' 'frem'> <InPorts = 2> <OutPorts = 1>

State 5 <SV = 4> <Delay = 7.19>
ST_5 : Operation 36 [9/12] (7.19ns)   --->   "%tmp_s = fdiv float %ret, 2.550000e+02" [lstm_hls_fixed8/src/rnn_top.cpp:14]   --->   Operation 36 'fdiv' 'tmp_s' <Predicate = (!exitcond1)> <Delay = 7.19> <Core = "FDiv">   --->   Core 106 'FDiv' <Latency = 11> <II = 1> <Delay = 7.19> <FuncUnit> <Opcode : 'fdiv' 'frem'> <InPorts = 2> <OutPorts = 1>

State 6 <SV = 5> <Delay = 7.19>
ST_6 : Operation 37 [8/12] (7.19ns)   --->   "%tmp_s = fdiv float %ret, 2.550000e+02" [lstm_hls_fixed8/src/rnn_top.cpp:14]   --->   Operation 37 'fdiv' 'tmp_s' <Predicate = (!exitcond1)> <Delay = 7.19> <Core = "FDiv">   --->   Core 106 'FDiv' <Latency = 11> <II = 1> <Delay = 7.19> <FuncUnit> <Opcode : 'fdiv' 'frem'> <InPorts = 2> <OutPorts = 1>

State 7 <SV = 6> <Delay = 7.19>
ST_7 : Operation 38 [7/12] (7.19ns)   --->   "%tmp_s = fdiv float %ret, 2.550000e+02" [lstm_hls_fixed8/src/rnn_top.cpp:14]   --->   Operation 38 'fdiv' 'tmp_s' <Predicate = (!exitcond1)> <Delay = 7.19> <Core = "FDiv">   --->   Core 106 'FDiv' <Latency = 11> <II = 1> <Delay = 7.19> <FuncUnit> <Opcode : 'fdiv' 'frem'> <InPorts = 2> <OutPorts = 1>

State 8 <SV = 7> <Delay = 7.19>
ST_8 : Operation 39 [6/12] (7.19ns)   --->   "%tmp_s = fdiv float %ret, 2.550000e+02" [lstm_hls_fixed8/src/rnn_top.cpp:14]   --->   Operation 39 'fdiv' 'tmp_s' <Predicate = (!exitcond1)> <Delay = 7.19> <Core = "FDiv">   --->   Core 106 'FDiv' <Latency = 11> <II = 1> <Delay = 7.19> <FuncUnit> <Opcode : 'fdiv' 'frem'> <InPorts = 2> <OutPorts = 1>

State 9 <SV = 8> <Delay = 7.19>
ST_9 : Operation 40 [5/12] (7.19ns)   --->   "%tmp_s = fdiv float %ret, 2.550000e+02" [lstm_hls_fixed8/src/rnn_top.cpp:14]   --->   Operation 40 'fdiv' 'tmp_s' <Predicate = (!exitcond1)> <Delay = 7.19> <Core = "FDiv">   --->   Core 106 'FDiv' <Latency = 11> <II = 1> <Delay = 7.19> <FuncUnit> <Opcode : 'fdiv' 'frem'> <InPorts = 2> <OutPorts = 1>

State 10 <SV = 9> <Delay = 7.19>
ST_10 : Operation 41 [4/12] (7.19ns)   --->   "%tmp_s = fdiv float %ret, 2.550000e+02" [lstm_hls_fixed8/src/rnn_top.cpp:14]   --->   Operation 41 'fdiv' 'tmp_s' <Predicate = (!exitcond1)> <Delay = 7.19> <Core = "FDiv">   --->   Core 106 'FDiv' <Latency = 11> <II = 1> <Delay = 7.19> <FuncUnit> <Opcode : 'fdiv' 'frem'> <InPorts = 2> <OutPorts = 1>

State 11 <SV = 10> <Delay = 7.19>
ST_11 : Operation 42 [3/12] (7.19ns)   --->   "%tmp_s = fdiv float %ret, 2.550000e+02" [lstm_hls_fixed8/src/rnn_top.cpp:14]   --->   Operation 42 'fdiv' 'tmp_s' <Predicate = (!exitcond1)> <Delay = 7.19> <Core = "FDiv">   --->   Core 106 'FDiv' <Latency = 11> <II = 1> <Delay = 7.19> <FuncUnit> <Opcode : 'fdiv' 'frem'> <InPorts = 2> <OutPorts = 1>

State 12 <SV = 11> <Delay = 7.19>
ST_12 : Operation 43 [2/12] (7.19ns)   --->   "%tmp_s = fdiv float %ret, 2.550000e+02" [lstm_hls_fixed8/src/rnn_top.cpp:14]   --->   Operation 43 'fdiv' 'tmp_s' <Predicate = (!exitcond1)> <Delay = 7.19> <Core = "FDiv">   --->   Core 106 'FDiv' <Latency = 11> <II = 1> <Delay = 7.19> <FuncUnit> <Opcode : 'fdiv' 'frem'> <InPorts = 2> <OutPorts = 1>

State 13 <SV = 12> <Delay = 7.19>
ST_13 : Operation 44 [1/12] (7.19ns)   --->   "%tmp_s = fdiv float %ret, 2.550000e+02" [lstm_hls_fixed8/src/rnn_top.cpp:14]   --->   Operation 44 'fdiv' 'tmp_s' <Predicate = (!exitcond1)> <Delay = 7.19> <Core = "FDiv">   --->   Core 106 'FDiv' <Latency = 11> <II = 1> <Delay = 7.19> <FuncUnit> <Opcode : 'fdiv' 'frem'> <InPorts = 2> <OutPorts = 1>

State 14 <SV = 13> <Delay = 2.77>
ST_14 : Operation 45 [1/1] (0.00ns)   --->   "%tmp_84 = call i32 (...)* @_ssdm_op_SpecRegionBegin([12 x i8]* @p_str4)" [lstm_hls_fixed8/src/rnn_top.cpp:11]   --->   Operation 45 'specregionbegin' 'tmp_84' <Predicate = (!exitcond1)> <Delay = 0.00>
ST_14 : Operation 46 [1/1] (0.00ns)   --->   "call void (...)* @_ssdm_op_SpecPipeline(i32 1, i32 1, i32 1, i32 0, [1 x i8]* @p_str1) nounwind" [lstm_hls_fixed8/src/rnn_top.cpp:12]   --->   Operation 46 'specpipeline' <Predicate = (!exitcond1)> <Delay = 0.00>
ST_14 : Operation 47 [1/1] (0.00ns)   --->   "%tmp = zext i10 %i to i64" [lstm_hls_fixed8/src/rnn_top.cpp:13]   --->   Operation 47 'zext' 'tmp' <Predicate = (!exitcond1)> <Delay = 0.00>
ST_14 : Operation 48 [1/1] (0.00ns)   --->   "%img_dat_addr = getelementptr inbounds [784 x float]* %img_dat, i64 0, i64 %tmp" [lstm_hls_fixed8/src/rnn_top.cpp:14]   --->   Operation 48 'getelementptr' 'img_dat_addr' <Predicate = (!exitcond1)> <Delay = 0.00>
ST_14 : Operation 49 [1/1] (2.77ns)   --->   "store float %tmp_s, float* %img_dat_addr, align 4" [lstm_hls_fixed8/src/rnn_top.cpp:14]   --->   Operation 49 'store' <Predicate = (!exitcond1)> <Delay = 2.77> <Core = "RAM">   --->   Core 37 'RAM' <Latency = 1> <II = 1> <Delay = 1.75> <Storage> <Opcode : 'load' 'store'> <Ports = 2> <Width = 32> <Depth = 10> <RAM>
ST_14 : Operation 50 [1/1] (0.00ns)   --->   "%empty_21 = call i32 (...)* @_ssdm_op_SpecRegionEnd([12 x i8]* @p_str4, i32 %tmp_84)" [lstm_hls_fixed8/src/rnn_top.cpp:15]   --->   Operation 50 'specregionend' 'empty_21' <Predicate = (!exitcond1)> <Delay = 0.00>
ST_14 : Operation 51 [1/1] (0.00ns)   --->   "br label %1" [lstm_hls_fixed8/src/rnn_top.cpp:10]   --->   Operation 51 'br' <Predicate = (!exitcond1)> <Delay = 0.00>

State 15 <SV = 2> <Delay = 0.00>
ST_15 : Operation 52 [2/2] (0.00ns)   --->   "call fastcc void @infer([784 x float]* %img_dat, [10 x float]* %res)" [lstm_hls_fixed8/src/rnn_top.cpp:18]   --->   Operation 52 'call' <Predicate = true> <Delay = 0.00> <CoreType = "Generic">   --->   Core 0 '' <Latency = 0> <II = 1> <Delay = 1.00> <Generic> <Opcode : >

State 16 <SV = 3> <Delay = 0.46>
ST_16 : Operation 53 [1/2] (0.00ns)   --->   "call fastcc void @infer([784 x float]* %img_dat, [10 x float]* %res)" [lstm_hls_fixed8/src/rnn_top.cpp:18]   --->   Operation 53 'call' <Predicate = true> <Delay = 0.00> <CoreType = "Generic">   --->   Core 0 '' <Latency = 0> <II = 1> <Delay = 1.00> <Generic> <Opcode : >
ST_16 : Operation 54 [1/1] (0.46ns)   --->   "br label %4" [lstm_hls_fixed8/src/rnn_top.cpp:21]   --->   Operation 54 'br' <Predicate = true> <Delay = 0.46>

State 17 <SV = 4> <Delay = 1.76>
ST_17 : Operation 55 [1/1] (0.00ns)   --->   "%i1 = phi i4 [ 0, %3 ], [ %i_4, %5 ]"   --->   Operation 55 'phi' 'i1' <Predicate = true> <Delay = 0.00>
ST_17 : Operation 56 [1/1] (0.96ns)   --->   "%exitcond = icmp eq i4 %i1, -6" [lstm_hls_fixed8/src/rnn_top.cpp:21]   --->   Operation 56 'icmp' 'exitcond' <Predicate = true> <Delay = 0.96> <Core = "Cmp">   --->   Core 25 'Cmp' <Latency = 0> <II = 1> <Delay = 0.96> <FuncUnit> <Opcode : 'icmp'> <InPorts = 2> <OutPorts = 1>
ST_17 : Operation 57 [1/1] (0.00ns)   --->   "%empty_22 = call i32 (...)* @_ssdm_op_SpecLoopTripCount(i64 10, i64 10, i64 10)"   --->   Operation 57 'speclooptripcount' 'empty_22' <Predicate = true> <Delay = 0.00>
ST_17 : Operation 58 [1/1] (0.99ns)   --->   "%i_4 = add i4 %i1, 1" [lstm_hls_fixed8/src/rnn_top.cpp:21]   --->   Operation 58 'add' 'i_4' <Predicate = true> <Delay = 0.99> <Core = "AddSub">   --->   Core 14 'AddSub' <Latency = 0> <II = 1> <Delay = 0.99> <FuncUnit> <Opcode : 'add' 'sub'> <InPorts = 2> <OutPorts = 1>
ST_17 : Operation 59 [1/1] (0.00ns)   --->   "br i1 %exitcond, label %6, label %5" [lstm_hls_fixed8/src/rnn_top.cpp:21]   --->   Operation 59 'br' <Predicate = true> <Delay = 0.00>
ST_17 : Operation 60 [1/1] (0.00ns)   --->   "%tmp_86 = zext i4 %i1 to i64" [lstm_hls_fixed8/src/rnn_top.cpp:24]   --->   Operation 60 'zext' 'tmp_86' <Predicate = (!exitcond)> <Delay = 0.00>
ST_17 : Operation 61 [1/1] (0.00ns)   --->   "%res_addr = getelementptr inbounds [10 x float]* %res, i64 0, i64 %tmp_86" [lstm_hls_fixed8/src/rnn_top.cpp:24]   --->   Operation 61 'getelementptr' 'res_addr' <Predicate = (!exitcond)> <Delay = 0.00>
ST_17 : Operation 62 [1/1] (0.96ns)   --->   "%last_assign = icmp eq i4 %i1, -7" [lstm_hls_fixed8/src/rnn_top.cpp:24]   --->   Operation 62 'icmp' 'last_assign' <Predicate = (!exitcond)> <Delay = 0.96> <Core = "Cmp">   --->   Core 25 'Cmp' <Latency = 0> <II = 1> <Delay = 0.96> <FuncUnit> <Opcode : 'icmp'> <InPorts = 2> <OutPorts = 1>
ST_17 : Operation 63 [2/2] (1.75ns)   --->   "%res_load = load float* %res_addr, align 4" [lstm_hls_fixed8/src/utils.h:49->lstm_hls_fixed8/src/rnn_top.cpp:24]   --->   Operation 63 'load' 'res_load' <Predicate = (!exitcond)> <Delay = 1.75> <Core = "RAM">   --->   Core 37 'RAM' <Latency = 1> <II = 1> <Delay = 1.75> <Storage> <Opcode : 'load' 'store'> <Ports = 2> <Width = 32> <Depth = 10> <RAM>

State 18 <SV = 5> <Delay = 1.75>
ST_18 : Operation 64 [1/1] (0.00ns)   --->   "%tmp_85 = call i32 (...)* @_ssdm_op_SpecRegionBegin([12 x i8]* @p_str5)" [lstm_hls_fixed8/src/rnn_top.cpp:22]   --->   Operation 64 'specregionbegin' 'tmp_85' <Predicate = (!exitcond)> <Delay = 0.00>
ST_18 : Operation 65 [1/1] (0.00ns)   --->   "call void (...)* @_ssdm_op_SpecPipeline(i32 1, i32 1, i32 1, i32 0, [1 x i8]* @p_str1) nounwind" [lstm_hls_fixed8/src/rnn_top.cpp:23]   --->   Operation 65 'specpipeline' <Predicate = (!exitcond)> <Delay = 0.00>
ST_18 : Operation 66 [1/2] (1.75ns)   --->   "%res_load = load float* %res_addr, align 4" [lstm_hls_fixed8/src/utils.h:49->lstm_hls_fixed8/src/rnn_top.cpp:24]   --->   Operation 66 'load' 'res_load' <Predicate = (!exitcond)> <Delay = 1.75> <Core = "RAM">   --->   Core 37 'RAM' <Latency = 1> <II = 1> <Delay = 1.75> <Storage> <Opcode : 'load' 'store'> <Ports = 2> <Width = 32> <Depth = 10> <RAM>
ST_18 : Operation 67 [1/1] (0.00ns)   --->   "%val_assign = bitcast float %res_load to i32" [lstm_hls_fixed8/src/utils.h:49->lstm_hls_fixed8/src/rnn_top.cpp:24]   --->   Operation 67 'bitcast' 'val_assign' <Predicate = (!exitcond)> <Delay = 0.00>
ST_18 : Operation 68 [1/1] (0.00ns)   --->   "call void @_ssdm_op_Write.axis.volatile.i32P.i4P.i4P.i1P.i1P.i1P.i1P(i32* %out_data_V, i4* %out_keep_V, i4* %out_strb_V, i1* %out_user_V, i1* %out_last_V, i1* %out_id_V, i1* %out_dest_V, i32 %val_assign, i4 -1, i4 -1, i1 false, i1 %last_assign, i1 false, i1 false)" [lstm_hls_fixed8/src/utils.h:49->lstm_hls_fixed8/src/rnn_top.cpp:24]   --->   Operation 68 'write' <Predicate = (!exitcond)> <Delay = 0.00> <Core = "AXI4Stream">   --->   Core 5 'AXI4Stream' <Latency = 0> <II = 1> <Delay = 1.00> <Adapter> <Opcode : >
ST_18 : Operation 69 [1/1] (0.00ns)   --->   "%empty_23 = call i32 (...)* @_ssdm_op_SpecRegionEnd([12 x i8]* @p_str5, i32 %tmp_85)" [lstm_hls_fixed8/src/rnn_top.cpp:25]   --->   Operation 69 'specregionend' 'empty_23' <Predicate = (!exitcond)> <Delay = 0.00>
ST_18 : Operation 70 [1/1] (0.00ns)   --->   "br label %4" [lstm_hls_fixed8/src/rnn_top.cpp:21]   --->   Operation 70 'br' <Predicate = (!exitcond)> <Delay = 0.00>

State 19 <SV = 5> <Delay = 0.00>
ST_19 : Operation 71 [1/1] (0.00ns)   --->   "ret void" [lstm_hls_fixed8/src/rnn_top.cpp:27]   --->   Operation 71 'ret' <Predicate = true> <Delay = 0.00>


============================================================
+ Verbose Summary: Timing violations
============================================================
Target clock period: 10ns, clock uncertainty: 1.25ns.

 <State 1>: 0.466ns
The critical path consists of the following:
	multiplexor before 'phi' operation ('i') with incoming values : ('i', lstm_hls_fixed8/src/rnn_top.cpp:10) [31]  (0.466 ns)

 <State 2>: 7.2ns
The critical path consists of the following:
	axis read on port 'in_data_V' [40]  (0 ns)
	'fdiv' operation ('tmp_s', lstm_hls_fixed8/src/rnn_top.cpp:14) [43]  (7.2 ns)

 <State 3>: 7.2ns
The critical path consists of the following:
	'fdiv' operation ('tmp_s', lstm_hls_fixed8/src/rnn_top.cpp:14) [43]  (7.2 ns)

 <State 4>: 7.2ns
The critical path consists of the following:
	'fdiv' operation ('tmp_s', lstm_hls_fixed8/src/rnn_top.cpp:14) [43]  (7.2 ns)

 <State 5>: 7.2ns
The critical path consists of the following:
	'fdiv' operation ('tmp_s', lstm_hls_fixed8/src/rnn_top.cpp:14) [43]  (7.2 ns)

 <State 6>: 7.2ns
The critical path consists of the following:
	'fdiv' operation ('tmp_s', lstm_hls_fixed8/src/rnn_top.cpp:14) [43]  (7.2 ns)

 <State 7>: 7.2ns
The critical path consists of the following:
	'fdiv' operation ('tmp_s', lstm_hls_fixed8/src/rnn_top.cpp:14) [43]  (7.2 ns)

 <State 8>: 7.2ns
The critical path consists of the following:
	'fdiv' operation ('tmp_s', lstm_hls_fixed8/src/rnn_top.cpp:14) [43]  (7.2 ns)

 <State 9>: 7.2ns
The critical path consists of the following:
	'fdiv' operation ('tmp_s', lstm_hls_fixed8/src/rnn_top.cpp:14) [43]  (7.2 ns)

 <State 10>: 7.2ns
The critical path consists of the following:
	'fdiv' operation ('tmp_s', lstm_hls_fixed8/src/rnn_top.cpp:14) [43]  (7.2 ns)

 <State 11>: 7.2ns
The critical path consists of the following:
	'fdiv' operation ('tmp_s', lstm_hls_fixed8/src/rnn_top.cpp:14) [43]  (7.2 ns)

 <State 12>: 7.2ns
The critical path consists of the following:
	'fdiv' operation ('tmp_s', lstm_hls_fixed8/src/rnn_top.cpp:14) [43]  (7.2 ns)

 <State 13>: 7.2ns
The critical path consists of the following:
	'fdiv' operation ('tmp_s', lstm_hls_fixed8/src/rnn_top.cpp:14) [43]  (7.2 ns)

 <State 14>: 2.77ns
The critical path consists of the following:
	'getelementptr' operation ('img_dat_addr', lstm_hls_fixed8/src/rnn_top.cpp:14) [44]  (0 ns)
	'store' operation (lstm_hls_fixed8/src/rnn_top.cpp:14) of variable 'tmp_s', lstm_hls_fixed8/src/rnn_top.cpp:14 on array 'img_dat', lstm_hls_fixed8/src/rnn_top.cpp:7 [45]  (2.77 ns)

 <State 15>: 0ns
The critical path consists of the following:

 <State 16>: 0.466ns
The critical path consists of the following:
	multiplexor before 'phi' operation ('i') with incoming values : ('i', lstm_hls_fixed8/src/rnn_top.cpp:21) [52]  (0.466 ns)

 <State 17>: 1.77ns
The critical path consists of the following:
	'icmp' operation ('exitcond', lstm_hls_fixed8/src/rnn_top.cpp:21) [53]  (0.965 ns)
	blocking operation 0.8 ns on control path)

 <State 18>: 1.75ns
The critical path consists of the following:
	'load' operation ('res_load', lstm_hls_fixed8/src/utils.h:49->lstm_hls_fixed8/src/rnn_top.cpp:24) on array 'res' [63]  (1.75 ns)

 <State 19>: 0ns
The critical path consists of the following:


============================================================
+ Verbose Summary: Binding
============================================================
N/A
* FSMD analyzer results:
  - Output states:
 - Input state : 
  - Chain level:
	State 1
	State 2
	State 3
	State 4
	State 5
	State 6
	State 7
	State 8
	State 9
	State 10
	State 11
	State 12
	State 13
	State 14
	State 15
	State 16
	State 17
	State 18
	State 19


============================================================
+ Verbose Summary: Datapath Resource usage 
============================================================
N/A
