

================================================================
== Vivado HLS Report for 'mnist_lstm'
================================================================
* Date:           Sun Apr 27 23:37:08 2025

* Version:        2018.3 (Build 2405991 on Thu Dec 06 23:56:15 MST 2018)
* Project:        lstm_hls_fixed8
* Solution:       solution1
* Product family: zynq
* Target device:  xc7z020clg400-2


================================================================
== Performance Estimates
================================================================
+ Timing (ns): 
    * Summary: 
    +--------+-------+----------+------------+
    |  Clock | Target| Estimated| Uncertainty|
    +--------+-------+----------+------------+
    |ap_clk  |  10.00|     8.719|        1.25|
    +--------+-------+----------+------------+

+ Latency (clock cycles): 
    * Summary: 
    +---------+---------+---------+---------+---------+
    |      Latency      |      Interval     | Pipeline|
    |   min   |   max   |   min   |   max   |   Type  |
    +---------+---------+---------+---------+---------+
    |  1160447|  1160447|  1160447|  1160447|   none  |
    +---------+---------+---------+---------+---------+

    + Detail: 
        * Instance: 
        +------------------+-------+---------+---------+---------+---------+---------+
        |                  |       |      Latency      |      Interval     | Pipeline|
        |     Instance     | Module|   min   |   max   |   min   |   max   |   Type  |
        +------------------+-------+---------+---------+---------+---------+---------+
        |grp_infer_fu_209  |infer  |  1159637|  1159637|  1159637|  1159637|   none  |
        +------------------+-------+---------+---------+---------+---------+---------+

        * Loop: 
        +----------+-----+-----+----------+-----------+-----------+------+----------+
        |          |  Latency  | Iteration|  Initiation Interval  | Trip |          |
        | Loop Name| min | max |  Latency |  achieved |   target  | Count| Pipelined|
        +----------+-----+-----+----------+-----------+-----------+------+----------+
        |- Loop 1  |  795|  795|        13|          1|          1|   784|    yes   |
        |- Loop 2  |   10|   10|         2|          1|          1|    10|    yes   |
        +----------+-----+-----+----------+-----------+-----------+------+----------+

============================================================
+ Verbose Summary: Synthesis Manager
============================================================
InlineROM: 1
ExposeGlobal: 0
============================================================
+ Verbose Summary: CDFG Model
============================================================
IsTopModel: 0
ResetActiveHigh: 1
IsCombinational: 0
IsDatapathOnly: 0
HasWiredReturn: 1
HasMFsm: 0
HasVarLatency: 1
IsPipeline: 0
IsRtlPipelined: 0
IsInstanceOverlapped: 0
IsDontTouch: 0
HasImplIP: 0
IsGatedGlobalClock: 0

+ Individual pipeline summary: 
  * Pipeline-0: initiation interval (II) = 1, depth = 13
  * Pipeline-1: initiation interval (II) = 1, depth = 2


============================================================
+ Verbose Summary: Schedule
============================================================
* Number of FSM states : 19
* Pipeline : 2
  Pipeline-0 : II = 1, D = 13, States = { 2 3 4 5 6 7 8 9 10 11 12 13 14 }
  Pipeline-1 : II = 1, D = 2, States = { 17 18 }
* Dataflow Pipeline: 0

* FSM state transitions: 
1 --> 
	2  / true
2 --> 
	15  / (exitcond1)
	3  / (!exitcond1)
3 --> 
	4  / true
4 --> 
	5  / true
5 --> 
	6  / true
6 --> 
	7  / true
7 --> 
	8  / true
8 --> 
	9  / true
9 --> 
	10  / true
10 --> 
	11  / true
11 --> 
	12  / true
12 --> 
	13  / true
13 --> 
	14  / true
14 --> 
	2  / true
15 --> 
	16  / true
16 --> 
	17  / true
17 --> 
	19  / (exitcond)
	18  / (!exitcond)
18 --> 
	17  / true
19 --> 

* FSM state operations: 

State 1 <SV = 0> <Delay = 2.77>
ST_1 : Operation 20 [1/1] (0.00ns)   --->   "call void (...)* @_ssdm_op_SpecInterface(i32* %out_data_V, i4* %out_keep_V, i4* %out_strb_V, i1* %out_user_V, i1* %out_last_V, i1* %out_id_V, i1* %out_dest_V, [5 x i8]* @p_str24, i32 0, i32 0, [5 x i8]* @p_str3, i32 0, i32 0, [1 x i8]* @p_str1, [1 x i8]* @p_str1, [1 x i8]* @p_str1, i32 0, i32 0, i32 0, i32 0, [1 x i8]* @p_str1, [1 x i8]* @p_str1)"   --->   Operation 20 'specinterface' <Predicate = true> <Delay = 0.00>
ST_1 : Operation 21 [1/1] (0.00ns)   --->   "call void (...)* @_ssdm_op_SpecInterface(i32* %in_data_V, i4* %in_keep_V, i4* %in_strb_V, i1* %in_user_V, i1* %in_last_V, i1* %in_id_V, i1* %in_dest_V, [5 x i8]* @p_str24, i32 0, i32 0, [5 x i8]* @p_str3, i32 0, i32 0, [1 x i8]* @p_str1, [1 x i8]* @p_str1, [1 x i8]* @p_str1, i32 0, i32 0, i32 0, i32 0, [1 x i8]* @p_str1, [1 x i8]* @p_str1)"   --->   Operation 21 'specinterface' <Predicate = true> <Delay = 0.00>
ST_1 : Operation 22 [1/1] (2.77ns)   --->   "%img_dat = alloca [784 x float], align 16" [lstm_hls_fixed8/src/rnn_top.cpp:7]   --->   Operation 22 'alloca' 'img_dat' <Predicate = true> <Delay = 2.77> <Core = "RAM">   --->   Core 37 'RAM' <Latency = 1> <II = 1> <Delay = 1.75> <Storage> <Opcode : 'load' 'store'> <Ports = 2> <Width = 32> <Depth = 10> <RAM>
ST_1 : Operation 23 [1/1] (1.75ns)   --->   "%res = alloca [10 x float], align 16"   --->   Operation 23 'alloca' 'res' <Predicate = true> <Delay = 1.75> <Core = "RAM">   --->   Core 37 'RAM' <Latency = 1> <II = 1> <Delay = 1.75> <Storage> <Opcode : 'load' 'store'> <Ports = 2> <Width = 32> <Depth = 10> <RAM>
ST_1 : Operation 24 [1/1] (0.46ns)   --->   "br label %1" [lstm_hls_fixed8/src/rnn_top.cpp:10]   --->   Operation 24 'br' <Predicate = true> <Delay = 0.46>

State 2 <SV = 1> <Delay = 7.19>
ST_2 : Operation 25 [1/1] (0.00ns)   --->   "%i = phi i10 [ 0, %0 ], [ %i_3, %2 ]"   --->   Operation 25 'phi' 'i' <Predicate = true> <Delay = 0.00>
ST_2 : Operation 26 [1/1] (1.94ns)   --->   "%exitcond1 = icmp eq i10 %i, -240" [lstm_hls_fixed8/src/rnn_top.cpp:10]   --->   Operation 26 'icmp' 'exitcond1' <Predicate = true> <Delay = 1.94> <Core = "Cmp">   --->   Core 25 'Cmp' <Latency = 0> <II = 1> <Delay = 0.96> <FuncUnit> <Opcode : 'icmp'> <InPorts = 2> <OutPorts = 1>
ST_2 : Operation 27 [1/1] (0.00ns)   --->   "%empty = call i32 (...)* @_ssdm_op_SpecLoopTripCount(i64 784, i64 784, i64 784)"   --->   Operation 27 'speclooptripcount' 'empty' <Predicate = true> <Delay = 0.00>
ST_2 : Operation 28 [1/1] (1.41ns)   --->   "%i_3 = add i10 %i, 1" [lstm_hls_fixed8/src/rnn_top.cpp:10]   --->   Operation 28 'add' 'i_3' <Predicate = true> <Delay = 1.41> <Core = "AddSub">   --->   Core 14 'AddSub' <Latency = 0> <II = 1> <Delay = 0.99> <FuncUnit> <Opcode : 'add' 'sub'> <InPorts = 2> <OutPorts = 1>
ST_2 : Operation 29 [1/1] (0.00ns)   --->   "br i1 %exitcond1, label %3, label %2" [lstm_hls_fixed8/src/rnn_top.cpp:10]   --->   Operation 29 'br' <Predicate = true> <Delay = 0.00>
ST_2 : Operation 30 [1/1] (0.00ns)   --->   "%empty_20 = call { i32, i4, i4, i1, i1, i1, i1 } @_ssdm_op_Read.axis.volatile.i32P.i4P.i4P.i1P.i1P.i1P.i1P(i32* %in_data_V, i4* %in_keep_V, i4* %in_strb_V, i1* %in_user_V, i1* %in_last_V, i1* %in_id_V, i1* %in_dest_V)"   --->   Operation 30 'read' 'empty_20' <Predicate = (!exitcond1)> <Delay = 0.00> <Core = "AXI4Stream">   --->   Core 5 'AXI4Stream' <Latency = 0> <II = 1> <Delay = 1.00> <Adapter> <Opcode : >
ST_2 : Operation 31 [1/1] (0.00ns)   --->   "%in_data_V_tmp = extractvalue { i32, i4, i4, i1, i1, i1, i1 } %empty_20, 0"   --->   Operation 31 'extractvalue' 'in_data_V_tmp' <Predicate = (!exitcond1)> <Delay = 0.00>
ST_2 : Operation 32 [1/1] (0.00ns)   --->   "%ret = bitcast i32 %in_data_V_tmp to float" [lstm_hls_fixed8/src/utils.h:25->lstm_hls_fixed8/src/rnn_top.cpp:13]   --->   Operation 32 'bitcast' 'ret' <Predicate = (!exitcond1)> <Delay = 0.00>
ST_2 : Operation 33 [12/12] (7.19ns)   --->   "%tmp_s = fdiv float %ret, 2.550000e+02" [lstm_hls_fixed8/src/rnn_top.cpp:14]   --->   Operation 33 'fdiv' 'tmp_s' <Predicate = (!exitcond1)> <Delay = 7.19> <Core = "FDiv">   --->   Core 106 'FDiv' <Latency = 11> <II = 1> <Delay = 7.19> <FuncUnit> <Opcode : 'fdiv' 'frem'> <InPorts = 2> <OutPorts = 1>

State 3 <SV = 2> <Delay = 7.19>
ST_3 : Operation 34 [11/12] (7.19ns)   --->   "%tmp_s = fdiv float %ret, 2.550000e+02" [lstm_hls_fixed8/src/rnn_top.cpp:14]   --->   Operation 34 'fdiv' 'tmp_s' <Predicate = (!exitcond1)> <Delay = 7.19> <Core = "FDiv">   --->   Core 106 'FDiv' <Latency = 11> <II = 1> <Delay = 7.19> <FuncUnit> <Opcode : 'fdiv' 'frem'> <InPorts = 2> <OutPorts = 1>

State 4 <SV = 3> <Delay = 7.19>
ST_4 : Operation 35 [10/12] (7.19ns)   --->   "%tmp_s = fdiv float %ret, 2.550000e+02" [lstm_hls_fixed8/src/rnn_top.cpp:14]   --->   Operation 35 'fdiv' 'tmp_s' <Predicate = (!exitcond1)> <Delay = 7.19> <Core = "FDiv">   --->   Core 106 'FDiv' <Latency = 11> <II = 1> <Delay = 7.19> <FuncUnit> <Opcode : 'fdiv' 'frem'> <InPorts = 2> <OutPorts = 1>

State 5 <SV = 4> <Delay = 7.19>
ST_5 : Operation 36 [9/12] (7.19ns)   --->   "%tmp_s = fdiv float %ret, 2.550000e+02" [lstm_hls_fixed8/src/rnn_top.cpp:14]   --->   Operation 36 'fdiv' 'tmp_s' <Predicate = (!exitcond1)> <Delay = 7.19> <Core = "FDiv">   --->   Core 106 'FDiv' <Latency = 11> <II = 1> <Delay = 7.19> <FuncUnit> <Opcode : 'fdiv' 'frem'> <InPorts = 2> <OutPorts = 1>

State 6 <SV = 5> <Delay = 7.19>
ST_6 : Operation 37 [8/12] (7.19ns)   --->   "%tmp_s = fdiv float %ret, 2.550000e+02" [lstm_hls_fixed8/src/rnn_top.cpp:14]   --->   Operation 37 'fdiv' 'tmp_s' <Predicate = (!exitcond1)> <Delay = 7.19> <Core = "FDiv">   --->   Core 106 'FDiv' <Latency = 11> <II = 1> <Delay = 7.19> <FuncUnit> <Opcode : 'fdiv' 'frem'> <InPorts = 2> <OutPorts = 1>

State 7 <SV = 6> <Delay = 7.19>
ST_7 : Operation 38 [7/12] (7.19ns)   --->   "%tmp_s = fdiv float %ret, 2.550000e+02" [lstm_hls_fixed8/src/rnn_top.cpp:14]   --->   Operation 38 'fdiv' 'tmp_s' <Predicate = (!exitcond1)> <Delay = 7.19> <Core = "FDiv">   --->   Core 106 'FDiv' <Latency = 11> <II = 1> <Delay = 7.19> <FuncUnit> <Opcode : 'fdiv' 'frem'> <InPorts = 2> <OutPorts = 1>

State 8 <SV = 7> <Delay = 7.19>
ST_8 : Operation 39 [6/12] (7.19ns)   --->   "%tmp_s = fdiv float %ret, 2.550000e+02" [lstm_hls_fixed8/src/rnn_top.cpp:14]   --->   Operation 39 'fdiv' 'tmp_s' <Predicate = (!exitcond1)> <Delay = 7.19> <Core = "FDiv">   --->   Core 106 'FDiv' <Latency = 11> <II = 1> <Delay = 7.19> <FuncUnit> <Opcode : 'fdiv' 'frem'> <InPorts = 2> <OutPorts = 1>

State 9 <SV = 8> <Delay = 7.19>
ST_9 : Operation 40 [5/12] (7.19ns)   --->   "%tmp_s = fdiv float %ret, 2.550000e+02" [lstm_hls_fixed8/src/rnn_top.cpp:14]   --->   Operation 40 'fdiv' 'tmp_s' <Predicate = (!exitcond1)> <Delay = 7.19> <Core = "FDiv">   --->   Core 106 'FDiv' <Latency = 11> <II = 1> <Delay = 7.19> <FuncUnit> <Opcode : 'fdiv' 'frem'> <InPorts = 2> <OutPorts = 1>

State 10 <SV = 9> <Delay = 7.19>
ST_10 : Operation 41 [4/12] (7.19ns)   --->   "%tmp_s = fdiv float %ret, 2.550000e+02" [lstm_hls_fixed8/src/rnn_top.cpp:14]   --->   Operation 41 'fdiv' 'tmp_s' <Predicate = (!exitcond1)> <Delay = 7.19> <Core = "FDiv">   --->   Core 106 'FDiv' <Latency = 11> <II = 1> <Delay = 7.19> <FuncUnit> <Opcode : 'fdiv' 'frem'> <InPorts = 2> <OutPorts = 1>

State 11 <SV = 10> <Delay = 7.19>
ST_11 : Operation 42 [3/12] (7.19ns)   --->   "%tmp_s = fdiv float %ret, 2.550000e+02" [lstm_hls_fixed8/src/rnn_top.cpp:14]   --->   Operation 42 'fdiv' 'tmp_s' <Predicate = (!exitcond1)> <Delay = 7.19> <Core = "FDiv">   --->   Core 106 'FDiv' <Latency = 11> <II = 1> <Delay = 7.19> <FuncUnit> <Opcode : 'fdiv' 'frem'> <InPorts = 2> <OutPorts = 1>

State 12 <SV = 11> <Delay = 7.19>
ST_12 : Operation 43 [2/12] (7.19ns)   --->   "%tmp_s = fdiv float %ret, 2.550000e+02" [lstm_hls_fixed8/src/rnn_top.cpp:14]   --->   Operation 43 'fdiv' 'tmp_s' <Predicate = (!exitcond1)> <Delay = 7.19> <Core = "FDiv">   --->   Core 106 'FDiv' <Latency = 11> <II = 1> <Delay = 7.19> <FuncUnit> <Opcode : 'fdiv' 'frem'> <InPorts = 2> <OutPorts = 1>

State 13 <SV = 12> <Delay = 7.19>
ST_13 : Operation 44 [1/12] (7.19ns)   --->   "%tmp_s = fdiv float %ret, 2.550000e+02" [lstm_hls_fixed8/src/rnn_top.cpp:14]   --->   Operation 44 'fdiv' 'tmp_s' <Predicate = (!exitcond1)> <Delay = 7.19> <Core = "FDiv">   --->   Core 106 'FDiv' <Latency = 11> <II = 1> <Delay = 7.19> <FuncUnit> <Opcode : 'fdiv' 'frem'> <InPorts = 2> <OutPorts = 1>

State 14 <SV = 13> <Delay = 2.77>
ST_14 : Operation 45 [1/1] (0.00ns)   --->   "%tmp_84 = call i32 (...)* @_ssdm_op_SpecRegionBegin([12 x i8]* @p_str4)" [lstm_hls_fixed8/src/rnn_top.cpp:11]   --->   Operation 45 'specregionbegin' 'tmp_84' <Predicate = (!exitcond1)> <Delay = 0.00>
ST_14 : Operation 46 [1/1] (0.00ns)   --->   "call void (...)* @_ssdm_op_SpecPipeline(i32 1, i32 1, i32 1, i32 0, [1 x i8]* @p_str1) nounwind" [lstm_hls_fixed8/src/rnn_top.cpp:12]   --->   Operation 46 'specpipeline' <Predicate = (!exitcond1)> <Delay = 0.00>
ST_14 : Operation 47 [1/1] (0.00ns)   --->   "%tmp = zext i10 %i to i64" [lstm_hls_fixed8/src/rnn_top.cpp:13]   --->   Operation 47 'zext' 'tmp' <Predicate = (!exitcond1)> <Delay = 0.00>
ST_14 : Operation 48 [1/1] (0.00ns)   --->   "%img_dat_addr = getelementptr inbounds [784 x float]* %img_dat, i64 0, i64 %tmp" [lstm_hls_fixed8/src/rnn_top.cpp:14]   --->   Operation 48 'getelementptr' 'img_dat_addr' <Predicate = (!exitcond1)> <Delay = 0.00>
ST_14 : Operation 49 [1/1] (2.77ns)   --->   "store float %tmp_s, float* %img_dat_addr, align 4" [lstm_hls_fixed8/src/rnn_top.cpp:14]   --->   Operation 49 'store' <Predicate = (!exitcond1)> <Delay = 2.77> <Core = "RAM">   --->   Core 37 'RAM' <Latency = 1> <II = 1> <Delay = 1.75> <Storage> <Opcode : 'load' 'store'> <Ports = 2> <Width = 32> <Depth = 10> <RAM>
ST_14 : Operation 50 [1/1] (0.00ns)   --->   "%empty_21 = call i32 (...)* @_ssdm_op_SpecRegionEnd([12 x i8]* @p_str4, i32 %tmp_84)" [lstm_hls_fixed8/src/rnn_top.cpp:15]   --->   Operation 50 'specregionend' 'empty_21' <Predicate = (!exitcond1)> <Delay = 0.00>
ST_14 : Operation 51 [1/1] (0.00ns)   --->   "br label %1" [lstm_hls_fixed8/src/rnn_top.cpp:10]   --->   Operation 51 'br' <Predicate = (!exitcond1)> <Delay = 0.00>

State 15 <SV = 2> <Delay = 0.00>
ST_15 : Operation 52 [2/2] (0.00ns)   --->   "call fastcc void @infer([784 x float]* %img_dat, [10 x float]* %res)" [lstm_hls_fixed8/src/rnn_top.cpp:18]   --->   Operation 52 'call' <Predicate = true> <Delay = 0.00> <CoreType = "Generic">   --->   Core 0 '' <Latency = 0> <II = 1> <Delay = 1.00> <Generic> <Opcode : >

State 16 <SV = 3> <Delay = 0.46>
ST_16 : Operation 53 [1/2] (0.00ns)   --->   "call fastcc void @infer([784 x float]* %img_dat, [10 x float]* %res)" [lstm_hls_fixed8/src/rnn_top.cpp:18]   --->   Operation 53 'call' <Predicate = true> <Delay = 0.00> <CoreType = "Generic">   --->   Core 0 '' <Latency = 0> <II = 1> <Delay = 1.00> <Generic> <Opcode : >
ST_16 : Operation 54 [1/1] (0.46ns)   --->   "br label %4" [lstm_hls_fixed8/src/rnn_top.cpp:21]   --->   Operation 54 'br' <Predicate = true> <Delay = 0.46>

State 17 <SV = 4> <Delay = 1.76>
ST_17 : Operation 55 [1/1] (0.00ns)   --->   "%i1 = phi i4 [ 0, %3 ], [ %i_4, %5 ]"   --->   Operation 55 'phi' 'i1' <Predicate = true> <Delay = 0.00>
ST_17 : Operation 56 [1/1] (0.96ns)   --->   "%exitcond = icmp eq i4 %i1, -6" [lstm_hls_fixed8/src/rnn_top.cpp:21]   --->   Operation 56 'icmp' 'exitcond' <Predicate = true> <Delay = 0.96> <Core = "Cmp">   --->   Core 25 'Cmp' <Latency = 0> <II = 1> <Delay = 0.96> <FuncUnit> <Opcode : 'icmp'> <InPorts = 2> <OutPorts = 1>
ST_17 : Operation 57 [1/1] (0.00ns)   --->   "%empty_22 = call i32 (...)* @_ssdm_op_SpecLoopTripCount(i64 10, i64 10, i64 10)"   --->   Operation 57 'speclooptripcount' 'empty_22' <Predicate = true> <Delay = 0.00>
ST_17 : Operation 58 [1/1] (0.99ns)   --->   "%i_4 = add i4 %i1, 1" [lstm_hls_fixed8/src/rnn_top.cpp:21]   --->   Operation 58 'add' 'i_4' <Predicate = true> <Delay = 0.99> <Core = "AddSub">   --->   Core 14 'AddSub' <Latency = 0> <II = 1> <Delay = 0.99> <FuncUnit> <Opcode : 'add' 'sub'> <InPorts = 2> <OutPorts = 1>
ST_17 : Operation 59 [1/1] (0.00ns)   --->   "br i1 %exitcond, label %6, label %5" [lstm_hls_fixed8/src/rnn_top.cpp:21]   --->   Operation 59 'br' <Predicate = true> <Delay = 0.00>
ST_17 : Operation 60 [1/1] (0.00ns)   --->   "%tmp_86 = zext i4 %i1 to i64" [lstm_hls_fixed8/src/rnn_top.cpp:24]   --->   Operation 60 'zext' 'tmp_86' <Predicate = (!exitcond)> <Delay = 0.00>
ST_17 : Operation 61 [1/1] (0.00ns)   --->   "%res_addr = getelementptr inbounds [10 x float]* %res, i64 0, i64 %tmp_86" [lstm_hls_fixed8/src/rnn_top.cpp:24]   --->   Operation 61 'getelementptr' 'res_addr' <Predicate = (!exitcond)> <Delay = 0.00>
ST_17 : Operation 62 [1/1] (0.96ns)   --->   "%last_assign = icmp eq i4 %i1, -7" [lstm_hls_fixed8/src/rnn_top.cpp:24]   --->   Operation 62 'icmp' 'last_assign' <Predicate = (!exitcond)> <Delay = 0.96> <Core = "Cmp">   --->   Core 25 'Cmp' <Latency = 0> <II = 1> <Delay = 0.96> <FuncUnit> <Opcode : 'icmp'> <InPorts = 2> <OutPorts = 1>
ST_17 : Operation 63 [2/2] (1.75ns)   --->   "%res_load = load float* %res_addr, align 4" [lstm_hls_fixed8/src/utils.h:49->lstm_hls_fixed8/src/rnn_top.cpp:24]   --->   Operation 63 'load' 'res_load' <Predicate = (!exitcond)> <Delay = 1.75> <Core = "RAM">   --->   Core 37 'RAM' <Latency = 1> <II = 1> <Delay = 1.75> <Storage> <Opcode : 'load' 'store'> <Ports = 2> <Width = 32> <Depth = 10> <RAM>

State 18 <SV = 5> <Delay = 1.75>
ST_18 : Operation 64 [1/1] (0.00ns)   --->   "%tmp_85 = call i32 (...)* @_ssdm_op_SpecRegionBegin([12 x i8]* @p_str5)" [lstm_hls_fixed8/src/rnn_top.cpp:22]   --->   Operation 64 'specregionbegin' 'tmp_85' <Predicate = (!exitcond)> <Delay = 0.00>
ST_18 : Operation 65 [1/1] (0.00ns)   --->   "call void (...)* @_ssdm_op_SpecPipeline(i32 1, i32 1, i32 1, i32 0, [1 x i8]* @p_str1) nounwind" [lstm_hls_fixed8/src/rnn_top.cpp:23]   --->   Operation 65 'specpipeline' <Predicate = (!exitcond)> <Delay = 0.00>
ST_18 : Operation 66 [1/2] (1.75ns)   --->   "%res_load = load float* %res_addr, align 4" [lstm_hls_fixed8/src/utils.h:49->lstm_hls_fixed8/src/rnn_top.cpp:24]   --->   Operation 66 'load' 'res_load' <Predicate = (!exitcond)> <Delay = 1.75> <Core = "RAM">   --->   Core 37 'RAM' <Latency = 1> <II = 1> <Delay = 1.75> <Storage> <Opcode : 'load' 'store'> <Ports = 2> <Width = 32> <Depth = 10> <RAM>
ST_18 : Operation 67 [1/1] (0.00ns)   --->   "%val_assign = bitcast float %res_load to i32" [lstm_hls_fixed8/src/utils.h:49->lstm_hls_fixed8/src/rnn_top.cpp:24]   --->   Operation 67 'bitcast' 'val_assign' <Predicate = (!exitcond)> <Delay = 0.00>
ST_18 : Operation 68 [1/1] (0.00ns)   --->   "call void @_ssdm_op_Write.axis.volatile.i32P.i4P.i4P.i1P.i1P.i1P.i1P(i32* %out_data_V, i4* %out_keep_V, i4* %out_strb_V, i1* %out_user_V, i1* %out_last_V, i1* %out_id_V, i1* %out_dest_V, i32 %val_assign, i4 -1, i4 -1, i1 false, i1 %last_assign, i1 false, i1 false)" [lstm_hls_fixed8/src/utils.h:49->lstm_hls_fixed8/src/rnn_top.cpp:24]   --->   Operation 68 'write' <Predicate = (!exitcond)> <Delay = 0.00> <Core = "AXI4Stream">   --->   Core 5 'AXI4Stream' <Latency = 0> <II = 1> <Delay = 1.00> <Adapter> <Opcode : >
ST_18 : Operation 69 [1/1] (0.00ns)   --->   "%empty_23 = call i32 (...)* @_ssdm_op_SpecRegionEnd([12 x i8]* @p_str5, i32 %tmp_85)" [lstm_hls_fixed8/src/rnn_top.cpp:25]   --->   Operation 69 'specregionend' 'empty_23' <Predicate = (!exitcond)> <Delay = 0.00>
ST_18 : Operation 70 [1/1] (0.00ns)   --->   "br label %4" [lstm_hls_fixed8/src/rnn_top.cpp:21]   --->   Operation 70 'br' <Predicate = (!exitcond)> <Delay = 0.00>

State 19 <SV = 5> <Delay = 0.00>
ST_19 : Operation 71 [1/1] (0.00ns)   --->   "ret void" [lstm_hls_fixed8/src/rnn_top.cpp:27]   --->   Operation 71 'ret' <Predicate = true> <Delay = 0.00>


============================================================
+ Verbose Summary: Binding
============================================================
STG Binding: 
---------------- STG Properties BEGIN ----------------
- Is combinational: 0
- Is one-state seq: 0
- Is datapath-only: 0
- Is pipelined: 0
- Is top level: 0
Port [ Return ] is wired: 1; IO mode=ap_ctrl_hs:ce=0
Port [ in_data_V]:  wired=1; compound=1; hidden=0; nouse=0; global=0; static=0; extern=0; dir=0; type=0; pingpong=0; private_global=0; IO mode=axis:ce=0
Port [ in_keep_V]:  wired=1; compound=1; hidden=0; nouse=0; global=0; static=0; extern=0; dir=0; type=0; pingpong=0; private_global=0; IO mode=axis:ce=0
Port [ in_strb_V]:  wired=1; compound=1; hidden=0; nouse=0; global=0; static=0; extern=0; dir=0; type=0; pingpong=0; private_global=0; IO mode=axis:ce=0
Port [ in_user_V]:  wired=1; compound=1; hidden=0; nouse=0; global=0; static=0; extern=0; dir=0; type=0; pingpong=0; private_global=0; IO mode=axis:ce=0
Port [ in_last_V]:  wired=1; compound=1; hidden=0; nouse=0; global=0; static=0; extern=0; dir=0; type=0; pingpong=0; private_global=0; IO mode=axis:ce=0
Port [ in_id_V]:  wired=1; compound=1; hidden=0; nouse=0; global=0; static=0; extern=0; dir=0; type=0; pingpong=0; private_global=0; IO mode=axis:ce=0
Port [ in_dest_V]:  wired=1; compound=1; hidden=0; nouse=0; global=0; static=0; extern=0; dir=0; type=0; pingpong=0; private_global=0; IO mode=axis:ce=0
Port [ out_data_V]:  wired=1; compound=1; hidden=0; nouse=0; global=0; static=0; extern=0; dir=1; type=0; pingpong=0; private_global=0; IO mode=axis:ce=0
Port [ out_keep_V]:  wired=1; compound=1; hidden=0; nouse=0; global=0; static=0; extern=0; dir=1; type=0; pingpong=0; private_global=0; IO mode=axis:ce=0
Port [ out_strb_V]:  wired=1; compound=1; hidden=0; nouse=0; global=0; static=0; extern=0; dir=1; type=0; pingpong=0; private_global=0; IO mode=axis:ce=0
Port [ out_user_V]:  wired=1; compound=1; hidden=0; nouse=0; global=0; static=0; extern=0; dir=1; type=0; pingpong=0; private_global=0; IO mode=axis:ce=0
Port [ out_last_V]:  wired=1; compound=1; hidden=0; nouse=0; global=0; static=0; extern=0; dir=1; type=0; pingpong=0; private_global=0; IO mode=axis:ce=0
Port [ out_id_V]:  wired=1; compound=1; hidden=0; nouse=0; global=0; static=0; extern=0; dir=1; type=0; pingpong=0; private_global=0; IO mode=axis:ce=0
Port [ out_dest_V]:  wired=1; compound=1; hidden=0; nouse=0; global=0; static=0; extern=0; dir=1; type=0; pingpong=0; private_global=0; IO mode=axis:ce=0
Port [ Weight_f_V]:  wired=0; compound=1; hidden=1; nouse=1; global=1; static=1; extern=0; dir=0; type=1; pingpong=0; private_global=0; linkage=7; visibility=0; MemPort=[11]; IO mode=ap_memory:ce=0
Port [ Bias_f_V]:  wired=0; compound=1; hidden=1; nouse=1; global=1; static=1; extern=0; dir=0; type=1; pingpong=0; private_global=0; linkage=7; visibility=0; MemPort=[11]; IO mode=ap_memory:ce=0
Port [ Weight_i_V]:  wired=0; compound=1; hidden=1; nouse=1; global=1; static=1; extern=0; dir=0; type=1; pingpong=0; private_global=0; linkage=7; visibility=0; MemPort=[11]; IO mode=ap_memory:ce=0
Port [ Bias_i_V]:  wired=0; compound=1; hidden=1; nouse=1; global=1; static=1; extern=0; dir=0; type=1; pingpong=0; private_global=0; linkage=7; visibility=0; MemPort=[11]; IO mode=ap_memory:ce=0
Port [ Weight_c_V]:  wired=0; compound=1; hidden=1; nouse=1; global=1; static=1; extern=0; dir=0; type=1; pingpong=0; private_global=0; linkage=7; visibility=0; MemPort=[11]; IO mode=ap_memory:ce=0
Port [ Bias_c_V]:  wired=0; compound=1; hidden=1; nouse=1; global=1; static=1; extern=0; dir=0; type=1; pingpong=0; private_global=0; linkage=7; visibility=0; MemPort=[11]; IO mode=ap_memory:ce=0
Port [ Weight_o_V]:  wired=0; compound=1; hidden=1; nouse=1; global=1; static=1; extern=0; dir=0; type=1; pingpong=0; private_global=0; linkage=7; visibility=0; MemPort=[11]; IO mode=ap_memory:ce=0
Port [ Bias_o_V]:  wired=0; compound=1; hidden=1; nouse=1; global=1; static=1; extern=0; dir=0; type=1; pingpong=0; private_global=0; linkage=7; visibility=0; MemPort=[11]; IO mode=ap_memory:ce=0
Port [ Weight_lc_V]:  wired=0; compound=1; hidden=1; nouse=1; global=1; static=1; extern=0; dir=0; type=1; pingpong=0; private_global=0; linkage=7; visibility=0; MemPort=[11]; IO mode=ap_memory:ce=0
Port [ Bias_lc_V]:  wired=0; compound=1; hidden=1; nouse=1; global=1; static=1; extern=0; dir=0; type=1; pingpong=0; private_global=0; linkage=7; visibility=0; MemPort=[1]; IO mode=ap_memory:ce=0
---------------- STG Properties END ------------------

---------------- Datapath Model BEGIN ----------------

<LifeTime>
<method=bitvector/>
StgValue_20   (specinterface    ) [ 00000000000000000000]
StgValue_21   (specinterface    ) [ 00000000000000000000]
img_dat       (alloca           ) [ 00111111111111111000]
res           (alloca           ) [ 00111111111111111110]
StgValue_24   (br               ) [ 01111111111111100000]
i             (phi              ) [ 00111111111111100000]
exitcond1     (icmp             ) [ 00111111111111100000]
empty         (speclooptripcount) [ 00000000000000000000]
i_3           (add              ) [ 01111111111111100000]
StgValue_29   (br               ) [ 00000000000000000000]
empty_20      (read             ) [ 00000000000000000000]
in_data_V_tmp (extractvalue     ) [ 00000000000000000000]
ret           (bitcast          ) [ 00111111111111000000]
tmp_s         (fdiv             ) [ 00100000000000100000]
tmp_84        (specregionbegin  ) [ 00000000000000000000]
StgValue_46   (specpipeline     ) [ 00000000000000000000]
tmp           (zext             ) [ 00000000000000000000]
img_dat_addr  (getelementptr    ) [ 00000000000000000000]
StgValue_49   (store            ) [ 00000000000000000000]
empty_21      (specregionend    ) [ 00000000000000000000]
StgValue_51   (br               ) [ 01111111111111100000]
StgValue_53   (call             ) [ 00000000000000000000]
StgValue_54   (br               ) [ 00000000000000001110]
i1            (phi              ) [ 00000000000000000100]
exitcond      (icmp             ) [ 00000000000000000110]
empty_22      (speclooptripcount) [ 00000000000000000000]
i_4           (add              ) [ 00000000000000001110]
StgValue_59   (br               ) [ 00000000000000000000]
tmp_86        (zext             ) [ 00000000000000000000]
res_addr      (getelementptr    ) [ 00000000000000000110]
last_assign   (icmp             ) [ 00000000000000000110]
tmp_85        (specregionbegin  ) [ 00000000000000000000]
StgValue_65   (specpipeline     ) [ 00000000000000000000]
res_load      (load             ) [ 00000000000000000000]
val_assign    (bitcast          ) [ 00000000000000000000]
StgValue_68   (write            ) [ 00000000000000000000]
empty_23      (specregionend    ) [ 00000000000000000000]
StgValue_70   (br               ) [ 00000000000000001110]
StgValue_71   (ret              ) [ 00000000000000000000]
</LifeTime>

<model>

<comp_list>
<comp id="0" class="1000" name="in_data_V">
<pin_list>
<pin id="1" dir="1" index="0" bw="1" slack="0"/>
</pin_list>
<bind>
<StgValue><ssdm name="in_data_V"/></StgValue>
</bind>
</comp>

<comp id="2" class="1000" name="in_keep_V">
<pin_list>
<pin id="3" dir="1" index="0" bw="1" slack="0"/>
</pin_list>
<bind>
<StgValue><ssdm name="in_keep_V"/></StgValue>
</bind>
</comp>

<comp id="4" class="1000" name="in_strb_V">
<pin_list>
<pin id="5" dir="1" index="0" bw="1" slack="0"/>
</pin_list>
<bind>
<StgValue><ssdm name="in_strb_V"/></StgValue>
</bind>
</comp>

<comp id="6" class="1000" name="in_user_V">
<pin_list>
<pin id="7" dir="1" index="0" bw="1" slack="0"/>
</pin_list>
<bind>
<StgValue><ssdm name="in_user_V"/></StgValue>
</bind>
</comp>

<comp id="8" class="1000" name="in_last_V">
<pin_list>
<pin id="9" dir="1" index="0" bw="1" slack="0"/>
</pin_list>
<bind>
<StgValue><ssdm name="in_last_V"/></StgValue>
</bind>
</comp>

<comp id="10" class="1000" name="in_id_V">
<pin_list>
<pin id="11" dir="1" index="0" bw="1" slack="0"/>
</pin_list>
<bind>
<StgValue><ssdm name="in_id_V"/></StgValue>
</bind>
</comp>

<comp id="12" class="1000" name="in_dest_V">
<pin_list>
<pin id="13" dir="1" index="0" bw="1" slack="0"/>
</pin_list>
<bind>
<StgValue><ssdm name="in_dest_V"/></StgValue>
</bind>
</comp>

<comp id="14" class="1000" name="out_data_V">
<pin_list>
<pin id="15" dir="1" index="0" bw="1" slack="0"/>
</pin_list>
<bind>
<StgValue><ssdm name="out_data_V"/></StgValue>
</bind>
</comp>

<comp id="16" class="1000" name="out_keep_V">
<pin_list>
<pin id="17" dir="1" index="0" bw="1" slack="0"/>
</pin_list>
<bind>
<StgValue><ssdm name="out_keep_V"/></StgValue>
</bind>
</comp>

<comp id="18" class="1000" name="out_strb_V">
<pin_list>
<pin id="19" dir="1" index="0" bw="1" slack="0"/>
</pin_list>
<bind>
<StgValue><ssdm name="out_strb_V"/></StgValue>
</bind>
</comp>

<comp id="20" class="1000" name="out_user_V">
<pin_list>
<pin id="21" dir="1" index="0" bw="1" slack="0"/>
</pin_list>
<bind>
<StgValue><ssdm name="out_user_V"/></StgValue>
</bind>
</comp>

<comp id="22" class="1000" name="out_last_V">
<pin_list>
<pin id="23" dir="1" index="0" bw="1" slack="0"/>
</pin_list>
<bind>
<StgValue><ssdm name="out_last_V"/></StgValue>
</bind>
</comp>

<comp id="24" class="1000" name="out_id_V">
<pin_list>
<pin id="25" dir="1" index="0" bw="1" slack="0"/>
</pin_list>
<bind>
<StgValue><ssdm name="out_id_V"/></StgValue>
</bind>
</comp>

<comp id="26" class="1000" name="out_dest_V">
<pin_list>
<pin id="27" dir="1" index="0" bw="1" slack="0"/>
</pin_list>
<bind>
<StgValue><ssdm name="out_dest_V"/></StgValue>
</bind>
</comp>

<comp id="28" class="1000" name="Weight_f_V">
<pin_list>
<pin id="29" dir="1" index="0" bw="1" slack="0"/>
</pin_list>
<bind>
<StgValue><ssdm name="Weight_f_V"/><MemPortTyVec>1 1 </MemPortTyVec>
</StgValue>
</bind>
</comp>

<comp id="30" class="1000" name="Bias_f_V">
<pin_list>
<pin id="31" dir="1" index="0" bw="1" slack="0"/>
</pin_list>
<bind>
<StgValue><ssdm name="Bias_f_V"/><MemPortTyVec>1 1 </MemPortTyVec>
</StgValue>
</bind>
</comp>

<comp id="32" class="1000" name="Weight_i_V">
<pin_list>
<pin id="33" dir="1" index="0" bw="1" slack="0"/>
</pin_list>
<bind>
<StgValue><ssdm name="Weight_i_V"/><MemPortTyVec>1 1 </MemPortTyVec>
</StgValue>
</bind>
</comp>

<comp id="34" class="1000" name="Bias_i_V">
<pin_list>
<pin id="35" dir="1" index="0" bw="1" slack="0"/>
</pin_list>
<bind>
<StgValue><ssdm name="Bias_i_V"/><MemPortTyVec>1 1 </MemPortTyVec>
</StgValue>
</bind>
</comp>

<comp id="36" class="1000" name="Weight_c_V">
<pin_list>
<pin id="37" dir="1" index="0" bw="1" slack="0"/>
</pin_list>
<bind>
<StgValue><ssdm name="Weight_c_V"/><MemPortTyVec>1 1 </MemPortTyVec>
</StgValue>
</bind>
</comp>

<comp id="38" class="1000" name="Bias_c_V">
<pin_list>
<pin id="39" dir="1" index="0" bw="1" slack="0"/>
</pin_list>
<bind>
<StgValue><ssdm name="Bias_c_V"/><MemPortTyVec>1 1 </MemPortTyVec>
</StgValue>
</bind>
</comp>

<comp id="40" class="1000" name="Weight_o_V">
<pin_list>
<pin id="41" dir="1" index="0" bw="1" slack="0"/>
</pin_list>
<bind>
<StgValue><ssdm name="Weight_o_V"/><MemPortTyVec>1 1 </MemPortTyVec>
</StgValue>
</bind>
</comp>

<comp id="42" class="1000" name="Bias_o_V">
<pin_list>
<pin id="43" dir="1" index="0" bw="1" slack="0"/>
</pin_list>
<bind>
<StgValue><ssdm name="Bias_o_V"/><MemPortTyVec>1 1 </MemPortTyVec>
</StgValue>
</bind>
</comp>

<comp id="44" class="1000" name="Weight_lc_V">
<pin_list>
<pin id="45" dir="1" index="0" bw="1" slack="0"/>
</pin_list>
<bind>
<StgValue><ssdm name="Weight_lc_V"/><MemPortTyVec>1 1 </MemPortTyVec>
</StgValue>
</bind>
</comp>

<comp id="46" class="1000" name="Bias_lc_V">
<pin_list>
<pin id="47" dir="1" index="0" bw="1" slack="0"/>
</pin_list>
<bind>
<StgValue><ssdm name="Bias_lc_V"/><MemPortTyVec>1 </MemPortTyVec>
</StgValue>
</bind>
</comp>

<comp id="48" class="1001" name="const_48">
<pin_list>
<pin id="49" dir="1" index="0" bw="1" slack="2147483647"/>
</pin_list>
<bind>
<StgValue><ssdm name="_ssdm_op_SpecInterface"/></StgValue>
</bind>
</comp>

<comp id="50" class="1001" name="const_50">
<pin_list>
<pin id="51" dir="1" index="0" bw="1" slack="2147483647"/>
</pin_list>
<bind>
<StgValue><ssdm name="p_str24"/></StgValue>
</bind>
</comp>

<comp id="52" class="1001" name="const_52">
<pin_list>
<pin id="53" dir="1" index="0" bw="1" slack="2147483647"/>
</pin_list>
<bind>
<StgValue><ssdm name=""/></StgValue>
</bind>
</comp>

<comp id="54" class="1001" name="const_54">
<pin_list>
<pin id="55" dir="1" index="0" bw="1" slack="2147483647"/>
</pin_list>
<bind>
<StgValue><ssdm name="p_str3"/></StgValue>
</bind>
</comp>

<comp id="56" class="1001" name="const_56">
<pin_list>
<pin id="57" dir="1" index="0" bw="1" slack="2147483647"/>
</pin_list>
<bind>
<StgValue><ssdm name="p_str1"/></StgValue>
</bind>
</comp>

<comp id="58" class="1001" name="const_58">
<pin_list>
<pin id="59" dir="1" index="0" bw="1" slack="0"/>
</pin_list>
<bind>
<StgValue><ssdm name=""/></StgValue>
</bind>
</comp>

<comp id="60" class="1001" name="const_60">
<pin_list>
<pin id="61" dir="1" index="0" bw="1" slack="1"/>
</pin_list>
<bind>
<StgValue><ssdm name=""/></StgValue>
</bind>
</comp>

<comp id="62" class="1001" name="const_62">
<pin_list>
<pin id="63" dir="1" index="0" bw="1" slack="0"/>
</pin_list>
<bind>
<StgValue><ssdm name=""/></StgValue>
</bind>
</comp>

<comp id="64" class="1001" name="const_64">
<pin_list>
<pin id="65" dir="1" index="0" bw="1" slack="2147483647"/>
</pin_list>
<bind>
<StgValue><ssdm name="_ssdm_op_SpecLoopTripCount"/></StgValue>
</bind>
</comp>

<comp id="66" class="1001" name="const_66">
<pin_list>
<pin id="67" dir="1" index="0" bw="1" slack="2147483647"/>
</pin_list>
<bind>
<StgValue><ssdm name=""/></StgValue>
</bind>
</comp>

<comp id="68" class="1001" name="const_68">
<pin_list>
<pin id="69" dir="1" index="0" bw="1" slack="0"/>
</pin_list>
<bind>
<StgValue><ssdm name=""/></StgValue>
</bind>
</comp>

<comp id="70" class="1001" name="const_70">
<pin_list>
<pin id="71" dir="1" index="0" bw="1" slack="0"/>
</pin_list>
<bind>
<StgValue><ssdm name="_ssdm_op_Read.axis.volatile.i32P.i4P.i4P.i1P.i1P.i1P.i1P"/></StgValue>
</bind>
</comp>

<comp id="72" class="1001" name="const_72">
<pin_list>
<pin id="73" dir="1" index="0" bw="1" slack="0"/>
</pin_list>
<bind>
<StgValue><ssdm name=""/></StgValue>
</bind>
</comp>

<comp id="74" class="1001" name="const_74">
<pin_list>
<pin id="75" dir="1" index="0" bw="1" slack="2147483647"/>
</pin_list>
<bind>
<StgValue><ssdm name="_ssdm_op_SpecRegionBegin"/></StgValue>
</bind>
</comp>

<comp id="76" class="1001" name="const_76">
<pin_list>
<pin id="77" dir="1" index="0" bw="1" slack="2147483647"/>
</pin_list>
<bind>
<StgValue><ssdm name="p_str4"/></StgValue>
</bind>
</comp>

<comp id="78" class="1001" name="const_78">
<pin_list>
<pin id="79" dir="1" index="0" bw="1" slack="2147483647"/>
</pin_list>
<bind>
<StgValue><ssdm name="_ssdm_op_SpecPipeline"/></StgValue>
</bind>
</comp>

<comp id="80" class="1001" name="const_80">
<pin_list>
<pin id="81" dir="1" index="0" bw="1" slack="2147483647"/>
</pin_list>
<bind>
<StgValue><ssdm name=""/></StgValue>
</bind>
</comp>

<comp id="82" class="1001" name="const_82">
<pin_list>
<pin id="83" dir="1" index="0" bw="1" slack="0"/>
</pin_list>
<bind>
<StgValue><ssdm name=""/></StgValue>
</bind>
</comp>

<comp id="84" class="1001" name="const_84">
<pin_list>
<pin id="85" dir="1" index="0" bw="1" slack="2147483647"/>
</pin_list>
<bind>
<StgValue><ssdm name="_ssdm_op_SpecRegionEnd"/></StgValue>
</bind>
</comp>

<comp id="86" class="1001" name="const_86">
<pin_list>
<pin id="87" dir="1" index="0" bw="1" slack="0"/>
</pin_list>
<bind>
<StgValue><ssdm name="infer"/></StgValue>
</bind>
</comp>

<comp id="88" class="1001" name="const_88">
<pin_list>
<pin id="89" dir="1" index="0" bw="1" slack="1"/>
</pin_list>
<bind>
<StgValue><ssdm name=""/></StgValue>
</bind>
</comp>

<comp id="90" class="1001" name="const_90">
<pin_list>
<pin id="91" dir="1" index="0" bw="1" slack="0"/>
</pin_list>
<bind>
<StgValue><ssdm name=""/></StgValue>
</bind>
</comp>

<comp id="92" class="1001" name="const_92">
<pin_list>
<pin id="93" dir="1" index="0" bw="1" slack="2147483647"/>
</pin_list>
<bind>
<StgValue><ssdm name=""/></StgValue>
</bind>
</comp>

<comp id="94" class="1001" name="const_94">
<pin_list>
<pin id="95" dir="1" index="0" bw="1" slack="0"/>
</pin_list>
<bind>
<StgValue><ssdm name=""/></StgValue>
</bind>
</comp>

<comp id="96" class="1001" name="const_96">
<pin_list>
<pin id="97" dir="1" index="0" bw="1" slack="0"/>
</pin_list>
<bind>
<StgValue><ssdm name=""/></StgValue>
</bind>
</comp>

<comp id="98" class="1001" name="const_98">
<pin_list>
<pin id="99" dir="1" index="0" bw="1" slack="2147483647"/>
</pin_list>
<bind>
<StgValue><ssdm name="p_str5"/></StgValue>
</bind>
</comp>

<comp id="100" class="1001" name="const_100">
<pin_list>
<pin id="101" dir="1" index="0" bw="1" slack="0"/>
</pin_list>
<bind>
<StgValue><ssdm name="_ssdm_op_Write.axis.volatile.i32P.i4P.i4P.i1P.i1P.i1P.i1P"/></StgValue>
</bind>
</comp>

<comp id="102" class="1001" name="const_102">
<pin_list>
<pin id="103" dir="1" index="0" bw="1" slack="0"/>
</pin_list>
<bind>
<StgValue><ssdm name=""/></StgValue>
</bind>
</comp>

<comp id="104" class="1001" name="const_104">
<pin_list>
<pin id="105" dir="1" index="0" bw="1" slack="0"/>
</pin_list>
<bind>
<StgValue><ssdm name=""/></StgValue>
</bind>
</comp>

<comp id="106" class="1004" name="img_dat_alloca_fu_106">
<pin_list>
<pin id="107" dir="0" index="0" bw="1" slack="0"/>
<pin id="108" dir="1" index="1" bw="32" slack="2147483647"/>
</pin_list>
<bind>
<opcode="alloca(26) " fcode="alloca"/>
<opset="img_dat/1 "/>
</bind>
</comp>

<comp id="110" class="1004" name="res_alloca_fu_110">
<pin_list>
<pin id="111" dir="0" index="0" bw="1" slack="0"/>
<pin id="112" dir="1" index="1" bw="32" slack="2147483647"/>
</pin_list>
<bind>
<opcode="alloca(26) " fcode="alloca"/>
<opset="res/1 "/>
</bind>
</comp>

<comp id="114" class="1004" name="empty_20_read_fu_114">
<pin_list>
<pin id="115" dir="0" index="0" bw="44" slack="0"/>
<pin id="116" dir="0" index="1" bw="32" slack="0"/>
<pin id="117" dir="0" index="2" bw="4" slack="0"/>
<pin id="118" dir="0" index="3" bw="4" slack="0"/>
<pin id="119" dir="0" index="4" bw="1" slack="0"/>
<pin id="120" dir="0" index="5" bw="1" slack="0"/>
<pin id="121" dir="0" index="6" bw="1" slack="0"/>
<pin id="122" dir="0" index="7" bw="1" slack="0"/>
<pin id="123" dir="1" index="8" bw="44" slack="0"/>
</pin_list>
<bind>
<opcode="read(1150) " fcode="read"/>
<opset="empty_20/2 "/>
</bind>
</comp>

<comp id="132" class="1004" name="StgValue_68_write_fu_132">
<pin_list>
<pin id="133" dir="0" index="0" bw="0" slack="0"/>
<pin id="134" dir="0" index="1" bw="32" slack="0"/>
<pin id="135" dir="0" index="2" bw="4" slack="0"/>
<pin id="136" dir="0" index="3" bw="4" slack="0"/>
<pin id="137" dir="0" index="4" bw="1" slack="0"/>
<pin id="138" dir="0" index="5" bw="1" slack="0"/>
<pin id="139" dir="0" index="6" bw="1" slack="0"/>
<pin id="140" dir="0" index="7" bw="1" slack="0"/>
<pin id="141" dir="0" index="8" bw="32" slack="0"/>
<pin id="142" dir="0" index="9" bw="1" slack="0"/>
<pin id="143" dir="0" index="10" bw="1" slack="0"/>
<pin id="144" dir="0" index="11" bw="1" slack="0"/>
<pin id="145" dir="0" index="12" bw="1" slack="1"/>
<pin id="146" dir="0" index="13" bw="1" slack="0"/>
<pin id="147" dir="0" index="14" bw="1" slack="0"/>
<pin id="148" dir="1" index="15" bw="0" slack="2147483647"/>
</pin_list>
<bind>
<opcode="write(1151) " fcode="write"/>
<opset="StgValue_68/18 "/>
</bind>
</comp>

<comp id="162" class="1004" name="img_dat_addr_gep_fu_162">
<pin_list>
<pin id="163" dir="0" index="0" bw="32" slack="2147483647"/>
<pin id="164" dir="0" index="1" bw="1" slack="0"/>
<pin id="165" dir="0" index="2" bw="10" slack="0"/>
<pin id="166" dir="1" index="3" bw="10" slack="0"/>
</pin_list>
<bind>
<opcode="getelementptr(29) " fcode="getelementptr"/>
<opset="img_dat_addr/14 "/>
</bind>
</comp>

<comp id="168" class="1004" name="StgValue_49_access_fu_168">
<pin_list>
<pin id="169" dir="0" index="0" bw="10" slack="0"/>
<pin id="170" dir="0" index="1" bw="32" slack="1"/>
<pin id="171" dir="0" index="2" bw="0" slack="2147483647"/>
<pin id="172" dir="1" index="3" bw="32" slack="2147483647"/>
</pin_list>
<bind>
<opcode="store(28) " fcode="store"/>
<opset="StgValue_49/14 "/>
</bind>
</comp>

<comp id="174" class="1004" name="res_addr_gep_fu_174">
<pin_list>
<pin id="175" dir="0" index="0" bw="32" slack="2147483647"/>
<pin id="176" dir="0" index="1" bw="1" slack="0"/>
<pin id="177" dir="0" index="2" bw="4" slack="0"/>
<pin id="178" dir="1" index="3" bw="4" slack="0"/>
</pin_list>
<bind>
<opcode="getelementptr(29) " fcode="getelementptr"/>
<opset="res_addr/17 "/>
</bind>
</comp>

<comp id="180" class="1004" name="grp_access_fu_180">
<pin_list>
<pin id="181" dir="0" index="0" bw="4" slack="0"/>
<pin id="182" dir="0" index="1" bw="32" slack="2147483647"/>
<pin id="183" dir="0" index="2" bw="0" slack="2147483647"/>
<pin id="184" dir="1" index="3" bw="32" slack="0"/>
</pin_list>
<bind>
<opcode="load(27) " fcode="load"/>
<opset="res_load/17 "/>
</bind>
</comp>

<comp id="186" class="1005" name="i_reg_186">
<pin_list>
<pin id="187" dir="0" index="0" bw="10" slack="1"/>
<pin id="188" dir="1" index="1" bw="10" slack="1"/>
</pin_list>
<bind>
<opset="i (phireg) "/>
</bind>
</comp>

<comp id="190" class="1004" name="i_phi_fu_190">
<pin_list>
<pin id="191" dir="0" index="0" bw="1" slack="1"/>
<pin id="192" dir="0" index="1" bw="0" slack="2147483647"/>
<pin id="193" dir="0" index="2" bw="10" slack="0"/>
<pin id="194" dir="0" index="3" bw="0" slack="2147483647"/>
<pin id="195" dir="1" index="4" bw="10" slack="0"/>
</pin_list>
<bind>
<opcode="phi(47) " fcode="phi"/>
<opset="i/2 "/>
</bind>
</comp>

<comp id="198" class="1005" name="i1_reg_198">
<pin_list>
<pin id="199" dir="0" index="0" bw="4" slack="1"/>
<pin id="200" dir="1" index="1" bw="4" slack="1"/>
</pin_list>
<bind>
<opset="i1 (phireg) "/>
</bind>
</comp>

<comp id="202" class="1004" name="i1_phi_fu_202">
<pin_list>
<pin id="203" dir="0" index="0" bw="1" slack="1"/>
<pin id="204" dir="0" index="1" bw="0" slack="2147483647"/>
<pin id="205" dir="0" index="2" bw="4" slack="0"/>
<pin id="206" dir="0" index="3" bw="0" slack="2147483647"/>
<pin id="207" dir="1" index="4" bw="4" slack="0"/>
</pin_list>
<bind>
<opcode="phi(47) " fcode="phi"/>
<opset="i1/17 "/>
</bind>
</comp>

<comp id="209" class="1004" name="grp_infer_fu_209">
<pin_list>
<pin id="210" dir="0" index="0" bw="0" slack="0"/>
<pin id="211" dir="0" index="1" bw="32" slack="2147483647"/>
<pin id="212" dir="0" index="2" bw="32" slack="2147483647"/>
<pin id="213" dir="0" index="3" bw="8" slack="0"/>
<pin id="214" dir="0" index="4" bw="8" slack="0"/>
<pin id="215" dir="0" index="5" bw="8" slack="0"/>
<pin id="216" dir="0" index="6" bw="7" slack="0"/>
<pin id="217" dir="0" index="7" bw="8" slack="0"/>
<pin id="218" dir="0" index="8" bw="7" slack="0"/>
<pin id="219" dir="0" index="9" bw="8" slack="0"/>
<pin id="220" dir="0" index="10" bw="8" slack="0"/>
<pin id="221" dir="0" index="11" bw="8" slack="0"/>
<pin id="222" dir="0" index="12" bw="6" slack="0"/>
<pin id="223" dir="1" index="13" bw="0" slack="2147483647"/>
</pin_list>
<bind>
<opcode="call(48) " fcode="call"/>
<opset="StgValue_52/15 "/>
</bind>
</comp>

<comp id="235" class="1004" name="grp_fu_235">
<pin_list>
<pin id="236" dir="0" index="0" bw="32" slack="0"/>
<pin id="237" dir="0" index="1" bw="32" slack="0"/>
<pin id="238" dir="1" index="2" bw="32" slack="1"/>
</pin_list>
<bind>
<opcode="fdiv(16) " fcode="fdiv"/>
<opset="tmp_s/2 "/>
</bind>
</comp>

<comp id="240" class="1004" name="exitcond1_fu_240">
<pin_list>
<pin id="241" dir="0" index="0" bw="10" slack="0"/>
<pin id="242" dir="0" index="1" bw="9" slack="0"/>
<pin id="243" dir="1" index="2" bw="1" slack="1"/>
</pin_list>
<bind>
<opcode="icmp(45) " fcode="icmp"/>
<opset="exitcond1/2 "/>
</bind>
</comp>

<comp id="246" class="1004" name="i_3_fu_246">
<pin_list>
<pin id="247" dir="0" index="0" bw="10" slack="0"/>
<pin id="248" dir="0" index="1" bw="1" slack="0"/>
<pin id="249" dir="1" index="2" bw="10" slack="0"/>
</pin_list>
<bind>
<opcode="add(8) " fcode="add"/>
<opset="i_3/2 "/>
</bind>
</comp>

<comp id="252" class="1004" name="in_data_V_tmp_fu_252">
<pin_list>
<pin id="253" dir="0" index="0" bw="44" slack="0"/>
<pin id="254" dir="1" index="1" bw="32" slack="0"/>
</pin_list>
<bind>
<opcode="extractvalue(56) " fcode="extractvalue"/>
<opset="in_data_V_tmp/2 "/>
</bind>
</comp>

<comp id="256" class="1004" name="ret_fu_256">
<pin_list>
<pin id="257" dir="0" index="0" bw="32" slack="0"/>
<pin id="258" dir="1" index="1" bw="32" slack="0"/>
</pin_list>
<bind>
<opcode="bitcast(44) " fcode="bitcast"/>
<opset="ret/2 "/>
</bind>
</comp>

<comp id="261" class="1004" name="tmp_fu_261">
<pin_list>
<pin id="262" dir="0" index="0" bw="10" slack="12"/>
<pin id="263" dir="1" index="1" bw="64" slack="0"/>
</pin_list>
<bind>
<opcode="zext(34) " fcode="zext"/>
<opset="tmp/14 "/>
</bind>
</comp>

<comp id="266" class="1004" name="exitcond_fu_266">
<pin_list>
<pin id="267" dir="0" index="0" bw="4" slack="0"/>
<pin id="268" dir="0" index="1" bw="4" slack="0"/>
<pin id="269" dir="1" index="2" bw="1" slack="1"/>
</pin_list>
<bind>
<opcode="icmp(45) " fcode="icmp"/>
<opset="exitcond/17 "/>
</bind>
</comp>

<comp id="272" class="1004" name="i_4_fu_272">
<pin_list>
<pin id="273" dir="0" index="0" bw="4" slack="0"/>
<pin id="274" dir="0" index="1" bw="1" slack="0"/>
<pin id="275" dir="1" index="2" bw="4" slack="0"/>
</pin_list>
<bind>
<opcode="add(8) " fcode="add"/>
<opset="i_4/17 "/>
</bind>
</comp>

<comp id="278" class="1004" name="tmp_86_fu_278">
<pin_list>
<pin id="279" dir="0" index="0" bw="4" slack="0"/>
<pin id="280" dir="1" index="1" bw="64" slack="0"/>
</pin_list>
<bind>
<opcode="zext(34) " fcode="zext"/>
<opset="tmp_86/17 "/>
</bind>
</comp>

<comp id="283" class="1004" name="last_assign_fu_283">
<pin_list>
<pin id="284" dir="0" index="0" bw="4" slack="0"/>
<pin id="285" dir="0" index="1" bw="4" slack="0"/>
<pin id="286" dir="1" index="2" bw="1" slack="1"/>
</pin_list>
<bind>
<opcode="icmp(45) " fcode="icmp"/>
<opset="last_assign/17 "/>
</bind>
</comp>

<comp id="289" class="1004" name="val_assign_fu_289">
<pin_list>
<pin id="290" dir="0" index="0" bw="32" slack="0"/>
<pin id="291" dir="1" index="1" bw="32" slack="0"/>
</pin_list>
<bind>
<opcode="bitcast(44) " fcode="bitcast"/>
<opset="val_assign/18 "/>
</bind>
</comp>

<comp id="294" class="1005" name="exitcond1_reg_294">
<pin_list>
<pin id="295" dir="0" index="0" bw="1" slack="1"/>
<pin id="296" dir="1" index="1" bw="1" slack="2147483647"/>
</pin_list>
<bind>
<opset="exitcond1 "/>
</bind>
</comp>

<comp id="298" class="1005" name="i_3_reg_298">
<pin_list>
<pin id="299" dir="0" index="0" bw="10" slack="0"/>
<pin id="300" dir="1" index="1" bw="10" slack="0"/>
</pin_list>
<bind>
<opset="i_3 "/>
</bind>
</comp>

<comp id="303" class="1005" name="ret_reg_303">
<pin_list>
<pin id="304" dir="0" index="0" bw="32" slack="1"/>
<pin id="305" dir="1" index="1" bw="32" slack="1"/>
</pin_list>
<bind>
<opset="ret "/>
</bind>
</comp>

<comp id="308" class="1005" name="tmp_s_reg_308">
<pin_list>
<pin id="309" dir="0" index="0" bw="32" slack="1"/>
<pin id="310" dir="1" index="1" bw="32" slack="1"/>
</pin_list>
<bind>
<opset="tmp_s "/>
</bind>
</comp>

<comp id="313" class="1005" name="exitcond_reg_313">
<pin_list>
<pin id="314" dir="0" index="0" bw="1" slack="1"/>
<pin id="315" dir="1" index="1" bw="1" slack="2147483647"/>
</pin_list>
<bind>
<opset="exitcond "/>
</bind>
</comp>

<comp id="317" class="1005" name="i_4_reg_317">
<pin_list>
<pin id="318" dir="0" index="0" bw="4" slack="0"/>
<pin id="319" dir="1" index="1" bw="4" slack="0"/>
</pin_list>
<bind>
<opset="i_4 "/>
</bind>
</comp>

<comp id="322" class="1005" name="res_addr_reg_322">
<pin_list>
<pin id="323" dir="0" index="0" bw="4" slack="1"/>
<pin id="324" dir="1" index="1" bw="4" slack="1"/>
</pin_list>
<bind>
<opset="res_addr "/>
</bind>
</comp>

<comp id="327" class="1005" name="last_assign_reg_327">
<pin_list>
<pin id="328" dir="0" index="0" bw="1" slack="1"/>
<pin id="329" dir="1" index="1" bw="1" slack="1"/>
</pin_list>
<bind>
<opset="last_assign "/>
</bind>
</comp>

</comp_list>

<net_list>
<net id="109"><net_src comp="58" pin="0"/><net_sink comp="106" pin=0"/></net>

<net id="113"><net_src comp="58" pin="0"/><net_sink comp="110" pin=0"/></net>

<net id="124"><net_src comp="70" pin="0"/><net_sink comp="114" pin=0"/></net>

<net id="125"><net_src comp="0" pin="0"/><net_sink comp="114" pin=1"/></net>

<net id="126"><net_src comp="2" pin="0"/><net_sink comp="114" pin=2"/></net>

<net id="127"><net_src comp="4" pin="0"/><net_sink comp="114" pin=3"/></net>

<net id="128"><net_src comp="6" pin="0"/><net_sink comp="114" pin=4"/></net>

<net id="129"><net_src comp="8" pin="0"/><net_sink comp="114" pin=5"/></net>

<net id="130"><net_src comp="10" pin="0"/><net_sink comp="114" pin=6"/></net>

<net id="131"><net_src comp="12" pin="0"/><net_sink comp="114" pin=7"/></net>

<net id="149"><net_src comp="100" pin="0"/><net_sink comp="132" pin=0"/></net>

<net id="150"><net_src comp="14" pin="0"/><net_sink comp="132" pin=1"/></net>

<net id="151"><net_src comp="16" pin="0"/><net_sink comp="132" pin=2"/></net>

<net id="152"><net_src comp="18" pin="0"/><net_sink comp="132" pin=3"/></net>

<net id="153"><net_src comp="20" pin="0"/><net_sink comp="132" pin=4"/></net>

<net id="154"><net_src comp="22" pin="0"/><net_sink comp="132" pin=5"/></net>

<net id="155"><net_src comp="24" pin="0"/><net_sink comp="132" pin=6"/></net>

<net id="156"><net_src comp="26" pin="0"/><net_sink comp="132" pin=7"/></net>

<net id="157"><net_src comp="102" pin="0"/><net_sink comp="132" pin=9"/></net>

<net id="158"><net_src comp="102" pin="0"/><net_sink comp="132" pin=10"/></net>

<net id="159"><net_src comp="104" pin="0"/><net_sink comp="132" pin=11"/></net>

<net id="160"><net_src comp="104" pin="0"/><net_sink comp="132" pin=13"/></net>

<net id="161"><net_src comp="104" pin="0"/><net_sink comp="132" pin=14"/></net>

<net id="167"><net_src comp="82" pin="0"/><net_sink comp="162" pin=1"/></net>

<net id="173"><net_src comp="162" pin="3"/><net_sink comp="168" pin=0"/></net>

<net id="179"><net_src comp="82" pin="0"/><net_sink comp="174" pin=1"/></net>

<net id="185"><net_src comp="174" pin="3"/><net_sink comp="180" pin=0"/></net>

<net id="189"><net_src comp="60" pin="0"/><net_sink comp="186" pin=0"/></net>

<net id="196"><net_src comp="186" pin="1"/><net_sink comp="190" pin=0"/></net>

<net id="197"><net_src comp="190" pin="4"/><net_sink comp="186" pin=0"/></net>

<net id="201"><net_src comp="88" pin="0"/><net_sink comp="198" pin=0"/></net>

<net id="208"><net_src comp="198" pin="1"/><net_sink comp="202" pin=0"/></net>

<net id="224"><net_src comp="86" pin="0"/><net_sink comp="209" pin=0"/></net>

<net id="225"><net_src comp="28" pin="0"/><net_sink comp="209" pin=3"/></net>

<net id="226"><net_src comp="30" pin="0"/><net_sink comp="209" pin=4"/></net>

<net id="227"><net_src comp="32" pin="0"/><net_sink comp="209" pin=5"/></net>

<net id="228"><net_src comp="34" pin="0"/><net_sink comp="209" pin=6"/></net>

<net id="229"><net_src comp="36" pin="0"/><net_sink comp="209" pin=7"/></net>

<net id="230"><net_src comp="38" pin="0"/><net_sink comp="209" pin=8"/></net>

<net id="231"><net_src comp="40" pin="0"/><net_sink comp="209" pin=9"/></net>

<net id="232"><net_src comp="42" pin="0"/><net_sink comp="209" pin=10"/></net>

<net id="233"><net_src comp="44" pin="0"/><net_sink comp="209" pin=11"/></net>

<net id="234"><net_src comp="46" pin="0"/><net_sink comp="209" pin=12"/></net>

<net id="239"><net_src comp="72" pin="0"/><net_sink comp="235" pin=1"/></net>

<net id="244"><net_src comp="190" pin="4"/><net_sink comp="240" pin=0"/></net>

<net id="245"><net_src comp="62" pin="0"/><net_sink comp="240" pin=1"/></net>

<net id="250"><net_src comp="190" pin="4"/><net_sink comp="246" pin=0"/></net>

<net id="251"><net_src comp="68" pin="0"/><net_sink comp="246" pin=1"/></net>

<net id="255"><net_src comp="114" pin="8"/><net_sink comp="252" pin=0"/></net>

<net id="259"><net_src comp="252" pin="1"/><net_sink comp="256" pin=0"/></net>

<net id="260"><net_src comp="256" pin="1"/><net_sink comp="235" pin=0"/></net>

<net id="264"><net_src comp="186" pin="1"/><net_sink comp="261" pin=0"/></net>

<net id="265"><net_src comp="261" pin="1"/><net_sink comp="162" pin=2"/></net>

<net id="270"><net_src comp="202" pin="4"/><net_sink comp="266" pin=0"/></net>

<net id="271"><net_src comp="90" pin="0"/><net_sink comp="266" pin=1"/></net>

<net id="276"><net_src comp="202" pin="4"/><net_sink comp="272" pin=0"/></net>

<net id="277"><net_src comp="94" pin="0"/><net_sink comp="272" pin=1"/></net>

<net id="281"><net_src comp="202" pin="4"/><net_sink comp="278" pin=0"/></net>

<net id="282"><net_src comp="278" pin="1"/><net_sink comp="174" pin=2"/></net>

<net id="287"><net_src comp="202" pin="4"/><net_sink comp="283" pin=0"/></net>

<net id="288"><net_src comp="96" pin="0"/><net_sink comp="283" pin=1"/></net>

<net id="292"><net_src comp="180" pin="3"/><net_sink comp="289" pin=0"/></net>

<net id="293"><net_src comp="289" pin="1"/><net_sink comp="132" pin=8"/></net>

<net id="297"><net_src comp="240" pin="2"/><net_sink comp="294" pin=0"/></net>

<net id="301"><net_src comp="246" pin="2"/><net_sink comp="298" pin=0"/></net>

<net id="302"><net_src comp="298" pin="1"/><net_sink comp="190" pin=2"/></net>

<net id="306"><net_src comp="256" pin="1"/><net_sink comp="303" pin=0"/></net>

<net id="307"><net_src comp="303" pin="1"/><net_sink comp="235" pin=0"/></net>

<net id="311"><net_src comp="235" pin="2"/><net_sink comp="308" pin=0"/></net>

<net id="312"><net_src comp="308" pin="1"/><net_sink comp="168" pin=1"/></net>

<net id="316"><net_src comp="266" pin="2"/><net_sink comp="313" pin=0"/></net>

<net id="320"><net_src comp="272" pin="2"/><net_sink comp="317" pin=0"/></net>

<net id="321"><net_src comp="317" pin="1"/><net_sink comp="202" pin=2"/></net>

<net id="325"><net_src comp="174" pin="3"/><net_sink comp="322" pin=0"/></net>

<net id="326"><net_src comp="322" pin="1"/><net_sink comp="180" pin=0"/></net>

<net id="330"><net_src comp="283" pin="2"/><net_sink comp="327" pin=0"/></net>

<net id="331"><net_src comp="327" pin="1"/><net_sink comp="132" pin=12"/></net>

</net_list>

</model> 
---------------- Datapath Model END ------------------

* FSMD analyzer results:
  - Output states:
	Port: out_data_V | {18 }
	Port: out_keep_V | {18 }
	Port: out_strb_V | {18 }
	Port: out_user_V | {18 }
	Port: out_last_V | {18 }
	Port: out_id_V | {18 }
	Port: out_dest_V | {18 }
 - Input state : 
	Port: mnist_lstm : in_data_V | {2 }
	Port: mnist_lstm : in_keep_V | {2 }
	Port: mnist_lstm : in_strb_V | {2 }
	Port: mnist_lstm : in_user_V | {2 }
	Port: mnist_lstm : in_last_V | {2 }
	Port: mnist_lstm : in_id_V | {2 }
	Port: mnist_lstm : in_dest_V | {2 }
	Port: mnist_lstm : Weight_f_V | {15 16 }
	Port: mnist_lstm : Bias_f_V | {15 16 }
	Port: mnist_lstm : Weight_i_V | {15 16 }
	Port: mnist_lstm : Bias_i_V | {15 16 }
	Port: mnist_lstm : Weight_c_V | {15 16 }
	Port: mnist_lstm : Bias_c_V | {15 16 }
	Port: mnist_lstm : Weight_o_V | {15 16 }
	Port: mnist_lstm : Bias_o_V | {15 16 }
	Port: mnist_lstm : Weight_lc_V | {15 16 }
	Port: mnist_lstm : Bias_lc_V | {15 16 }
  - Chain level:
	State 1
	State 2
		exitcond1 : 1
		i_3 : 1
		StgValue_29 : 2
		ret : 1
		tmp_s : 2
	State 3
	State 4
	State 5
	State 6
	State 7
	State 8
	State 9
	State 10
	State 11
	State 12
	State 13
	State 14
		img_dat_addr : 1
		StgValue_49 : 2
		empty_21 : 1
	State 15
	State 16
	State 17
		exitcond : 1
		i_4 : 1
		StgValue_59 : 2
		tmp_86 : 1
		res_addr : 2
		last_assign : 1
		res_load : 3
	State 18
		val_assign : 1
		StgValue_68 : 2
		empty_23 : 1
	State 19


============================================================
+ Verbose Summary: Datapath Resource usage 
============================================================

* Functional unit list:
|----------|--------------------------|---------|---------|---------|---------|---------|
| Operation|      Functional Unit     |   BRAM  |  DSP48E |  Delay  |    FF   |   LUT   |
|----------|--------------------------|---------|---------|---------|---------|---------|
|   call   |     grp_infer_fu_209     |    7    |   353   |  84.672 |  31910  |  39307  |
|----------|--------------------------|---------|---------|---------|---------|---------|
|   fdiv   |        grp_fu_235        |    0    |    0    |    0    |   563   |   991   |
|----------|--------------------------|---------|---------|---------|---------|---------|
|    add   |        i_3_fu_246        |    0    |    0    |    0    |    0    |    10   |
|          |        i_4_fu_272        |    0    |    0    |    0    |    0    |    6    |
|----------|--------------------------|---------|---------|---------|---------|---------|
|          |     exitcond1_fu_240     |    0    |    0    |    0    |    0    |    5    |
|   icmp   |      exitcond_fu_266     |    0    |    0    |    0    |    0    |    2    |
|          |    last_assign_fu_283    |    0    |    0    |    0    |    0    |    2    |
|----------|--------------------------|---------|---------|---------|---------|---------|
|   read   |   empty_20_read_fu_114   |    0    |    0    |    0    |    0    |    0    |
|----------|--------------------------|---------|---------|---------|---------|---------|
|   write  | StgValue_68_write_fu_132 |    0    |    0    |    0    |    0    |    0    |
|----------|--------------------------|---------|---------|---------|---------|---------|
|extractvalue|   in_data_V_tmp_fu_252   |    0    |    0    |    0    |    0    |    0    |
|----------|--------------------------|---------|---------|---------|---------|---------|
|   zext   |        tmp_fu_261        |    0    |    0    |    0    |    0    |    0    |
|          |       tmp_86_fu_278      |    0    |    0    |    0    |    0    |    0    |
|----------|--------------------------|---------|---------|---------|---------|---------|
|   Total  |                          |    7    |   353   |  84.672 |  32473  |  40323  |
|----------|--------------------------|---------|---------|---------|---------|---------|

Memories:
+-------+--------+--------+--------+
|       |  BRAM  |   FF   |   LUT  |
+-------+--------+--------+--------+
|img_dat|    2   |    0   |    0   |
|  res  |    2   |    0   |    0   |
+-------+--------+--------+--------+
| Total |    4   |    0   |    0   |
+-------+--------+--------+--------+

* Register list:
+-------------------+--------+
|                   |   FF   |
+-------------------+--------+
| exitcond1_reg_294 |    1   |
|  exitcond_reg_313 |    1   |
|     i1_reg_198    |    4   |
|    i_3_reg_298    |   10   |
|    i_4_reg_317    |    4   |
|     i_reg_186     |   10   |
|last_assign_reg_327|    1   |
|  res_addr_reg_322 |    4   |
|    ret_reg_303    |   32   |
|   tmp_s_reg_308   |   32   |
+-------------------+--------+
|       Total       |   99   |
+-------------------+--------+

* Multiplexer (MUX) list: 
|-------------------|------|------|------|--------||---------||---------|
|        Comp       |  Pin | Size |  BW  | S x BW ||  Delay  ||   LUT   |
|-------------------|------|------|------|--------||---------||---------|
| grp_access_fu_180 |  p0  |   2  |   4  |    8   ||    3    |
|     i_reg_186     |  p0  |   2  |  10  |   20   ||    3    |
|     grp_fu_235    |  p0  |   2  |  32  |   64   ||    3    |
|-------------------|------|------|------|--------||---------||---------|
|       Total       |      |      |      |   92   ||  1.398  ||    9    |
|-------------------|------|------|------|--------||---------||---------|



* Summary:
+-----------+--------+--------+--------+--------+--------+
|           |  BRAM  | DSP48E |  Delay |   FF   |   LUT  |
+-----------+--------+--------+--------+--------+--------+
|  Function |    7   |   353  |   84   |  32473 |  40323 |
|   Memory  |    4   |    -   |    -   |    0   |    0   |
|Multiplexer|    -   |    -   |    1   |    -   |    9   |
|  Register |    -   |    -   |    -   |   99   |    -   |
+-----------+--------+--------+--------+--------+--------+
|   Total   |   11   |   353  |   86   |  32572 |  40332 |
+-----------+--------+--------+--------+--------+--------+
