

================================================================
== Vivado HLS Report for 'tanh_1'
================================================================
* Date:           Sun Apr 27 23:36:56 2025

* Version:        2018.3 (Build 2405991 on Thu Dec 06 23:56:15 MST 2018)
* Project:        lstm_hls_fixed8
* Solution:       solution1
* Product family: zynq
* Target device:  xc7z020clg400-2


================================================================
== Performance Estimates
================================================================
+ Timing (ns): 
    * Summary: 
    +--------+-------+----------+------------+
    |  Clock | Target| Estimated| Uncertainty|
    +--------+-------+----------+------------+
    |ap_clk  |  10.00|     8.719|        1.25|
    +--------+-------+----------+------------+

+ Latency (clock cycles): 
    * Summary: 
    +-----+-----+-----+-----+---------+
    |  Latency  |  Interval | Pipeline|
    | min | max | min | max |   Type  |
    +-----+-----+-----+-----+---------+
    |  159|  159|  159|  159|   none  |
    +-----+-----+-----+-----+---------+

    + Detail: 
        * Instance: 
        N/A

        * Loop: 
        +----------+-----+-----+----------+-----------+-----------+------+----------+
        |          |  Latency  | Iteration|  Initiation Interval  | Trip |          |
        | Loop Name| min | max |  Latency |  achieved |   target  | Count| Pipelined|
        +----------+-----+-----+----------+-----------+-----------+------+----------+
        |- Loop 1  |  157|  157|        31|          1|          1|   128|    yes   |
        +----------+-----+-----+----------+-----------+-----------+------+----------+

============================================================
+ Verbose Summary: Synthesis Manager
============================================================
InlineROM: 1
ExposeGlobal: 0
============================================================
+ Verbose Summary: CDFG Model
============================================================
IsTopModel: 0
ResetActiveHigh: 1
IsCombinational: 0
IsDatapathOnly: 0
HasWiredReturn: 1
HasMFsm: 0
HasVarLatency: 1
IsPipeline: 0
IsRtlPipelined: 0
IsInstanceOverlapped: 0
IsDontTouch: 0
HasImplIP: 0
IsGatedGlobalClock: 0

+ Individual pipeline summary: 
  * Pipeline-0: initiation interval (II) = 1, depth = 31


============================================================
+ Verbose Summary: Schedule
============================================================
* Number of FSM states : 33
* Pipeline : 1
  Pipeline-0 : II = 1, D = 31, States = { 2 3 4 5 6 7 8 9 10 11 12 13 14 15 16 17 18 19 20 21 22 23 24 25 26 27 28 29 30 31 32 }
* Dataflow Pipeline: 0

* FSM state transitions: 
1 --> 
	2  / true
2 --> 
	33  / (exitcond)
	3  / (!exitcond)
3 --> 
	4  / true
4 --> 
	5  / true
5 --> 
	6  / true
6 --> 
	7  / true
7 --> 
	8  / true
8 --> 
	9  / true
9 --> 
	10  / true
10 --> 
	11  / true
11 --> 
	12  / true
12 --> 
	13  / true
13 --> 
	14  / true
14 --> 
	15  / true
15 --> 
	16  / true
16 --> 
	17  / true
17 --> 
	18  / true
18 --> 
	19  / true
19 --> 
	20  / true
20 --> 
	21  / true
21 --> 
	22  / true
22 --> 
	23  / true
23 --> 
	24  / true
24 --> 
	25  / true
25 --> 
	26  / true
26 --> 
	27  / true
27 --> 
	28  / true
28 --> 
	29  / true
29 --> 
	30  / true
30 --> 
	31  / true
31 --> 
	32  / true
32 --> 
	2  / true
33 --> 

* FSM state operations: 

State 1 <SV = 0> <Delay = 0.46>
ST_1 : Operation 34 [1/1] (0.46ns)   --->   "br label %1" [lstm_hls_fixed8/src/rnn.cpp:81]   --->   Operation 34 'br' <Predicate = true> <Delay = 0.46>

State 2 <SV = 1> <Delay = 2.77>
ST_2 : Operation 35 [1/1] (0.00ns)   --->   "%i = phi i8 [ 0, %0 ], [ %i_1, %_ifconv ]"   --->   Operation 35 'phi' 'i' <Predicate = true> <Delay = 0.00>
ST_2 : Operation 36 [1/1] (1.31ns)   --->   "%exitcond = icmp eq i8 %i, -128" [lstm_hls_fixed8/src/rnn.cpp:81]   --->   Operation 36 'icmp' 'exitcond' <Predicate = true> <Delay = 1.31> <Core = "Cmp">   --->   Core 25 'Cmp' <Latency = 0> <II = 1> <Delay = 1.31> <FuncUnit> <Opcode : 'icmp'> <InPorts = 2> <OutPorts = 1>
ST_2 : Operation 37 [1/1] (0.00ns)   --->   "%empty = call i32 (...)* @_ssdm_op_SpecLoopTripCount(i64 128, i64 128, i64 128)"   --->   Operation 37 'speclooptripcount' 'empty' <Predicate = true> <Delay = 0.00>
ST_2 : Operation 38 [1/1] (1.30ns)   --->   "%i_1 = add i8 %i, 1" [lstm_hls_fixed8/src/rnn.cpp:81]   --->   Operation 38 'add' 'i_1' <Predicate = true> <Delay = 1.30> <Core = "AddSub">   --->   Core 14 'AddSub' <Latency = 0> <II = 1> <Delay = 1.54> <FuncUnit> <Opcode : 'add' 'sub'> <InPorts = 2> <OutPorts = 1>
ST_2 : Operation 39 [1/1] (0.00ns)   --->   "br i1 %exitcond, label %2, label %_ifconv" [lstm_hls_fixed8/src/rnn.cpp:81]   --->   Operation 39 'br' <Predicate = true> <Delay = 0.00>
ST_2 : Operation 40 [1/1] (0.00ns)   --->   "%tmp = zext i8 %i to i64" [lstm_hls_fixed8/src/rnn.cpp:83]   --->   Operation 40 'zext' 'tmp' <Predicate = (!exitcond)> <Delay = 0.00>
ST_2 : Operation 41 [1/1] (0.00ns)   --->   "%x_V_addr = getelementptr [128 x i16]* %res_V, i64 0, i64 %tmp" [lstm_hls_fixed8/src/rnn.cpp:83]   --->   Operation 41 'getelementptr' 'x_V_addr' <Predicate = (!exitcond)> <Delay = 0.00>
ST_2 : Operation 42 [2/2] (2.77ns)   --->   "%tmp_V_3 = load i16* %x_V_addr, align 2" [lstm_hls_fixed8/src/rnn.cpp:83]   --->   Operation 42 'load' 'tmp_V_3' <Predicate = (!exitcond)> <Delay = 2.77> <Core = "RAM">   --->   Core 37 'RAM' <Latency = 1> <II = 1> <Delay = 2.77> <Storage> <Opcode : 'load' 'store'> <Ports = 2> <Width = 16> <Depth = 128> <RAM>

State 3 <SV = 2> <Delay = 7.74>
ST_3 : Operation 43 [1/2] (2.77ns)   --->   "%tmp_V_3 = load i16* %x_V_addr, align 2" [lstm_hls_fixed8/src/rnn.cpp:83]   --->   Operation 43 'load' 'tmp_V_3' <Predicate = (!exitcond)> <Delay = 2.77> <Core = "RAM">   --->   Core 37 'RAM' <Latency = 1> <II = 1> <Delay = 2.77> <Storage> <Opcode : 'load' 'store'> <Ports = 2> <Width = 16> <Depth = 128> <RAM>
ST_3 : Operation 44 [1/1] (2.13ns)   --->   "%tmp_1 = icmp eq i16 %tmp_V_3, 0" [lstm_hls_fixed8/src/rnn.cpp:83]   --->   Operation 44 'icmp' 'tmp_1' <Predicate = (!exitcond)> <Delay = 2.13> <Core = "Cmp">   --->   Core 25 'Cmp' <Latency = 0> <II = 1> <Delay = 1.31> <FuncUnit> <Opcode : 'icmp'> <InPorts = 2> <OutPorts = 1>
ST_3 : Operation 45 [1/1] (0.00ns)   --->   "%p_Result_8 = call i1 @_ssdm_op_BitSelect.i1.i16.i32(i16 %tmp_V_3, i32 15)" [lstm_hls_fixed8/src/rnn.cpp:83]   --->   Operation 45 'bitselect' 'p_Result_8' <Predicate = (!exitcond)> <Delay = 0.00>
ST_3 : Operation 46 [1/1] (1.54ns)   --->   "%tmp_V = sub i16 0, %tmp_V_3" [lstm_hls_fixed8/src/rnn.cpp:83]   --->   Operation 46 'sub' 'tmp_V' <Predicate = (!exitcond)> <Delay = 1.54> <Core = "AddSub">   --->   Core 14 'AddSub' <Latency = 0> <II = 1> <Delay = 1.54> <FuncUnit> <Opcode : 'add' 'sub'> <InPorts = 2> <OutPorts = 1>
ST_3 : Operation 47 [1/1] (0.62ns)   --->   "%tmp_V_4 = select i1 %p_Result_8, i16 %tmp_V, i16 %tmp_V_3" [lstm_hls_fixed8/src/rnn.cpp:83]   --->   Operation 47 'select' 'tmp_V_4' <Predicate = (!exitcond)> <Delay = 0.62> <Core = "Sel">   --->   Core 26 'Sel' <Latency = 0> <II = 1> <Delay = 0.62> <FuncUnit> <Opcode : 'select'> <InPorts = 3> <OutPorts = 1>
ST_3 : Operation 48 [1/1] (0.00ns)   --->   "%p_Result_s = call i16 @llvm.part.select.i16(i16 %tmp_V_4, i32 15, i32 0) nounwind" [lstm_hls_fixed8/src/rnn.cpp:83]   --->   Operation 48 'partselect' 'p_Result_s' <Predicate = (!exitcond)> <Delay = 0.00>
ST_3 : Operation 49 [1/1] (0.00ns)   --->   "%p_Result_9 = call i32 @_ssdm_op_BitConcatenate.i32.i16.i16(i16 -1, i16 %p_Result_s)" [lstm_hls_fixed8/src/rnn.cpp:83]   --->   Operation 49 'bitconcatenate' 'p_Result_9' <Predicate = (!exitcond)> <Delay = 0.00>
ST_3 : Operation 50 [1/1] (2.79ns)   --->   "%l = call i32 @llvm.cttz.i32(i32 %p_Result_9, i1 true) nounwind" [lstm_hls_fixed8/src/rnn.cpp:83]   --->   Operation 50 'cttz' 'l' <Predicate = (!exitcond)> <Delay = 2.79> <Core = "CTTZ">   --->   Core 64 'CTTZ' <Latency = 0> <II = 1> <Delay = 2.79> <FuncUnit> <Opcode : 'cttz'> <InPorts = 1> <OutPorts = 1>
ST_3 : Operation 51 [1/1] (0.00ns)   --->   "%tmp_43 = trunc i32 %l to i8" [lstm_hls_fixed8/src/rnn.cpp:83]   --->   Operation 51 'trunc' 'tmp_43' <Predicate = (!exitcond)> <Delay = 0.00>

State 4 <SV = 3> <Delay = 6.55>
ST_4 : Operation 52 [1/1] (1.89ns)   --->   "%tmp_3 = sub nsw i32 16, %l" [lstm_hls_fixed8/src/rnn.cpp:83]   --->   Operation 52 'sub' 'tmp_3' <Predicate = (!exitcond)> <Delay = 1.89> <Core = "AddSub">   --->   Core 14 'AddSub' <Latency = 0> <II = 1> <Delay = 1.54> <FuncUnit> <Opcode : 'add' 'sub'> <InPorts = 2> <OutPorts = 1>
ST_4 : Operation 53 [1/1] (0.00ns)   --->   "%tmp_5 = trunc i32 %tmp_3 to i16" [lstm_hls_fixed8/src/rnn.cpp:83]   --->   Operation 53 'trunc' 'tmp_5' <Predicate = (!exitcond)> <Delay = 0.00>
ST_4 : Operation 54 [1/1] (1.89ns)   --->   "%lsb_index = add nsw i32 -24, %tmp_3" [lstm_hls_fixed8/src/rnn.cpp:83]   --->   Operation 54 'add' 'lsb_index' <Predicate = (!exitcond)> <Delay = 1.89> <Core = "AddSub">   --->   Core 14 'AddSub' <Latency = 0> <II = 1> <Delay = 1.54> <FuncUnit> <Opcode : 'add' 'sub'> <InPorts = 2> <OutPorts = 1>
ST_4 : Operation 55 [1/1] (0.00ns)   --->   "%tmp_8 = call i31 @_ssdm_op_PartSelect.i31.i32.i32.i32(i32 %lsb_index, i32 1, i32 31)" [lstm_hls_fixed8/src/rnn.cpp:83]   --->   Operation 55 'partselect' 'tmp_8' <Predicate = (!exitcond)> <Delay = 0.00>
ST_4 : Operation 56 [1/1] (1.96ns)   --->   "%icmp = icmp sgt i31 %tmp_8, 0" [lstm_hls_fixed8/src/rnn.cpp:83]   --->   Operation 56 'icmp' 'icmp' <Predicate = (!exitcond)> <Delay = 1.96> <Core = "Cmp">   --->   Core 25 'Cmp' <Latency = 0> <II = 1> <Delay = 1.31> <FuncUnit> <Opcode : 'icmp'> <InPorts = 2> <OutPorts = 1>
ST_4 : Operation 57 [1/1] (0.00ns)   --->   "%tmp_17 = trunc i32 %tmp_3 to i5" [lstm_hls_fixed8/src/rnn.cpp:83]   --->   Operation 57 'trunc' 'tmp_17' <Predicate = (!exitcond)> <Delay = 0.00>
ST_4 : Operation 58 [1/1] (1.02ns)   --->   "%tmp_31 = sub i5 9, %tmp_17" [lstm_hls_fixed8/src/rnn.cpp:83]   --->   Operation 58 'sub' 'tmp_31' <Predicate = (!exitcond)> <Delay = 1.02> <Core = "AddSub">   --->   Core 14 'AddSub' <Latency = 0> <II = 1> <Delay = 1.54> <FuncUnit> <Opcode : 'add' 'sub'> <InPorts = 2> <OutPorts = 1>
ST_4 : Operation 59 [1/1] (0.00ns) (grouped into LUT with out node tmp_6)   --->   "%tmp_33 = zext i5 %tmp_31 to i16" [lstm_hls_fixed8/src/rnn.cpp:83]   --->   Operation 59 'zext' 'tmp_33' <Predicate = (!exitcond)> <Delay = 0.00>
ST_4 : Operation 60 [1/1] (0.00ns) (grouped into LUT with out node tmp_6)   --->   "%tmp_36 = lshr i16 -1, %tmp_33" [lstm_hls_fixed8/src/rnn.cpp:83]   --->   Operation 60 'lshr' 'tmp_36' <Predicate = (!exitcond)> <Delay = 0.00> <Core = "Shift">   --->   Core 28 'Shift' <Latency = 0> <II = 1> <Delay = 3.12> <FuncUnit> <Opcode : 'shl' 'lshr' 'ashr'> <InPorts = 2> <OutPorts = 1>
ST_4 : Operation 61 [1/1] (0.00ns) (grouped into LUT with out node tmp_6)   --->   "%p_Result_4 = and i16 %tmp_V_4, %tmp_36" [lstm_hls_fixed8/src/rnn.cpp:83]   --->   Operation 61 'and' 'p_Result_4' <Predicate = (!exitcond)> <Delay = 0.00> <Core = "LogicGate">   --->   Core 27 'LogicGate' <Latency = 0> <II = 1> <Delay = 0.80> <FuncUnit> <Opcode : 'and' 'or' 'xor'> <InPorts = 2> <OutPorts = 1>
ST_4 : Operation 62 [1/1] (2.18ns) (out node of the LUT)   --->   "%tmp_6 = icmp ne i16 %p_Result_4, 0" [lstm_hls_fixed8/src/rnn.cpp:83]   --->   Operation 62 'icmp' 'tmp_6' <Predicate = (!exitcond)> <Delay = 2.18> <Core = "Cmp">   --->   Core 25 'Cmp' <Latency = 0> <II = 1> <Delay = 1.31> <FuncUnit> <Opcode : 'icmp'> <InPorts = 2> <OutPorts = 1>
ST_4 : Operation 63 [1/1] (0.00ns) (grouped into LUT with out node tmp_4)   --->   "%a = and i1 %icmp, %tmp_6" [lstm_hls_fixed8/src/rnn.cpp:83]   --->   Operation 63 'and' 'a' <Predicate = (!exitcond)> <Delay = 0.00> <Core = "LogicGate">   --->   Core 27 'LogicGate' <Latency = 0> <II = 1> <Delay = 0.80> <FuncUnit> <Opcode : 'and' 'or' 'xor'> <InPorts = 2> <OutPorts = 1>
ST_4 : Operation 64 [1/1] (0.00ns) (grouped into LUT with out node tmp_4)   --->   "%tmp_41 = call i1 @_ssdm_op_BitSelect.i1.i32.i32(i32 %lsb_index, i32 31)" [lstm_hls_fixed8/src/rnn.cpp:83]   --->   Operation 64 'bitselect' 'tmp_41' <Predicate = (!exitcond)> <Delay = 0.00>
ST_4 : Operation 65 [1/1] (0.00ns) (grouped into LUT with out node tmp_4)   --->   "%rev = xor i1 %tmp_41, true" [lstm_hls_fixed8/src/rnn.cpp:83]   --->   Operation 65 'xor' 'rev' <Predicate = (!exitcond)> <Delay = 0.00> <Core = "LogicGate">   --->   Core 27 'LogicGate' <Latency = 0> <II = 1> <Delay = 0.80> <FuncUnit> <Opcode : 'and' 'or' 'xor'> <InPorts = 2> <OutPorts = 1>
ST_4 : Operation 66 [1/1] (1.54ns)   --->   "%tmp_9 = add i16 -24, %tmp_5" [lstm_hls_fixed8/src/rnn.cpp:83]   --->   Operation 66 'add' 'tmp_9' <Predicate = (!exitcond)> <Delay = 1.54> <Core = "AddSub">   --->   Core 14 'AddSub' <Latency = 0> <II = 1> <Delay = 1.54> <FuncUnit> <Opcode : 'add' 'sub'> <InPorts = 2> <OutPorts = 1>
ST_4 : Operation 67 [1/1] (0.00ns) (grouped into LUT with out node tmp_4)   --->   "%p_Result_3 = call i1 @_ssdm_op_BitSelect.i1.i16.i16(i16 %tmp_V_4, i16 %tmp_9)" [lstm_hls_fixed8/src/rnn.cpp:83]   --->   Operation 67 'bitselect' 'p_Result_3' <Predicate = (!exitcond)> <Delay = 0.00>
ST_4 : Operation 68 [1/1] (0.00ns) (grouped into LUT with out node tmp_4)   --->   "%tmp_2 = and i1 %p_Result_3, %rev" [lstm_hls_fixed8/src/rnn.cpp:83]   --->   Operation 68 'and' 'tmp_2' <Predicate = (!exitcond)> <Delay = 0.00> <Core = "LogicGate">   --->   Core 27 'LogicGate' <Latency = 0> <II = 1> <Delay = 0.80> <FuncUnit> <Opcode : 'and' 'or' 'xor'> <InPorts = 2> <OutPorts = 1>
ST_4 : Operation 69 [1/1] (0.00ns) (grouped into LUT with out node tmp_4)   --->   "%tmp_s = or i1 %tmp_2, %a" [lstm_hls_fixed8/src/rnn.cpp:83]   --->   Operation 69 'or' 'tmp_s' <Predicate = (!exitcond)> <Delay = 0.00> <Core = "LogicGate">   --->   Core 27 'LogicGate' <Latency = 0> <II = 1> <Delay = 0.80> <FuncUnit> <Opcode : 'and' 'or' 'xor'> <InPorts = 2> <OutPorts = 1>
ST_4 : Operation 70 [1/1] (0.80ns) (out node of the LUT)   --->   "%tmp_4 = call i32 @_ssdm_op_BitConcatenate.i32.i31.i1(i31 0, i1 %tmp_s)" [lstm_hls_fixed8/src/rnn.cpp:83]   --->   Operation 70 'bitconcatenate' 'tmp_4' <Predicate = (!exitcond)> <Delay = 0.80>
ST_4 : Operation 71 [1/1] (1.96ns)   --->   "%tmp_10 = icmp sgt i32 %lsb_index, 0" [lstm_hls_fixed8/src/rnn.cpp:83]   --->   Operation 71 'icmp' 'tmp_10' <Predicate = (!exitcond)> <Delay = 1.96> <Core = "Cmp">   --->   Core 25 'Cmp' <Latency = 0> <II = 1> <Delay = 1.31> <FuncUnit> <Opcode : 'icmp'> <InPorts = 2> <OutPorts = 1>

State 5 <SV = 4> <Delay = 8.24>
ST_5 : Operation 72 [1/1] (0.00ns)   --->   "%m = zext i16 %tmp_V_4 to i32" [lstm_hls_fixed8/src/rnn.cpp:83]   --->   Operation 72 'zext' 'm' <Predicate = (!exitcond)> <Delay = 0.00>
ST_5 : Operation 73 [1/1] (1.89ns)   --->   "%tmp_11 = add nsw i32 -25, %tmp_3" [lstm_hls_fixed8/src/rnn.cpp:83]   --->   Operation 73 'add' 'tmp_11' <Predicate = (!exitcond & tmp_10)> <Delay = 1.89> <Core = "AddSub">   --->   Core 14 'AddSub' <Latency = 0> <II = 1> <Delay = 1.54> <FuncUnit> <Opcode : 'add' 'sub'> <InPorts = 2> <OutPorts = 1>
ST_5 : Operation 74 [1/1] (0.00ns) (grouped into LUT with out node m_2)   --->   "%tmp_12 = lshr i32 %m, %tmp_11" [lstm_hls_fixed8/src/rnn.cpp:83]   --->   Operation 74 'lshr' 'tmp_12' <Predicate = (!exitcond & tmp_10)> <Delay = 0.00> <Core = "Shift">   --->   Core 28 'Shift' <Latency = 0> <II = 1> <Delay = 3.12> <FuncUnit> <Opcode : 'shl' 'lshr' 'ashr'> <InPorts = 2> <OutPorts = 1>
ST_5 : Operation 75 [1/1] (1.89ns)   --->   "%tmp_13 = sub i32 25, %tmp_3" [lstm_hls_fixed8/src/rnn.cpp:83]   --->   Operation 75 'sub' 'tmp_13' <Predicate = (!exitcond & !tmp_10)> <Delay = 1.89> <Core = "AddSub">   --->   Core 14 'AddSub' <Latency = 0> <II = 1> <Delay = 1.54> <FuncUnit> <Opcode : 'add' 'sub'> <InPorts = 2> <OutPorts = 1>
ST_5 : Operation 76 [1/1] (0.00ns) (grouped into LUT with out node m_2)   --->   "%tmp_14 = shl i32 %m, %tmp_13" [lstm_hls_fixed8/src/rnn.cpp:83]   --->   Operation 76 'shl' 'tmp_14' <Predicate = (!exitcond & !tmp_10)> <Delay = 0.00> <Core = "Shift">   --->   Core 28 'Shift' <Latency = 0> <II = 1> <Delay = 3.12> <FuncUnit> <Opcode : 'shl' 'lshr' 'ashr'> <InPorts = 2> <OutPorts = 1>
ST_5 : Operation 77 [1/1] (0.00ns) (grouped into LUT with out node m_2)   --->   "%m_1 = select i1 %tmp_10, i32 %tmp_12, i32 %tmp_14" [lstm_hls_fixed8/src/rnn.cpp:83]   --->   Operation 77 'select' 'm_1' <Predicate = (!exitcond)> <Delay = 0.00> <Core = "Sel">   --->   Core 26 'Sel' <Latency = 0> <II = 1> <Delay = 0.62> <FuncUnit> <Opcode : 'select'> <InPorts = 3> <OutPorts = 1>
ST_5 : Operation 78 [1/1] (2.93ns) (out node of the LUT)   --->   "%m_2 = add i32 %tmp_4, %m_1" [lstm_hls_fixed8/src/rnn.cpp:83]   --->   Operation 78 'add' 'm_2' <Predicate = (!exitcond)> <Delay = 2.93> <Core = "AddSub">   --->   Core 14 'AddSub' <Latency = 0> <II = 1> <Delay = 1.54> <FuncUnit> <Opcode : 'add' 'sub'> <InPorts = 2> <OutPorts = 1>
ST_5 : Operation 79 [1/1] (0.00ns)   --->   "%m_5 = call i31 @_ssdm_op_PartSelect.i31.i32.i32.i32(i32 %m_2, i32 1, i32 31)" [lstm_hls_fixed8/src/rnn.cpp:83]   --->   Operation 79 'partselect' 'm_5' <Predicate = (!exitcond)> <Delay = 0.00>
ST_5 : Operation 80 [1/1] (0.00ns)   --->   "%m_6 = zext i31 %m_5 to i32" [lstm_hls_fixed8/src/rnn.cpp:83]   --->   Operation 80 'zext' 'm_6' <Predicate = (!exitcond)> <Delay = 0.00>
ST_5 : Operation 81 [1/1] (0.00ns)   --->   "%tmp_42 = call i1 @_ssdm_op_BitSelect.i1.i32.i32(i32 %m_2, i32 25)" [lstm_hls_fixed8/src/rnn.cpp:83]   --->   Operation 81 'bitselect' 'tmp_42' <Predicate = (!exitcond)> <Delay = 0.00>
ST_5 : Operation 82 [1/1] (0.44ns)   --->   "%tmp_37_cast_cast = select i1 %tmp_42, i8 127, i8 126" [lstm_hls_fixed8/src/rnn.cpp:83]   --->   Operation 82 'select' 'tmp_37_cast_cast' <Predicate = (!exitcond)> <Delay = 0.44> <Core = "Sel">   --->   Core 26 'Sel' <Latency = 0> <II = 1> <Delay = 0.62> <FuncUnit> <Opcode : 'select'> <InPorts = 3> <OutPorts = 1>
ST_5 : Operation 83 [1/1] (0.00ns) (grouped into TernaryAdder)   --->   "%tmp_15 = sub i8 5, %tmp_43" [lstm_hls_fixed8/src/rnn.cpp:83]   --->   Operation 83 'sub' 'tmp_15' <Predicate = (!exitcond)> <Delay = 0.00> <Core = "TAddSub">   --->   Core 84 'TAddSub' <Latency = 0> <II = 1> <Delay = 1.48> <IPBlock> <Opcode : 'add' 'sub'> <InPorts = 3> <OutPorts = 1> <Sync> <CReg>
ST_5 : Operation 84 [1/1] (2.96ns) (root node of TernaryAdder)   --->   "%p_Repl2_2_trunc = add i8 %tmp_15, %tmp_37_cast_cast" [lstm_hls_fixed8/src/rnn.cpp:83]   --->   Operation 84 'add' 'p_Repl2_2_trunc' <Predicate = (!exitcond)> <Delay = 2.96> <Core = "TAddSub">   --->   Core 84 'TAddSub' <Latency = 0> <II = 1> <Delay = 1.48> <IPBlock> <Opcode : 'add' 'sub'> <InPorts = 3> <OutPorts = 1> <Sync> <CReg>
ST_5 : Operation 85 [1/1] (0.00ns)   --->   "%tmp_16 = call i9 @_ssdm_op_BitConcatenate.i9.i1.i8(i1 %p_Result_8, i8 %p_Repl2_2_trunc)" [lstm_hls_fixed8/src/rnn.cpp:83]   --->   Operation 85 'bitconcatenate' 'tmp_16' <Predicate = (!exitcond)> <Delay = 0.00>
ST_5 : Operation 86 [1/1] (0.00ns)   --->   "%p_Result_10 = call i32 @_ssdm_op_PartSet.i32.i32.i9.i32.i32(i32 %m_6, i9 %tmp_16, i32 23, i32 31)" [lstm_hls_fixed8/src/rnn.cpp:83]   --->   Operation 86 'partset' 'p_Result_10' <Predicate = (!exitcond)> <Delay = 0.00>

State 6 <SV = 5> <Delay = 7.93>
ST_6 : Operation 87 [1/1] (0.00ns)   --->   "%tmp_18 = bitcast i32 %p_Result_10 to float" [lstm_hls_fixed8/src/rnn.cpp:83]   --->   Operation 87 'bitcast' 'tmp_18' <Predicate = (!exitcond & !tmp_1)> <Delay = 0.00>
ST_6 : Operation 88 [1/1] (0.70ns)   --->   "%x_assign = select i1 %tmp_1, float 0.000000e+00, float %tmp_18" [lstm_hls_fixed8/src/rnn.cpp:83]   --->   Operation 88 'select' 'x_assign' <Predicate = (!exitcond)> <Delay = 0.70> <Core = "Sel">   --->   Core 26 'Sel' <Latency = 0> <II = 1> <Delay = 0.62> <FuncUnit> <Opcode : 'select'> <InPorts = 3> <OutPorts = 1>
ST_6 : Operation 89 [8/8] (7.12ns)   --->   "%tmp_i_i = call float @llvm.exp.f32(float %x_assign) nounwind" [r:/builds/2018.3/continuous/2018_12_06_2405991/src/products/hls/hls_lib/hlsmath/src/common/hls_exp_float.cpp:15->r:/builds/2018.3/continuous/2018_12_06_2405991/src/products/hls/hls_lib/hlsmath/src/c++/expfloat.cpp:15->lstm_hls_fixed8/src/rnn.cpp:83]   --->   Operation 89 'fexp' 'tmp_i_i' <Predicate = (!exitcond)> <Delay = 7.12> <Core = "FExp">   --->   Core 126 'FExp' <Latency = 7> <II = 1> <Delay = 7.12> <FuncUnit> <Opcode : 'fexp'> <InPorts = 1> <OutPorts = 1>
ST_6 : Operation 90 [1/1] (0.00ns) (grouped into LUT with out node x_assign_1)   --->   "%p_Result_35_op = xor i32 %p_Result_10, -2147483648" [lstm_hls_fixed8/src/rnn.cpp:83]   --->   Operation 90 'xor' 'p_Result_35_op' <Predicate = (!exitcond & !tmp_1)> <Delay = 0.00> <Core = "LogicGate">   --->   Core 27 'LogicGate' <Latency = 0> <II = 1> <Delay = 0.80> <FuncUnit> <Opcode : 'and' 'or' 'xor'> <InPorts = 2> <OutPorts = 1>
ST_6 : Operation 91 [1/1] (0.00ns) (grouped into LUT with out node x_assign_1)   --->   "%tmp_19 = bitcast i32 %p_Result_35_op to float" [lstm_hls_fixed8/src/rnn.cpp:83]   --->   Operation 91 'bitcast' 'tmp_19' <Predicate = (!exitcond & !tmp_1)> <Delay = 0.00>
ST_6 : Operation 92 [1/1] (0.80ns) (out node of the LUT)   --->   "%x_assign_1 = select i1 %tmp_1, float -0.000000e+00, float %tmp_19" [lstm_hls_fixed8/src/rnn.cpp:83]   --->   Operation 92 'select' 'x_assign_1' <Predicate = (!exitcond)> <Delay = 0.80> <Core = "Sel">   --->   Core 26 'Sel' <Latency = 0> <II = 1> <Delay = 0.62> <FuncUnit> <Opcode : 'select'> <InPorts = 3> <OutPorts = 1>
ST_6 : Operation 93 [8/8] (7.12ns)   --->   "%tmp_i_i1 = call float @llvm.exp.f32(float %x_assign_1) nounwind" [r:/builds/2018.3/continuous/2018_12_06_2405991/src/products/hls/hls_lib/hlsmath/src/common/hls_exp_float.cpp:15->r:/builds/2018.3/continuous/2018_12_06_2405991/src/products/hls/hls_lib/hlsmath/src/c++/expfloat.cpp:15->lstm_hls_fixed8/src/rnn.cpp:83]   --->   Operation 93 'fexp' 'tmp_i_i1' <Predicate = (!exitcond)> <Delay = 7.12> <Core = "FExp">   --->   Core 126 'FExp' <Latency = 7> <II = 1> <Delay = 7.12> <FuncUnit> <Opcode : 'fexp'> <InPorts = 1> <OutPorts = 1>

State 7 <SV = 6> <Delay = 7.12>
ST_7 : Operation 94 [7/8] (7.12ns)   --->   "%tmp_i_i = call float @llvm.exp.f32(float %x_assign) nounwind" [r:/builds/2018.3/continuous/2018_12_06_2405991/src/products/hls/hls_lib/hlsmath/src/common/hls_exp_float.cpp:15->r:/builds/2018.3/continuous/2018_12_06_2405991/src/products/hls/hls_lib/hlsmath/src/c++/expfloat.cpp:15->lstm_hls_fixed8/src/rnn.cpp:83]   --->   Operation 94 'fexp' 'tmp_i_i' <Predicate = (!exitcond)> <Delay = 7.12> <Core = "FExp">   --->   Core 126 'FExp' <Latency = 7> <II = 1> <Delay = 7.12> <FuncUnit> <Opcode : 'fexp'> <InPorts = 1> <OutPorts = 1>
ST_7 : Operation 95 [7/8] (7.12ns)   --->   "%tmp_i_i1 = call float @llvm.exp.f32(float %x_assign_1) nounwind" [r:/builds/2018.3/continuous/2018_12_06_2405991/src/products/hls/hls_lib/hlsmath/src/common/hls_exp_float.cpp:15->r:/builds/2018.3/continuous/2018_12_06_2405991/src/products/hls/hls_lib/hlsmath/src/c++/expfloat.cpp:15->lstm_hls_fixed8/src/rnn.cpp:83]   --->   Operation 95 'fexp' 'tmp_i_i1' <Predicate = (!exitcond)> <Delay = 7.12> <Core = "FExp">   --->   Core 126 'FExp' <Latency = 7> <II = 1> <Delay = 7.12> <FuncUnit> <Opcode : 'fexp'> <InPorts = 1> <OutPorts = 1>

State 8 <SV = 7> <Delay = 7.12>
ST_8 : Operation 96 [6/8] (7.12ns)   --->   "%tmp_i_i = call float @llvm.exp.f32(float %x_assign) nounwind" [r:/builds/2018.3/continuous/2018_12_06_2405991/src/products/hls/hls_lib/hlsmath/src/common/hls_exp_float.cpp:15->r:/builds/2018.3/continuous/2018_12_06_2405991/src/products/hls/hls_lib/hlsmath/src/c++/expfloat.cpp:15->lstm_hls_fixed8/src/rnn.cpp:83]   --->   Operation 96 'fexp' 'tmp_i_i' <Predicate = (!exitcond)> <Delay = 7.12> <Core = "FExp">   --->   Core 126 'FExp' <Latency = 7> <II = 1> <Delay = 7.12> <FuncUnit> <Opcode : 'fexp'> <InPorts = 1> <OutPorts = 1>
ST_8 : Operation 97 [6/8] (7.12ns)   --->   "%tmp_i_i1 = call float @llvm.exp.f32(float %x_assign_1) nounwind" [r:/builds/2018.3/continuous/2018_12_06_2405991/src/products/hls/hls_lib/hlsmath/src/common/hls_exp_float.cpp:15->r:/builds/2018.3/continuous/2018_12_06_2405991/src/products/hls/hls_lib/hlsmath/src/c++/expfloat.cpp:15->lstm_hls_fixed8/src/rnn.cpp:83]   --->   Operation 97 'fexp' 'tmp_i_i1' <Predicate = (!exitcond)> <Delay = 7.12> <Core = "FExp">   --->   Core 126 'FExp' <Latency = 7> <II = 1> <Delay = 7.12> <FuncUnit> <Opcode : 'fexp'> <InPorts = 1> <OutPorts = 1>

State 9 <SV = 8> <Delay = 7.12>
ST_9 : Operation 98 [5/8] (7.12ns)   --->   "%tmp_i_i = call float @llvm.exp.f32(float %x_assign) nounwind" [r:/builds/2018.3/continuous/2018_12_06_2405991/src/products/hls/hls_lib/hlsmath/src/common/hls_exp_float.cpp:15->r:/builds/2018.3/continuous/2018_12_06_2405991/src/products/hls/hls_lib/hlsmath/src/c++/expfloat.cpp:15->lstm_hls_fixed8/src/rnn.cpp:83]   --->   Operation 98 'fexp' 'tmp_i_i' <Predicate = (!exitcond)> <Delay = 7.12> <Core = "FExp">   --->   Core 126 'FExp' <Latency = 7> <II = 1> <Delay = 7.12> <FuncUnit> <Opcode : 'fexp'> <InPorts = 1> <OutPorts = 1>
ST_9 : Operation 99 [5/8] (7.12ns)   --->   "%tmp_i_i1 = call float @llvm.exp.f32(float %x_assign_1) nounwind" [r:/builds/2018.3/continuous/2018_12_06_2405991/src/products/hls/hls_lib/hlsmath/src/common/hls_exp_float.cpp:15->r:/builds/2018.3/continuous/2018_12_06_2405991/src/products/hls/hls_lib/hlsmath/src/c++/expfloat.cpp:15->lstm_hls_fixed8/src/rnn.cpp:83]   --->   Operation 99 'fexp' 'tmp_i_i1' <Predicate = (!exitcond)> <Delay = 7.12> <Core = "FExp">   --->   Core 126 'FExp' <Latency = 7> <II = 1> <Delay = 7.12> <FuncUnit> <Opcode : 'fexp'> <InPorts = 1> <OutPorts = 1>

State 10 <SV = 9> <Delay = 7.12>
ST_10 : Operation 100 [4/8] (7.12ns)   --->   "%tmp_i_i = call float @llvm.exp.f32(float %x_assign) nounwind" [r:/builds/2018.3/continuous/2018_12_06_2405991/src/products/hls/hls_lib/hlsmath/src/common/hls_exp_float.cpp:15->r:/builds/2018.3/continuous/2018_12_06_2405991/src/products/hls/hls_lib/hlsmath/src/c++/expfloat.cpp:15->lstm_hls_fixed8/src/rnn.cpp:83]   --->   Operation 100 'fexp' 'tmp_i_i' <Predicate = (!exitcond)> <Delay = 7.12> <Core = "FExp">   --->   Core 126 'FExp' <Latency = 7> <II = 1> <Delay = 7.12> <FuncUnit> <Opcode : 'fexp'> <InPorts = 1> <OutPorts = 1>
ST_10 : Operation 101 [4/8] (7.12ns)   --->   "%tmp_i_i1 = call float @llvm.exp.f32(float %x_assign_1) nounwind" [r:/builds/2018.3/continuous/2018_12_06_2405991/src/products/hls/hls_lib/hlsmath/src/common/hls_exp_float.cpp:15->r:/builds/2018.3/continuous/2018_12_06_2405991/src/products/hls/hls_lib/hlsmath/src/c++/expfloat.cpp:15->lstm_hls_fixed8/src/rnn.cpp:83]   --->   Operation 101 'fexp' 'tmp_i_i1' <Predicate = (!exitcond)> <Delay = 7.12> <Core = "FExp">   --->   Core 126 'FExp' <Latency = 7> <II = 1> <Delay = 7.12> <FuncUnit> <Opcode : 'fexp'> <InPorts = 1> <OutPorts = 1>

State 11 <SV = 10> <Delay = 7.12>
ST_11 : Operation 102 [3/8] (7.12ns)   --->   "%tmp_i_i = call float @llvm.exp.f32(float %x_assign) nounwind" [r:/builds/2018.3/continuous/2018_12_06_2405991/src/products/hls/hls_lib/hlsmath/src/common/hls_exp_float.cpp:15->r:/builds/2018.3/continuous/2018_12_06_2405991/src/products/hls/hls_lib/hlsmath/src/c++/expfloat.cpp:15->lstm_hls_fixed8/src/rnn.cpp:83]   --->   Operation 102 'fexp' 'tmp_i_i' <Predicate = (!exitcond)> <Delay = 7.12> <Core = "FExp">   --->   Core 126 'FExp' <Latency = 7> <II = 1> <Delay = 7.12> <FuncUnit> <Opcode : 'fexp'> <InPorts = 1> <OutPorts = 1>
ST_11 : Operation 103 [3/8] (7.12ns)   --->   "%tmp_i_i1 = call float @llvm.exp.f32(float %x_assign_1) nounwind" [r:/builds/2018.3/continuous/2018_12_06_2405991/src/products/hls/hls_lib/hlsmath/src/common/hls_exp_float.cpp:15->r:/builds/2018.3/continuous/2018_12_06_2405991/src/products/hls/hls_lib/hlsmath/src/c++/expfloat.cpp:15->lstm_hls_fixed8/src/rnn.cpp:83]   --->   Operation 103 'fexp' 'tmp_i_i1' <Predicate = (!exitcond)> <Delay = 7.12> <Core = "FExp">   --->   Core 126 'FExp' <Latency = 7> <II = 1> <Delay = 7.12> <FuncUnit> <Opcode : 'fexp'> <InPorts = 1> <OutPorts = 1>

State 12 <SV = 11> <Delay = 7.12>
ST_12 : Operation 104 [2/8] (7.12ns)   --->   "%tmp_i_i = call float @llvm.exp.f32(float %x_assign) nounwind" [r:/builds/2018.3/continuous/2018_12_06_2405991/src/products/hls/hls_lib/hlsmath/src/common/hls_exp_float.cpp:15->r:/builds/2018.3/continuous/2018_12_06_2405991/src/products/hls/hls_lib/hlsmath/src/c++/expfloat.cpp:15->lstm_hls_fixed8/src/rnn.cpp:83]   --->   Operation 104 'fexp' 'tmp_i_i' <Predicate = (!exitcond)> <Delay = 7.12> <Core = "FExp">   --->   Core 126 'FExp' <Latency = 7> <II = 1> <Delay = 7.12> <FuncUnit> <Opcode : 'fexp'> <InPorts = 1> <OutPorts = 1>
ST_12 : Operation 105 [2/8] (7.12ns)   --->   "%tmp_i_i1 = call float @llvm.exp.f32(float %x_assign_1) nounwind" [r:/builds/2018.3/continuous/2018_12_06_2405991/src/products/hls/hls_lib/hlsmath/src/common/hls_exp_float.cpp:15->r:/builds/2018.3/continuous/2018_12_06_2405991/src/products/hls/hls_lib/hlsmath/src/c++/expfloat.cpp:15->lstm_hls_fixed8/src/rnn.cpp:83]   --->   Operation 105 'fexp' 'tmp_i_i1' <Predicate = (!exitcond)> <Delay = 7.12> <Core = "FExp">   --->   Core 126 'FExp' <Latency = 7> <II = 1> <Delay = 7.12> <FuncUnit> <Opcode : 'fexp'> <InPorts = 1> <OutPorts = 1>

State 13 <SV = 12> <Delay = 7.12>
ST_13 : Operation 106 [1/8] (7.12ns)   --->   "%tmp_i_i = call float @llvm.exp.f32(float %x_assign) nounwind" [r:/builds/2018.3/continuous/2018_12_06_2405991/src/products/hls/hls_lib/hlsmath/src/common/hls_exp_float.cpp:15->r:/builds/2018.3/continuous/2018_12_06_2405991/src/products/hls/hls_lib/hlsmath/src/c++/expfloat.cpp:15->lstm_hls_fixed8/src/rnn.cpp:83]   --->   Operation 106 'fexp' 'tmp_i_i' <Predicate = (!exitcond)> <Delay = 7.12> <Core = "FExp">   --->   Core 126 'FExp' <Latency = 7> <II = 1> <Delay = 7.12> <FuncUnit> <Opcode : 'fexp'> <InPorts = 1> <OutPorts = 1>
ST_13 : Operation 107 [1/8] (7.12ns)   --->   "%tmp_i_i1 = call float @llvm.exp.f32(float %x_assign_1) nounwind" [r:/builds/2018.3/continuous/2018_12_06_2405991/src/products/hls/hls_lib/hlsmath/src/common/hls_exp_float.cpp:15->r:/builds/2018.3/continuous/2018_12_06_2405991/src/products/hls/hls_lib/hlsmath/src/c++/expfloat.cpp:15->lstm_hls_fixed8/src/rnn.cpp:83]   --->   Operation 107 'fexp' 'tmp_i_i1' <Predicate = (!exitcond)> <Delay = 7.12> <Core = "FExp">   --->   Core 126 'FExp' <Latency = 7> <II = 1> <Delay = 7.12> <FuncUnit> <Opcode : 'fexp'> <InPorts = 1> <OutPorts = 1>

State 14 <SV = 13> <Delay = 8.58>
ST_14 : Operation 108 [4/4] (8.58ns)   --->   "%tmp_20 = fsub float %tmp_i_i, %tmp_i_i1" [lstm_hls_fixed8/src/rnn.cpp:83]   --->   Operation 108 'fsub' 'tmp_20' <Predicate = (!exitcond)> <Delay = 8.58> <Core = "FAddSub">   --->   Core 104 'FAddSub' <Latency = 3> <II = 1> <Delay = 8.58> <FuncUnit> <Opcode : 'fadd' 'fsub'> <InPorts = 2> <OutPorts = 1>
ST_14 : Operation 109 [4/4] (8.58ns)   --->   "%tmp_21 = fadd float %tmp_i_i, %tmp_i_i1" [lstm_hls_fixed8/src/rnn.cpp:83]   --->   Operation 109 'fadd' 'tmp_21' <Predicate = (!exitcond)> <Delay = 8.58> <Core = "FAddSub">   --->   Core 104 'FAddSub' <Latency = 3> <II = 1> <Delay = 8.58> <FuncUnit> <Opcode : 'fadd' 'fsub'> <InPorts = 2> <OutPorts = 1>

State 15 <SV = 14> <Delay = 8.58>
ST_15 : Operation 110 [3/4] (8.58ns)   --->   "%tmp_20 = fsub float %tmp_i_i, %tmp_i_i1" [lstm_hls_fixed8/src/rnn.cpp:83]   --->   Operation 110 'fsub' 'tmp_20' <Predicate = (!exitcond)> <Delay = 8.58> <Core = "FAddSub">   --->   Core 104 'FAddSub' <Latency = 3> <II = 1> <Delay = 8.58> <FuncUnit> <Opcode : 'fadd' 'fsub'> <InPorts = 2> <OutPorts = 1>
ST_15 : Operation 111 [3/4] (8.58ns)   --->   "%tmp_21 = fadd float %tmp_i_i, %tmp_i_i1" [lstm_hls_fixed8/src/rnn.cpp:83]   --->   Operation 111 'fadd' 'tmp_21' <Predicate = (!exitcond)> <Delay = 8.58> <Core = "FAddSub">   --->   Core 104 'FAddSub' <Latency = 3> <II = 1> <Delay = 8.58> <FuncUnit> <Opcode : 'fadd' 'fsub'> <InPorts = 2> <OutPorts = 1>

State 16 <SV = 15> <Delay = 8.58>
ST_16 : Operation 112 [2/4] (8.58ns)   --->   "%tmp_20 = fsub float %tmp_i_i, %tmp_i_i1" [lstm_hls_fixed8/src/rnn.cpp:83]   --->   Operation 112 'fsub' 'tmp_20' <Predicate = (!exitcond)> <Delay = 8.58> <Core = "FAddSub">   --->   Core 104 'FAddSub' <Latency = 3> <II = 1> <Delay = 8.58> <FuncUnit> <Opcode : 'fadd' 'fsub'> <InPorts = 2> <OutPorts = 1>
ST_16 : Operation 113 [2/4] (8.58ns)   --->   "%tmp_21 = fadd float %tmp_i_i, %tmp_i_i1" [lstm_hls_fixed8/src/rnn.cpp:83]   --->   Operation 113 'fadd' 'tmp_21' <Predicate = (!exitcond)> <Delay = 8.58> <Core = "FAddSub">   --->   Core 104 'FAddSub' <Latency = 3> <II = 1> <Delay = 8.58> <FuncUnit> <Opcode : 'fadd' 'fsub'> <InPorts = 2> <OutPorts = 1>

State 17 <SV = 16> <Delay = 8.58>
ST_17 : Operation 114 [1/4] (8.58ns)   --->   "%tmp_20 = fsub float %tmp_i_i, %tmp_i_i1" [lstm_hls_fixed8/src/rnn.cpp:83]   --->   Operation 114 'fsub' 'tmp_20' <Predicate = (!exitcond)> <Delay = 8.58> <Core = "FAddSub">   --->   Core 104 'FAddSub' <Latency = 3> <II = 1> <Delay = 8.58> <FuncUnit> <Opcode : 'fadd' 'fsub'> <InPorts = 2> <OutPorts = 1>
ST_17 : Operation 115 [1/4] (8.58ns)   --->   "%tmp_21 = fadd float %tmp_i_i, %tmp_i_i1" [lstm_hls_fixed8/src/rnn.cpp:83]   --->   Operation 115 'fadd' 'tmp_21' <Predicate = (!exitcond)> <Delay = 8.58> <Core = "FAddSub">   --->   Core 104 'FAddSub' <Latency = 3> <II = 1> <Delay = 8.58> <FuncUnit> <Opcode : 'fadd' 'fsub'> <InPorts = 2> <OutPorts = 1>

State 18 <SV = 17> <Delay = 7.19>
ST_18 : Operation 116 [12/12] (7.19ns)   --->   "%v_assign = fdiv float %tmp_20, %tmp_21" [lstm_hls_fixed8/src/rnn.cpp:83]   --->   Operation 116 'fdiv' 'v_assign' <Predicate = (!exitcond)> <Delay = 7.19> <Core = "FDiv">   --->   Core 106 'FDiv' <Latency = 11> <II = 1> <Delay = 7.19> <FuncUnit> <Opcode : 'fdiv' 'frem'> <InPorts = 2> <OutPorts = 1>

State 19 <SV = 18> <Delay = 7.19>
ST_19 : Operation 117 [11/12] (7.19ns)   --->   "%v_assign = fdiv float %tmp_20, %tmp_21" [lstm_hls_fixed8/src/rnn.cpp:83]   --->   Operation 117 'fdiv' 'v_assign' <Predicate = (!exitcond)> <Delay = 7.19> <Core = "FDiv">   --->   Core 106 'FDiv' <Latency = 11> <II = 1> <Delay = 7.19> <FuncUnit> <Opcode : 'fdiv' 'frem'> <InPorts = 2> <OutPorts = 1>

State 20 <SV = 19> <Delay = 7.19>
ST_20 : Operation 118 [10/12] (7.19ns)   --->   "%v_assign = fdiv float %tmp_20, %tmp_21" [lstm_hls_fixed8/src/rnn.cpp:83]   --->   Operation 118 'fdiv' 'v_assign' <Predicate = (!exitcond)> <Delay = 7.19> <Core = "FDiv">   --->   Core 106 'FDiv' <Latency = 11> <II = 1> <Delay = 7.19> <FuncUnit> <Opcode : 'fdiv' 'frem'> <InPorts = 2> <OutPorts = 1>

State 21 <SV = 20> <Delay = 7.19>
ST_21 : Operation 119 [9/12] (7.19ns)   --->   "%v_assign = fdiv float %tmp_20, %tmp_21" [lstm_hls_fixed8/src/rnn.cpp:83]   --->   Operation 119 'fdiv' 'v_assign' <Predicate = (!exitcond)> <Delay = 7.19> <Core = "FDiv">   --->   Core 106 'FDiv' <Latency = 11> <II = 1> <Delay = 7.19> <FuncUnit> <Opcode : 'fdiv' 'frem'> <InPorts = 2> <OutPorts = 1>

State 22 <SV = 21> <Delay = 7.19>
ST_22 : Operation 120 [8/12] (7.19ns)   --->   "%v_assign = fdiv float %tmp_20, %tmp_21" [lstm_hls_fixed8/src/rnn.cpp:83]   --->   Operation 120 'fdiv' 'v_assign' <Predicate = (!exitcond)> <Delay = 7.19> <Core = "FDiv">   --->   Core 106 'FDiv' <Latency = 11> <II = 1> <Delay = 7.19> <FuncUnit> <Opcode : 'fdiv' 'frem'> <InPorts = 2> <OutPorts = 1>

State 23 <SV = 22> <Delay = 7.19>
ST_23 : Operation 121 [7/12] (7.19ns)   --->   "%v_assign = fdiv float %tmp_20, %tmp_21" [lstm_hls_fixed8/src/rnn.cpp:83]   --->   Operation 121 'fdiv' 'v_assign' <Predicate = (!exitcond)> <Delay = 7.19> <Core = "FDiv">   --->   Core 106 'FDiv' <Latency = 11> <II = 1> <Delay = 7.19> <FuncUnit> <Opcode : 'fdiv' 'frem'> <InPorts = 2> <OutPorts = 1>

State 24 <SV = 23> <Delay = 7.19>
ST_24 : Operation 122 [6/12] (7.19ns)   --->   "%v_assign = fdiv float %tmp_20, %tmp_21" [lstm_hls_fixed8/src/rnn.cpp:83]   --->   Operation 122 'fdiv' 'v_assign' <Predicate = (!exitcond)> <Delay = 7.19> <Core = "FDiv">   --->   Core 106 'FDiv' <Latency = 11> <II = 1> <Delay = 7.19> <FuncUnit> <Opcode : 'fdiv' 'frem'> <InPorts = 2> <OutPorts = 1>

State 25 <SV = 24> <Delay = 7.19>
ST_25 : Operation 123 [5/12] (7.19ns)   --->   "%v_assign = fdiv float %tmp_20, %tmp_21" [lstm_hls_fixed8/src/rnn.cpp:83]   --->   Operation 123 'fdiv' 'v_assign' <Predicate = (!exitcond)> <Delay = 7.19> <Core = "FDiv">   --->   Core 106 'FDiv' <Latency = 11> <II = 1> <Delay = 7.19> <FuncUnit> <Opcode : 'fdiv' 'frem'> <InPorts = 2> <OutPorts = 1>

State 26 <SV = 25> <Delay = 7.19>
ST_26 : Operation 124 [4/12] (7.19ns)   --->   "%v_assign = fdiv float %tmp_20, %tmp_21" [lstm_hls_fixed8/src/rnn.cpp:83]   --->   Operation 124 'fdiv' 'v_assign' <Predicate = (!exitcond)> <Delay = 7.19> <Core = "FDiv">   --->   Core 106 'FDiv' <Latency = 11> <II = 1> <Delay = 7.19> <FuncUnit> <Opcode : 'fdiv' 'frem'> <InPorts = 2> <OutPorts = 1>

State 27 <SV = 26> <Delay = 7.19>
ST_27 : Operation 125 [3/12] (7.19ns)   --->   "%v_assign = fdiv float %tmp_20, %tmp_21" [lstm_hls_fixed8/src/rnn.cpp:83]   --->   Operation 125 'fdiv' 'v_assign' <Predicate = (!exitcond)> <Delay = 7.19> <Core = "FDiv">   --->   Core 106 'FDiv' <Latency = 11> <II = 1> <Delay = 7.19> <FuncUnit> <Opcode : 'fdiv' 'frem'> <InPorts = 2> <OutPorts = 1>

State 28 <SV = 27> <Delay = 7.19>
ST_28 : Operation 126 [2/12] (7.19ns)   --->   "%v_assign = fdiv float %tmp_20, %tmp_21" [lstm_hls_fixed8/src/rnn.cpp:83]   --->   Operation 126 'fdiv' 'v_assign' <Predicate = (!exitcond)> <Delay = 7.19> <Core = "FDiv">   --->   Core 106 'FDiv' <Latency = 11> <II = 1> <Delay = 7.19> <FuncUnit> <Opcode : 'fdiv' 'frem'> <InPorts = 2> <OutPorts = 1>

State 29 <SV = 28> <Delay = 7.19>
ST_29 : Operation 127 [1/12] (7.19ns)   --->   "%v_assign = fdiv float %tmp_20, %tmp_21" [lstm_hls_fixed8/src/rnn.cpp:83]   --->   Operation 127 'fdiv' 'v_assign' <Predicate = (!exitcond)> <Delay = 7.19> <Core = "FDiv">   --->   Core 106 'FDiv' <Latency = 11> <II = 1> <Delay = 7.19> <FuncUnit> <Opcode : 'fdiv' 'frem'> <InPorts = 2> <OutPorts = 1>

State 30 <SV = 29> <Delay = 6.21>
ST_30 : Operation 128 [1/1] (3.94ns)   --->   "%d_assign = fpext float %v_assign to double" [lstm_hls_fixed8/src/rnn.cpp:83]   --->   Operation 128 'fpext' 'd_assign' <Predicate = (!exitcond)> <Delay = 3.94> <Core = "Float2Double">   --->   Core 113 'Float2Double' <Latency = 0> <II = 1> <Delay = 3.94> <FuncUnit> <Opcode : 'fpext'> <InPorts = 1> <OutPorts = 1>
ST_30 : Operation 129 [1/1] (0.00ns)   --->   "%ireg_V = bitcast double %d_assign to i64" [lstm_hls_fixed8/src/rnn.cpp:83]   --->   Operation 129 'bitcast' 'ireg_V' <Predicate = (!exitcond)> <Delay = 0.00>
ST_30 : Operation 130 [1/1] (0.00ns)   --->   "%tmp_44 = trunc i64 %ireg_V to i63" [lstm_hls_fixed8/src/rnn.cpp:83]   --->   Operation 130 'trunc' 'tmp_44' <Predicate = (!exitcond)> <Delay = 0.00>
ST_30 : Operation 131 [1/1] (0.00ns)   --->   "%p_Result_11 = call i1 @_ssdm_op_BitSelect.i1.i64.i32(i64 %ireg_V, i32 63)" [lstm_hls_fixed8/src/rnn.cpp:83]   --->   Operation 131 'bitselect' 'p_Result_11' <Predicate = (!exitcond)> <Delay = 0.00>
ST_30 : Operation 132 [1/1] (0.00ns)   --->   "%exp_tmp_V = call i11 @_ssdm_op_PartSelect.i11.i64.i32.i32(i64 %ireg_V, i32 52, i32 62)" [lstm_hls_fixed8/src/rnn.cpp:83]   --->   Operation 132 'partselect' 'exp_tmp_V' <Predicate = (!exitcond)> <Delay = 0.00>
ST_30 : Operation 133 [1/1] (0.00ns)   --->   "%tmp_22 = zext i11 %exp_tmp_V to i12" [lstm_hls_fixed8/src/rnn.cpp:83]   --->   Operation 133 'zext' 'tmp_22' <Predicate = (!exitcond)> <Delay = 0.00>
ST_30 : Operation 134 [1/1] (0.00ns)   --->   "%tmp_46 = trunc i64 %ireg_V to i52" [lstm_hls_fixed8/src/rnn.cpp:83]   --->   Operation 134 'trunc' 'tmp_46' <Predicate = (!exitcond)> <Delay = 0.00>
ST_30 : Operation 135 [1/1] (2.26ns)   --->   "%tmp_24 = icmp eq i63 %tmp_44, 0" [lstm_hls_fixed8/src/rnn.cpp:83]   --->   Operation 135 'icmp' 'tmp_24' <Predicate = (!exitcond)> <Delay = 2.26> <Core = "Cmp">   --->   Core 25 'Cmp' <Latency = 0> <II = 1> <Delay = 1.31> <FuncUnit> <Opcode : 'icmp'> <InPorts = 2> <OutPorts = 1>
ST_30 : Operation 136 [1/1] (1.54ns)   --->   "%F2 = sub i12 1075, %tmp_22" [lstm_hls_fixed8/src/rnn.cpp:83]   --->   Operation 136 'sub' 'F2' <Predicate = (!exitcond)> <Delay = 1.54> <Core = "AddSub">   --->   Core 14 'AddSub' <Latency = 0> <II = 1> <Delay = 1.54> <FuncUnit> <Opcode : 'add' 'sub'> <InPorts = 2> <OutPorts = 1>

State 31 <SV = 30> <Delay = 8.71>
ST_31 : Operation 137 [1/1] (0.00ns)   --->   "%tmp_23 = call i53 @_ssdm_op_BitConcatenate.i53.i1.i52(i1 true, i52 %tmp_46)" [lstm_hls_fixed8/src/rnn.cpp:83]   --->   Operation 137 'bitconcatenate' 'tmp_23' <Predicate = (!exitcond)> <Delay = 0.00>
ST_31 : Operation 138 [1/1] (0.00ns)   --->   "%p_Result_12 = zext i53 %tmp_23 to i54" [lstm_hls_fixed8/src/rnn.cpp:83]   --->   Operation 138 'zext' 'p_Result_12' <Predicate = (!exitcond)> <Delay = 0.00>
ST_31 : Operation 139 [1/1] (2.41ns)   --->   "%man_V_1 = sub i54 0, %p_Result_12" [lstm_hls_fixed8/src/rnn.cpp:83]   --->   Operation 139 'sub' 'man_V_1' <Predicate = (!exitcond & p_Result_11)> <Delay = 2.41> <Core = "AddSub">   --->   Core 14 'AddSub' <Latency = 0> <II = 1> <Delay = 1.54> <FuncUnit> <Opcode : 'add' 'sub'> <InPorts = 2> <OutPorts = 1>
ST_31 : Operation 140 [1/1] (0.86ns)   --->   "%man_V_2 = select i1 %p_Result_11, i54 %man_V_1, i54 %p_Result_12" [lstm_hls_fixed8/src/rnn.cpp:83]   --->   Operation 140 'select' 'man_V_2' <Predicate = (!exitcond)> <Delay = 0.86> <Core = "Sel">   --->   Core 26 'Sel' <Latency = 0> <II = 1> <Delay = 0.62> <FuncUnit> <Opcode : 'select'> <InPorts = 3> <OutPorts = 1>
ST_31 : Operation 141 [1/1] (1.82ns)   --->   "%tmp_25 = icmp sgt i12 %F2, 11" [lstm_hls_fixed8/src/rnn.cpp:83]   --->   Operation 141 'icmp' 'tmp_25' <Predicate = (!exitcond)> <Delay = 1.82> <Core = "Cmp">   --->   Core 25 'Cmp' <Latency = 0> <II = 1> <Delay = 1.31> <FuncUnit> <Opcode : 'icmp'> <InPorts = 2> <OutPorts = 1>
ST_31 : Operation 142 [1/1] (1.54ns)   --->   "%tmp_26 = add i12 -11, %F2" [lstm_hls_fixed8/src/rnn.cpp:83]   --->   Operation 142 'add' 'tmp_26' <Predicate = (!exitcond)> <Delay = 1.54> <Core = "AddSub">   --->   Core 14 'AddSub' <Latency = 0> <II = 1> <Delay = 1.54> <FuncUnit> <Opcode : 'add' 'sub'> <InPorts = 2> <OutPorts = 1>
ST_31 : Operation 143 [1/1] (1.54ns)   --->   "%tmp_27 = sub i12 11, %F2" [lstm_hls_fixed8/src/rnn.cpp:83]   --->   Operation 143 'sub' 'tmp_27' <Predicate = (!exitcond)> <Delay = 1.54> <Core = "AddSub">   --->   Core 14 'AddSub' <Latency = 0> <II = 1> <Delay = 1.54> <FuncUnit> <Opcode : 'add' 'sub'> <InPorts = 2> <OutPorts = 1>
ST_31 : Operation 144 [1/1] (0.59ns)   --->   "%sh_amt = select i1 %tmp_25, i12 %tmp_26, i12 %tmp_27" [lstm_hls_fixed8/src/rnn.cpp:83]   --->   Operation 144 'select' 'sh_amt' <Predicate = (!exitcond)> <Delay = 0.59> <Core = "Sel">   --->   Core 26 'Sel' <Latency = 0> <II = 1> <Delay = 0.62> <FuncUnit> <Opcode : 'select'> <InPorts = 3> <OutPorts = 1>
ST_31 : Operation 145 [1/1] (0.00ns)   --->   "%sh_amt_cast = sext i12 %sh_amt to i32" [lstm_hls_fixed8/src/rnn.cpp:83]   --->   Operation 145 'sext' 'sh_amt_cast' <Predicate = (!exitcond)> <Delay = 0.00>
ST_31 : Operation 146 [1/1] (1.82ns)   --->   "%tmp_28 = icmp eq i12 %F2, 11" [lstm_hls_fixed8/src/rnn.cpp:83]   --->   Operation 146 'icmp' 'tmp_28' <Predicate = (!exitcond)> <Delay = 1.82> <Core = "Cmp">   --->   Core 25 'Cmp' <Latency = 0> <II = 1> <Delay = 1.31> <FuncUnit> <Opcode : 'icmp'> <InPorts = 2> <OutPorts = 1>
ST_31 : Operation 147 [1/1] (0.00ns)   --->   "%tmp_47 = trunc i54 %man_V_2 to i16" [lstm_hls_fixed8/src/rnn.cpp:83]   --->   Operation 147 'trunc' 'tmp_47' <Predicate = (!exitcond)> <Delay = 0.00>
ST_31 : Operation 148 [1/1] (1.82ns)   --->   "%tmp_29 = icmp ult i12 %sh_amt, 54" [lstm_hls_fixed8/src/rnn.cpp:83]   --->   Operation 148 'icmp' 'tmp_29' <Predicate = (!exitcond)> <Delay = 1.82> <Core = "Cmp">   --->   Core 25 'Cmp' <Latency = 0> <II = 1> <Delay = 1.31> <FuncUnit> <Opcode : 'icmp'> <InPorts = 2> <OutPorts = 1>
ST_31 : Operation 149 [1/1] (0.00ns)   --->   "%tmp_48 = call i8 @_ssdm_op_PartSelect.i8.i12.i32.i32(i12 %sh_amt, i32 4, i32 11)" [lstm_hls_fixed8/src/rnn.cpp:83]   --->   Operation 149 'partselect' 'tmp_48' <Predicate = (!exitcond)> <Delay = 0.00>
ST_31 : Operation 150 [1/1] (1.31ns)   --->   "%icmp1 = icmp eq i8 %tmp_48, 0" [lstm_hls_fixed8/src/rnn.cpp:83]   --->   Operation 150 'icmp' 'icmp1' <Predicate = (!exitcond)> <Delay = 1.31> <Core = "Cmp">   --->   Core 25 'Cmp' <Latency = 0> <II = 1> <Delay = 1.31> <FuncUnit> <Opcode : 'icmp'> <InPorts = 2> <OutPorts = 1>
ST_31 : Operation 151 [1/1] (0.00ns) (grouped into LUT with out node newSel)   --->   "%tmp_30 = zext i32 %sh_amt_cast to i54" [lstm_hls_fixed8/src/rnn.cpp:83]   --->   Operation 151 'zext' 'tmp_30' <Predicate = (!exitcond)> <Delay = 0.00>
ST_31 : Operation 152 [1/1] (0.00ns) (grouped into LUT with out node newSel)   --->   "%tmp_32 = ashr i54 %man_V_2, %tmp_30" [lstm_hls_fixed8/src/rnn.cpp:83]   --->   Operation 152 'ashr' 'tmp_32' <Predicate = (!exitcond)> <Delay = 0.00> <Core = "Shift">   --->   Core 28 'Shift' <Latency = 0> <II = 1> <Delay = 3.12> <FuncUnit> <Opcode : 'shl' 'lshr' 'ashr'> <InPorts = 2> <OutPorts = 1>
ST_31 : Operation 153 [1/1] (0.00ns) (grouped into LUT with out node newSel)   --->   "%tmp_49 = trunc i54 %tmp_32 to i16" [lstm_hls_fixed8/src/rnn.cpp:83]   --->   Operation 153 'trunc' 'tmp_49' <Predicate = (!exitcond)> <Delay = 0.00>
ST_31 : Operation 154 [1/1] (0.00ns) (grouped into LUT with out node newSel1)   --->   "%ireg_V_to_int = bitcast float %v_assign to i32" [lstm_hls_fixed8/src/rnn.cpp:83]   --->   Operation 154 'bitcast' 'ireg_V_to_int' <Predicate = (!exitcond)> <Delay = 0.00>
ST_31 : Operation 155 [1/1] (0.00ns) (grouped into LUT with out node newSel1)   --->   "%tmp_50 = call i1 @_ssdm_op_BitSelect.i1.i32.i32(i32 %ireg_V_to_int, i32 31)" [lstm_hls_fixed8/src/rnn.cpp:83]   --->   Operation 155 'bitselect' 'tmp_50' <Predicate = (!exitcond)> <Delay = 0.00>
ST_31 : Operation 156 [1/1] (0.00ns) (grouped into LUT with out node newSel1)   --->   "%tmp_34 = select i1 %tmp_50, i16 -1, i16 0" [lstm_hls_fixed8/src/rnn.cpp:83]   --->   Operation 156 'select' 'tmp_34' <Predicate = (!exitcond)> <Delay = 0.00> <Core = "Sel">   --->   Core 26 'Sel' <Latency = 0> <II = 1> <Delay = 0.62> <FuncUnit> <Opcode : 'select'> <InPorts = 3> <OutPorts = 1>
ST_31 : Operation 157 [1/1] (0.00ns) (grouped into LUT with out node newSel)   --->   "%tmp_35 = sext i16 %tmp_47 to i32" [lstm_hls_fixed8/src/rnn.cpp:83]   --->   Operation 157 'sext' 'tmp_35' <Predicate = (!exitcond)> <Delay = 0.00>
ST_31 : Operation 158 [1/1] (0.00ns) (grouped into LUT with out node newSel)   --->   "%tmp_37 = shl i32 %tmp_35, %sh_amt_cast" [lstm_hls_fixed8/src/rnn.cpp:83]   --->   Operation 158 'shl' 'tmp_37' <Predicate = (!exitcond)> <Delay = 0.00> <Core = "Shift">   --->   Core 28 'Shift' <Latency = 0> <II = 1> <Delay = 3.12> <FuncUnit> <Opcode : 'shl' 'lshr' 'ashr'> <InPorts = 2> <OutPorts = 1>
ST_31 : Operation 159 [1/1] (0.00ns) (grouped into LUT with out node newSel)   --->   "%tmp_51 = trunc i32 %tmp_37 to i16" [lstm_hls_fixed8/src/rnn.cpp:83]   --->   Operation 159 'trunc' 'tmp_51' <Predicate = (!exitcond)> <Delay = 0.00>
ST_31 : Operation 160 [1/1] (0.00ns) (grouped into LUT with out node or_cond2)   --->   "%sel_tmp1 = xor i1 %tmp_24, true" [lstm_hls_fixed8/src/rnn.cpp:83]   --->   Operation 160 'xor' 'sel_tmp1' <Predicate = (!exitcond)> <Delay = 0.00> <Core = "LogicGate">   --->   Core 27 'LogicGate' <Latency = 0> <II = 1> <Delay = 0.80> <FuncUnit> <Opcode : 'and' 'or' 'xor'> <InPorts = 2> <OutPorts = 1>
ST_31 : Operation 161 [1/1] (0.00ns) (grouped into LUT with out node or_cond2)   --->   "%sel_tmp2 = and i1 %tmp_28, %sel_tmp1" [lstm_hls_fixed8/src/rnn.cpp:83]   --->   Operation 161 'and' 'sel_tmp2' <Predicate = (!exitcond)> <Delay = 0.00> <Core = "LogicGate">   --->   Core 27 'LogicGate' <Latency = 0> <II = 1> <Delay = 0.80> <FuncUnit> <Opcode : 'and' 'or' 'xor'> <InPorts = 2> <OutPorts = 1>
ST_31 : Operation 162 [1/1] (0.80ns)   --->   "%sel_tmp6_demorgan = or i1 %tmp_24, %tmp_28" [lstm_hls_fixed8/src/rnn.cpp:83]   --->   Operation 162 'or' 'sel_tmp6_demorgan' <Predicate = (!exitcond)> <Delay = 0.80> <Core = "LogicGate">   --->   Core 27 'LogicGate' <Latency = 0> <II = 1> <Delay = 0.80> <FuncUnit> <Opcode : 'and' 'or' 'xor'> <InPorts = 2> <OutPorts = 1>
ST_31 : Operation 163 [1/1] (0.00ns) (grouped into LUT with out node sel_tmp7)   --->   "%sel_tmp6 = xor i1 %sel_tmp6_demorgan, true" [lstm_hls_fixed8/src/rnn.cpp:83]   --->   Operation 163 'xor' 'sel_tmp6' <Predicate = (!exitcond)> <Delay = 0.00> <Core = "LogicGate">   --->   Core 27 'LogicGate' <Latency = 0> <II = 1> <Delay = 0.80> <FuncUnit> <Opcode : 'and' 'or' 'xor'> <InPorts = 2> <OutPorts = 1>
ST_31 : Operation 164 [1/1] (0.80ns) (out node of the LUT)   --->   "%sel_tmp7 = and i1 %tmp_25, %sel_tmp6" [lstm_hls_fixed8/src/rnn.cpp:83]   --->   Operation 164 'and' 'sel_tmp7' <Predicate = (!exitcond)> <Delay = 0.80> <Core = "LogicGate">   --->   Core 27 'LogicGate' <Latency = 0> <II = 1> <Delay = 0.80> <FuncUnit> <Opcode : 'and' 'or' 'xor'> <InPorts = 2> <OutPorts = 1>
ST_31 : Operation 165 [1/1] (0.00ns) (grouped into LUT with out node sel_tmp9)   --->   "%sel_tmp8 = xor i1 %tmp_29, true" [lstm_hls_fixed8/src/rnn.cpp:83]   --->   Operation 165 'xor' 'sel_tmp8' <Predicate = (!exitcond)> <Delay = 0.00> <Core = "LogicGate">   --->   Core 27 'LogicGate' <Latency = 0> <II = 1> <Delay = 0.80> <FuncUnit> <Opcode : 'and' 'or' 'xor'> <InPorts = 2> <OutPorts = 1>
ST_31 : Operation 166 [1/1] (0.80ns) (out node of the LUT)   --->   "%sel_tmp9 = and i1 %sel_tmp7, %sel_tmp8" [lstm_hls_fixed8/src/rnn.cpp:83]   --->   Operation 166 'and' 'sel_tmp9' <Predicate = (!exitcond)> <Delay = 0.80> <Core = "LogicGate">   --->   Core 27 'LogicGate' <Latency = 0> <II = 1> <Delay = 0.80> <FuncUnit> <Opcode : 'and' 'or' 'xor'> <InPorts = 2> <OutPorts = 1>
ST_31 : Operation 167 [1/1] (0.00ns) (grouped into LUT with out node or_cond)   --->   "%sel_tmp = and i1 %sel_tmp7, %tmp_29" [lstm_hls_fixed8/src/rnn.cpp:83]   --->   Operation 167 'and' 'sel_tmp' <Predicate = (!exitcond)> <Delay = 0.00> <Core = "LogicGate">   --->   Core 27 'LogicGate' <Latency = 0> <II = 1> <Delay = 0.80> <FuncUnit> <Opcode : 'and' 'or' 'xor'> <InPorts = 2> <OutPorts = 1>
ST_31 : Operation 168 [1/1] (0.00ns) (grouped into LUT with out node sel_tmp4)   --->   "%sel_tmp21_demorgan = or i1 %sel_tmp6_demorgan, %tmp_25" [lstm_hls_fixed8/src/rnn.cpp:83]   --->   Operation 168 'or' 'sel_tmp21_demorgan' <Predicate = (!exitcond)> <Delay = 0.00> <Core = "LogicGate">   --->   Core 27 'LogicGate' <Latency = 0> <II = 1> <Delay = 0.80> <FuncUnit> <Opcode : 'and' 'or' 'xor'> <InPorts = 2> <OutPorts = 1>
ST_31 : Operation 169 [1/1] (0.00ns) (grouped into LUT with out node sel_tmp4)   --->   "%sel_tmp3 = xor i1 %sel_tmp21_demorgan, true" [lstm_hls_fixed8/src/rnn.cpp:83]   --->   Operation 169 'xor' 'sel_tmp3' <Predicate = (!exitcond)> <Delay = 0.00> <Core = "LogicGate">   --->   Core 27 'LogicGate' <Latency = 0> <II = 1> <Delay = 0.80> <FuncUnit> <Opcode : 'and' 'or' 'xor'> <InPorts = 2> <OutPorts = 1>
ST_31 : Operation 170 [1/1] (0.80ns) (out node of the LUT)   --->   "%sel_tmp4 = and i1 %icmp1, %sel_tmp3" [lstm_hls_fixed8/src/rnn.cpp:83]   --->   Operation 170 'and' 'sel_tmp4' <Predicate = (!exitcond)> <Delay = 0.80> <Core = "LogicGate">   --->   Core 27 'LogicGate' <Latency = 0> <II = 1> <Delay = 0.80> <FuncUnit> <Opcode : 'and' 'or' 'xor'> <InPorts = 2> <OutPorts = 1>
ST_31 : Operation 171 [1/1] (3.56ns) (out node of the LUT)   --->   "%newSel = select i1 %sel_tmp4, i16 %tmp_51, i16 %tmp_49" [lstm_hls_fixed8/src/rnn.cpp:83]   --->   Operation 171 'select' 'newSel' <Predicate = (!exitcond)> <Delay = 3.56> <Core = "Sel">   --->   Core 26 'Sel' <Latency = 0> <II = 1> <Delay = 0.62> <FuncUnit> <Opcode : 'select'> <InPorts = 3> <OutPorts = 1>
ST_31 : Operation 172 [1/1] (0.80ns) (out node of the LUT)   --->   "%or_cond = or i1 %sel_tmp4, %sel_tmp" [lstm_hls_fixed8/src/rnn.cpp:83]   --->   Operation 172 'or' 'or_cond' <Predicate = (!exitcond)> <Delay = 0.80> <Core = "LogicGate">   --->   Core 27 'LogicGate' <Latency = 0> <II = 1> <Delay = 0.80> <FuncUnit> <Opcode : 'and' 'or' 'xor'> <InPorts = 2> <OutPorts = 1>
ST_31 : Operation 173 [1/1] (0.81ns) (out node of the LUT)   --->   "%newSel1 = select i1 %sel_tmp9, i16 %tmp_34, i16 %tmp_47" [lstm_hls_fixed8/src/rnn.cpp:83]   --->   Operation 173 'select' 'newSel1' <Predicate = (!exitcond)> <Delay = 0.81> <Core = "Sel">   --->   Core 26 'Sel' <Latency = 0> <II = 1> <Delay = 0.62> <FuncUnit> <Opcode : 'select'> <InPorts = 3> <OutPorts = 1>
ST_31 : Operation 174 [1/1] (0.00ns) (grouped into LUT with out node or_cond2)   --->   "%or_cond1 = or i1 %sel_tmp9, %sel_tmp2" [lstm_hls_fixed8/src/rnn.cpp:83]   --->   Operation 174 'or' 'or_cond1' <Predicate = (!exitcond)> <Delay = 0.00> <Core = "LogicGate">   --->   Core 27 'LogicGate' <Latency = 0> <II = 1> <Delay = 0.80> <FuncUnit> <Opcode : 'and' 'or' 'xor'> <InPorts = 2> <OutPorts = 1>
ST_31 : Operation 175 [1/1] (0.00ns) (grouped into LUT with out node newSel3)   --->   "%newSel2 = select i1 %or_cond, i16 %newSel, i16 %newSel1" [lstm_hls_fixed8/src/rnn.cpp:83]   --->   Operation 175 'select' 'newSel2' <Predicate = (!exitcond)> <Delay = 0.00> <Core = "Sel">   --->   Core 26 'Sel' <Latency = 0> <II = 1> <Delay = 0.62> <FuncUnit> <Opcode : 'select'> <InPorts = 3> <OutPorts = 1>
ST_31 : Operation 176 [1/1] (0.80ns) (out node of the LUT)   --->   "%or_cond2 = or i1 %or_cond, %or_cond1" [lstm_hls_fixed8/src/rnn.cpp:83]   --->   Operation 176 'or' 'or_cond2' <Predicate = (!exitcond)> <Delay = 0.80> <Core = "LogicGate">   --->   Core 27 'LogicGate' <Latency = 0> <II = 1> <Delay = 0.80> <FuncUnit> <Opcode : 'and' 'or' 'xor'> <InPorts = 2> <OutPorts = 1>
ST_31 : Operation 177 [1/1] (0.62ns) (out node of the LUT)   --->   "%newSel3 = select i1 %or_cond2, i16 %newSel2, i16 0" [lstm_hls_fixed8/src/rnn.cpp:83]   --->   Operation 177 'select' 'newSel3' <Predicate = (!exitcond)> <Delay = 0.62> <Core = "Sel">   --->   Core 26 'Sel' <Latency = 0> <II = 1> <Delay = 0.62> <FuncUnit> <Opcode : 'select'> <InPorts = 3> <OutPorts = 1>

State 32 <SV = 31> <Delay = 2.77>
ST_32 : Operation 178 [1/1] (0.00ns)   --->   "%tmp_7 = call i32 (...)* @_ssdm_op_SpecRegionBegin([12 x i8]* @p_str21)" [lstm_hls_fixed8/src/rnn.cpp:81]   --->   Operation 178 'specregionbegin' 'tmp_7' <Predicate = (!exitcond)> <Delay = 0.00>
ST_32 : Operation 179 [1/1] (0.00ns)   --->   "call void (...)* @_ssdm_op_SpecPipeline(i32 -1, i32 1, i32 1, i32 0, [1 x i8]* @p_str11) nounwind" [lstm_hls_fixed8/src/rnn.cpp:82]   --->   Operation 179 'specpipeline' <Predicate = (!exitcond)> <Delay = 0.00>
ST_32 : Operation 180 [1/1] (2.77ns)   --->   "store i16 %newSel3, i16* %x_V_addr, align 2" [lstm_hls_fixed8/src/rnn.cpp:83]   --->   Operation 180 'store' <Predicate = (!exitcond)> <Delay = 2.77> <Core = "RAM">   --->   Core 37 'RAM' <Latency = 1> <II = 1> <Delay = 2.77> <Storage> <Opcode : 'load' 'store'> <Ports = 2> <Width = 16> <Depth = 128> <RAM>
ST_32 : Operation 181 [1/1] (0.00ns)   --->   "%empty_17 = call i32 (...)* @_ssdm_op_SpecRegionEnd([12 x i8]* @p_str21, i32 %tmp_7)" [lstm_hls_fixed8/src/rnn.cpp:84]   --->   Operation 181 'specregionend' 'empty_17' <Predicate = (!exitcond)> <Delay = 0.00>
ST_32 : Operation 182 [1/1] (0.00ns)   --->   "br label %1" [lstm_hls_fixed8/src/rnn.cpp:81]   --->   Operation 182 'br' <Predicate = (!exitcond)> <Delay = 0.00>

State 33 <SV = 2> <Delay = 0.00>
ST_33 : Operation 183 [1/1] (0.00ns)   --->   "ret void" [lstm_hls_fixed8/src/rnn.cpp:85]   --->   Operation 183 'ret' <Predicate = true> <Delay = 0.00>


============================================================
+ Verbose Summary: Timing violations
============================================================
Target clock period: 10ns, clock uncertainty: 1.25ns.

 <State 1>: 0.466ns
The critical path consists of the following:
	multiplexor before 'phi' operation ('i') with incoming values : ('i', lstm_hls_fixed8/src/rnn.cpp:81) [4]  (0.466 ns)

 <State 2>: 2.77ns
The critical path consists of the following:
	'phi' operation ('i') with incoming values : ('i', lstm_hls_fixed8/src/rnn.cpp:81) [4]  (0 ns)
	'getelementptr' operation ('x_V_addr', lstm_hls_fixed8/src/rnn.cpp:83) [13]  (0 ns)
	'load' operation ('tmp.V', lstm_hls_fixed8/src/rnn.cpp:83) on array 'res_V' [14]  (2.77 ns)

 <State 3>: 7.74ns
The critical path consists of the following:
	'load' operation ('tmp.V', lstm_hls_fixed8/src/rnn.cpp:83) on array 'res_V' [14]  (2.77 ns)
	'sub' operation ('tmp.V', lstm_hls_fixed8/src/rnn.cpp:83) [17]  (1.54 ns)
	'select' operation ('tmp.V', lstm_hls_fixed8/src/rnn.cpp:83) [18]  (0.627 ns)
	'cttz' operation ('l', lstm_hls_fixed8/src/rnn.cpp:83) [21]  (2.8 ns)

 <State 4>: 6.55ns
The critical path consists of the following:
	'sub' operation ('tmp_3', lstm_hls_fixed8/src/rnn.cpp:83) [22]  (1.9 ns)
	'add' operation ('lsb_index', lstm_hls_fixed8/src/rnn.cpp:83) [24]  (1.9 ns)
	'icmp' operation ('icmp', lstm_hls_fixed8/src/rnn.cpp:83) [26]  (1.96 ns)
	'and' operation ('a', lstm_hls_fixed8/src/rnn.cpp:83) [33]  (0 ns)
	'or' operation ('tmp_s', lstm_hls_fixed8/src/rnn.cpp:83) [39]  (0 ns)
	blocking operation 0.8 ns on control path)

 <State 5>: 8.25ns
The critical path consists of the following:
	'add' operation ('tmp_11', lstm_hls_fixed8/src/rnn.cpp:83) [43]  (1.9 ns)
	'lshr' operation ('tmp_12', lstm_hls_fixed8/src/rnn.cpp:83) [44]  (0 ns)
	'select' operation ('m', lstm_hls_fixed8/src/rnn.cpp:83) [47]  (0 ns)
	'add' operation ('m', lstm_hls_fixed8/src/rnn.cpp:83) [48]  (2.94 ns)
	'select' operation ('tmp_37_cast_cast', lstm_hls_fixed8/src/rnn.cpp:83) [52]  (0.448 ns)
	'add' operation ('p_Repl2_2_trunc', lstm_hls_fixed8/src/rnn.cpp:83) [55]  (2.97 ns)

 <State 6>: 7.94ns
The critical path consists of the following:
	'xor' operation ('p_Result_35_op', lstm_hls_fixed8/src/rnn.cpp:83) [61]  (0 ns)
	'select' operation ('x', lstm_hls_fixed8/src/rnn.cpp:83) [63]  (0.808 ns)
	'fexp' operation ('tmp_i_i1', r:/builds/2018.3/continuous/2018_12_06_2405991/src/products/hls/hls_lib/hlsmath/src/common/hls_exp_float.cpp:15->r:/builds/2018.3/continuous/2018_12_06_2405991/src/products/hls/hls_lib/hlsmath/src/c++/expfloat.cpp:15->lstm_hls_fixed8/src/rnn.cpp:83) [64]  (7.13 ns)

 <State 7>: 7.13ns
The critical path consists of the following:
	'fexp' operation ('tmp_i_i', r:/builds/2018.3/continuous/2018_12_06_2405991/src/products/hls/hls_lib/hlsmath/src/common/hls_exp_float.cpp:15->r:/builds/2018.3/continuous/2018_12_06_2405991/src/products/hls/hls_lib/hlsmath/src/c++/expfloat.cpp:15->lstm_hls_fixed8/src/rnn.cpp:83) [60]  (7.13 ns)

 <State 8>: 7.13ns
The critical path consists of the following:
	'fexp' operation ('tmp_i_i', r:/builds/2018.3/continuous/2018_12_06_2405991/src/products/hls/hls_lib/hlsmath/src/common/hls_exp_float.cpp:15->r:/builds/2018.3/continuous/2018_12_06_2405991/src/products/hls/hls_lib/hlsmath/src/c++/expfloat.cpp:15->lstm_hls_fixed8/src/rnn.cpp:83) [60]  (7.13 ns)

 <State 9>: 7.13ns
The critical path consists of the following:
	'fexp' operation ('tmp_i_i', r:/builds/2018.3/continuous/2018_12_06_2405991/src/products/hls/hls_lib/hlsmath/src/common/hls_exp_float.cpp:15->r:/builds/2018.3/continuous/2018_12_06_2405991/src/products/hls/hls_lib/hlsmath/src/c++/expfloat.cpp:15->lstm_hls_fixed8/src/rnn.cpp:83) [60]  (7.13 ns)

 <State 10>: 7.13ns
The critical path consists of the following:
	'fexp' operation ('tmp_i_i', r:/builds/2018.3/continuous/2018_12_06_2405991/src/products/hls/hls_lib/hlsmath/src/common/hls_exp_float.cpp:15->r:/builds/2018.3/continuous/2018_12_06_2405991/src/products/hls/hls_lib/hlsmath/src/c++/expfloat.cpp:15->lstm_hls_fixed8/src/rnn.cpp:83) [60]  (7.13 ns)

 <State 11>: 7.13ns
The critical path consists of the following:
	'fexp' operation ('tmp_i_i', r:/builds/2018.3/continuous/2018_12_06_2405991/src/products/hls/hls_lib/hlsmath/src/common/hls_exp_float.cpp:15->r:/builds/2018.3/continuous/2018_12_06_2405991/src/products/hls/hls_lib/hlsmath/src/c++/expfloat.cpp:15->lstm_hls_fixed8/src/rnn.cpp:83) [60]  (7.13 ns)

 <State 12>: 7.13ns
The critical path consists of the following:
	'fexp' operation ('tmp_i_i', r:/builds/2018.3/continuous/2018_12_06_2405991/src/products/hls/hls_lib/hlsmath/src/common/hls_exp_float.cpp:15->r:/builds/2018.3/continuous/2018_12_06_2405991/src/products/hls/hls_lib/hlsmath/src/c++/expfloat.cpp:15->lstm_hls_fixed8/src/rnn.cpp:83) [60]  (7.13 ns)

 <State 13>: 7.13ns
The critical path consists of the following:
	'fexp' operation ('tmp_i_i', r:/builds/2018.3/continuous/2018_12_06_2405991/src/products/hls/hls_lib/hlsmath/src/common/hls_exp_float.cpp:15->r:/builds/2018.3/continuous/2018_12_06_2405991/src/products/hls/hls_lib/hlsmath/src/c++/expfloat.cpp:15->lstm_hls_fixed8/src/rnn.cpp:83) [60]  (7.13 ns)

 <State 14>: 8.59ns
The critical path consists of the following:
	'fsub' operation ('tmp_20', lstm_hls_fixed8/src/rnn.cpp:83) [65]  (8.59 ns)

 <State 15>: 8.59ns
The critical path consists of the following:
	'fsub' operation ('tmp_20', lstm_hls_fixed8/src/rnn.cpp:83) [65]  (8.59 ns)

 <State 16>: 8.59ns
The critical path consists of the following:
	'fsub' operation ('tmp_20', lstm_hls_fixed8/src/rnn.cpp:83) [65]  (8.59 ns)

 <State 17>: 8.59ns
The critical path consists of the following:
	'fsub' operation ('tmp_20', lstm_hls_fixed8/src/rnn.cpp:83) [65]  (8.59 ns)

 <State 18>: 7.2ns
The critical path consists of the following:
	'fdiv' operation ('v', lstm_hls_fixed8/src/rnn.cpp:83) [67]  (7.2 ns)

 <State 19>: 7.2ns
The critical path consists of the following:
	'fdiv' operation ('v', lstm_hls_fixed8/src/rnn.cpp:83) [67]  (7.2 ns)

 <State 20>: 7.2ns
The critical path consists of the following:
	'fdiv' operation ('v', lstm_hls_fixed8/src/rnn.cpp:83) [67]  (7.2 ns)

 <State 21>: 7.2ns
The critical path consists of the following:
	'fdiv' operation ('v', lstm_hls_fixed8/src/rnn.cpp:83) [67]  (7.2 ns)

 <State 22>: 7.2ns
The critical path consists of the following:
	'fdiv' operation ('v', lstm_hls_fixed8/src/rnn.cpp:83) [67]  (7.2 ns)

 <State 23>: 7.2ns
The critical path consists of the following:
	'fdiv' operation ('v', lstm_hls_fixed8/src/rnn.cpp:83) [67]  (7.2 ns)

 <State 24>: 7.2ns
The critical path consists of the following:
	'fdiv' operation ('v', lstm_hls_fixed8/src/rnn.cpp:83) [67]  (7.2 ns)

 <State 25>: 7.2ns
The critical path consists of the following:
	'fdiv' operation ('v', lstm_hls_fixed8/src/rnn.cpp:83) [67]  (7.2 ns)

 <State 26>: 7.2ns
The critical path consists of the following:
	'fdiv' operation ('v', lstm_hls_fixed8/src/rnn.cpp:83) [67]  (7.2 ns)

 <State 27>: 7.2ns
The critical path consists of the following:
	'fdiv' operation ('v', lstm_hls_fixed8/src/rnn.cpp:83) [67]  (7.2 ns)

 <State 28>: 7.2ns
The critical path consists of the following:
	'fdiv' operation ('v', lstm_hls_fixed8/src/rnn.cpp:83) [67]  (7.2 ns)

 <State 29>: 7.2ns
The critical path consists of the following:
	'fdiv' operation ('v', lstm_hls_fixed8/src/rnn.cpp:83) [67]  (7.2 ns)

 <State 30>: 6.22ns
The critical path consists of the following:
	'fpext' operation ('d', lstm_hls_fixed8/src/rnn.cpp:83) [68]  (3.95 ns)
	'icmp' operation ('tmp_24', lstm_hls_fixed8/src/rnn.cpp:83) [79]  (2.27 ns)

 <State 31>: 8.72ns
The critical path consists of the following:
	'icmp' operation ('tmp_25', lstm_hls_fixed8/src/rnn.cpp:83) [81]  (1.82 ns)
	'select' operation ('sh_amt', lstm_hls_fixed8/src/rnn.cpp:83) [84]  (0.59 ns)
	'icmp' operation ('icmp1', lstm_hls_fixed8/src/rnn.cpp:83) [90]  (1.31 ns)
	'and' operation ('sel_tmp4', lstm_hls_fixed8/src/rnn.cpp:83) [110]  (0.8 ns)
	'select' operation ('newSel', lstm_hls_fixed8/src/rnn.cpp:83) [111]  (3.57 ns)
	'select' operation ('newSel2', lstm_hls_fixed8/src/rnn.cpp:83) [115]  (0 ns)
	'select' operation ('newSel3', lstm_hls_fixed8/src/rnn.cpp:83) [117]  (0.627 ns)

 <State 32>: 2.77ns
The critical path consists of the following:
	'store' operation (lstm_hls_fixed8/src/rnn.cpp:83) of variable 'newSel3', lstm_hls_fixed8/src/rnn.cpp:83 on array 'res_V' [118]  (2.77 ns)

 <State 33>: 0ns
The critical path consists of the following:


============================================================
+ Verbose Summary: Binding
============================================================
N/A
* FSMD analyzer results:
  - Output states:
 - Input state : 
  - Chain level:
	State 1
	State 2
	State 3
	State 4
	State 5
	State 6
	State 7
	State 8
	State 9
	State 10
	State 11
	State 12
	State 13
	State 14
	State 15
	State 16
	State 17
	State 18
	State 19
	State 20
	State 21
	State 22
	State 23
	State 24
	State 25
	State 26
	State 27
	State 28
	State 29
	State 30
	State 31
	State 32
	State 33


============================================================
+ Verbose Summary: Datapath Resource usage 
============================================================
N/A
