

================================================================
== Vivado HLS Report for 'BiLSTM_Top'
================================================================
* Date:           Sat Apr 19 01:59:47 2025

* Version:        2018.3 (Build 2405991 on Thu Dec 06 23:56:15 MST 2018)
* Project:        bi_lstm
* Solution:       solution1
* Product family: zynq
* Target device:  xc7z020clg400-2


================================================================
== Performance Estimates
================================================================
+ Timing (ns): 
    * Summary: 
    +--------+-------+----------+------------+
    |  Clock | Target| Estimated| Uncertainty|
    +--------+-------+----------+------------+
    |ap_clk  |  10.00|     9.760|        1.25|
    +--------+-------+----------+------------+

+ Latency (clock cycles): 
    * Summary: 
    +------+--------+------+--------+----------+
    |    Latency    |    Interval   | Pipeline |
    |  min |   max  |  min |   max  |   Type   |
    +------+--------+------+--------+----------+
    |  4752|  124628|  3907|  114944| dataflow |
    +------+--------+------+--------+----------+

    + Detail: 
        * Instance: 
        +-----------------+--------------+------+--------+------+--------+----------+
        |                 |              |    Latency    |    Interval   | Pipeline |
        |     Instance    |    Module    |  min |   max  |  min |   max  |   Type   |
        +-----------------+--------------+------+--------+------+--------+----------+
        |lstm_infer_U0    |lstm_infer    |   831|  120721|   706|  114944| dataflow |
        |write_output_U0  |write_output  |    13|      13|    13|      13|   none   |
        |Block_proc_U0    |Block_proc    |  3906|    3906|  3906|    3906|   none   |
        +-----------------+--------------+------+--------+------+--------+----------+

        * Loop: 
        N/A



================================================================
== Utilization Estimates
================================================================
* Summary: 
+-----------------+---------+-------+--------+-------+
|       Name      | BRAM_18K| DSP48E|   FF   |  LUT  |
+-----------------+---------+-------+--------+-------+
|DSP              |        -|      -|       -|      -|
|Expression       |        -|      -|       0|     28|
|FIFO             |        0|      -|      55|    459|
|Instance         |      228|    510|   17908|  25391|
|Memory           |        8|      -|       0|      0|
|Multiplexer      |        -|      -|       -|     36|
|Register         |        -|      -|      12|      -|
+-----------------+---------+-------+--------+-------+
|Total            |      236|    510|   17975|  25914|
+-----------------+---------+-------+--------+-------+
|Available        |      280|    220|  106400|  53200|
+-----------------+---------+-------+--------+-------+
|Utilization (%)  |       84|    231|      16|     48|
+-----------------+---------+-------+--------+-------+

+ Detail: 
    * Instance: 
    +-----------------+--------------+---------+-------+-------+-------+
    |     Instance    |    Module    | BRAM_18K| DSP48E|   FF  |  LUT  |
    +-----------------+--------------+---------+-------+-------+-------+
    |Block_proc_U0    |Block_proc    |        1|      0|    240|    213|
    |lstm_infer_U0    |lstm_infer    |      227|    510|  17533|  25061|
    |write_output_U0  |write_output  |        0|      0|    135|    117|
    +-----------------+--------------+---------+-------+-------+-------+
    |Total            |              |      228|    510|  17908|  25391|
    +-----------------+--------------+---------+-------+-------+-------+

    * DSP48: 
    N/A

    * Memory: 
    +--------------+----------------------+---------+---+----+------+-----+------+-------------+
    |    Memory    |        Module        | BRAM_18K| FF| LUT| Words| Bits| Banks| W*Bits*Banks|
    +--------------+----------------------+---------+---+----+------+-----+------+-------------+
    |input_ping_U  |BiLSTM_Top_input_cKz  |        8|  0|   0|  3900|   32|     2|       249600|
    +--------------+----------------------+---------+---+----+------+-----+------+-------------+
    |Total         |                      |        8|  0|   0|  3900|   32|     2|       249600|
    +--------------+----------------------+---------+---+----+------+-----+------+-------------+

    * FIFO: 
    +------------------------+---------+---+----+------+-----+---------+
    |          Name          | BRAM_18K| FF| LUT| Depth| Bits| Size:D*B|
    +------------------------+---------+---+----+------+-----+---------+
    |data_lens_load_loc_c_U  |        0|  5|  19|     2|    7|       14|
    |res_0_U                 |        0|  5|  44|     2|   32|       64|
    |res_1_U                 |        0|  5|  44|     2|   32|       64|
    |res_2_U                 |        0|  5|  44|     2|   32|       64|
    |res_3_U                 |        0|  5|  44|     2|   32|       64|
    |res_4_U                 |        0|  5|  44|     2|   32|       64|
    |res_5_U                 |        0|  5|  44|     2|   32|       64|
    |res_6_U                 |        0|  5|  44|     2|   32|       64|
    |res_7_U                 |        0|  5|  44|     2|   32|       64|
    |res_8_U                 |        0|  5|  44|     2|   32|       64|
    |res_9_U                 |        0|  5|  44|     2|   32|       64|
    +------------------------+---------+---+----+------+-----+---------+
    |Total                   |        0| 55| 459|    22|  327|      654|
    +------------------------+---------+---+----+------+-----+---------+

    * Expression: 
    +--------------------------------------------+----------+-------+---+----+------------+------------+
    |                Variable Name               | Operation| DSP48E| FF| LUT| Bitwidth P0| Bitwidth P1|
    +--------------------------------------------+----------+-------+---+----+------------+------------+
    |Block_proc_U0_ap_continue                   |    and   |      0|  0|   1|           1|           1|
    |ap_channel_done_data_lens_load_loc_c        |    and   |      0|  0|   1|           1|           1|
    |ap_channel_done_input_ping                  |    and   |      0|  0|   1|           1|           1|
    |ap_channel_done_res_0                       |    and   |      0|  0|   1|           1|           1|
    |ap_channel_done_res_1                       |    and   |      0|  0|   1|           1|           1|
    |ap_channel_done_res_2                       |    and   |      0|  0|   1|           1|           1|
    |ap_channel_done_res_3                       |    and   |      0|  0|   1|           1|           1|
    |ap_channel_done_res_4                       |    and   |      0|  0|   1|           1|           1|
    |ap_channel_done_res_5                       |    and   |      0|  0|   1|           1|           1|
    |ap_channel_done_res_6                       |    and   |      0|  0|   1|           1|           1|
    |ap_channel_done_res_7                       |    and   |      0|  0|   1|           1|           1|
    |ap_channel_done_res_8                       |    and   |      0|  0|   1|           1|           1|
    |ap_channel_done_res_9                       |    and   |      0|  0|   1|           1|           1|
    |lstm_infer_U0_ap_continue                   |    and   |      0|  0|   1|           1|           1|
    |lstm_infer_U0_ap_start                      |    and   |      0|  0|   1|           1|           1|
    |write_output_U0_ap_start                    |    and   |      0|  0|   1|           1|           1|
    |ap_sync_channel_write_data_lens_load_loc_c  |    or    |      0|  0|   1|           1|           1|
    |ap_sync_channel_write_input_ping            |    or    |      0|  0|   1|           1|           1|
    |ap_sync_channel_write_res_0                 |    or    |      0|  0|   1|           1|           1|
    |ap_sync_channel_write_res_1                 |    or    |      0|  0|   1|           1|           1|
    |ap_sync_channel_write_res_2                 |    or    |      0|  0|   1|           1|           1|
    |ap_sync_channel_write_res_3                 |    or    |      0|  0|   1|           1|           1|
    |ap_sync_channel_write_res_4                 |    or    |      0|  0|   1|           1|           1|
    |ap_sync_channel_write_res_5                 |    or    |      0|  0|   1|           1|           1|
    |ap_sync_channel_write_res_6                 |    or    |      0|  0|   1|           1|           1|
    |ap_sync_channel_write_res_7                 |    or    |      0|  0|   1|           1|           1|
    |ap_sync_channel_write_res_8                 |    or    |      0|  0|   1|           1|           1|
    |ap_sync_channel_write_res_9                 |    or    |      0|  0|   1|           1|           1|
    +--------------------------------------------+----------+-------+---+----+------------+------------+
    |Total                                       |          |      0|  0|  28|          28|          28|
    +--------------------------------------------+----------+-------+---+----+------------+------------+

    * Multiplexer: 
    +------------------------------------------------+----+-----------+-----+-----------+
    |                      Name                      | LUT| Input Size| Bits| Total Bits|
    +------------------------------------------------+----+-----------+-----+-----------+
    |ap_sync_reg_channel_write_data_lens_load_loc_c  |   3|          2|    1|          2|
    |ap_sync_reg_channel_write_input_ping            |   3|          2|    1|          2|
    |ap_sync_reg_channel_write_res_0                 |   3|          2|    1|          2|
    |ap_sync_reg_channel_write_res_1                 |   3|          2|    1|          2|
    |ap_sync_reg_channel_write_res_2                 |   3|          2|    1|          2|
    |ap_sync_reg_channel_write_res_3                 |   3|          2|    1|          2|
    |ap_sync_reg_channel_write_res_4                 |   3|          2|    1|          2|
    |ap_sync_reg_channel_write_res_5                 |   3|          2|    1|          2|
    |ap_sync_reg_channel_write_res_6                 |   3|          2|    1|          2|
    |ap_sync_reg_channel_write_res_7                 |   3|          2|    1|          2|
    |ap_sync_reg_channel_write_res_8                 |   3|          2|    1|          2|
    |ap_sync_reg_channel_write_res_9                 |   3|          2|    1|          2|
    +------------------------------------------------+----+-----------+-----+-----------+
    |Total                                           |  36|         24|   12|         24|
    +------------------------------------------------+----+-----------+-----+-----------+

    * Register: 
    +------------------------------------------------+---+----+-----+-----------+
    |                      Name                      | FF| LUT| Bits| Const Bits|
    +------------------------------------------------+---+----+-----+-----------+
    |ap_sync_reg_channel_write_data_lens_load_loc_c  |  1|   0|    1|          0|
    |ap_sync_reg_channel_write_input_ping            |  1|   0|    1|          0|
    |ap_sync_reg_channel_write_res_0                 |  1|   0|    1|          0|
    |ap_sync_reg_channel_write_res_1                 |  1|   0|    1|          0|
    |ap_sync_reg_channel_write_res_2                 |  1|   0|    1|          0|
    |ap_sync_reg_channel_write_res_3                 |  1|   0|    1|          0|
    |ap_sync_reg_channel_write_res_4                 |  1|   0|    1|          0|
    |ap_sync_reg_channel_write_res_5                 |  1|   0|    1|          0|
    |ap_sync_reg_channel_write_res_6                 |  1|   0|    1|          0|
    |ap_sync_reg_channel_write_res_7                 |  1|   0|    1|          0|
    |ap_sync_reg_channel_write_res_8                 |  1|   0|    1|          0|
    |ap_sync_reg_channel_write_res_9                 |  1|   0|    1|          0|
    +------------------------------------------------+---+----+-----+-----------+
    |Total                                           | 12|   0|   12|          0|
    +------------------------------------------------+---+----+-----+-----------+



================================================================
== Interface
================================================================
* Summary: 
+----------------------+-----+-----+--------------+------------------------+--------------+
|       RTL Ports      | Dir | Bits|   Protocol   |      Source Object     |    C Type    |
+----------------------+-----+-----+--------------+------------------------+--------------+
|ap_clk                |  in |    1| ap_ctrl_none |       BiLSTM_Top       | return value |
|ap_rst_n              |  in |    1| ap_ctrl_none |       BiLSTM_Top       | return value |
|input_stream_TDATA    |  in |   32|     axis     |  input_stream_V_data_V |    pointer   |
|input_stream_TKEEP    |  in |    4|     axis     |  input_stream_V_keep_V |    pointer   |
|input_stream_TSTRB    |  in |    4|     axis     |  input_stream_V_strb_V |    pointer   |
|input_stream_TUSER    |  in |    1|     axis     |  input_stream_V_user_V |    pointer   |
|input_stream_TLAST    |  in |    1|     axis     |  input_stream_V_last_V |    pointer   |
|input_stream_TID      |  in |    1|     axis     |   input_stream_V_id_V  |    pointer   |
|input_stream_TDEST    |  in |    1|     axis     |  input_stream_V_dest_V |    pointer   |
|input_stream_TVALID   |  in |    1|     axis     |  input_stream_V_dest_V |    pointer   |
|input_stream_TREADY   | out |    1|     axis     |  input_stream_V_dest_V |    pointer   |
|output_stream_TDATA   | out |   32|     axis     | output_stream_V_data_V |    pointer   |
|output_stream_TKEEP   | out |    4|     axis     | output_stream_V_keep_V |    pointer   |
|output_stream_TSTRB   | out |    4|     axis     | output_stream_V_strb_V |    pointer   |
|output_stream_TUSER   | out |    1|     axis     | output_stream_V_user_V |    pointer   |
|output_stream_TLAST   | out |    1|     axis     | output_stream_V_last_V |    pointer   |
|output_stream_TID     | out |    1|     axis     |  output_stream_V_id_V  |    pointer   |
|output_stream_TDEST   | out |    1|     axis     | output_stream_V_dest_V |    pointer   |
|output_stream_TVALID  | out |    1|     axis     | output_stream_V_dest_V |    pointer   |
|output_stream_TREADY  |  in |    1|     axis     | output_stream_V_dest_V |    pointer   |
+----------------------+-----+-----+--------------+------------------------+--------------+

