

================================================================
== Vivado HLS Report for 'compute_bilstm_entry'
================================================================
* Date:           Sat Apr 19 01:58:37 2025

* Version:        2018.3 (Build 2405991 on Thu Dec 06 23:56:15 MST 2018)
* Project:        bi_lstm
* Solution:       solution1
* Product family: zynq
* Target device:  xc7z020clg400-2


================================================================
== Performance Estimates
================================================================
+ Timing (ns): 
    * Summary: 
    +--------+-------+----------+------------+
    |  Clock | Target| Estimated| Uncertainty|
    +--------+-------+----------+------------+
    |ap_clk  |  10.00|     6.802|        1.25|
    +--------+-------+----------+------------+

+ Latency (clock cycles): 
    * Summary: 
    +-----+-----+-----+-----+---------+
    |  Latency  |  Interval | Pipeline|
    | min | max | min | max |   Type  |
    +-----+-----+-----+-----+---------+
    |    0|    0|    0|    0|   none  |
    +-----+-----+-----+-----+---------+

    + Detail: 
        * Instance: 
        N/A

        * Loop: 
        N/A



================================================================
== Utilization Estimates
================================================================
* Summary: 
+-----------------+---------+-------+--------+-------+
|       Name      | BRAM_18K| DSP48E|   FF   |  LUT  |
+-----------------+---------+-------+--------+-------+
|DSP              |        -|      -|       -|      -|
|Expression       |        -|      -|       0|      1|
|FIFO             |        -|      -|       -|      -|
|Instance         |        -|      -|       -|      -|
|Memory           |        -|      -|       -|      -|
|Multiplexer      |        -|      -|       -|     12|
|Register         |        -|      -|       2|      -|
+-----------------+---------+-------+--------+-------+
|Total            |        0|      0|       2|     13|
+-----------------+---------+-------+--------+-------+
|Available        |      280|    220|  106400|  53200|
+-----------------+---------+-------+--------+-------+
|Utilization (%)  |        0|      0|   ~0   |   ~0  |
+-----------------+---------+-------+--------+-------+

+ Detail: 
    * Instance: 
    N/A

    * DSP48: 
    N/A

    * Memory: 
    N/A

    * FIFO: 
    N/A

    * Expression: 
    +-----------------+----------+-------+---+----+------------+------------+
    |  Variable Name  | Operation| DSP48E| FF| LUT| Bitwidth P0| Bitwidth P1|
    +-----------------+----------+-------+---+----+------------+------------+
    |ap_block_state1  |    or    |      0|  0|   1|           1|           1|
    +-----------------+----------+-------+---+----+------------+------------+
    |Total            |          |      0|  0|   1|           1|           1|
    +-----------------+----------+-------+---+----+------------+------------+

    * Multiplexer: 
    +----------------------+----+-----------+-----+-----------+
    |         Name         | LUT| Input Size| Bits| Total Bits|
    +----------------------+----+-----------+-----+-----------+
    |ap_done               |   3|          2|    1|          2|
    |valid_len_blk_n       |   3|          2|    1|          2|
    |valid_len_out1_blk_n  |   3|          2|    1|          2|
    |valid_len_out_blk_n   |   3|          2|    1|          2|
    +----------------------+----+-----------+-----+-----------+
    |Total                 |  12|          8|    4|          8|
    +----------------------+----+-----------+-----+-----------+

    * Register: 
    +-------------+---+----+-----+-----------+
    |     Name    | FF| LUT| Bits| Const Bits|
    +-------------+---+----+-----+-----------+
    |ap_CS_fsm    |  1|   0|    1|          0|
    |ap_done_reg  |  1|   0|    1|          0|
    +-------------+---+----+-----+-----------+
    |Total        |  2|   0|    2|          0|
    +-------------+---+----+-----+-----------+



================================================================
== Interface
================================================================
* Summary: 
+-----------------------+-----+-----+------------+----------------------+--------------+
|       RTL Ports       | Dir | Bits|  Protocol  |     Source Object    |    C Type    |
+-----------------------+-----+-----+------------+----------------------+--------------+
|ap_clk                 |  in |    1| ap_ctrl_hs | compute_bilstm.entry | return value |
|ap_rst                 |  in |    1| ap_ctrl_hs | compute_bilstm.entry | return value |
|ap_start               |  in |    1| ap_ctrl_hs | compute_bilstm.entry | return value |
|ap_done                | out |    1| ap_ctrl_hs | compute_bilstm.entry | return value |
|ap_continue            |  in |    1| ap_ctrl_hs | compute_bilstm.entry | return value |
|ap_idle                | out |    1| ap_ctrl_hs | compute_bilstm.entry | return value |
|ap_ready               | out |    1| ap_ctrl_hs | compute_bilstm.entry | return value |
|valid_len_dout         |  in |    7|   ap_fifo  |       valid_len      |    pointer   |
|valid_len_empty_n      |  in |    1|   ap_fifo  |       valid_len      |    pointer   |
|valid_len_read         | out |    1|   ap_fifo  |       valid_len      |    pointer   |
|valid_len_out_din      | out |    7|   ap_fifo  |     valid_len_out    |    pointer   |
|valid_len_out_full_n   |  in |    1|   ap_fifo  |     valid_len_out    |    pointer   |
|valid_len_out_write    | out |    1|   ap_fifo  |     valid_len_out    |    pointer   |
|valid_len_out1_din     | out |    7|   ap_fifo  |    valid_len_out1    |    pointer   |
|valid_len_out1_full_n  |  in |    1|   ap_fifo  |    valid_len_out1    |    pointer   |
|valid_len_out1_write   | out |    1|   ap_fifo  |    valid_len_out1    |    pointer   |
+-----------------------+-----+-----+------------+----------------------+--------------+

