

================================================================
== Vivado HLS Report for 'lstm_infer_Block_arr'
================================================================
* Date:           Sat Apr 19 01:59:29 2025

* Version:        2018.3 (Build 2405991 on Thu Dec 06 23:56:15 MST 2018)
* Project:        bi_lstm
* Solution:       solution1
* Product family: zynq
* Target device:  xc7z020clg400-2


================================================================
== Performance Estimates
================================================================
+ Timing (ns): 
    * Summary: 
    +--------+-------+----------+------------+
    |  Clock | Target| Estimated| Uncertainty|
    +--------+-------+----------+------------+
    |ap_clk  |  10.00|     8.321|        1.25|
    +--------+-------+----------+------------+

+ Latency (clock cycles): 
    * Summary: 
    +-----+-----+-----+-----+---------+
    |  Latency  |  Interval | Pipeline|
    | min | max | min | max |   Type  |
    +-----+-----+-----+-----+---------+
    |  705|  705|  705|  705|   none  |
    +-----+-----+-----+-----+---------+

    + Detail: 
        * Instance: 
        N/A

        * Loop: 
        +----------+-----+-----+----------+-----------+-----------+------+----------+
        |          |  Latency  | Iteration|  Initiation Interval  | Trip |          |
        | Loop Name| min | max |  Latency |  achieved |   target  | Count| Pipelined|
        +----------+-----+-----+----------+-----------+-----------+------+----------+
        |- Loop 1  |  701|  701|         9|          7|          1|   100|    yes   |
        +----------+-----+-----+----------+-----------+-----------+------+----------+



================================================================
== Utilization Estimates
================================================================
* Summary: 
+-----------------+---------+-------+--------+-------+
|       Name      | BRAM_18K| DSP48E|   FF   |  LUT  |
+-----------------+---------+-------+--------+-------+
|DSP              |        -|     50|       -|      -|
|Expression       |        -|      -|       0|     68|
|FIFO             |        -|      -|       -|      -|
|Instance         |        -|      -|       -|      -|
|Memory           |        8|      -|       0|      0|
|Multiplexer      |        -|      -|       -|    224|
|Register         |        -|      -|    1469|      -|
+-----------------+---------+-------+--------+-------+
|Total            |        8|     50|    1469|    292|
+-----------------+---------+-------+--------+-------+
|Available        |      280|    220|  106400|  53200|
+-----------------+---------+-------+--------+-------+
|Utilization (%)  |        2|     22|       1|   ~0  |
+-----------------+---------+-------+--------+-------+

+ Detail: 
    * Instance: 
    N/A

    * DSP48: 
    +---------------------------+----------------------+--------------+
    |          Instance         |        Module        |  Expression  |
    +---------------------------+----------------------+--------------+
    |BiLSTM_Top_mac_mu9j0_U797  |BiLSTM_Top_mac_mu9j0  | i0 + i1 * i2 |
    |BiLSTM_Top_mac_mu9j0_U798  |BiLSTM_Top_mac_mu9j0  | i0 + i1 * i2 |
    |BiLSTM_Top_mac_mu9j0_U799  |BiLSTM_Top_mac_mu9j0  | i0 + i1 * i2 |
    |BiLSTM_Top_mac_mu9j0_U800  |BiLSTM_Top_mac_mu9j0  | i0 + i1 * i2 |
    |BiLSTM_Top_mac_mu9j0_U801  |BiLSTM_Top_mac_mu9j0  | i0 + i1 * i2 |
    |BiLSTM_Top_mac_mu9j0_U802  |BiLSTM_Top_mac_mu9j0  | i0 + i1 * i2 |
    |BiLSTM_Top_mac_mu9j0_U803  |BiLSTM_Top_mac_mu9j0  | i0 + i1 * i2 |
    |BiLSTM_Top_mac_mu9j0_U804  |BiLSTM_Top_mac_mu9j0  | i0 + i1 * i2 |
    |BiLSTM_Top_mac_mu9j0_U805  |BiLSTM_Top_mac_mu9j0  | i0 + i1 * i2 |
    |BiLSTM_Top_mac_mu9j0_U806  |BiLSTM_Top_mac_mu9j0  | i0 + i1 * i2 |
    |BiLSTM_Top_mac_mu9j0_U807  |BiLSTM_Top_mac_mu9j0  | i0 + i1 * i2 |
    |BiLSTM_Top_mac_mu9j0_U808  |BiLSTM_Top_mac_mu9j0  | i0 + i1 * i2 |
    |BiLSTM_Top_mac_mu9j0_U809  |BiLSTM_Top_mac_mu9j0  | i0 + i1 * i2 |
    |BiLSTM_Top_mac_mu9j0_U810  |BiLSTM_Top_mac_mu9j0  | i0 + i1 * i2 |
    |BiLSTM_Top_mac_mu9j0_U811  |BiLSTM_Top_mac_mu9j0  | i0 + i1 * i2 |
    |BiLSTM_Top_mac_mu9j0_U812  |BiLSTM_Top_mac_mu9j0  | i0 + i1 * i2 |
    |BiLSTM_Top_mac_mu9j0_U813  |BiLSTM_Top_mac_mu9j0  | i0 + i1 * i2 |
    |BiLSTM_Top_mac_mu9j0_U814  |BiLSTM_Top_mac_mu9j0  | i0 + i1 * i2 |
    |BiLSTM_Top_mac_mu9j0_U815  |BiLSTM_Top_mac_mu9j0  | i0 + i1 * i2 |
    |BiLSTM_Top_mac_mu9j0_U816  |BiLSTM_Top_mac_mu9j0  | i0 + i1 * i2 |
    |BiLSTM_Top_mac_mu9j0_U817  |BiLSTM_Top_mac_mu9j0  | i0 + i1 * i2 |
    |BiLSTM_Top_mac_mu9j0_U818  |BiLSTM_Top_mac_mu9j0  | i0 + i1 * i2 |
    |BiLSTM_Top_mac_mu9j0_U819  |BiLSTM_Top_mac_mu9j0  | i0 + i1 * i2 |
    |BiLSTM_Top_mac_mu9j0_U820  |BiLSTM_Top_mac_mu9j0  | i0 + i1 * i2 |
    |BiLSTM_Top_mac_mu9j0_U821  |BiLSTM_Top_mac_mu9j0  | i0 + i1 * i2 |
    |BiLSTM_Top_mac_mu9j0_U822  |BiLSTM_Top_mac_mu9j0  | i0 + i1 * i2 |
    |BiLSTM_Top_mac_mu9j0_U823  |BiLSTM_Top_mac_mu9j0  | i0 + i1 * i2 |
    |BiLSTM_Top_mac_mu9j0_U824  |BiLSTM_Top_mac_mu9j0  | i0 + i1 * i2 |
    |BiLSTM_Top_mac_mu9j0_U825  |BiLSTM_Top_mac_mu9j0  | i0 + i1 * i2 |
    |BiLSTM_Top_mac_mu9j0_U826  |BiLSTM_Top_mac_mu9j0  | i0 + i1 * i2 |
    |BiLSTM_Top_mac_mu9j0_U827  |BiLSTM_Top_mac_mu9j0  | i0 + i1 * i2 |
    |BiLSTM_Top_mac_mu9j0_U828  |BiLSTM_Top_mac_mu9j0  | i0 + i1 * i2 |
    |BiLSTM_Top_mac_mu9j0_U829  |BiLSTM_Top_mac_mu9j0  | i0 + i1 * i2 |
    |BiLSTM_Top_mac_mu9j0_U830  |BiLSTM_Top_mac_mu9j0  | i0 + i1 * i2 |
    |BiLSTM_Top_mac_mu9j0_U831  |BiLSTM_Top_mac_mu9j0  | i0 + i1 * i2 |
    |BiLSTM_Top_mac_mu9j0_U832  |BiLSTM_Top_mac_mu9j0  | i0 + i1 * i2 |
    |BiLSTM_Top_mac_mu9j0_U833  |BiLSTM_Top_mac_mu9j0  | i0 + i1 * i2 |
    |BiLSTM_Top_mac_mu9j0_U834  |BiLSTM_Top_mac_mu9j0  | i0 + i1 * i2 |
    |BiLSTM_Top_mac_mu9j0_U835  |BiLSTM_Top_mac_mu9j0  | i0 + i1 * i2 |
    |BiLSTM_Top_mac_mu9j0_U836  |BiLSTM_Top_mac_mu9j0  | i0 + i1 * i2 |
    |BiLSTM_Top_mac_mu9j0_U837  |BiLSTM_Top_mac_mu9j0  | i0 + i1 * i2 |
    |BiLSTM_Top_mac_mu9j0_U838  |BiLSTM_Top_mac_mu9j0  | i0 + i1 * i2 |
    |BiLSTM_Top_mac_mu9j0_U839  |BiLSTM_Top_mac_mu9j0  | i0 + i1 * i2 |
    |BiLSTM_Top_mac_mu9j0_U840  |BiLSTM_Top_mac_mu9j0  | i0 + i1 * i2 |
    |BiLSTM_Top_mac_mu9j0_U841  |BiLSTM_Top_mac_mu9j0  | i0 + i1 * i2 |
    |BiLSTM_Top_mac_mu9j0_U842  |BiLSTM_Top_mac_mu9j0  | i0 + i1 * i2 |
    |BiLSTM_Top_mac_mu9j0_U843  |BiLSTM_Top_mac_mu9j0  | i0 + i1 * i2 |
    |BiLSTM_Top_mac_mu9j0_U844  |BiLSTM_Top_mac_mu9j0  | i0 + i1 * i2 |
    |BiLSTM_Top_mac_mu9j0_U845  |BiLSTM_Top_mac_mu9j0  | i0 + i1 * i2 |
    |BiLSTM_Top_mac_mu9j0_U846  |BiLSTM_Top_mac_mu9j0  | i0 + i1 * i2 |
    +---------------------------+----------------------+--------------+

    * Memory: 
    +------------------+----------------------+---------+---+----+------+-----+------+-------------+
    |      Memory      |        Module        | BRAM_18K| FF| LUT| Words| Bits| Banks| W*Bits*Banks|
    +------------------+----------------------+---------+---+----+------+-----+------+-------------+
    |Weight_fc1_V_0_U  |lstm_infer_Block_cau  |        1|  0|   0|   700|    7|     1|         4900|
    |Weight_fc1_V_1_U  |lstm_infer_Block_cbu  |        1|  0|   0|   700|    7|     1|         4900|
    |Weight_fc1_V_2_U  |lstm_infer_Block_ccu  |        1|  0|   0|   700|    7|     1|         4900|
    |Weight_fc1_V_3_U  |lstm_infer_Block_cdu  |        1|  0|   0|   700|    7|     1|         4900|
    |Weight_fc1_V_4_U  |lstm_infer_Block_ceu  |        1|  0|   0|   700|    7|     1|         4900|
    |Weight_fc1_V_5_U  |lstm_infer_Block_cfu  |        1|  0|   0|   700|    7|     1|         4900|
    |Weight_fc1_V_6_U  |lstm_infer_Block_cgu  |        1|  0|   0|   700|    7|     1|         4900|
    |Weight_fc1_V_7_U  |lstm_infer_Block_chv  |        1|  0|   0|   100|    7|     1|          700|
    +------------------+----------------------+---------+---+----+------+-----+------+-------------+
    |Total             |                      |        8|  0|   0|  5000|   56|     8|        35000|
    +------------------+----------------------+---------+---+----+------+-----+------+-------------+

    * FIFO: 
    N/A

    * Expression: 
    +----------------------+----------+-------+---+----+------------+------------+
    |     Variable Name    | Operation| DSP48E| FF| LUT| Bitwidth P0| Bitwidth P1|
    +----------------------+----------+-------+---+----+------------+------------+
    |j_1_fu_1387_p2        |     +    |      0|  0|   7|           7|           1|
    |tmp_52_fu_1470_p2     |     +    |      0|  0|   8|           7|           8|
    |tmp_53_fu_1574_p2     |     +    |      0|  0|   9|           8|           9|
    |tmp_54_fu_1410_p2     |     +    |      0|  0|   9|           9|           9|
    |tmp_56_fu_1945_p2     |     +    |      0|  0|   8|           8|           8|
    |tmp_57_fu_1590_p2     |     +    |      0|  0|  10|           9|          10|
    |tmp_58_fu_1427_p2     |     +    |      0|  0|  10|          10|          10|
    |ap_condition_831      |    and   |      0|  0|   1|           1|           1|
    |exitcond2_fu_1381_p2  |   icmp   |      0|  0|   3|           7|           6|
    |ap_block_state1       |    or    |      0|  0|   1|           1|           1|
    |ap_enable_pp0         |    xor   |      0|  0|   2|           1|           2|
    +----------------------+----------+-------+---+----+------------+------------+
    |Total                 |          |      0|  0|  68|          68|          65|
    +----------------------+----------+-------+---+----+------------+------------+

    * Multiplexer: 
    +--------------------------------------+----+-----------+-----+-----------+
    |                 Name                 | LUT| Input Size| Bits| Total Bits|
    +--------------------------------------+----+-----------+-----+-----------+
    |Weight_fc1_V_0_address0               |   4|          8|   10|         80|
    |Weight_fc1_V_1_address0               |   4|          8|   10|         80|
    |Weight_fc1_V_2_address0               |   4|          8|   10|         80|
    |Weight_fc1_V_3_address0               |   4|          8|   10|         80|
    |Weight_fc1_V_4_address0               |   4|          8|   10|         80|
    |Weight_fc1_V_5_address0               |   4|          8|   10|         80|
    |Weight_fc1_V_6_address0               |   4|          8|   10|         80|
    |ap_NS_fsm                             |   6|         12|    1|         12|
    |ap_done                               |   3|          2|    1|          2|
    |ap_enable_reg_pp0_iter1               |   3|          2|    1|          2|
    |ap_phi_mux_h_t_all_V_phi_fu_1302_p16  |   5|          9|   16|        144|
    |ap_phi_mux_j_phi_fu_1292_p4           |   3|          2|    7|         14|
    |fc1_out_0_V_address0                  |   4|          8|    3|         24|
    |fc1_out_0_V_address1                  |   4|          7|    3|         21|
    |fc1_out_0_V_d0                        |   4|          6|   16|         96|
    |fc1_out_0_V_d1                        |   4|          6|   16|         96|
    |fc1_out_1_V_address0                  |   4|          7|    3|         21|
    |fc1_out_1_V_address1                  |   4|          6|    3|         18|
    |fc1_out_1_V_d0                        |   4|          7|   16|        112|
    |fc1_out_1_V_d1                        |   4|          5|   16|         80|
    |fc1_out_2_V_address0                  |   4|          8|    3|         24|
    |fc1_out_2_V_address1                  |   4|          7|    3|         21|
    |fc1_out_2_V_d0                        |   4|          7|   16|        112|
    |fc1_out_2_V_d1                        |   4|          5|   16|         80|
    |fc1_out_3_V_address0                  |   4|          8|    3|         24|
    |fc1_out_3_V_address1                  |   4|          7|    3|         21|
    |fc1_out_3_V_d0                        |   4|          7|   16|        112|
    |fc1_out_3_V_d1                        |   4|          5|   16|         80|
    |fc1_out_4_V_address0                  |   4|          8|    3|         24|
    |fc1_out_4_V_address1                  |   4|          7|    3|         21|
    |fc1_out_4_V_d0                        |   4|          7|   16|        112|
    |fc1_out_4_V_d1                        |   4|          5|   16|         80|
    |fc1_out_5_V_address0                  |   4|          8|    3|         24|
    |fc1_out_5_V_address1                  |   4|          7|    3|         21|
    |fc1_out_5_V_d0                        |   4|          8|   16|        128|
    |fc1_out_5_V_d1                        |   3|          4|   16|         64|
    |fc1_out_6_V_address0                  |   4|          7|    3|         21|
    |fc1_out_6_V_address1                  |   4|          6|    3|         18|
    |fc1_out_6_V_d0                        |   4|          6|   16|         96|
    |fc1_out_6_V_d1                        |   4|          5|   16|         80|
    |fc1_out_7_V_address0                  |   4|          8|    3|         24|
    |fc1_out_7_V_address1                  |   4|          7|    3|         21|
    |fc1_out_7_V_d0                        |   4|          8|   16|        128|
    |fc1_out_7_V_d1                        |   3|          4|   16|         64|
    |fc1_out_8_V_address0                  |   4|          7|    3|         21|
    |fc1_out_8_V_address1                  |   4|          6|    3|         18|
    |fc1_out_8_V_d0                        |   4|          7|   16|        112|
    |fc1_out_8_V_d1                        |   4|          5|   16|         80|
    |fc1_out_9_V_address0                  |   4|          7|    3|         21|
    |fc1_out_9_V_address1                  |   4|          6|    3|         18|
    |fc1_out_9_V_d0                        |   4|          7|   16|        112|
    |fc1_out_9_V_d1                        |   4|          5|   16|         80|
    |j_reg_1288                            |   3|          2|    7|         14|
    |reg_1340                              |   3|          2|   16|         32|
    |reg_1345                              |   3|          2|   16|         32|
    |reg_1358                              |   3|          2|   16|         32|
    |reg_1363                              |   3|          2|   16|         32|
    |reg_1376                              |   3|          2|   16|         32|
    +--------------------------------------+----+-----------+-----+-----------+
    |Total                                 | 224|        356|  563|       3238|
    +--------------------------------------+----+-----------+-----+-----------+

    * Register: 
    +----------------------------------+----+----+-----+-----------+
    |               Name               | FF | LUT| Bits| Const Bits|
    +----------------------------------+----+----+-----+-----------+
    |Weight_fc1_V_0_addr_1_reg_3419    |   8|   0|   10|          2|
    |Weight_fc1_V_0_addr_2_reg_3589    |   9|   0|   10|          1|
    |Weight_fc1_V_0_addr_3_reg_3295    |   9|   0|   10|          1|
    |Weight_fc1_V_0_addr_4_reg_3749    |   9|   0|   10|          1|
    |Weight_fc1_V_0_addr_5_reg_3594    |  10|   0|   10|          0|
    |Weight_fc1_V_1_addr_1_reg_3429    |   8|   0|   10|          2|
    |Weight_fc1_V_1_addr_2_reg_3599    |   9|   0|   10|          1|
    |Weight_fc1_V_1_addr_3_reg_3305    |   9|   0|   10|          1|
    |Weight_fc1_V_1_addr_4_reg_3754    |   9|   0|   10|          1|
    |Weight_fc1_V_1_addr_5_reg_3604    |  10|   0|   10|          0|
    |Weight_fc1_V_2_addr_1_reg_3439    |   8|   0|   10|          2|
    |Weight_fc1_V_2_addr_2_reg_3609    |   9|   0|   10|          1|
    |Weight_fc1_V_2_addr_3_reg_3315    |   9|   0|   10|          1|
    |Weight_fc1_V_2_addr_4_reg_3759    |   9|   0|   10|          1|
    |Weight_fc1_V_2_addr_5_reg_3614    |  10|   0|   10|          0|
    |Weight_fc1_V_2_load_6_reg_3549    |   7|   0|    7|          0|
    |Weight_fc1_V_3_addr_1_reg_3449    |   8|   0|   10|          2|
    |Weight_fc1_V_3_addr_2_reg_3619    |   9|   0|   10|          1|
    |Weight_fc1_V_3_addr_3_reg_3325    |   9|   0|   10|          1|
    |Weight_fc1_V_3_addr_4_reg_3764    |   9|   0|   10|          1|
    |Weight_fc1_V_3_addr_5_reg_3624    |  10|   0|   10|          0|
    |Weight_fc1_V_3_load_reg_3679      |   7|   0|    7|          0|
    |Weight_fc1_V_4_addr_1_reg_3459    |   8|   0|   10|          2|
    |Weight_fc1_V_4_addr_2_reg_3629    |   9|   0|   10|          1|
    |Weight_fc1_V_4_addr_3_reg_3335    |   9|   0|   10|          1|
    |Weight_fc1_V_4_addr_4_reg_3769    |   9|   0|   10|          1|
    |Weight_fc1_V_4_addr_5_reg_3634    |  10|   0|   10|          0|
    |Weight_fc1_V_5_addr_1_reg_3469    |   8|   0|   10|          2|
    |Weight_fc1_V_5_addr_2_reg_3639    |   9|   0|   10|          1|
    |Weight_fc1_V_5_addr_4_reg_3774    |   9|   0|   10|          1|
    |Weight_fc1_V_5_addr_6_reg_3350    |  10|   0|   10|          0|
    |Weight_fc1_V_5_addr_reg_3464      |   7|   0|   10|          3|
    |Weight_fc1_V_6_addr_3_reg_3355    |   9|   0|   10|          1|
    |Weight_fc1_V_6_addr_5_reg_3654    |  10|   0|   10|          0|
    |Weight_fc1_V_6_addr_reg_3474      |   7|   0|   10|          3|
    |Weight_fc1_V_7_load_reg_3584      |   7|   0|    7|          0|
    |ap_CS_fsm                         |  11|   0|   11|          0|
    |ap_done_reg                       |   1|   0|    1|          0|
    |ap_enable_reg_pp0_iter0           |   1|   0|    1|          0|
    |ap_enable_reg_pp0_iter1           |   1|   0|    1|          0|
    |exitcond2_reg_3259                |   1|   0|    1|          0|
    |exitcond2_reg_3259_pp0_iter1_reg  |   1|   0|    1|          0|
    |fc1_out_1_V_load_1_reg_3669       |  16|   0|   16|          0|
    |fc1_out_1_V_load_3_reg_3559       |  16|   0|   16|          0|
    |fc1_out_1_V_load_reg_3664         |  16|   0|   16|          0|
    |fc1_out_2_V_load_1_reg_3704       |  16|   0|   16|          0|
    |fc1_out_2_V_load_4_reg_3819       |  16|   0|   16|          0|
    |fc1_out_3_V_load_reg_3534         |  16|   0|   16|          0|
    |fc1_out_4_V_load_2_reg_3804       |  16|   0|   16|          0|
    |fc1_out_5_V_load_2_reg_3719       |  16|   0|   16|          0|
    |fc1_out_5_V_load_4_reg_3569       |  16|   0|   16|          0|
    |fc1_out_6_V_load_2_reg_3724       |  16|   0|   16|          0|
    |fc1_out_6_V_load_4_reg_3574       |  16|   0|   16|          0|
    |fc1_out_7_V_load_4_reg_3694       |  16|   0|   16|          0|
    |fc1_out_9_V_load_3_reg_3734       |  16|   0|   16|          0|
    |fc1_out_9_V_load_reg_3544         |  16|   0|   16|          0|
    |j_1_reg_3263                      |   7|   0|    7|          0|
    |j_reg_1288                        |   7|   0|    7|          0|
    |reg_1328                          |  16|   0|   16|          0|
    |reg_1332                          |  16|   0|   16|          0|
    |reg_1336                          |   7|   0|    7|          0|
    |reg_1340                          |  16|   0|   16|          0|
    |reg_1345                          |  16|   0|   16|          0|
    |reg_1350                          |   7|   0|    7|          0|
    |reg_1354                          |  16|   0|   16|          0|
    |reg_1358                          |  16|   0|   16|          0|
    |reg_1363                          |  16|   0|   16|          0|
    |reg_1368                          |  16|   0|   16|          0|
    |reg_1372                          |  16|   0|   16|          0|
    |reg_1376                          |  16|   0|   16|          0|
    |tmp_127_reg_3410                  |   3|   0|    3|          0|
    |tmp_12_cast1_reg_3284             |   7|   0|    9|          2|
    |tmp_12_cast645_cast_reg_3289      |   7|   0|    8|          1|
    |tmp_12_cast_reg_3279              |   7|   0|   10|          3|
    |tmp_12_reg_3268                   |   7|   0|   64|         57|
    |tmp_55_10_reg_3869                |  16|   0|   16|          0|
    |tmp_55_11_reg_3904                |  16|   0|   16|          0|
    |tmp_55_13_reg_3674                |  16|   0|   16|          0|
    |tmp_55_14_reg_3709                |  16|   0|   16|          0|
    |tmp_55_15_reg_3794                |  16|   0|   16|          0|
    |tmp_55_16_reg_3839                |  16|   0|   16|          0|
    |tmp_55_17_reg_3874                |  16|   0|   16|          0|
    |tmp_55_18_reg_3909                |  16|   0|   16|          0|
    |tmp_55_1_reg_3699                 |  16|   0|   16|          0|
    |tmp_55_21_reg_3714                |  16|   0|   16|          0|
    |tmp_55_22_reg_3799                |  16|   0|   16|          0|
    |tmp_55_23_reg_3844                |  16|   0|   16|          0|
    |tmp_55_24_reg_3879                |  16|   0|   16|          0|
    |tmp_55_25_reg_3914                |  16|   0|   16|          0|
    |tmp_55_26_reg_3554                |  16|   0|   16|          0|
    |tmp_55_27_reg_3684                |  16|   0|   16|          0|
    |tmp_55_28_reg_3729                |  16|   0|   16|          0|
    |tmp_55_29_reg_3809                |  16|   0|   16|          0|
    |tmp_55_2_reg_3784                 |  16|   0|   16|          0|
    |tmp_55_30_reg_3849                |  16|   0|   16|          0|
    |tmp_55_31_reg_3884                |  16|   0|   16|          0|
    |tmp_55_32_reg_3919                |  16|   0|   16|          0|
    |tmp_55_33_reg_3564                |  16|   0|   16|          0|
    |tmp_55_34_reg_3814                |  16|   0|   16|          0|
    |tmp_55_35_reg_3854                |  16|   0|   16|          0|
    |tmp_55_36_reg_3889                |  16|   0|   16|          0|
    |tmp_55_38_reg_3924                |  16|   0|   16|          0|
    |tmp_55_39_reg_3739                |  16|   0|   16|          0|
    |tmp_55_3_reg_3829                 |  16|   0|   16|          0|
    |tmp_55_41_reg_3929                |  16|   0|   16|          0|
    |tmp_55_42_reg_3689                |  16|   0|   16|          0|
    |tmp_55_43_reg_3744                |  16|   0|   16|          0|
    |tmp_55_44_reg_3824                |  16|   0|   16|          0|
    |tmp_55_45_reg_3859                |  16|   0|   16|          0|
    |tmp_55_46_reg_3894                |  16|   0|   16|          0|
    |tmp_55_47_reg_3579                |  16|   0|   16|          0|
    |tmp_55_4_reg_3864                 |  16|   0|   16|          0|
    |tmp_55_5_reg_3899                 |  16|   0|   16|          0|
    |tmp_55_6_reg_3539                 |  16|   0|   16|          0|
    |tmp_55_9_reg_3789                 |  16|   0|   16|          0|
    |tmp_55_reg_3659                   |  16|   0|   16|          0|
    |tmp_55_s_reg_3834                 |  16|   0|   16|          0|
    |tmp_reg_3484                      |  23|   0|   23|          0|
    +----------------------------------+----+----+-----+-----------+
    |Total                             |1469|   0| 1568|         99|
    +----------------------------------+----+----+-----+-----------+



================================================================
== Interface
================================================================
* Summary: 
+----------------------+-----+-----+------------+----------------------+--------------+
|       RTL Ports      | Dir | Bits|  Protocol  |     Source Object    |    C Type    |
+----------------------+-----+-----+------------+----------------------+--------------+
|ap_clk                |  in |    1| ap_ctrl_hs | lstm_infer_Block_arr | return value |
|ap_rst                |  in |    1| ap_ctrl_hs | lstm_infer_Block_arr | return value |
|ap_start              |  in |    1| ap_ctrl_hs | lstm_infer_Block_arr | return value |
|ap_done               | out |    1| ap_ctrl_hs | lstm_infer_Block_arr | return value |
|ap_continue           |  in |    1| ap_ctrl_hs | lstm_infer_Block_arr | return value |
|ap_idle               | out |    1| ap_ctrl_hs | lstm_infer_Block_arr | return value |
|ap_ready              | out |    1| ap_ctrl_hs | lstm_infer_Block_arr | return value |
|fc1_out_0_V_address0  | out |    3|  ap_memory |      fc1_out_0_V     |     array    |
|fc1_out_0_V_ce0       | out |    1|  ap_memory |      fc1_out_0_V     |     array    |
|fc1_out_0_V_we0       | out |    1|  ap_memory |      fc1_out_0_V     |     array    |
|fc1_out_0_V_d0        | out |   16|  ap_memory |      fc1_out_0_V     |     array    |
|fc1_out_0_V_q0        |  in |   16|  ap_memory |      fc1_out_0_V     |     array    |
|fc1_out_0_V_address1  | out |    3|  ap_memory |      fc1_out_0_V     |     array    |
|fc1_out_0_V_ce1       | out |    1|  ap_memory |      fc1_out_0_V     |     array    |
|fc1_out_0_V_we1       | out |    1|  ap_memory |      fc1_out_0_V     |     array    |
|fc1_out_0_V_d1        | out |   16|  ap_memory |      fc1_out_0_V     |     array    |
|fc1_out_0_V_q1        |  in |   16|  ap_memory |      fc1_out_0_V     |     array    |
|fc1_out_1_V_address0  | out |    3|  ap_memory |      fc1_out_1_V     |     array    |
|fc1_out_1_V_ce0       | out |    1|  ap_memory |      fc1_out_1_V     |     array    |
|fc1_out_1_V_we0       | out |    1|  ap_memory |      fc1_out_1_V     |     array    |
|fc1_out_1_V_d0        | out |   16|  ap_memory |      fc1_out_1_V     |     array    |
|fc1_out_1_V_q0        |  in |   16|  ap_memory |      fc1_out_1_V     |     array    |
|fc1_out_1_V_address1  | out |    3|  ap_memory |      fc1_out_1_V     |     array    |
|fc1_out_1_V_ce1       | out |    1|  ap_memory |      fc1_out_1_V     |     array    |
|fc1_out_1_V_we1       | out |    1|  ap_memory |      fc1_out_1_V     |     array    |
|fc1_out_1_V_d1        | out |   16|  ap_memory |      fc1_out_1_V     |     array    |
|fc1_out_1_V_q1        |  in |   16|  ap_memory |      fc1_out_1_V     |     array    |
|fc1_out_2_V_address0  | out |    3|  ap_memory |      fc1_out_2_V     |     array    |
|fc1_out_2_V_ce0       | out |    1|  ap_memory |      fc1_out_2_V     |     array    |
|fc1_out_2_V_we0       | out |    1|  ap_memory |      fc1_out_2_V     |     array    |
|fc1_out_2_V_d0        | out |   16|  ap_memory |      fc1_out_2_V     |     array    |
|fc1_out_2_V_q0        |  in |   16|  ap_memory |      fc1_out_2_V     |     array    |
|fc1_out_2_V_address1  | out |    3|  ap_memory |      fc1_out_2_V     |     array    |
|fc1_out_2_V_ce1       | out |    1|  ap_memory |      fc1_out_2_V     |     array    |
|fc1_out_2_V_we1       | out |    1|  ap_memory |      fc1_out_2_V     |     array    |
|fc1_out_2_V_d1        | out |   16|  ap_memory |      fc1_out_2_V     |     array    |
|fc1_out_2_V_q1        |  in |   16|  ap_memory |      fc1_out_2_V     |     array    |
|fc1_out_3_V_address0  | out |    3|  ap_memory |      fc1_out_3_V     |     array    |
|fc1_out_3_V_ce0       | out |    1|  ap_memory |      fc1_out_3_V     |     array    |
|fc1_out_3_V_we0       | out |    1|  ap_memory |      fc1_out_3_V     |     array    |
|fc1_out_3_V_d0        | out |   16|  ap_memory |      fc1_out_3_V     |     array    |
|fc1_out_3_V_q0        |  in |   16|  ap_memory |      fc1_out_3_V     |     array    |
|fc1_out_3_V_address1  | out |    3|  ap_memory |      fc1_out_3_V     |     array    |
|fc1_out_3_V_ce1       | out |    1|  ap_memory |      fc1_out_3_V     |     array    |
|fc1_out_3_V_we1       | out |    1|  ap_memory |      fc1_out_3_V     |     array    |
|fc1_out_3_V_d1        | out |   16|  ap_memory |      fc1_out_3_V     |     array    |
|fc1_out_3_V_q1        |  in |   16|  ap_memory |      fc1_out_3_V     |     array    |
|fc1_out_4_V_address0  | out |    3|  ap_memory |      fc1_out_4_V     |     array    |
|fc1_out_4_V_ce0       | out |    1|  ap_memory |      fc1_out_4_V     |     array    |
|fc1_out_4_V_we0       | out |    1|  ap_memory |      fc1_out_4_V     |     array    |
|fc1_out_4_V_d0        | out |   16|  ap_memory |      fc1_out_4_V     |     array    |
|fc1_out_4_V_q0        |  in |   16|  ap_memory |      fc1_out_4_V     |     array    |
|fc1_out_4_V_address1  | out |    3|  ap_memory |      fc1_out_4_V     |     array    |
|fc1_out_4_V_ce1       | out |    1|  ap_memory |      fc1_out_4_V     |     array    |
|fc1_out_4_V_we1       | out |    1|  ap_memory |      fc1_out_4_V     |     array    |
|fc1_out_4_V_d1        | out |   16|  ap_memory |      fc1_out_4_V     |     array    |
|fc1_out_4_V_q1        |  in |   16|  ap_memory |      fc1_out_4_V     |     array    |
|fc1_out_5_V_address0  | out |    3|  ap_memory |      fc1_out_5_V     |     array    |
|fc1_out_5_V_ce0       | out |    1|  ap_memory |      fc1_out_5_V     |     array    |
|fc1_out_5_V_we0       | out |    1|  ap_memory |      fc1_out_5_V     |     array    |
|fc1_out_5_V_d0        | out |   16|  ap_memory |      fc1_out_5_V     |     array    |
|fc1_out_5_V_q0        |  in |   16|  ap_memory |      fc1_out_5_V     |     array    |
|fc1_out_5_V_address1  | out |    3|  ap_memory |      fc1_out_5_V     |     array    |
|fc1_out_5_V_ce1       | out |    1|  ap_memory |      fc1_out_5_V     |     array    |
|fc1_out_5_V_we1       | out |    1|  ap_memory |      fc1_out_5_V     |     array    |
|fc1_out_5_V_d1        | out |   16|  ap_memory |      fc1_out_5_V     |     array    |
|fc1_out_5_V_q1        |  in |   16|  ap_memory |      fc1_out_5_V     |     array    |
|fc1_out_6_V_address0  | out |    3|  ap_memory |      fc1_out_6_V     |     array    |
|fc1_out_6_V_ce0       | out |    1|  ap_memory |      fc1_out_6_V     |     array    |
|fc1_out_6_V_we0       | out |    1|  ap_memory |      fc1_out_6_V     |     array    |
|fc1_out_6_V_d0        | out |   16|  ap_memory |      fc1_out_6_V     |     array    |
|fc1_out_6_V_q0        |  in |   16|  ap_memory |      fc1_out_6_V     |     array    |
|fc1_out_6_V_address1  | out |    3|  ap_memory |      fc1_out_6_V     |     array    |
|fc1_out_6_V_ce1       | out |    1|  ap_memory |      fc1_out_6_V     |     array    |
|fc1_out_6_V_we1       | out |    1|  ap_memory |      fc1_out_6_V     |     array    |
|fc1_out_6_V_d1        | out |   16|  ap_memory |      fc1_out_6_V     |     array    |
|fc1_out_6_V_q1        |  in |   16|  ap_memory |      fc1_out_6_V     |     array    |
|fc1_out_7_V_address0  | out |    3|  ap_memory |      fc1_out_7_V     |     array    |
|fc1_out_7_V_ce0       | out |    1|  ap_memory |      fc1_out_7_V     |     array    |
|fc1_out_7_V_we0       | out |    1|  ap_memory |      fc1_out_7_V     |     array    |
|fc1_out_7_V_d0        | out |   16|  ap_memory |      fc1_out_7_V     |     array    |
|fc1_out_7_V_q0        |  in |   16|  ap_memory |      fc1_out_7_V     |     array    |
|fc1_out_7_V_address1  | out |    3|  ap_memory |      fc1_out_7_V     |     array    |
|fc1_out_7_V_ce1       | out |    1|  ap_memory |      fc1_out_7_V     |     array    |
|fc1_out_7_V_we1       | out |    1|  ap_memory |      fc1_out_7_V     |     array    |
|fc1_out_7_V_d1        | out |   16|  ap_memory |      fc1_out_7_V     |     array    |
|fc1_out_7_V_q1        |  in |   16|  ap_memory |      fc1_out_7_V     |     array    |
|fc1_out_8_V_address0  | out |    3|  ap_memory |      fc1_out_8_V     |     array    |
|fc1_out_8_V_ce0       | out |    1|  ap_memory |      fc1_out_8_V     |     array    |
|fc1_out_8_V_we0       | out |    1|  ap_memory |      fc1_out_8_V     |     array    |
|fc1_out_8_V_d0        | out |   16|  ap_memory |      fc1_out_8_V     |     array    |
|fc1_out_8_V_q0        |  in |   16|  ap_memory |      fc1_out_8_V     |     array    |
|fc1_out_8_V_address1  | out |    3|  ap_memory |      fc1_out_8_V     |     array    |
|fc1_out_8_V_ce1       | out |    1|  ap_memory |      fc1_out_8_V     |     array    |
|fc1_out_8_V_we1       | out |    1|  ap_memory |      fc1_out_8_V     |     array    |
|fc1_out_8_V_d1        | out |   16|  ap_memory |      fc1_out_8_V     |     array    |
|fc1_out_8_V_q1        |  in |   16|  ap_memory |      fc1_out_8_V     |     array    |
|fc1_out_9_V_address0  | out |    3|  ap_memory |      fc1_out_9_V     |     array    |
|fc1_out_9_V_ce0       | out |    1|  ap_memory |      fc1_out_9_V     |     array    |
|fc1_out_9_V_we0       | out |    1|  ap_memory |      fc1_out_9_V     |     array    |
|fc1_out_9_V_d0        | out |   16|  ap_memory |      fc1_out_9_V     |     array    |
|fc1_out_9_V_q0        |  in |   16|  ap_memory |      fc1_out_9_V     |     array    |
|fc1_out_9_V_address1  | out |    3|  ap_memory |      fc1_out_9_V     |     array    |
|fc1_out_9_V_ce1       | out |    1|  ap_memory |      fc1_out_9_V     |     array    |
|fc1_out_9_V_we1       | out |    1|  ap_memory |      fc1_out_9_V     |     array    |
|fc1_out_9_V_d1        | out |   16|  ap_memory |      fc1_out_9_V     |     array    |
|fc1_out_9_V_q1        |  in |   16|  ap_memory |      fc1_out_9_V     |     array    |
|h_t_cat_0_address0    | out |    4|  ap_memory |       h_t_cat_0      |     array    |
|h_t_cat_0_ce0         | out |    1|  ap_memory |       h_t_cat_0      |     array    |
|h_t_cat_0_q0          |  in |   16|  ap_memory |       h_t_cat_0      |     array    |
|h_t_cat_1_address0    | out |    4|  ap_memory |       h_t_cat_1      |     array    |
|h_t_cat_1_ce0         | out |    1|  ap_memory |       h_t_cat_1      |     array    |
|h_t_cat_1_q0          |  in |   16|  ap_memory |       h_t_cat_1      |     array    |
|h_t_cat_2_address0    | out |    4|  ap_memory |       h_t_cat_2      |     array    |
|h_t_cat_2_ce0         | out |    1|  ap_memory |       h_t_cat_2      |     array    |
|h_t_cat_2_q0          |  in |   16|  ap_memory |       h_t_cat_2      |     array    |
|h_t_cat_3_address0    | out |    4|  ap_memory |       h_t_cat_3      |     array    |
|h_t_cat_3_ce0         | out |    1|  ap_memory |       h_t_cat_3      |     array    |
|h_t_cat_3_q0          |  in |   16|  ap_memory |       h_t_cat_3      |     array    |
|h_t_cat_4_address0    | out |    4|  ap_memory |       h_t_cat_4      |     array    |
|h_t_cat_4_ce0         | out |    1|  ap_memory |       h_t_cat_4      |     array    |
|h_t_cat_4_q0          |  in |   16|  ap_memory |       h_t_cat_4      |     array    |
|h_t_cat_5_address0    | out |    4|  ap_memory |       h_t_cat_5      |     array    |
|h_t_cat_5_ce0         | out |    1|  ap_memory |       h_t_cat_5      |     array    |
|h_t_cat_5_q0          |  in |   16|  ap_memory |       h_t_cat_5      |     array    |
|h_t_cat_6_address0    | out |    4|  ap_memory |       h_t_cat_6      |     array    |
|h_t_cat_6_ce0         | out |    1|  ap_memory |       h_t_cat_6      |     array    |
|h_t_cat_6_q0          |  in |   16|  ap_memory |       h_t_cat_6      |     array    |
|h_t_cat_7_address0    | out |    4|  ap_memory |       h_t_cat_7      |     array    |
|h_t_cat_7_ce0         | out |    1|  ap_memory |       h_t_cat_7      |     array    |
|h_t_cat_7_q0          |  in |   16|  ap_memory |       h_t_cat_7      |     array    |
+----------------------+-----+-----+------------+----------------------+--------------+

