

================================================================
== Vivado HLS Report for 'lstm_infer_Block_pr'
================================================================
* Date:           Sat Apr 19 01:59:34 2025

* Version:        2018.3 (Build 2405991 on Thu Dec 06 23:56:15 MST 2018)
* Project:        bi_lstm
* Solution:       solution1
* Product family: zynq
* Target device:  xc7z020clg400-2


================================================================
== Performance Estimates
================================================================
+ Timing (ns): 
    * Summary: 
    +--------+-------+----------+------------+
    |  Clock | Target| Estimated| Uncertainty|
    +--------+-------+----------+------------+
    |ap_clk  |  10.00|     7.594|        1.25|
    +--------+-------+----------+------------+

+ Latency (clock cycles): 
    * Summary: 
    +-----+-----+-----+-----+---------+
    |  Latency  |  Interval | Pipeline|
    | min | max | min | max |   Type  |
    +-----+-----+-----+-----+---------+
    |    2|    2|    2|    2|   none  |
    +-----+-----+-----+-----+---------+

    + Detail: 
        * Instance: 
        N/A

        * Loop: 
        N/A



================================================================
== Utilization Estimates
================================================================
* Summary: 
+-----------------+---------+-------+--------+-------+
|       Name      | BRAM_18K| DSP48E|   FF   |  LUT  |
+-----------------+---------+-------+--------+-------+
|DSP              |        -|      -|       -|      -|
|Expression       |        -|      -|     400|   6021|
|FIFO             |        -|      -|       -|      -|
|Instance         |        -|      -|       -|      -|
|Memory           |        -|      -|       -|      -|
|Multiplexer      |        -|      -|       -|      6|
|Register         |        -|      -|    1114|      -|
+-----------------+---------+-------+--------+-------+
|Total            |        0|      0|    1514|   6027|
+-----------------+---------+-------+--------+-------+
|Available        |      280|    220|  106400|  53200|
+-----------------+---------+-------+--------+-------+
|Utilization (%)  |        0|      0|       1|     11|
+-----------------+---------+-------+--------+-------+

+ Detail: 
    * Instance: 
    N/A

    * DSP48: 
    N/A

    * Memory: 
    N/A

    * FIFO: 
    N/A

    * Expression: 
    +----------------------------------+----------+-------+----+----+------------+------------+
    |           Variable Name          | Operation| DSP48E| FF | LUT| Bitwidth P0| Bitwidth P1|
    +----------------------------------+----------+-------+----+----+------------+------------+
    |lsb_index_1_i_fu_1114_p2          |     +    |      0|   0|  32|           6|          32|
    |lsb_index_2_i_fu_1276_p2          |     +    |      0|   0|  32|           6|          32|
    |lsb_index_3_i_fu_1438_p2          |     +    |      0|   0|  32|           6|          32|
    |lsb_index_4_i_fu_1600_p2          |     +    |      0|   0|  32|           6|          32|
    |lsb_index_5_i_fu_1762_p2          |     +    |      0|   0|  32|           6|          32|
    |lsb_index_6_i_fu_1924_p2          |     +    |      0|   0|  32|           6|          32|
    |lsb_index_7_i_fu_2086_p2          |     +    |      0|   0|  32|           6|          32|
    |lsb_index_8_i_fu_2248_p2          |     +    |      0|   0|  32|           6|          32|
    |lsb_index_9_i_fu_2410_p2          |     +    |      0|   0|  32|           6|          32|
    |lsb_index_i_fu_952_p2             |     +    |      0|   0|  32|           6|          32|
    |m_2_1_i_fu_1252_p2                |     +    |      0|   0|  32|          32|          32|
    |m_2_2_i_fu_1414_p2                |     +    |      0|   0|  32|          32|          32|
    |m_2_3_i_fu_1576_p2                |     +    |      0|   0|  32|          32|          32|
    |m_2_4_i_fu_1738_p2                |     +    |      0|   0|  32|          32|          32|
    |m_2_5_i_fu_1900_p2                |     +    |      0|   0|  32|          32|          32|
    |m_2_6_i_fu_2062_p2                |     +    |      0|   0|  32|          32|          32|
    |m_2_7_i_fu_2224_p2                |     +    |      0|   0|  32|          32|          32|
    |m_2_8_i_fu_2386_p2                |     +    |      0|   0|  32|          32|          32|
    |m_2_9_i_fu_2548_p2                |     +    |      0|   0|  32|          32|          32|
    |m_2_i_fu_1090_p2                  |     +    |      0|   0|  32|          32|          32|
    |p_Repl2_2_trunc_1_s_fu_2639_p2    |     +    |      0|   0|   8|           8|           8|
    |p_Repl2_2_trunc_2_s_fu_2691_p2    |     +    |      0|   0|   8|           8|           8|
    |p_Repl2_2_trunc_3_s_fu_2743_p2    |     +    |      0|   0|   8|           8|           8|
    |p_Repl2_2_trunc_4_s_fu_2795_p2    |     +    |      0|   0|   8|           8|           8|
    |p_Repl2_2_trunc_5_s_fu_2847_p2    |     +    |      0|   0|   8|           8|           8|
    |p_Repl2_2_trunc_6_s_fu_2899_p2    |     +    |      0|   0|   8|           8|           8|
    |p_Repl2_2_trunc_7_s_fu_2951_p2    |     +    |      0|   0|   8|           8|           8|
    |p_Repl2_2_trunc_8_s_fu_3003_p2    |     +    |      0|   0|   8|           8|           8|
    |p_Repl2_2_trunc_9_s_fu_3055_p2    |     +    |      0|   0|   8|           8|           8|
    |p_Repl2_2_trunc_i_fu_2587_p2      |     +    |      0|   0|   8|           8|           8|
    |tmp_79_1_i_fu_1181_p2             |     +    |      0|   0|  16|           6|          16|
    |tmp_79_2_i_fu_1343_p2             |     +    |      0|   0|  16|           6|          16|
    |tmp_79_3_i_fu_1505_p2             |     +    |      0|   0|  16|           6|          16|
    |tmp_79_4_i_fu_1667_p2             |     +    |      0|   0|  16|           6|          16|
    |tmp_79_5_i_fu_1829_p2             |     +    |      0|   0|  16|           6|          16|
    |tmp_79_6_i_fu_1991_p2             |     +    |      0|   0|  16|           6|          16|
    |tmp_79_7_i_fu_2153_p2             |     +    |      0|   0|  16|           6|          16|
    |tmp_79_8_i_fu_2315_p2             |     +    |      0|   0|  16|           6|          16|
    |tmp_79_9_i_fu_2477_p2             |     +    |      0|   0|  16|           6|          16|
    |tmp_79_i_fu_1019_p2               |     +    |      0|   0|  16|           6|          16|
    |tmp_851_i_fu_1060_p2              |     +    |      0|   0|  32|           6|          32|
    |tmp_85_1_i_fu_1222_p2             |     +    |      0|   0|  32|           6|          32|
    |tmp_85_2_i_fu_1384_p2             |     +    |      0|   0|  32|           6|          32|
    |tmp_85_3_i_fu_1546_p2             |     +    |      0|   0|  32|           6|          32|
    |tmp_85_4_i_fu_1708_p2             |     +    |      0|   0|  32|           6|          32|
    |tmp_85_5_i_fu_1870_p2             |     +    |      0|   0|  32|           6|          32|
    |tmp_85_6_i_fu_2032_p2             |     +    |      0|   0|  32|           6|          32|
    |tmp_85_7_i_fu_2194_p2             |     +    |      0|   0|  32|           6|          32|
    |tmp_85_8_i_fu_2356_p2             |     +    |      0|   0|  32|           6|          32|
    |tmp_85_9_i_fu_2518_p2             |     +    |      0|   0|  32|           6|          32|
    |tmp_100_i_fu_2634_p2              |     -    |      0|   0|   8|           3|           8|
    |tmp_108_i_fu_2686_p2              |     -    |      0|   0|   8|           3|           8|
    |tmp_116_i_fu_2738_p2              |     -    |      0|   0|   8|           3|           8|
    |tmp_124_i_fu_2790_p2              |     -    |      0|   0|   8|           3|           8|
    |tmp_132_fu_973_p2                 |     -    |      0|   0|   7|           4|           5|
    |tmp_132_i_fu_2842_p2              |     -    |      0|   0|   8|           3|           8|
    |tmp_140_i_fu_2894_p2              |     -    |      0|   0|   8|           3|           8|
    |tmp_143_fu_1135_p2                |     -    |      0|   0|   7|           4|           5|
    |tmp_148_i_fu_2946_p2              |     -    |      0|   0|   8|           3|           8|
    |tmp_154_fu_1297_p2                |     -    |      0|   0|   7|           4|           5|
    |tmp_156_i_fu_2998_p2              |     -    |      0|   0|   8|           3|           8|
    |tmp_164_i_fu_3050_p2              |     -    |      0|   0|   8|           3|           8|
    |tmp_165_fu_1459_p2                |     -    |      0|   0|   7|           4|           5|
    |tmp_176_fu_1621_p2                |     -    |      0|   0|   7|           4|           5|
    |tmp_187_fu_1783_p2                |     -    |      0|   0|   7|           4|           5|
    |tmp_198_fu_1945_p2                |     -    |      0|   0|   7|           4|           5|
    |tmp_209_fu_2107_p2                |     -    |      0|   0|   7|           4|           5|
    |tmp_220_fu_2269_p2                |     -    |      0|   0|   7|           4|           5|
    |tmp_231_fu_2431_p2                |     -    |      0|   0|   7|           4|           5|
    |tmp_741_i_fu_286_p2               |     -    |      0|   0|  32|           5|          32|
    |tmp_74_1_i_fu_358_p2              |     -    |      0|   0|  32|           5|          32|
    |tmp_74_2_i_fu_430_p2              |     -    |      0|   0|  32|           5|          32|
    |tmp_74_3_i_fu_502_p2              |     -    |      0|   0|  32|           5|          32|
    |tmp_74_4_i_fu_574_p2              |     -    |      0|   0|  32|           5|          32|
    |tmp_74_5_i_fu_646_p2              |     -    |      0|   0|  32|           5|          32|
    |tmp_74_6_i_fu_718_p2              |     -    |      0|   0|  32|           5|          32|
    |tmp_74_7_i_fu_790_p2              |     -    |      0|   0|  32|           5|          32|
    |tmp_74_8_i_fu_862_p2              |     -    |      0|   0|  32|           5|          32|
    |tmp_74_9_i_fu_934_p2              |     -    |      0|   0|  32|           5|          32|
    |tmp_87_1_i_fu_1233_p2             |     -    |      0|   0|  32|           5|          32|
    |tmp_87_2_i_fu_1395_p2             |     -    |      0|   0|  32|           5|          32|
    |tmp_87_3_i_fu_1557_p2             |     -    |      0|   0|  32|           5|          32|
    |tmp_87_4_i_fu_1719_p2             |     -    |      0|   0|  32|           5|          32|
    |tmp_87_5_i_fu_1881_p2             |     -    |      0|   0|  32|           5|          32|
    |tmp_87_6_i_fu_2043_p2             |     -    |      0|   0|  32|           5|          32|
    |tmp_87_7_i_fu_2205_p2             |     -    |      0|   0|  32|           5|          32|
    |tmp_87_8_i_fu_2367_p2             |     -    |      0|   0|  32|           5|          32|
    |tmp_87_9_i_fu_2529_p2             |     -    |      0|   0|  32|           5|          32|
    |tmp_87_i_fu_1071_p2               |     -    |      0|   0|  32|           5|          32|
    |tmp_92_i_fu_2582_p2               |     -    |      0|   0|   8|           3|           8|
    |tmp_V_1_i_fu_318_p2               |     -    |      0|   0|  16|           1|          16|
    |tmp_V_2_i_fu_390_p2               |     -    |      0|   0|  16|           1|          16|
    |tmp_V_3_i_fu_462_p2               |     -    |      0|   0|  16|           1|          16|
    |tmp_V_4_i_fu_534_p2               |     -    |      0|   0|  16|           1|          16|
    |tmp_V_5_i_fu_606_p2               |     -    |      0|   0|  16|           1|          16|
    |tmp_V_6_i_fu_678_p2               |     -    |      0|   0|  16|           1|          16|
    |tmp_V_7_i_fu_750_p2               |     -    |      0|   0|  16|           1|          16|
    |tmp_V_8_i_fu_822_p2               |     -    |      0|   0|  16|           1|          16|
    |tmp_V_9_i_fu_894_p2               |     -    |      0|   0|  16|           1|          16|
    |tmp_V_i_fu_246_p2                 |     -    |      0|   0|  16|           1|          16|
    |a_1_i_fu_1161_p2                  |    and   |      0|   0|   1|           1|           1|
    |a_2_i_fu_1323_p2                  |    and   |      0|   0|   1|           1|           1|
    |a_3_i_fu_1485_p2                  |    and   |      0|   0|   1|           1|           1|
    |a_4_i_fu_1647_p2                  |    and   |      0|   0|   1|           1|           1|
    |a_5_i_fu_1809_p2                  |    and   |      0|   0|   1|           1|           1|
    |a_6_i_fu_1971_p2                  |    and   |      0|   0|   1|           1|           1|
    |a_7_i_fu_2133_p2                  |    and   |      0|   0|   1|           1|           1|
    |a_8_i_fu_2295_p2                  |    and   |      0|   0|   1|           1|           1|
    |a_9_i_fu_2457_p2                  |    and   |      0|   0|   1|           1|           1|
    |a_i_fu_999_p2                     |    and   |      0|   0|   1|           1|           1|
    |tmp_135_fu_988_p2                 |    and   |      0|   0|  16|          16|          16|
    |tmp_146_fu_1150_p2                |    and   |      0|   0|  16|          16|          16|
    |tmp_157_fu_1312_p2                |    and   |      0|   0|  16|          16|          16|
    |tmp_168_fu_1474_p2                |    and   |      0|   0|  16|          16|          16|
    |tmp_179_fu_1636_p2                |    and   |      0|   0|  16|          16|          16|
    |tmp_190_fu_1798_p2                |    and   |      0|   0|  16|          16|          16|
    |tmp_201_fu_1960_p2                |    and   |      0|   0|  16|          16|          16|
    |tmp_212_fu_2122_p2                |    and   |      0|   0|  16|          16|          16|
    |tmp_223_fu_2284_p2                |    and   |      0|   0|  16|          16|          16|
    |tmp_234_fu_2446_p2                |    and   |      0|   0|  16|          16|          16|
    |tmp_81_1_i_fu_1193_p2             |    and   |      0|   0|   1|           1|           1|
    |tmp_81_2_i_fu_1355_p2             |    and   |      0|   0|   1|           1|           1|
    |tmp_81_3_i_fu_1517_p2             |    and   |      0|   0|   1|           1|           1|
    |tmp_81_4_i_fu_1679_p2             |    and   |      0|   0|   1|           1|           1|
    |tmp_81_5_i_fu_1841_p2             |    and   |      0|   0|   1|           1|           1|
    |tmp_81_6_i_fu_2003_p2             |    and   |      0|   0|   1|           1|           1|
    |tmp_81_7_i_fu_2165_p2             |    and   |      0|   0|   1|           1|           1|
    |tmp_81_8_i_fu_2327_p2             |    and   |      0|   0|   1|           1|           1|
    |tmp_81_9_i_fu_2489_p2             |    and   |      0|   0|   1|           1|           1|
    |tmp_81_i_fu_1031_p2               |    and   |      0|   0|   1|           1|           1|
    |l_1_i_fu_350_p3                   |   cttz   |      0|  40|  36|          32|           0|
    |l_2_i_fu_422_p3                   |   cttz   |      0|  40|  36|          32|           0|
    |l_3_i_fu_494_p3                   |   cttz   |      0|  40|  36|          32|           0|
    |l_4_i_fu_566_p3                   |   cttz   |      0|  40|  36|          32|           0|
    |l_5_i_fu_638_p3                   |   cttz   |      0|  40|  36|          32|           0|
    |l_6_i_fu_710_p3                   |   cttz   |      0|  40|  36|          32|           0|
    |l_7_i_fu_782_p3                   |   cttz   |      0|  40|  36|          32|           0|
    |l_8_i_fu_854_p3                   |   cttz   |      0|  40|  36|          32|           0|
    |l_9_i_fu_926_p3                   |   cttz   |      0|  40|  36|          32|           0|
    |l_i_fu_278_p3                     |   cttz   |      0|  40|  36|          32|           0|
    |icmp1_fu_1129_p2                  |   icmp   |      0|   0|  12|          31|           1|
    |icmp2_fu_1291_p2                  |   icmp   |      0|   0|  12|          31|           1|
    |icmp3_fu_1453_p2                  |   icmp   |      0|   0|  12|          31|           1|
    |icmp4_fu_1615_p2                  |   icmp   |      0|   0|  12|          31|           1|
    |icmp5_fu_1777_p2                  |   icmp   |      0|   0|  12|          31|           1|
    |icmp6_fu_1939_p2                  |   icmp   |      0|   0|  12|          31|           1|
    |icmp7_fu_2101_p2                  |   icmp   |      0|   0|  12|          31|           1|
    |icmp8_fu_2263_p2                  |   icmp   |      0|   0|  12|          31|           1|
    |icmp9_fu_2425_p2                  |   icmp   |      0|   0|  12|          31|           1|
    |icmp_fu_967_p2                    |   icmp   |      0|   0|  12|          31|           1|
    |tmp_701_i_fu_232_p2               |   icmp   |      0|   0|   7|          16|           1|
    |tmp_70_1_i_fu_304_p2              |   icmp   |      0|   0|   7|          16|           1|
    |tmp_70_2_i_fu_376_p2              |   icmp   |      0|   0|   7|          16|           1|
    |tmp_70_3_i_fu_448_p2              |   icmp   |      0|   0|   7|          16|           1|
    |tmp_70_4_i_fu_520_p2              |   icmp   |      0|   0|   7|          16|           1|
    |tmp_70_5_i_fu_592_p2              |   icmp   |      0|   0|   7|          16|           1|
    |tmp_70_6_i_fu_664_p2              |   icmp   |      0|   0|   7|          16|           1|
    |tmp_70_7_i_fu_736_p2              |   icmp   |      0|   0|   7|          16|           1|
    |tmp_70_8_i_fu_808_p2              |   icmp   |      0|   0|   7|          16|           1|
    |tmp_70_9_i_fu_880_p2              |   icmp   |      0|   0|   7|          16|           1|
    |tmp_77_1_i_fu_1155_p2             |   icmp   |      0|   0|   7|          16|           1|
    |tmp_77_2_i_fu_1317_p2             |   icmp   |      0|   0|   7|          16|           1|
    |tmp_77_3_i_fu_1479_p2             |   icmp   |      0|   0|   7|          16|           1|
    |tmp_77_4_i_fu_1641_p2             |   icmp   |      0|   0|   7|          16|           1|
    |tmp_77_5_i_fu_1803_p2             |   icmp   |      0|   0|   7|          16|           1|
    |tmp_77_6_i_fu_1965_p2             |   icmp   |      0|   0|   7|          16|           1|
    |tmp_77_7_i_fu_2127_p2             |   icmp   |      0|   0|   7|          16|           1|
    |tmp_77_8_i_fu_2289_p2             |   icmp   |      0|   0|   7|          16|           1|
    |tmp_77_9_i_fu_2451_p2             |   icmp   |      0|   0|   7|          16|           1|
    |tmp_77_i_fu_993_p2                |   icmp   |      0|   0|   7|          16|           1|
    |tmp_841_i_fu_1054_p2              |   icmp   |      0|   0|  12|          32|           1|
    |tmp_84_1_i_fu_1216_p2             |   icmp   |      0|   0|  12|          32|           1|
    |tmp_84_2_i_fu_1378_p2             |   icmp   |      0|   0|  12|          32|           1|
    |tmp_84_3_i_fu_1540_p2             |   icmp   |      0|   0|  12|          32|           1|
    |tmp_84_4_i_fu_1702_p2             |   icmp   |      0|   0|  12|          32|           1|
    |tmp_84_5_i_fu_1864_p2             |   icmp   |      0|   0|  12|          32|           1|
    |tmp_84_6_i_fu_2026_p2             |   icmp   |      0|   0|  12|          32|           1|
    |tmp_84_7_i_fu_2188_p2             |   icmp   |      0|   0|  12|          32|           1|
    |tmp_84_8_i_fu_2350_p2             |   icmp   |      0|   0|  12|          32|           1|
    |tmp_84_9_i_fu_2512_p2             |   icmp   |      0|   0|  12|          32|           1|
    |tmp_134_fu_982_p2                 |   lshr   |      0|   0|  35|           2|          16|
    |tmp_145_fu_1144_p2                |   lshr   |      0|   0|  35|           2|          16|
    |tmp_156_fu_1306_p2                |   lshr   |      0|   0|  35|           2|          16|
    |tmp_167_fu_1468_p2                |   lshr   |      0|   0|  35|           2|          16|
    |tmp_178_fu_1630_p2                |   lshr   |      0|   0|  35|           2|          16|
    |tmp_189_fu_1792_p2                |   lshr   |      0|   0|  35|           2|          16|
    |tmp_200_fu_1954_p2                |   lshr   |      0|   0|  35|           2|          16|
    |tmp_211_fu_2116_p2                |   lshr   |      0|   0|  35|           2|          16|
    |tmp_222_fu_2278_p2                |   lshr   |      0|   0|  35|           2|          16|
    |tmp_233_fu_2440_p2                |   lshr   |      0|   0|  35|           2|          16|
    |tmp_861_i_fu_1065_p2              |   lshr   |      0|   0|  85|          32|          32|
    |tmp_86_1_i_fu_1227_p2             |   lshr   |      0|   0|  85|          32|          32|
    |tmp_86_2_i_fu_1389_p2             |   lshr   |      0|   0|  85|          32|          32|
    |tmp_86_3_i_fu_1551_p2             |   lshr   |      0|   0|  85|          32|          32|
    |tmp_86_4_i_fu_1713_p2             |   lshr   |      0|   0|  85|          32|          32|
    |tmp_86_5_i_fu_1875_p2             |   lshr   |      0|   0|  85|          32|          32|
    |tmp_86_6_i_fu_2037_p2             |   lshr   |      0|   0|  85|          32|          32|
    |tmp_86_7_i_fu_2199_p2             |   lshr   |      0|   0|  85|          32|          32|
    |tmp_86_8_i_fu_2361_p2             |   lshr   |      0|   0|  85|          32|          32|
    |tmp_86_9_i_fu_2523_p2             |   lshr   |      0|   0|  85|          32|          32|
    |ap_block_state1                   |    or    |      0|   0|   1|           1|           1|
    |tmp_104_i_fu_1361_p2              |    or    |      0|   0|   1|           1|           1|
    |tmp_112_i_fu_1523_p2              |    or    |      0|   0|   1|           1|           1|
    |tmp_120_i_fu_1685_p2              |    or    |      0|   0|   1|           1|           1|
    |tmp_128_i_fu_1847_p2              |    or    |      0|   0|   1|           1|           1|
    |tmp_136_i_fu_2009_p2              |    or    |      0|   0|   1|           1|           1|
    |tmp_144_i_fu_2171_p2              |    or    |      0|   0|   1|           1|           1|
    |tmp_152_i_fu_2333_p2              |    or    |      0|   0|   1|           1|           1|
    |tmp_160_i_fu_2495_p2              |    or    |      0|   0|   1|           1|           1|
    |tmp_83_i_fu_1037_p2               |    or    |      0|   0|   1|           1|           1|
    |tmp_96_i_fu_1199_p2               |    or    |      0|   0|   1|           1|           1|
    |m_1_1_i_fu_1244_p3                |  select  |      0|   0|  32|           1|          32|
    |m_1_2_i_fu_1406_p3                |  select  |      0|   0|  32|           1|          32|
    |m_1_3_i_fu_1568_p3                |  select  |      0|   0|  32|           1|          32|
    |m_1_4_i_fu_1730_p3                |  select  |      0|   0|  32|           1|          32|
    |m_1_5_i_fu_1892_p3                |  select  |      0|   0|  32|           1|          32|
    |m_1_6_i_fu_2054_p3                |  select  |      0|   0|  32|           1|          32|
    |m_1_7_i_fu_2216_p3                |  select  |      0|   0|  32|           1|          32|
    |m_1_8_i_fu_2378_p3                |  select  |      0|   0|  32|           1|          32|
    |m_1_9_i_fu_2540_p3                |  select  |      0|   0|  32|           1|          32|
    |m_1_i_fu_1082_p3                  |  select  |      0|   0|  32|           1|          32|
    |p_Val2_1_i_54_fu_324_p3           |  select  |      0|   0|  16|           1|          16|
    |p_Val2_1_i_fu_252_p3              |  select  |      0|   0|  16|           1|          16|
    |p_Val2_2_i_fu_396_p3              |  select  |      0|   0|  16|           1|          16|
    |p_Val2_3_i_fu_468_p3              |  select  |      0|   0|  16|           1|          16|
    |p_Val2_4_i_fu_540_p3              |  select  |      0|   0|  16|           1|          16|
    |p_Val2_5_i_fu_612_p3              |  select  |      0|   0|  16|           1|          16|
    |p_Val2_6_i_fu_684_p3              |  select  |      0|   0|  16|           1|          16|
    |p_Val2_7_i_fu_756_p3              |  select  |      0|   0|  16|           1|          16|
    |p_Val2_8_i_fu_828_p3              |  select  |      0|   0|  16|           1|          16|
    |p_Val2_9_i_fu_900_p3              |  select  |      0|   0|  16|           1|          16|
    |ress_0                            |  select  |      0|   0|  32|           1|           1|
    |ress_1                            |  select  |      0|   0|  32|           1|           1|
    |ress_2                            |  select  |      0|   0|  32|           1|           1|
    |ress_3                            |  select  |      0|   0|  32|           1|           1|
    |ress_4                            |  select  |      0|   0|  32|           1|           1|
    |ress_5                            |  select  |      0|   0|  32|           1|           1|
    |ress_6                            |  select  |      0|   0|  32|           1|           1|
    |ress_7                            |  select  |      0|   0|  32|           1|           1|
    |ress_8                            |  select  |      0|   0|  32|           1|           1|
    |ress_9                            |  select  |      0|   0|  32|           1|           1|
    |tmp_106_cast_i_cast_s_fu_2679_p3  |  select  |      0|   0|   7|           1|           7|
    |tmp_114_cast_i_cast_s_fu_2731_p3  |  select  |      0|   0|   7|           1|           7|
    |tmp_122_cast_i_cast_s_fu_2783_p3  |  select  |      0|   0|   7|           1|           7|
    |tmp_130_cast_i_cast_s_fu_2835_p3  |  select  |      0|   0|   7|           1|           7|
    |tmp_138_cast_i_cast_s_fu_2887_p3  |  select  |      0|   0|   7|           1|           7|
    |tmp_146_cast_i_cast_s_fu_2939_p3  |  select  |      0|   0|   7|           1|           7|
    |tmp_154_cast_i_cast_s_fu_2991_p3  |  select  |      0|   0|   7|           1|           7|
    |tmp_162_cast_i_cast_s_fu_3043_p3  |  select  |      0|   0|   7|           1|           7|
    |tmp_90_cast_i_cast_c_fu_2575_p3   |  select  |      0|   0|   7|           1|           7|
    |tmp_98_cast_i_cast_c_fu_2627_p3   |  select  |      0|   0|   7|           1|           7|
    |tmp_88_1_i_fu_1238_p2             |    shl   |      0|   0|  85|          32|          32|
    |tmp_88_2_i_fu_1400_p2             |    shl   |      0|   0|  85|          32|          32|
    |tmp_88_3_i_fu_1562_p2             |    shl   |      0|   0|  85|          32|          32|
    |tmp_88_4_i_fu_1724_p2             |    shl   |      0|   0|  85|          32|          32|
    |tmp_88_5_i_fu_1886_p2             |    shl   |      0|   0|  85|          32|          32|
    |tmp_88_6_i_fu_2048_p2             |    shl   |      0|   0|  85|          32|          32|
    |tmp_88_7_i_fu_2210_p2             |    shl   |      0|   0|  85|          32|          32|
    |tmp_88_8_i_fu_2372_p2             |    shl   |      0|   0|  85|          32|          32|
    |tmp_88_9_i_fu_2534_p2             |    shl   |      0|   0|  85|          32|          32|
    |tmp_88_i_fu_1076_p2               |    shl   |      0|   0|  85|          32|          32|
    |rev1_fu_1175_p2                   |    xor   |      0|   0|   2|           1|           2|
    |rev2_fu_1337_p2                   |    xor   |      0|   0|   2|           1|           2|
    |rev3_fu_1499_p2                   |    xor   |      0|   0|   2|           1|           2|
    |rev4_fu_1661_p2                   |    xor   |      0|   0|   2|           1|           2|
    |rev5_fu_1823_p2                   |    xor   |      0|   0|   2|           1|           2|
    |rev6_fu_1985_p2                   |    xor   |      0|   0|   2|           1|           2|
    |rev7_fu_2147_p2                   |    xor   |      0|   0|   2|           1|           2|
    |rev8_fu_2309_p2                   |    xor   |      0|   0|   2|           1|           2|
    |rev9_fu_2471_p2                   |    xor   |      0|   0|   2|           1|           2|
    |rev_fu_1013_p2                    |    xor   |      0|   0|   2|           1|           2|
    +----------------------------------+----------+-------+----+----+------------+------------+
    |Total                             |          |      0| 400|6021|        2931|        3741|
    +----------------------------------+----------+-------+----+----+------------+------------+

    * Multiplexer: 
    +-----------+----+-----------+-----+-----------+
    |    Name   | LUT| Input Size| Bits| Total Bits|
    +-----------+----+-----------+-----+-----------+
    |ap_NS_fsm  |   3|          4|    1|          4|
    |ap_done    |   3|          2|    1|          2|
    +-----------+----+-----------+-----+-----------+
    |Total      |   6|          6|    2|          6|
    +-----------+----+-----------+-----+-----------+

    * Register: 
    +------------------------+----+----+-----+-----------+
    |          Name          | FF | LUT| Bits| Const Bits|
    +------------------------+----+----+-----+-----------+
    |ap_CS_fsm               |   3|   0|    3|          0|
    |ap_done_reg             |   1|   0|    1|          0|
    |m_6_1_i_reg_3492        |  31|   0|   31|          0|
    |m_6_2_i_reg_3502        |  31|   0|   31|          0|
    |m_6_3_i_reg_3512        |  31|   0|   31|          0|
    |m_6_4_i_reg_3522        |  31|   0|   31|          0|
    |m_6_5_i_reg_3532        |  31|   0|   31|          0|
    |m_6_6_i_reg_3542        |  31|   0|   31|          0|
    |m_6_7_i_reg_3552        |  31|   0|   31|          0|
    |m_6_8_i_reg_3562        |  31|   0|   31|          0|
    |m_6_9_i_reg_3572        |  31|   0|   31|          0|
    |m_6_i_reg_3482          |  31|   0|   31|          0|
    |p_Val2_1_i_54_reg_3141  |  16|   0|   16|          0|
    |p_Val2_1_i_reg_3102     |  16|   0|   16|          0|
    |p_Val2_2_i_reg_3180     |  16|   0|   16|          0|
    |p_Val2_3_i_reg_3219     |  16|   0|   16|          0|
    |p_Val2_4_i_reg_3258     |  16|   0|   16|          0|
    |p_Val2_5_i_reg_3297     |  16|   0|   16|          0|
    |p_Val2_6_i_reg_3336     |  16|   0|   16|          0|
    |p_Val2_7_i_reg_3375     |  16|   0|   16|          0|
    |p_Val2_8_i_reg_3414     |  16|   0|   16|          0|
    |p_Val2_9_i_reg_3453     |  16|   0|   16|          0|
    |tmp_128_reg_3097        |   1|   0|    1|          0|
    |tmp_129_reg_3116        |  16|   0|   16|          0|
    |tmp_131_reg_3121        |   5|   0|    5|          0|
    |tmp_137_reg_3487        |   1|   0|    1|          0|
    |tmp_138_reg_3126        |   8|   0|    8|          0|
    |tmp_139_reg_3136        |   1|   0|    1|          0|
    |tmp_140_reg_3155        |  16|   0|   16|          0|
    |tmp_142_reg_3160        |   5|   0|    5|          0|
    |tmp_148_reg_3497        |   1|   0|    1|          0|
    |tmp_149_reg_3165        |   8|   0|    8|          0|
    |tmp_150_reg_3175        |   1|   0|    1|          0|
    |tmp_151_reg_3194        |  16|   0|   16|          0|
    |tmp_153_reg_3199        |   5|   0|    5|          0|
    |tmp_159_reg_3507        |   1|   0|    1|          0|
    |tmp_160_reg_3204        |   8|   0|    8|          0|
    |tmp_161_reg_3214        |   1|   0|    1|          0|
    |tmp_162_reg_3233        |  16|   0|   16|          0|
    |tmp_164_reg_3238        |   5|   0|    5|          0|
    |tmp_170_reg_3517        |   1|   0|    1|          0|
    |tmp_171_reg_3243        |   8|   0|    8|          0|
    |tmp_172_reg_3253        |   1|   0|    1|          0|
    |tmp_173_reg_3272        |  16|   0|   16|          0|
    |tmp_175_reg_3277        |   5|   0|    5|          0|
    |tmp_181_reg_3527        |   1|   0|    1|          0|
    |tmp_182_reg_3282        |   8|   0|    8|          0|
    |tmp_183_reg_3292        |   1|   0|    1|          0|
    |tmp_184_reg_3311        |  16|   0|   16|          0|
    |tmp_186_reg_3316        |   5|   0|    5|          0|
    |tmp_192_reg_3537        |   1|   0|    1|          0|
    |tmp_193_reg_3321        |   8|   0|    8|          0|
    |tmp_194_reg_3331        |   1|   0|    1|          0|
    |tmp_195_reg_3350        |  16|   0|   16|          0|
    |tmp_197_reg_3355        |   5|   0|    5|          0|
    |tmp_203_reg_3547        |   1|   0|    1|          0|
    |tmp_204_reg_3360        |   8|   0|    8|          0|
    |tmp_205_reg_3370        |   1|   0|    1|          0|
    |tmp_206_reg_3389        |  16|   0|   16|          0|
    |tmp_208_reg_3394        |   5|   0|    5|          0|
    |tmp_214_reg_3557        |   1|   0|    1|          0|
    |tmp_215_reg_3399        |   8|   0|    8|          0|
    |tmp_216_reg_3409        |   1|   0|    1|          0|
    |tmp_217_reg_3428        |  16|   0|   16|          0|
    |tmp_219_reg_3433        |   5|   0|    5|          0|
    |tmp_225_reg_3567        |   1|   0|    1|          0|
    |tmp_226_reg_3438        |   8|   0|    8|          0|
    |tmp_227_reg_3448        |   1|   0|    1|          0|
    |tmp_228_reg_3467        |  16|   0|   16|          0|
    |tmp_230_reg_3472        |   5|   0|    5|          0|
    |tmp_236_reg_3577        |   1|   0|    1|          0|
    |tmp_237_reg_3477        |   8|   0|    8|          0|
    |tmp_701_i_reg_3092      |   1|   0|    1|          0|
    |tmp_70_1_i_reg_3131     |   1|   0|    1|          0|
    |tmp_70_2_i_reg_3170     |   1|   0|    1|          0|
    |tmp_70_3_i_reg_3209     |   1|   0|    1|          0|
    |tmp_70_4_i_reg_3248     |   1|   0|    1|          0|
    |tmp_70_5_i_reg_3287     |   1|   0|    1|          0|
    |tmp_70_6_i_reg_3326     |   1|   0|    1|          0|
    |tmp_70_7_i_reg_3365     |   1|   0|    1|          0|
    |tmp_70_8_i_reg_3404     |   1|   0|    1|          0|
    |tmp_70_9_i_reg_3443     |   1|   0|    1|          0|
    |tmp_741_i_reg_3109      |  32|   0|   32|          0|
    |tmp_74_1_i_reg_3148     |  32|   0|   32|          0|
    |tmp_74_2_i_reg_3187     |  32|   0|   32|          0|
    |tmp_74_3_i_reg_3226     |  32|   0|   32|          0|
    |tmp_74_4_i_reg_3265     |  32|   0|   32|          0|
    |tmp_74_5_i_reg_3304     |  32|   0|   32|          0|
    |tmp_74_6_i_reg_3343     |  32|   0|   32|          0|
    |tmp_74_7_i_reg_3382     |  32|   0|   32|          0|
    |tmp_74_8_i_reg_3421     |  32|   0|   32|          0|
    |tmp_74_9_i_reg_3460     |  32|   0|   32|          0|
    +------------------------+----+----+-----+-----------+
    |Total                   |1114|   0| 1114|          0|
    +------------------------+----+----+-----+-----------+



================================================================
== Interface
================================================================
* Summary: 
+---------------+-----+-----+------------+----------------------+--------------+
|   RTL Ports   | Dir | Bits|  Protocol  |     Source Object    |    C Type    |
+---------------+-----+-----+------------+----------------------+--------------+
|ap_clk         |  in |    1| ap_ctrl_hs | lstm_infer_Block_.pr | return value |
|ap_rst         |  in |    1| ap_ctrl_hs | lstm_infer_Block_.pr | return value |
|ap_start       |  in |    1| ap_ctrl_hs | lstm_infer_Block_.pr | return value |
|ap_done        | out |    1| ap_ctrl_hs | lstm_infer_Block_.pr | return value |
|ap_continue    |  in |    1| ap_ctrl_hs | lstm_infer_Block_.pr | return value |
|ap_idle        | out |    1| ap_ctrl_hs | lstm_infer_Block_.pr | return value |
|ap_ready       | out |    1| ap_ctrl_hs | lstm_infer_Block_.pr | return value |
|p_read         |  in |   16|   ap_none  |        p_read        |    scalar    |
|ress_0         | out |   32|   ap_vld   |        ress_0        |    pointer   |
|ress_0_ap_vld  | out |    1|   ap_vld   |        ress_0        |    pointer   |
|p_read1        |  in |   16|   ap_none  |        p_read1       |    scalar    |
|ress_1         | out |   32|   ap_vld   |        ress_1        |    pointer   |
|ress_1_ap_vld  | out |    1|   ap_vld   |        ress_1        |    pointer   |
|p_read2        |  in |   16|   ap_none  |        p_read2       |    scalar    |
|ress_2         | out |   32|   ap_vld   |        ress_2        |    pointer   |
|ress_2_ap_vld  | out |    1|   ap_vld   |        ress_2        |    pointer   |
|p_read3        |  in |   16|   ap_none  |        p_read3       |    scalar    |
|ress_3         | out |   32|   ap_vld   |        ress_3        |    pointer   |
|ress_3_ap_vld  | out |    1|   ap_vld   |        ress_3        |    pointer   |
|p_read4        |  in |   16|   ap_none  |        p_read4       |    scalar    |
|ress_4         | out |   32|   ap_vld   |        ress_4        |    pointer   |
|ress_4_ap_vld  | out |    1|   ap_vld   |        ress_4        |    pointer   |
|p_read5        |  in |   16|   ap_none  |        p_read5       |    scalar    |
|ress_5         | out |   32|   ap_vld   |        ress_5        |    pointer   |
|ress_5_ap_vld  | out |    1|   ap_vld   |        ress_5        |    pointer   |
|p_read6        |  in |   16|   ap_none  |        p_read6       |    scalar    |
|ress_6         | out |   32|   ap_vld   |        ress_6        |    pointer   |
|ress_6_ap_vld  | out |    1|   ap_vld   |        ress_6        |    pointer   |
|p_read7        |  in |   16|   ap_none  |        p_read7       |    scalar    |
|ress_7         | out |   32|   ap_vld   |        ress_7        |    pointer   |
|ress_7_ap_vld  | out |    1|   ap_vld   |        ress_7        |    pointer   |
|p_read8        |  in |   16|   ap_none  |        p_read8       |    scalar    |
|ress_8         | out |   32|   ap_vld   |        ress_8        |    pointer   |
|ress_8_ap_vld  | out |    1|   ap_vld   |        ress_8        |    pointer   |
|p_read9        |  in |   16|   ap_none  |        p_read9       |    scalar    |
|ress_9         | out |   32|   ap_vld   |        ress_9        |    pointer   |
|ress_9_ap_vld  | out |    1|   ap_vld   |        ress_9        |    pointer   |
+---------------+-----+-----+------------+----------------------+--------------+

