

================================================================
== Vivado HLS Report for 'read_input'
================================================================
* Date:           Sat Apr 19 01:58:36 2025

* Version:        2018.3 (Build 2405991 on Thu Dec 06 23:56:15 MST 2018)
* Project:        bi_lstm
* Solution:       solution1
* Product family: zynq
* Target device:  xc7z020clg400-2


================================================================
== Performance Estimates
================================================================
+ Timing (ns): 
    * Summary: 
    +--------+-------+----------+------------+
    |  Clock | Target| Estimated| Uncertainty|
    +--------+-------+----------+------------+
    |ap_clk  |  10.00|     2.771|        1.25|
    +--------+-------+----------+------------+

+ Latency (clock cycles): 
    * Summary: 
    +------+------+------+------+---------+
    |   Latency   |   Interval  | Pipeline|
    |  min |  max |  min |  max |   Type  |
    +------+------+------+------+---------+
    |  3902|  3902|  3902|  3902|   none  |
    +------+------+------+------+---------+

    + Detail: 
        * Instance: 
        N/A

        * Loop: 
        +-------------+------+------+----------+-----------+-----------+------+----------+
        |             |   Latency   | Iteration|  Initiation Interval  | Trip |          |
        |  Loop Name  |  min |  max |  Latency |  achieved |   target  | Count| Pipelined|
        +-------------+------+------+----------+-----------+-----------+------+----------+
        |- read_loop  |  3900|  3900|         1|          1|          1|  3900|    yes   |
        +-------------+------+------+----------+-----------+-----------+------+----------+



================================================================
== Utilization Estimates
================================================================
* Summary: 
+-----------------+---------+-------+--------+-------+
|       Name      | BRAM_18K| DSP48E|   FF   |  LUT  |
+-----------------+---------+-------+--------+-------+
|DSP              |        -|      -|       -|      -|
|Expression       |        -|      -|       0|     65|
|FIFO             |        -|      -|       -|      -|
|Instance         |        -|      -|       -|      -|
|Memory           |        -|      -|       -|      -|
|Multiplexer      |        -|      -|       -|     21|
|Register         |        -|      -|      85|      -|
+-----------------+---------+-------+--------+-------+
|Total            |        0|      0|      85|     86|
+-----------------+---------+-------+--------+-------+
|Available        |      280|    220|  106400|  53200|
+-----------------+---------+-------+--------+-------+
|Utilization (%)  |        0|      0|   ~0   |   ~0  |
+-----------------+---------+-------+--------+-------+

+ Detail: 
    * Instance: 
    N/A

    * DSP48: 
    N/A

    * Memory: 
    N/A

    * FIFO: 
    N/A

    * Expression: 
    +----------------------------------------+----------+-------+---+----+------------+------------+
    |              Variable Name             | Operation| DSP48E| FF| LUT| Bitwidth P0| Bitwidth P1|
    +----------------------------------------+----------+-------+---+----+------------+------------+
    |i_fu_104_p2                             |     +    |      0|  0|  12|          12|           1|
    |ap_block_state2                         |    and   |      0|  0|   1|           1|           1|
    |input_stream_V_data_V_0_load_A          |    and   |      0|  0|   1|           1|           1|
    |input_stream_V_data_V_0_load_B          |    and   |      0|  0|   1|           1|           1|
    |exitcond_i_fu_98_p2                     |   icmp   |      0|  0|   5|          12|           9|
    |input_stream_V_data_V_0_state_cmp_full  |   icmp   |      0|  0|   1|           2|           1|
    |tmp_i_fu_128_p2                         |   icmp   |      0|  0|  12|          32|           9|
    |tmp_i_49_fu_134_p3                      |  select  |      0|  0|  32|           1|           1|
    +----------------------------------------+----------+-------+---+----+------------+------------+
    |Total                                   |          |      0|  0|  65|          62|          24|
    +----------------------------------------+----------+-------+---+----+------------+------------+

    * Multiplexer: 
    +----------------------------------+----+-----------+-----+-----------+
    |               Name               | LUT| Input Size| Bits| Total Bits|
    +----------------------------------+----+-----------+-----+-----------+
    |ap_NS_fsm                         |   3|          4|    1|          4|
    |i_i_reg_87                        |   3|          2|   12|         24|
    |input_stream_TDATA_blk_n          |   3|          2|    1|          2|
    |input_stream_V_data_V_0_data_out  |   3|          2|   32|         64|
    |input_stream_V_data_V_0_state     |   3|          3|    2|          6|
    |input_stream_V_dest_V_0_state     |   3|          3|    2|          6|
    |seq_o                             |   3|          2|   32|         64|
    +----------------------------------+----+-----------+-----+-----------+
    |Total                             |  21|         18|   82|        170|
    +----------------------------------+----+-----------+-----+-----------+

    * Register: 
    +-----------------------------------+----+----+-----+-----------+
    |                Name               | FF | LUT| Bits| Const Bits|
    +-----------------------------------+----+----+-----+-----------+
    |ap_CS_fsm                          |   3|   0|    3|          0|
    |i_i_reg_87                         |  12|   0|   12|          0|
    |input_stream_V_data_V_0_payload_A  |  32|   0|   32|          0|
    |input_stream_V_data_V_0_payload_B  |  32|   0|   32|          0|
    |input_stream_V_data_V_0_sel_rd     |   1|   0|    1|          0|
    |input_stream_V_data_V_0_sel_wr     |   1|   0|    1|          0|
    |input_stream_V_data_V_0_state      |   2|   0|    2|          0|
    |input_stream_V_dest_V_0_state      |   2|   0|    2|          0|
    +-----------------------------------+----+----+-----+-----------+
    |Total                              |  85|   0|   85|          0|
    +-----------------------------------+----+----+-----+-----------+



================================================================
== Interface
================================================================
* Summary: 
+---------------------+-----+-----+------------+-----------------------+--------------+
|      RTL Ports      | Dir | Bits|  Protocol  |     Source Object     |    C Type    |
+---------------------+-----+-----+------------+-----------------------+--------------+
|ap_clk               |  in |    1| ap_ctrl_hs |       read_input      | return value |
|ap_rst               |  in |    1| ap_ctrl_hs |       read_input      | return value |
|ap_start             |  in |    1| ap_ctrl_hs |       read_input      | return value |
|ap_done              | out |    1| ap_ctrl_hs |       read_input      | return value |
|ap_idle              | out |    1| ap_ctrl_hs |       read_input      | return value |
|ap_ready             | out |    1| ap_ctrl_hs |       read_input      | return value |
|input_stream_TDATA   |  in |   32|    axis    | input_stream_V_data_V |    pointer   |
|input_stream_TVALID  |  in |    1|    axis    | input_stream_V_dest_V |    pointer   |
|input_stream_TREADY  | out |    1|    axis    | input_stream_V_dest_V |    pointer   |
|input_stream_TDEST   |  in |    1|    axis    | input_stream_V_dest_V |    pointer   |
|input_stream_TKEEP   |  in |    4|    axis    | input_stream_V_keep_V |    pointer   |
|input_stream_TSTRB   |  in |    4|    axis    | input_stream_V_strb_V |    pointer   |
|input_stream_TUSER   |  in |    1|    axis    | input_stream_V_user_V |    pointer   |
|input_stream_TLAST   |  in |    1|    axis    | input_stream_V_last_V |    pointer   |
|input_stream_TID     |  in |    1|    axis    |  input_stream_V_id_V  |    pointer   |
|input_buf_address0   | out |   12|  ap_memory |       input_buf       |     array    |
|input_buf_ce0        | out |    1|  ap_memory |       input_buf       |     array    |
|input_buf_we0        | out |    1|  ap_memory |       input_buf       |     array    |
|input_buf_d0         | out |   32|  ap_memory |       input_buf       |     array    |
|seq_i                |  in |   32|   ap_ovld  |          seq          |    pointer   |
|seq_o                | out |   32|   ap_ovld  |          seq          |    pointer   |
|seq_o_ap_vld         | out |    1|   ap_ovld  |          seq          |    pointer   |
+---------------------+-----+-----+------------+-----------------------+--------------+

