

================================================================
== Vivado HLS Report for 'write_output'
================================================================
* Date:           Sat Apr 19 01:59:44 2025

* Version:        2018.3 (Build 2405991 on Thu Dec 06 23:56:15 MST 2018)
* Project:        bi_lstm
* Solution:       solution1
* Product family: zynq
* Target device:  xc7z020clg400-2


================================================================
== Performance Estimates
================================================================
+ Timing (ns): 
    * Summary: 
    +--------+-------+----------+------------+
    |  Clock | Target| Estimated| Uncertainty|
    +--------+-------+----------+------------+
    |ap_clk  |  10.00|     1.795|        1.25|
    +--------+-------+----------+------------+

+ Latency (clock cycles): 
    * Summary: 
    +-----+-----+-----+-----+---------+
    |  Latency  |  Interval | Pipeline|
    | min | max | min | max |   Type  |
    +-----+-----+-----+-----+---------+
    |   13|   13|   13|   13|   none  |
    +-----+-----+-----+-----+---------+

    + Detail: 
        * Instance: 
        N/A

        * Loop: 
        +--------------+-----+-----+----------+-----------+-----------+------+----------+
        |              |  Latency  | Iteration|  Initiation Interval  | Trip |          |
        |   Loop Name  | min | max |  Latency |  achieved |   target  | Count| Pipelined|
        +--------------+-----+-----+----------+-----------+-----------+------+----------+
        |- write_loop  |   11|   11|         3|          1|          1|    10|    yes   |
        +--------------+-----+-----+----------+-----------+-----------+------+----------+



================================================================
== Utilization Estimates
================================================================
* Summary: 
+-----------------+---------+-------+--------+-------+
|       Name      | BRAM_18K| DSP48E|   FF   |  LUT  |
+-----------------+---------+-------+--------+-------+
|DSP              |        -|      -|       -|      -|
|Expression       |        -|      -|       0|     25|
|FIFO             |        -|      -|       -|      -|
|Instance         |        -|      -|       0|     47|
|Memory           |        -|      -|       -|      -|
|Multiplexer      |        -|      -|       -|     45|
|Register         |        -|      -|     135|      -|
+-----------------+---------+-------+--------+-------+
|Total            |        0|      0|     135|    117|
+-----------------+---------+-------+--------+-------+
|Available        |      280|    220|  106400|  53200|
+-----------------+---------+-------+--------+-------+
|Utilization (%)  |        0|      0|   ~0   |   ~0  |
+-----------------+---------+-------+--------+-------+

+ Detail: 
    * Instance: 
    +---------------------------+----------------------+---------+-------+---+----+
    |          Instance         |        Module        | BRAM_18K| DSP48E| FF| LUT|
    +---------------------------+----------------------+---------+-------+---+----+
    |BiLSTM_Top_mux_10cJz_U949  |BiLSTM_Top_mux_10cJz  |        0|      0|  0|  47|
    +---------------------------+----------------------+---------+-------+---+----+
    |Total                      |                      |        0|      0|  0|  47|
    +---------------------------+----------------------+---------+-------+---+----+

    * DSP48: 
    N/A

    * Memory: 
    N/A

    * FIFO: 
    N/A

    * Expression: 
    +-----------------------------------------+----------+-------+---+----+------------+------------+
    |              Variable Name              | Operation| DSP48E| FF| LUT| Bitwidth P0| Bitwidth P1|
    +-----------------------------------------+----------+-------+---+----+------------+------------+
    |i_1_fu_185_p2                            |     +    |      0|  0|   6|           4|           1|
    |ap_block_state3_io                       |    and   |      0|  0|   1|           1|           1|
    |ap_block_state4_io                       |    and   |      0|  0|   1|           1|           1|
    |output_stream_V_data_V_1_load_A          |    and   |      0|  0|   1|           1|           1|
    |output_stream_V_data_V_1_load_B          |    and   |      0|  0|   1|           1|           1|
    |output_stream_V_last_V_1_load_A          |    and   |      0|  0|   1|           1|           1|
    |output_stream_V_last_V_1_load_B          |    and   |      0|  0|   1|           1|           1|
    |exitcond_fu_179_p2                       |   icmp   |      0|  0|   2|           4|           4|
    |is_last_fu_191_p2                        |   icmp   |      0|  0|   2|           4|           4|
    |output_stream_V_data_V_1_state_cmp_full  |   icmp   |      0|  0|   1|           2|           1|
    |output_stream_V_last_V_1_state_cmp_full  |   icmp   |      0|  0|   1|           2|           1|
    |ap_block_pp0_stage0_11001                |    or    |      0|  0|   1|           1|           1|
    |ap_block_state1                          |    or    |      0|  0|   1|           1|           1|
    |ap_block_state5                          |    or    |      0|  0|   1|           1|           1|
    |ap_enable_pp0                            |    xor   |      0|  0|   2|           1|           2|
    |ap_enable_reg_pp0_iter1                  |    xor   |      0|  0|   2|           2|           1|
    +-----------------------------------------+----------+-------+---+----+------------+------------+
    |Total                                    |          |      0|  0|  25|          28|          23|
    +-----------------------------------------+----------+-------+---+----+------------+------------+

    * Multiplexer: 
    +-----------------------------------+----+-----------+-----+-----------+
    |                Name               | LUT| Input Size| Bits| Total Bits|
    +-----------------------------------+----+-----------+-----+-----------+
    |ap_NS_fsm                          |   3|          4|    1|          4|
    |ap_done                            |   3|          2|    1|          2|
    |ap_enable_reg_pp0_iter1            |   3|          2|    1|          2|
    |ap_enable_reg_pp0_iter2            |   3|          2|    1|          2|
    |i_reg_168                          |   3|          2|    4|          8|
    |output_stream_TDATA_blk_n          |   3|          2|    1|          2|
    |output_stream_V_data_V_1_data_out  |   3|          2|   32|         64|
    |output_stream_V_data_V_1_state     |   3|          3|    2|          6|
    |output_stream_V_dest_V_1_state     |   3|          3|    2|          6|
    |output_stream_V_id_V_1_state       |   3|          3|    2|          6|
    |output_stream_V_keep_V_1_state     |   3|          3|    2|          6|
    |output_stream_V_last_V_1_data_out  |   3|          2|    1|          2|
    |output_stream_V_last_V_1_state     |   3|          3|    2|          6|
    |output_stream_V_strb_V_1_state     |   3|          3|    2|          6|
    |output_stream_V_user_V_1_state     |   3|          3|    2|          6|
    +-----------------------------------+----+-----------+-----+-----------+
    |Total                              |  45|         39|   56|        128|
    +-----------------------------------+----+-----------+-----+-----------+

    * Register: 
    +------------------------------------+----+----+-----+-----------+
    |                Name                | FF | LUT| Bits| Const Bits|
    +------------------------------------+----+----+-----+-----------+
    |ap_CS_fsm                           |   3|   0|    3|          0|
    |ap_done_reg                         |   1|   0|    1|          0|
    |ap_enable_reg_pp0_iter0             |   1|   0|    1|          0|
    |ap_enable_reg_pp0_iter1             |   1|   0|    1|          0|
    |ap_enable_reg_pp0_iter2             |   1|   0|    1|          0|
    |exitcond_reg_227                    |   1|   0|    1|          0|
    |exitcond_reg_227_pp0_iter1_reg      |   1|   0|    1|          0|
    |i_reg_168                           |   4|   0|    4|          0|
    |is_last_reg_236                     |   1|   0|    1|          0|
    |output_stream_V_data_V_1_payload_A  |  32|   0|   32|          0|
    |output_stream_V_data_V_1_payload_B  |  32|   0|   32|          0|
    |output_stream_V_data_V_1_sel_rd     |   1|   0|    1|          0|
    |output_stream_V_data_V_1_sel_wr     |   1|   0|    1|          0|
    |output_stream_V_data_V_1_state      |   2|   0|    2|          0|
    |output_stream_V_dest_V_1_sel_rd     |   1|   0|    1|          0|
    |output_stream_V_dest_V_1_state      |   2|   0|    2|          0|
    |output_stream_V_id_V_1_sel_rd       |   1|   0|    1|          0|
    |output_stream_V_id_V_1_state        |   2|   0|    2|          0|
    |output_stream_V_keep_V_1_sel_rd     |   1|   0|    1|          0|
    |output_stream_V_keep_V_1_state      |   2|   0|    2|          0|
    |output_stream_V_last_V_1_payload_A  |   1|   0|    1|          0|
    |output_stream_V_last_V_1_payload_B  |   1|   0|    1|          0|
    |output_stream_V_last_V_1_sel_rd     |   1|   0|    1|          0|
    |output_stream_V_last_V_1_sel_wr     |   1|   0|    1|          0|
    |output_stream_V_last_V_1_state      |   2|   0|    2|          0|
    |output_stream_V_strb_V_1_sel_rd     |   1|   0|    1|          0|
    |output_stream_V_strb_V_1_state      |   2|   0|    2|          0|
    |output_stream_V_user_V_1_sel_rd     |   1|   0|    1|          0|
    |output_stream_V_user_V_1_state      |   2|   0|    2|          0|
    |tmp_1_reg_241                       |  32|   0|   32|          0|
    +------------------------------------+----+----+-----+-----------+
    |Total                               | 135|   0|  135|          0|
    +------------------------------------+----+----+-----+-----------+



================================================================
== Interface
================================================================
* Summary: 
+----------------------+-----+-----+------------+------------------------+--------------+
|       RTL Ports      | Dir | Bits|  Protocol  |      Source Object     |    C Type    |
+----------------------+-----+-----+------------+------------------------+--------------+
|ap_clk                |  in |    1| ap_ctrl_hs |      write_output      | return value |
|ap_rst                |  in |    1| ap_ctrl_hs |      write_output      | return value |
|ap_start              |  in |    1| ap_ctrl_hs |      write_output      | return value |
|ap_done               | out |    1| ap_ctrl_hs |      write_output      | return value |
|ap_continue           |  in |    1| ap_ctrl_hs |      write_output      | return value |
|ap_idle               | out |    1| ap_ctrl_hs |      write_output      | return value |
|ap_ready              | out |    1| ap_ctrl_hs |      write_output      | return value |
|output_stream_TDATA   | out |   32|    axis    | output_stream_V_data_V |    pointer   |
|output_stream_TREADY  |  in |    1|    axis    | output_stream_V_data_V |    pointer   |
|output_stream_TVALID  | out |    1|    axis    | output_stream_V_dest_V |    pointer   |
|output_stream_TDEST   | out |    1|    axis    | output_stream_V_dest_V |    pointer   |
|output_stream_TKEEP   | out |    4|    axis    | output_stream_V_keep_V |    pointer   |
|output_stream_TSTRB   | out |    4|    axis    | output_stream_V_strb_V |    pointer   |
|output_stream_TUSER   | out |    1|    axis    | output_stream_V_user_V |    pointer   |
|output_stream_TLAST   | out |    1|    axis    | output_stream_V_last_V |    pointer   |
|output_stream_TID     | out |    1|    axis    |  output_stream_V_id_V  |    pointer   |
|res_0                 |  in |   32|   ap_none  |          res_0         |    pointer   |
|res_1                 |  in |   32|   ap_none  |          res_1         |    pointer   |
|res_2                 |  in |   32|   ap_none  |          res_2         |    pointer   |
|res_3                 |  in |   32|   ap_none  |          res_3         |    pointer   |
|res_4                 |  in |   32|   ap_none  |          res_4         |    pointer   |
|res_5                 |  in |   32|   ap_none  |          res_5         |    pointer   |
|res_6                 |  in |   32|   ap_none  |          res_6         |    pointer   |
|res_7                 |  in |   32|   ap_none  |          res_7         |    pointer   |
|res_8                 |  in |   32|   ap_none  |          res_8         |    pointer   |
|res_9                 |  in |   32|   ap_none  |          res_9         |    pointer   |
+----------------------+-----+-----+------------+------------------------+--------------+

