#-----------------------------------------------------------
# Vivado v2018.3 (64-bit)
# SW Build 2405991 on Thu Dec  6 23:38:27 MST 2018
# IP Build 2404404 on Fri Dec  7 01:43:56 MST 2018
# Start of session at: Sun Apr 27 23:38:46 2025
# Process ID: 36560
# Current directory: D:/Xilinx/Project/LSTM/lstm_hls/lstm_fpga/lstm_hls_fixed8/solution1/impl/ip
# Command line: vivado.exe -notrace -mode batch -source run_ippack.tcl
# Log file: D:/Xilinx/Project/LSTM/lstm_hls/lstm_fpga/lstm_hls_fixed8/solution1/impl/ip/vivado.log
# Journal file: D:/Xilinx/Project/LSTM/lstm_hls/lstm_fpga/lstm_hls_fixed8/solution1/impl/ip\vivado.jou
#-----------------------------------------------------------
source run_ippack.tcl -notrace
INFO: [IP_Flow 19-234] Refreshing IP repositories
INFO: [IP_Flow 19-1704] No user IP repositories specified
INFO: [IP_Flow 19-2313] Loaded Vivado IP repository 'D:/Xilinx/Vivado/2018.3/data/ip'.
WARNING: [IP_Flow 19-4832] The IP name 'LSTM_Top_ap_fadd_2_full_dsp_32' you have specified is long. The Windows operating system has path length limitations. It is recommended you use shorter names to reduce the likelihood of issues.
INFO: [IP_Flow 19-1686] Generating 'Synthesis' target for IP 'LSTM_Top_ap_fadd_2_full_dsp_32'...
INFO: [IP_Flow 19-1686] Generating 'Simulation' target for IP 'LSTM_Top_ap_fadd_2_full_dsp_32'...
WARNING: [IP_Flow 19-4832] The IP name 'LSTM_Top_ap_fdiv_10_no_dsp_32' you have specified is long. The Windows operating system has path length limitations. It is recommended you use shorter names to reduce the likelihood of issues.
INFO: [IP_Flow 19-1686] Generating 'Synthesis' target for IP 'LSTM_Top_ap_fdiv_10_no_dsp_32'...
INFO: [IP_Flow 19-1686] Generating 'Simulation' target for IP 'LSTM_Top_ap_fdiv_10_no_dsp_32'...
WARNING: [IP_Flow 19-4832] The IP name 'LSTM_Top_ap_fexp_6_full_dsp_32' you have specified is long. The Windows operating system has path length limitations. It is recommended you use shorter names to reduce the likelihood of issues.
INFO: [IP_Flow 19-1686] Generating 'Synthesis' target for IP 'LSTM_Top_ap_fexp_6_full_dsp_32'...
INFO: [IP_Flow 19-1686] Generating 'Simulation' target for IP 'LSTM_Top_ap_fexp_6_full_dsp_32'...
WARNING: [IP_Flow 19-4832] The IP name 'LSTM_Top_ap_fpext_0_no_dsp_32' you have specified is long. The Windows operating system has path length limitations. It is recommended you use shorter names to reduce the likelihood of issues.
INFO: [IP_Flow 19-1686] Generating 'Synthesis' target for IP 'LSTM_Top_ap_fpext_0_no_dsp_32'...
INFO: [IP_Flow 19-1686] Generating 'Simulation' target for IP 'LSTM_Top_ap_fpext_0_no_dsp_32'...
WARNING: [IP_Flow 19-4832] The IP name 'LSTM_Top_ap_fsub_2_full_dsp_32' you have specified is long. The Windows operating system has path length limitations. It is recommended you use shorter names to reduce the likelihood of issues.
INFO: [IP_Flow 19-1686] Generating 'Synthesis' target for IP 'LSTM_Top_ap_fsub_2_full_dsp_32'...
INFO: [IP_Flow 19-1686] Generating 'Simulation' target for IP 'LSTM_Top_ap_fsub_2_full_dsp_32'...
INFO: [IP_Flow 19-234] Refreshing IP repositories
INFO: [IP_Flow 19-1704] No user IP repositories specified
INFO: [IP_Flow 19-2313] Loaded Vivado IP repository 'D:/Xilinx/Vivado/2018.3/data/ip'.
INFO: [Common 17-206] Exiting Vivado at Sun Apr 27 23:38:58 2025...
