

================================================================
== Vivado HLS Report for 'BiLSTM_Top'
================================================================
* Date:           Sat Apr 19 01:58:29 2025

* Version:        2018.3 (Build 2405991 on Thu Dec 06 23:56:15 MST 2018)
* Project:        bi_lstm
* Solution:       solution1
* Product family: zynq
* Target device:  xc7z020clg400-2


================================================================
== Performance Estimates
================================================================
+ Timing (ns): 
    * Summary: 
    +--------+-------+----------+------------+
    |  Clock | Target| Estimated| Uncertainty|
    +--------+-------+----------+------------+
    |ap_clk  |  10.00|     9.760|        1.25|
    +--------+-------+----------+------------+

+ Latency (clock cycles): 
    * Summary: 
    +------+--------+------+--------+----------+
    |    Latency    |    Interval   | Pipeline |
    |  min |   max  |  min |   max  |   Type   |
    +------+--------+------+--------+----------+
    |  4752|  124628|  3907|  114944| dataflow |
    +------+--------+------+--------+----------+

    + Detail: 
        * Instance: 
        N/A

        * Loop: 
        N/A

============================================================
+ Verbose Summary: Synthesis Manager
============================================================
InlineROM: 1
ExposeGlobal: 0
============================================================
+ Verbose Summary: CDFG Model
============================================================
IsTopModel: 1
ResetActiveHigh: 1
IsCombinational: 2
IsDatapathOnly: 0
HasWiredReturn: 1
HasMFsm: 0
HasVarLatency: 1
IsPipeline: 0
IsRtlPipelined: 0
IsInstanceOverlapped: 0
IsDontTouch: 0
HasImplIP: 0
IsGatedGlobalClock: 0


============================================================
+ Verbose Summary: Schedule
============================================================
* Number of FSM states : 8
* Pipeline : 0
* Dataflow Pipeline: 1
  DF-Pipeline-0: Size = 8, States = { 1 2 3 4 5 6 7 8 }

* FSM state transitions: 
1 --> 
	2  / true
2 --> 
	3  / true
3 --> 
	4  / true
4 --> 
	5  / true
5 --> 
	6  / true
6 --> 
	7  / true
7 --> 
	8  / true
8 --> 

* FSM state operations: 

State 1 <SV = 0> <Delay = 0.00>
ST_1 : Operation 9 [1/1] (0.00ns)   --->   "%res_9 = alloca float, align 4" [bi_lstm/src/rnn_top.cpp:37]   --->   Operation 9 'alloca' 'res_9' <Predicate = true> <Delay = 0.00> <Core = "FIFO">   --->   Core 32 'FIFO' <Latency = 0> <II = 1> <Delay = 3.40> <Storage> <Opcode : 'read' 'write' 'nbread' 'nbwrite'> <Ports = 0> <Width = 7> <Depth = 2> <FIFO>
ST_1 : Operation 10 [1/1] (0.00ns)   --->   "%res_8 = alloca float, align 4" [bi_lstm/src/rnn_top.cpp:37]   --->   Operation 10 'alloca' 'res_8' <Predicate = true> <Delay = 0.00> <Core = "FIFO">   --->   Core 32 'FIFO' <Latency = 0> <II = 1> <Delay = 3.40> <Storage> <Opcode : 'read' 'write' 'nbread' 'nbwrite'> <Ports = 0> <Width = 7> <Depth = 2> <FIFO>
ST_1 : Operation 11 [1/1] (0.00ns)   --->   "%res_7 = alloca float, align 4" [bi_lstm/src/rnn_top.cpp:37]   --->   Operation 11 'alloca' 'res_7' <Predicate = true> <Delay = 0.00> <Core = "FIFO">   --->   Core 32 'FIFO' <Latency = 0> <II = 1> <Delay = 3.40> <Storage> <Opcode : 'read' 'write' 'nbread' 'nbwrite'> <Ports = 0> <Width = 7> <Depth = 2> <FIFO>
ST_1 : Operation 12 [1/1] (0.00ns)   --->   "%res_6 = alloca float, align 4" [bi_lstm/src/rnn_top.cpp:37]   --->   Operation 12 'alloca' 'res_6' <Predicate = true> <Delay = 0.00> <Core = "FIFO">   --->   Core 32 'FIFO' <Latency = 0> <II = 1> <Delay = 3.40> <Storage> <Opcode : 'read' 'write' 'nbread' 'nbwrite'> <Ports = 0> <Width = 7> <Depth = 2> <FIFO>
ST_1 : Operation 13 [1/1] (0.00ns)   --->   "%res_5 = alloca float, align 4" [bi_lstm/src/rnn_top.cpp:37]   --->   Operation 13 'alloca' 'res_5' <Predicate = true> <Delay = 0.00> <Core = "FIFO">   --->   Core 32 'FIFO' <Latency = 0> <II = 1> <Delay = 3.40> <Storage> <Opcode : 'read' 'write' 'nbread' 'nbwrite'> <Ports = 0> <Width = 7> <Depth = 2> <FIFO>
ST_1 : Operation 14 [1/1] (0.00ns)   --->   "%res_4 = alloca float, align 4" [bi_lstm/src/rnn_top.cpp:37]   --->   Operation 14 'alloca' 'res_4' <Predicate = true> <Delay = 0.00> <Core = "FIFO">   --->   Core 32 'FIFO' <Latency = 0> <II = 1> <Delay = 3.40> <Storage> <Opcode : 'read' 'write' 'nbread' 'nbwrite'> <Ports = 0> <Width = 7> <Depth = 2> <FIFO>
ST_1 : Operation 15 [1/1] (0.00ns)   --->   "%res_3 = alloca float, align 4" [bi_lstm/src/rnn_top.cpp:37]   --->   Operation 15 'alloca' 'res_3' <Predicate = true> <Delay = 0.00> <Core = "FIFO">   --->   Core 32 'FIFO' <Latency = 0> <II = 1> <Delay = 3.40> <Storage> <Opcode : 'read' 'write' 'nbread' 'nbwrite'> <Ports = 0> <Width = 7> <Depth = 2> <FIFO>
ST_1 : Operation 16 [1/1] (0.00ns)   --->   "%res_2 = alloca float, align 4" [bi_lstm/src/rnn_top.cpp:37]   --->   Operation 16 'alloca' 'res_2' <Predicate = true> <Delay = 0.00> <Core = "FIFO">   --->   Core 32 'FIFO' <Latency = 0> <II = 1> <Delay = 3.40> <Storage> <Opcode : 'read' 'write' 'nbread' 'nbwrite'> <Ports = 0> <Width = 7> <Depth = 2> <FIFO>
ST_1 : Operation 17 [1/1] (0.00ns)   --->   "%res_1 = alloca float, align 4" [bi_lstm/src/rnn_top.cpp:37]   --->   Operation 17 'alloca' 'res_1' <Predicate = true> <Delay = 0.00> <Core = "FIFO">   --->   Core 32 'FIFO' <Latency = 0> <II = 1> <Delay = 3.40> <Storage> <Opcode : 'read' 'write' 'nbread' 'nbwrite'> <Ports = 0> <Width = 7> <Depth = 2> <FIFO>
ST_1 : Operation 18 [1/1] (0.00ns)   --->   "%res_0 = alloca float, align 4" [bi_lstm/src/rnn_top.cpp:37]   --->   Operation 18 'alloca' 'res_0' <Predicate = true> <Delay = 0.00> <Core = "FIFO">   --->   Core 32 'FIFO' <Latency = 0> <II = 1> <Delay = 3.40> <Storage> <Opcode : 'read' 'write' 'nbread' 'nbwrite'> <Ports = 0> <Width = 7> <Depth = 2> <FIFO>
ST_1 : Operation 19 [1/1] (0.00ns)   --->   "%input_ping = alloca [3900 x float], align 16" [bi_lstm/src/rnn_top.cpp:35]   --->   Operation 19 'alloca' 'input_ping' <Predicate = true> <Delay = 0.00>

State 2 <SV = 1> <Delay = 0.00>
ST_2 : Operation 20 [2/2] (0.00ns)   --->   "%data_lens_load_loc_c = call fastcc i7 @Block__proc(i32* %input_stream_V_data_V, i4* %input_stream_V_keep_V, i4* %input_stream_V_strb_V, i1* %input_stream_V_user_V, i1* %input_stream_V_last_V, i1* %input_stream_V_id_V, i1* %input_stream_V_dest_V, [3900 x float]* %input_ping)"   --->   Operation 20 'call' 'data_lens_load_loc_c' <Predicate = true> <Delay = 0.00> <Core = "FIFO">   --->   Core 32 'FIFO' <Latency = 0> <II = 1> <Delay = 3.40> <Storage> <Opcode : 'read' 'write' 'nbread' 'nbwrite'> <Ports = 0> <Width = 7> <Depth = 2> <FIFO>

State 3 <SV = 2> <Delay = 2.77>
ST_3 : Operation 21 [1/2] (2.77ns)   --->   "%data_lens_load_loc_c = call fastcc i7 @Block__proc(i32* %input_stream_V_data_V, i4* %input_stream_V_keep_V, i4* %input_stream_V_strb_V, i1* %input_stream_V_user_V, i1* %input_stream_V_last_V, i1* %input_stream_V_id_V, i1* %input_stream_V_dest_V, [3900 x float]* %input_ping)"   --->   Operation 21 'call' 'data_lens_load_loc_c' <Predicate = true> <Delay = 2.77> <Core = "FIFO">   --->   Core 32 'FIFO' <Latency = 0> <II = 1> <Delay = 3.40> <Storage> <Opcode : 'read' 'write' 'nbread' 'nbwrite'> <Ports = 0> <Width = 7> <Depth = 2> <FIFO>

State 4 <SV = 3> <Delay = 3.40>
ST_4 : Operation 22 [2/2] (3.40ns)   --->   "call fastcc void @lstm_infer([3900 x float]* %input_ping, i7 %data_lens_load_loc_c, float* %res_0, float* %res_1, float* %res_2, float* %res_3, float* %res_4, float* %res_5, float* %res_6, float* %res_7, float* %res_8, float* %res_9)"   --->   Operation 22 'call' <Predicate = true> <Delay = 3.40> <CoreType = "Generic">   --->   Core 0 '' <Latency = 0> <II = 1> <Delay = 1.00> <Generic> <Opcode : >

State 5 <SV = 4> <Delay = 0.00>
ST_5 : Operation 23 [1/2] (0.00ns)   --->   "call fastcc void @lstm_infer([3900 x float]* %input_ping, i7 %data_lens_load_loc_c, float* %res_0, float* %res_1, float* %res_2, float* %res_3, float* %res_4, float* %res_5, float* %res_6, float* %res_7, float* %res_8, float* %res_9)"   --->   Operation 23 'call' <Predicate = true> <Delay = 0.00> <CoreType = "Generic">   --->   Core 0 '' <Latency = 0> <II = 1> <Delay = 1.00> <Generic> <Opcode : >

State 6 <SV = 5> <Delay = 1.79>
ST_6 : Operation 24 [2/2] (1.79ns)   --->   "call fastcc void @write_output(i32* %output_stream_V_data_V, i4* %output_stream_V_keep_V, i4* %output_stream_V_strb_V, i1* %output_stream_V_user_V, i1* %output_stream_V_last_V, i1* %output_stream_V_id_V, i1* %output_stream_V_dest_V, float* %res_0, float* %res_1, float* %res_2, float* %res_3, float* %res_4, float* %res_5, float* %res_6, float* %res_7, float* %res_8, float* %res_9)" [bi_lstm/src/rnn_top.cpp:45]   --->   Operation 24 'call' <Predicate = true> <Delay = 1.79> <CoreType = "Generic">   --->   Core 0 '' <Latency = 0> <II = 1> <Delay = 1.00> <Generic> <Opcode : >

State 7 <SV = 6> <Delay = 0.00>
ST_7 : Operation 25 [1/2] (0.00ns)   --->   "call fastcc void @write_output(i32* %output_stream_V_data_V, i4* %output_stream_V_keep_V, i4* %output_stream_V_strb_V, i1* %output_stream_V_user_V, i1* %output_stream_V_last_V, i1* %output_stream_V_id_V, i1* %output_stream_V_dest_V, float* %res_0, float* %res_1, float* %res_2, float* %res_3, float* %res_4, float* %res_5, float* %res_6, float* %res_7, float* %res_8, float* %res_9)" [bi_lstm/src/rnn_top.cpp:45]   --->   Operation 25 'call' <Predicate = true> <Delay = 0.00> <CoreType = "Generic">   --->   Core 0 '' <Latency = 0> <II = 1> <Delay = 1.00> <Generic> <Opcode : >

State 8 <SV = 7> <Delay = 0.00>
ST_8 : Operation 26 [1/1] (0.00ns)   --->   "call void (...)* @_ssdm_op_SpecDataflowPipeline(i32 -1, i32 0, [1 x i8]* @p_str) nounwind" [bi_lstm/src/rnn_top.cpp:33]   --->   Operation 26 'specdataflowpipeline' <Predicate = true> <Delay = 0.00>
ST_8 : Operation 27 [1/1] (0.00ns)   --->   "call void (...)* @_ssdm_op_SpecBitsMap(i32* %input_stream_V_data_V), !map !162"   --->   Operation 27 'specbitsmap' <Predicate = true> <Delay = 0.00>
ST_8 : Operation 28 [1/1] (0.00ns)   --->   "call void (...)* @_ssdm_op_SpecBitsMap(i4* %input_stream_V_keep_V), !map !166"   --->   Operation 28 'specbitsmap' <Predicate = true> <Delay = 0.00>
ST_8 : Operation 29 [1/1] (0.00ns)   --->   "call void (...)* @_ssdm_op_SpecBitsMap(i4* %input_stream_V_strb_V), !map !170"   --->   Operation 29 'specbitsmap' <Predicate = true> <Delay = 0.00>
ST_8 : Operation 30 [1/1] (0.00ns)   --->   "call void (...)* @_ssdm_op_SpecBitsMap(i1* %input_stream_V_user_V), !map !174"   --->   Operation 30 'specbitsmap' <Predicate = true> <Delay = 0.00>
ST_8 : Operation 31 [1/1] (0.00ns)   --->   "call void (...)* @_ssdm_op_SpecBitsMap(i1* %input_stream_V_last_V), !map !178"   --->   Operation 31 'specbitsmap' <Predicate = true> <Delay = 0.00>
ST_8 : Operation 32 [1/1] (0.00ns)   --->   "call void (...)* @_ssdm_op_SpecBitsMap(i1* %input_stream_V_id_V), !map !182"   --->   Operation 32 'specbitsmap' <Predicate = true> <Delay = 0.00>
ST_8 : Operation 33 [1/1] (0.00ns)   --->   "call void (...)* @_ssdm_op_SpecBitsMap(i1* %input_stream_V_dest_V), !map !186"   --->   Operation 33 'specbitsmap' <Predicate = true> <Delay = 0.00>
ST_8 : Operation 34 [1/1] (0.00ns)   --->   "call void (...)* @_ssdm_op_SpecBitsMap(i32* %output_stream_V_data_V), !map !190"   --->   Operation 34 'specbitsmap' <Predicate = true> <Delay = 0.00>
ST_8 : Operation 35 [1/1] (0.00ns)   --->   "call void (...)* @_ssdm_op_SpecBitsMap(i4* %output_stream_V_keep_V), !map !194"   --->   Operation 35 'specbitsmap' <Predicate = true> <Delay = 0.00>
ST_8 : Operation 36 [1/1] (0.00ns)   --->   "call void (...)* @_ssdm_op_SpecBitsMap(i4* %output_stream_V_strb_V), !map !198"   --->   Operation 36 'specbitsmap' <Predicate = true> <Delay = 0.00>
ST_8 : Operation 37 [1/1] (0.00ns)   --->   "call void (...)* @_ssdm_op_SpecBitsMap(i1* %output_stream_V_user_V), !map !202"   --->   Operation 37 'specbitsmap' <Predicate = true> <Delay = 0.00>
ST_8 : Operation 38 [1/1] (0.00ns)   --->   "call void (...)* @_ssdm_op_SpecBitsMap(i1* %output_stream_V_last_V), !map !206"   --->   Operation 38 'specbitsmap' <Predicate = true> <Delay = 0.00>
ST_8 : Operation 39 [1/1] (0.00ns)   --->   "call void (...)* @_ssdm_op_SpecBitsMap(i1* %output_stream_V_id_V), !map !210"   --->   Operation 39 'specbitsmap' <Predicate = true> <Delay = 0.00>
ST_8 : Operation 40 [1/1] (0.00ns)   --->   "call void (...)* @_ssdm_op_SpecBitsMap(i1* %output_stream_V_dest_V), !map !214"   --->   Operation 40 'specbitsmap' <Predicate = true> <Delay = 0.00>
ST_8 : Operation 41 [1/1] (0.00ns)   --->   "call void (...)* @_ssdm_op_SpecTopModule([11 x i8]* @BiLSTM_Top_str) nounwind"   --->   Operation 41 'spectopmodule' <Predicate = true> <Delay = 0.00>
ST_8 : Operation 42 [1/1] (0.00ns)   --->   "call void (...)* @_ssdm_op_SpecInterface(i32* %input_stream_V_data_V, i4* %input_stream_V_keep_V, i4* %input_stream_V_strb_V, i1* %input_stream_V_user_V, i1* %input_stream_V_last_V, i1* %input_stream_V_id_V, i1* %input_stream_V_dest_V, [5 x i8]* @p_str3, i32 1, i32 1, [5 x i8]* @p_str4, i32 0, i32 0, [1 x i8]* @p_str, [1 x i8]* @p_str, [1 x i8]* @p_str, i32 0, i32 0, i32 0, i32 0, [1 x i8]* @p_str, [1 x i8]* @p_str) nounwind" [bi_lstm/src/rnn_top.cpp:30]   --->   Operation 42 'specinterface' <Predicate = true> <Delay = 0.00>
ST_8 : Operation 43 [1/1] (0.00ns)   --->   "call void (...)* @_ssdm_op_SpecInterface(i32* %output_stream_V_data_V, i4* %output_stream_V_keep_V, i4* %output_stream_V_strb_V, i1* %output_stream_V_user_V, i1* %output_stream_V_last_V, i1* %output_stream_V_id_V, i1* %output_stream_V_dest_V, [5 x i8]* @p_str3, i32 1, i32 1, [5 x i8]* @p_str4, i32 0, i32 0, [1 x i8]* @p_str, [1 x i8]* @p_str, [1 x i8]* @p_str, i32 0, i32 0, i32 0, i32 0, [1 x i8]* @p_str, [1 x i8]* @p_str) nounwind" [bi_lstm/src/rnn_top.cpp:31]   --->   Operation 43 'specinterface' <Predicate = true> <Delay = 0.00>
ST_8 : Operation 44 [1/1] (0.00ns)   --->   "call void (...)* @_ssdm_op_SpecInterface(i32 0, [13 x i8]* @p_str5, i32 0, i32 0, [1 x i8]* @p_str, i32 0, i32 0, [1 x i8]* @p_str, [1 x i8]* @p_str, [1 x i8]* @p_str, i32 0, i32 0, i32 0, i32 0, [1 x i8]* @p_str, [1 x i8]* @p_str) nounwind" [bi_lstm/src/rnn_top.cpp:32]   --->   Operation 44 'specinterface' <Predicate = true> <Delay = 0.00>
ST_8 : Operation 45 [1/1] (0.00ns)   --->   "ret void" [bi_lstm/src/rnn_top.cpp:63]   --->   Operation 45 'ret' <Predicate = true> <Delay = 0.00>


============================================================
+ Verbose Summary: Timing violations
============================================================
Target clock period: 10ns, clock uncertainty: 1.25ns.

 <State 1>: 0ns
The critical path consists of the following:

 <State 2>: 0ns
The critical path consists of the following:

 <State 3>: 2.77ns
The critical path consists of the following:
	'call' operation ('data_lens_load_loc_c') to 'Block__proc' [128]  (2.77 ns)

 <State 4>: 3.4ns
The critical path consists of the following:
	'call' operation to 'lstm_infer' [129]  (3.4 ns)

 <State 5>: 0ns
The critical path consists of the following:

 <State 6>: 1.79ns
The critical path consists of the following:
	'call' operation (bi_lstm/src/rnn_top.cpp:45) to 'write_output' [130]  (1.79 ns)

 <State 7>: 0ns
The critical path consists of the following:

 <State 8>: 0ns
The critical path consists of the following:


============================================================
+ Verbose Summary: Binding
============================================================
N/A
* FSMD analyzer results:
  - Output states:
 - Input state : 
  - Chain level:
	State 1
	State 2
	State 3
	State 4
	State 5
	State 6
	State 7
	State 8


============================================================
+ Verbose Summary: Datapath Resource usage 
============================================================
N/A
