

================================================================
== Vivado HLS Report for 'BiLSTM_Top'
================================================================
* Date:           Sat Apr 19 01:58:33 2025

* Version:        2018.3 (Build 2405991 on Thu Dec 06 23:56:15 MST 2018)
* Project:        bi_lstm
* Solution:       solution1
* Product family: zynq
* Target device:  xc7z020clg400-2


================================================================
== Performance Estimates
================================================================
+ Timing (ns): 
    * Summary: 
    +--------+-------+----------+------------+
    |  Clock | Target| Estimated| Uncertainty|
    +--------+-------+----------+------------+
    |ap_clk  |  10.00|     9.760|        1.25|
    +--------+-------+----------+------------+

+ Latency (clock cycles): 
    * Summary: 
    +------+--------+------+--------+----------+
    |    Latency    |    Interval   | Pipeline |
    |  min |   max  |  min |   max  |   Type   |
    +------+--------+------+--------+----------+
    |  4752|  124628|  3907|  114944| dataflow |
    +------+--------+------+--------+----------+

    + Detail: 
        * Instance: 
        +-------------------------+--------------+------+--------+------+--------+----------+
        |                         |              |    Latency    |    Interval   | Pipeline |
        |         Instance        |    Module    |  min |   max  |  min |   max  |   Type   |
        +-------------------------+--------------+------+--------+------+--------+----------+
        |grp_lstm_infer_fu_270    |lstm_infer    |   831|  120721|   706|  114944| dataflow |
        |grp_write_output_fu_448  |write_output  |    13|      13|    13|      13|   none   |
        |grp_Block_proc_fu_476    |Block_proc    |  3906|    3906|  3906|    3906|   none   |
        +-------------------------+--------------+------+--------+------+--------+----------+

        * Loop: 
        N/A

============================================================
+ Verbose Summary: Synthesis Manager
============================================================
InlineROM: 1
ExposeGlobal: 0
============================================================
+ Verbose Summary: CDFG Model
============================================================
IsTopModel: 1
ResetActiveHigh: 1
IsCombinational: 2
IsDatapathOnly: 0
HasWiredReturn: 1
HasMFsm: 0
HasVarLatency: 1
IsPipeline: 0
IsRtlPipelined: 0
IsInstanceOverlapped: 0
IsDontTouch: 0
HasImplIP: 0
IsGatedGlobalClock: 0


============================================================
+ Verbose Summary: Schedule
============================================================
* Number of FSM states : 8
* Pipeline : 0
* Dataflow Pipeline: 1
  DF-Pipeline-0: Size = 8, States = { 1 2 3 4 5 6 7 8 }

* FSM state transitions: 
1 --> 
	2  / true
2 --> 
	3  / true
3 --> 
	4  / true
4 --> 
	5  / true
5 --> 
	6  / true
6 --> 
	7  / true
7 --> 
	8  / true
8 --> 

* FSM state operations: 

State 1 <SV = 0> <Delay = 2.77>
ST_1 : Operation 9 [1/1] (0.00ns)   --->   "%res_9 = alloca float, align 4" [bi_lstm/src/rnn_top.cpp:37]   --->   Operation 9 'alloca' 'res_9' <Predicate = true> <Delay = 0.00> <Core = "FIFO">   --->   Core 32 'FIFO' <Latency = 0> <II = 1> <Delay = 3.40> <Storage> <Opcode : 'read' 'write' 'nbread' 'nbwrite'> <Ports = 0> <Width = 7> <Depth = 2> <FIFO>
ST_1 : Operation 10 [1/1] (0.00ns)   --->   "%res_8 = alloca float, align 4" [bi_lstm/src/rnn_top.cpp:37]   --->   Operation 10 'alloca' 'res_8' <Predicate = true> <Delay = 0.00> <Core = "FIFO">   --->   Core 32 'FIFO' <Latency = 0> <II = 1> <Delay = 3.40> <Storage> <Opcode : 'read' 'write' 'nbread' 'nbwrite'> <Ports = 0> <Width = 7> <Depth = 2> <FIFO>
ST_1 : Operation 11 [1/1] (0.00ns)   --->   "%res_7 = alloca float, align 4" [bi_lstm/src/rnn_top.cpp:37]   --->   Operation 11 'alloca' 'res_7' <Predicate = true> <Delay = 0.00> <Core = "FIFO">   --->   Core 32 'FIFO' <Latency = 0> <II = 1> <Delay = 3.40> <Storage> <Opcode : 'read' 'write' 'nbread' 'nbwrite'> <Ports = 0> <Width = 7> <Depth = 2> <FIFO>
ST_1 : Operation 12 [1/1] (0.00ns)   --->   "%res_6 = alloca float, align 4" [bi_lstm/src/rnn_top.cpp:37]   --->   Operation 12 'alloca' 'res_6' <Predicate = true> <Delay = 0.00> <Core = "FIFO">   --->   Core 32 'FIFO' <Latency = 0> <II = 1> <Delay = 3.40> <Storage> <Opcode : 'read' 'write' 'nbread' 'nbwrite'> <Ports = 0> <Width = 7> <Depth = 2> <FIFO>
ST_1 : Operation 13 [1/1] (0.00ns)   --->   "%res_5 = alloca float, align 4" [bi_lstm/src/rnn_top.cpp:37]   --->   Operation 13 'alloca' 'res_5' <Predicate = true> <Delay = 0.00> <Core = "FIFO">   --->   Core 32 'FIFO' <Latency = 0> <II = 1> <Delay = 3.40> <Storage> <Opcode : 'read' 'write' 'nbread' 'nbwrite'> <Ports = 0> <Width = 7> <Depth = 2> <FIFO>
ST_1 : Operation 14 [1/1] (0.00ns)   --->   "%res_4 = alloca float, align 4" [bi_lstm/src/rnn_top.cpp:37]   --->   Operation 14 'alloca' 'res_4' <Predicate = true> <Delay = 0.00> <Core = "FIFO">   --->   Core 32 'FIFO' <Latency = 0> <II = 1> <Delay = 3.40> <Storage> <Opcode : 'read' 'write' 'nbread' 'nbwrite'> <Ports = 0> <Width = 7> <Depth = 2> <FIFO>
ST_1 : Operation 15 [1/1] (0.00ns)   --->   "%res_3 = alloca float, align 4" [bi_lstm/src/rnn_top.cpp:37]   --->   Operation 15 'alloca' 'res_3' <Predicate = true> <Delay = 0.00> <Core = "FIFO">   --->   Core 32 'FIFO' <Latency = 0> <II = 1> <Delay = 3.40> <Storage> <Opcode : 'read' 'write' 'nbread' 'nbwrite'> <Ports = 0> <Width = 7> <Depth = 2> <FIFO>
ST_1 : Operation 16 [1/1] (0.00ns)   --->   "%res_2 = alloca float, align 4" [bi_lstm/src/rnn_top.cpp:37]   --->   Operation 16 'alloca' 'res_2' <Predicate = true> <Delay = 0.00> <Core = "FIFO">   --->   Core 32 'FIFO' <Latency = 0> <II = 1> <Delay = 3.40> <Storage> <Opcode : 'read' 'write' 'nbread' 'nbwrite'> <Ports = 0> <Width = 7> <Depth = 2> <FIFO>
ST_1 : Operation 17 [1/1] (0.00ns)   --->   "%res_1 = alloca float, align 4" [bi_lstm/src/rnn_top.cpp:37]   --->   Operation 17 'alloca' 'res_1' <Predicate = true> <Delay = 0.00> <Core = "FIFO">   --->   Core 32 'FIFO' <Latency = 0> <II = 1> <Delay = 3.40> <Storage> <Opcode : 'read' 'write' 'nbread' 'nbwrite'> <Ports = 0> <Width = 7> <Depth = 2> <FIFO>
ST_1 : Operation 18 [1/1] (0.00ns)   --->   "%res_0 = alloca float, align 4" [bi_lstm/src/rnn_top.cpp:37]   --->   Operation 18 'alloca' 'res_0' <Predicate = true> <Delay = 0.00> <Core = "FIFO">   --->   Core 32 'FIFO' <Latency = 0> <II = 1> <Delay = 3.40> <Storage> <Opcode : 'read' 'write' 'nbread' 'nbwrite'> <Ports = 0> <Width = 7> <Depth = 2> <FIFO>
ST_1 : Operation 19 [1/1] (2.77ns)   --->   "%input_ping = alloca [3900 x float], align 16" [bi_lstm/src/rnn_top.cpp:35]   --->   Operation 19 'alloca' 'input_ping' <Predicate = true> <Delay = 2.77>

State 2 <SV = 1> <Delay = 0.00>
ST_2 : Operation 20 [2/2] (0.00ns)   --->   "%data_lens_load_loc_c = call fastcc i7 @Block__proc(i32* %input_stream_V_data_V, i4* %input_stream_V_keep_V, i4* %input_stream_V_strb_V, i1* %input_stream_V_user_V, i1* %input_stream_V_last_V, i1* %input_stream_V_id_V, i1* %input_stream_V_dest_V, [3900 x float]* %input_ping)"   --->   Operation 20 'call' 'data_lens_load_loc_c' <Predicate = true> <Delay = 0.00> <Core = "FIFO">   --->   Core 32 'FIFO' <Latency = 0> <II = 1> <Delay = 3.40> <Storage> <Opcode : 'read' 'write' 'nbread' 'nbwrite'> <Ports = 0> <Width = 7> <Depth = 2> <FIFO>

State 3 <SV = 2> <Delay = 2.77>
ST_3 : Operation 21 [1/2] (2.77ns)   --->   "%data_lens_load_loc_c = call fastcc i7 @Block__proc(i32* %input_stream_V_data_V, i4* %input_stream_V_keep_V, i4* %input_stream_V_strb_V, i1* %input_stream_V_user_V, i1* %input_stream_V_last_V, i1* %input_stream_V_id_V, i1* %input_stream_V_dest_V, [3900 x float]* %input_ping)"   --->   Operation 21 'call' 'data_lens_load_loc_c' <Predicate = true> <Delay = 2.77> <Core = "FIFO">   --->   Core 32 'FIFO' <Latency = 0> <II = 1> <Delay = 3.40> <Storage> <Opcode : 'read' 'write' 'nbread' 'nbwrite'> <Ports = 0> <Width = 7> <Depth = 2> <FIFO>

State 4 <SV = 3> <Delay = 3.40>
ST_4 : Operation 22 [2/2] (3.40ns)   --->   "call fastcc void @lstm_infer([3900 x float]* %input_ping, i7 %data_lens_load_loc_c, float* %res_0, float* %res_1, float* %res_2, float* %res_3, float* %res_4, float* %res_5, float* %res_6, float* %res_7, float* %res_8, float* %res_9)"   --->   Operation 22 'call' <Predicate = true> <Delay = 3.40> <CoreType = "Generic">   --->   Core 0 '' <Latency = 0> <II = 1> <Delay = 1.00> <Generic> <Opcode : >

State 5 <SV = 4> <Delay = 0.00>
ST_5 : Operation 23 [1/2] (0.00ns)   --->   "call fastcc void @lstm_infer([3900 x float]* %input_ping, i7 %data_lens_load_loc_c, float* %res_0, float* %res_1, float* %res_2, float* %res_3, float* %res_4, float* %res_5, float* %res_6, float* %res_7, float* %res_8, float* %res_9)"   --->   Operation 23 'call' <Predicate = true> <Delay = 0.00> <CoreType = "Generic">   --->   Core 0 '' <Latency = 0> <II = 1> <Delay = 1.00> <Generic> <Opcode : >

State 6 <SV = 5> <Delay = 1.79>
ST_6 : Operation 24 [2/2] (1.79ns)   --->   "call fastcc void @write_output(i32* %output_stream_V_data_V, i4* %output_stream_V_keep_V, i4* %output_stream_V_strb_V, i1* %output_stream_V_user_V, i1* %output_stream_V_last_V, i1* %output_stream_V_id_V, i1* %output_stream_V_dest_V, float* %res_0, float* %res_1, float* %res_2, float* %res_3, float* %res_4, float* %res_5, float* %res_6, float* %res_7, float* %res_8, float* %res_9)" [bi_lstm/src/rnn_top.cpp:45]   --->   Operation 24 'call' <Predicate = true> <Delay = 1.79> <CoreType = "Generic">   --->   Core 0 '' <Latency = 0> <II = 1> <Delay = 1.00> <Generic> <Opcode : >

State 7 <SV = 6> <Delay = 0.00>
ST_7 : Operation 25 [1/2] (0.00ns)   --->   "call fastcc void @write_output(i32* %output_stream_V_data_V, i4* %output_stream_V_keep_V, i4* %output_stream_V_strb_V, i1* %output_stream_V_user_V, i1* %output_stream_V_last_V, i1* %output_stream_V_id_V, i1* %output_stream_V_dest_V, float* %res_0, float* %res_1, float* %res_2, float* %res_3, float* %res_4, float* %res_5, float* %res_6, float* %res_7, float* %res_8, float* %res_9)" [bi_lstm/src/rnn_top.cpp:45]   --->   Operation 25 'call' <Predicate = true> <Delay = 0.00> <CoreType = "Generic">   --->   Core 0 '' <Latency = 0> <II = 1> <Delay = 1.00> <Generic> <Opcode : >

State 8 <SV = 7> <Delay = 0.00>
ST_8 : Operation 26 [1/1] (0.00ns)   --->   "call void (...)* @_ssdm_op_SpecDataflowPipeline(i32 -1, i32 0, [1 x i8]* @p_str) nounwind" [bi_lstm/src/rnn_top.cpp:33]   --->   Operation 26 'specdataflowpipeline' <Predicate = true> <Delay = 0.00>
ST_8 : Operation 27 [1/1] (0.00ns)   --->   "call void (...)* @_ssdm_op_SpecBitsMap(i32* %input_stream_V_data_V), !map !162"   --->   Operation 27 'specbitsmap' <Predicate = true> <Delay = 0.00>
ST_8 : Operation 28 [1/1] (0.00ns)   --->   "call void (...)* @_ssdm_op_SpecBitsMap(i4* %input_stream_V_keep_V), !map !166"   --->   Operation 28 'specbitsmap' <Predicate = true> <Delay = 0.00>
ST_8 : Operation 29 [1/1] (0.00ns)   --->   "call void (...)* @_ssdm_op_SpecBitsMap(i4* %input_stream_V_strb_V), !map !170"   --->   Operation 29 'specbitsmap' <Predicate = true> <Delay = 0.00>
ST_8 : Operation 30 [1/1] (0.00ns)   --->   "call void (...)* @_ssdm_op_SpecBitsMap(i1* %input_stream_V_user_V), !map !174"   --->   Operation 30 'specbitsmap' <Predicate = true> <Delay = 0.00>
ST_8 : Operation 31 [1/1] (0.00ns)   --->   "call void (...)* @_ssdm_op_SpecBitsMap(i1* %input_stream_V_last_V), !map !178"   --->   Operation 31 'specbitsmap' <Predicate = true> <Delay = 0.00>
ST_8 : Operation 32 [1/1] (0.00ns)   --->   "call void (...)* @_ssdm_op_SpecBitsMap(i1* %input_stream_V_id_V), !map !182"   --->   Operation 32 'specbitsmap' <Predicate = true> <Delay = 0.00>
ST_8 : Operation 33 [1/1] (0.00ns)   --->   "call void (...)* @_ssdm_op_SpecBitsMap(i1* %input_stream_V_dest_V), !map !186"   --->   Operation 33 'specbitsmap' <Predicate = true> <Delay = 0.00>
ST_8 : Operation 34 [1/1] (0.00ns)   --->   "call void (...)* @_ssdm_op_SpecBitsMap(i32* %output_stream_V_data_V), !map !190"   --->   Operation 34 'specbitsmap' <Predicate = true> <Delay = 0.00>
ST_8 : Operation 35 [1/1] (0.00ns)   --->   "call void (...)* @_ssdm_op_SpecBitsMap(i4* %output_stream_V_keep_V), !map !194"   --->   Operation 35 'specbitsmap' <Predicate = true> <Delay = 0.00>
ST_8 : Operation 36 [1/1] (0.00ns)   --->   "call void (...)* @_ssdm_op_SpecBitsMap(i4* %output_stream_V_strb_V), !map !198"   --->   Operation 36 'specbitsmap' <Predicate = true> <Delay = 0.00>
ST_8 : Operation 37 [1/1] (0.00ns)   --->   "call void (...)* @_ssdm_op_SpecBitsMap(i1* %output_stream_V_user_V), !map !202"   --->   Operation 37 'specbitsmap' <Predicate = true> <Delay = 0.00>
ST_8 : Operation 38 [1/1] (0.00ns)   --->   "call void (...)* @_ssdm_op_SpecBitsMap(i1* %output_stream_V_last_V), !map !206"   --->   Operation 38 'specbitsmap' <Predicate = true> <Delay = 0.00>
ST_8 : Operation 39 [1/1] (0.00ns)   --->   "call void (...)* @_ssdm_op_SpecBitsMap(i1* %output_stream_V_id_V), !map !210"   --->   Operation 39 'specbitsmap' <Predicate = true> <Delay = 0.00>
ST_8 : Operation 40 [1/1] (0.00ns)   --->   "call void (...)* @_ssdm_op_SpecBitsMap(i1* %output_stream_V_dest_V), !map !214"   --->   Operation 40 'specbitsmap' <Predicate = true> <Delay = 0.00>
ST_8 : Operation 41 [1/1] (0.00ns)   --->   "call void (...)* @_ssdm_op_SpecTopModule([11 x i8]* @BiLSTM_Top_str) nounwind"   --->   Operation 41 'spectopmodule' <Predicate = true> <Delay = 0.00>
ST_8 : Operation 42 [1/1] (0.00ns)   --->   "call void (...)* @_ssdm_op_SpecInterface(i32* %input_stream_V_data_V, i4* %input_stream_V_keep_V, i4* %input_stream_V_strb_V, i1* %input_stream_V_user_V, i1* %input_stream_V_last_V, i1* %input_stream_V_id_V, i1* %input_stream_V_dest_V, [5 x i8]* @p_str3, i32 1, i32 1, [5 x i8]* @p_str4, i32 0, i32 0, [1 x i8]* @p_str, [1 x i8]* @p_str, [1 x i8]* @p_str, i32 0, i32 0, i32 0, i32 0, [1 x i8]* @p_str, [1 x i8]* @p_str) nounwind" [bi_lstm/src/rnn_top.cpp:30]   --->   Operation 42 'specinterface' <Predicate = true> <Delay = 0.00>
ST_8 : Operation 43 [1/1] (0.00ns)   --->   "call void (...)* @_ssdm_op_SpecInterface(i32* %output_stream_V_data_V, i4* %output_stream_V_keep_V, i4* %output_stream_V_strb_V, i1* %output_stream_V_user_V, i1* %output_stream_V_last_V, i1* %output_stream_V_id_V, i1* %output_stream_V_dest_V, [5 x i8]* @p_str3, i32 1, i32 1, [5 x i8]* @p_str4, i32 0, i32 0, [1 x i8]* @p_str, [1 x i8]* @p_str, [1 x i8]* @p_str, i32 0, i32 0, i32 0, i32 0, [1 x i8]* @p_str, [1 x i8]* @p_str) nounwind" [bi_lstm/src/rnn_top.cpp:31]   --->   Operation 43 'specinterface' <Predicate = true> <Delay = 0.00>
ST_8 : Operation 44 [1/1] (0.00ns)   --->   "call void (...)* @_ssdm_op_SpecInterface(i32 0, [13 x i8]* @p_str5, i32 0, i32 0, [1 x i8]* @p_str, i32 0, i32 0, [1 x i8]* @p_str, [1 x i8]* @p_str, [1 x i8]* @p_str, i32 0, i32 0, i32 0, i32 0, [1 x i8]* @p_str, [1 x i8]* @p_str) nounwind" [bi_lstm/src/rnn_top.cpp:32]   --->   Operation 44 'specinterface' <Predicate = true> <Delay = 0.00>
ST_8 : Operation 45 [1/1] (0.00ns)   --->   "ret void" [bi_lstm/src/rnn_top.cpp:63]   --->   Operation 45 'ret' <Predicate = true> <Delay = 0.00>


============================================================
+ Verbose Summary: Binding
============================================================
STG Binding: 
---------------- STG Properties BEGIN ----------------
- Is combinational: 0
- Is one-state seq: 0
- Is datapath-only: 0
- Is pipelined: 0
- Is top level: 1
Port [ Return ] is wired: 1; IO mode=ap_ctrl_none:ce=0
Port [ input_stream_V_data_V]:  wired=1; compound=1; hidden=0; nouse=0; global=0; static=0; extern=0; dir=0; type=0; pingpong=0; private_global=0; IO mode=axis:ce=0
Port [ input_stream_V_keep_V]:  wired=1; compound=1; hidden=0; nouse=0; global=0; static=0; extern=0; dir=0; type=0; pingpong=0; private_global=0; IO mode=axis:ce=0
Port [ input_stream_V_strb_V]:  wired=1; compound=1; hidden=0; nouse=0; global=0; static=0; extern=0; dir=0; type=0; pingpong=0; private_global=0; IO mode=axis:ce=0
Port [ input_stream_V_user_V]:  wired=1; compound=1; hidden=0; nouse=0; global=0; static=0; extern=0; dir=0; type=0; pingpong=0; private_global=0; IO mode=axis:ce=0
Port [ input_stream_V_last_V]:  wired=1; compound=1; hidden=0; nouse=0; global=0; static=0; extern=0; dir=0; type=0; pingpong=0; private_global=0; IO mode=axis:ce=0
Port [ input_stream_V_id_V]:  wired=1; compound=1; hidden=0; nouse=0; global=0; static=0; extern=0; dir=0; type=0; pingpong=0; private_global=0; IO mode=axis:ce=0
Port [ input_stream_V_dest_V]:  wired=1; compound=1; hidden=0; nouse=0; global=0; static=0; extern=0; dir=0; type=0; pingpong=0; private_global=0; IO mode=axis:ce=0
Port [ output_stream_V_data_V]:  wired=1; compound=1; hidden=0; nouse=0; global=0; static=0; extern=0; dir=1; type=0; pingpong=0; private_global=0; IO mode=axis:ce=0
Port [ output_stream_V_keep_V]:  wired=1; compound=1; hidden=0; nouse=0; global=0; static=0; extern=0; dir=1; type=0; pingpong=0; private_global=0; IO mode=axis:ce=0
Port [ output_stream_V_strb_V]:  wired=1; compound=1; hidden=0; nouse=0; global=0; static=0; extern=0; dir=1; type=0; pingpong=0; private_global=0; IO mode=axis:ce=0
Port [ output_stream_V_user_V]:  wired=1; compound=1; hidden=0; nouse=0; global=0; static=0; extern=0; dir=1; type=0; pingpong=0; private_global=0; IO mode=axis:ce=0
Port [ output_stream_V_last_V]:  wired=1; compound=1; hidden=0; nouse=0; global=0; static=0; extern=0; dir=1; type=0; pingpong=0; private_global=0; IO mode=axis:ce=0
Port [ output_stream_V_id_V]:  wired=1; compound=1; hidden=0; nouse=0; global=0; static=0; extern=0; dir=1; type=0; pingpong=0; private_global=0; IO mode=axis:ce=0
Port [ output_stream_V_dest_V]:  wired=1; compound=1; hidden=0; nouse=0; global=0; static=0; extern=0; dir=1; type=0; pingpong=0; private_global=0; IO mode=axis:ce=0
Port [ seq]:  wired=0; compound=0; hidden=1; nouse=1; global=1; static=1; extern=0; dir=2; type=0; pingpong=0; private_global=0; linkage=7; visibility=0; IO mode=ap_ovld:ce=0
Port [ data_lens]:  wired=0; compound=1; hidden=1; nouse=1; global=1; static=1; extern=0; dir=0; type=1; pingpong=0; private_global=0; linkage=7; visibility=0; MemPort=[1]; IO mode=ap_memory:ce=0
Port [ Weight_i_f_V_0]:  wired=0; compound=1; hidden=1; nouse=1; global=1; static=0; extern=0; dir=0; type=1; pingpong=0; private_global=0; linkage=0; visibility=0; MemPort=[1]; IO mode=ap_memory:ce=0
Port [ Weight_f_f_V_0]:  wired=0; compound=1; hidden=1; nouse=1; global=1; static=0; extern=0; dir=0; type=1; pingpong=0; private_global=0; linkage=0; visibility=0; MemPort=[1]; IO mode=ap_memory:ce=0
Port [ Weight_g_f_V_0]:  wired=0; compound=1; hidden=1; nouse=1; global=1; static=0; extern=0; dir=0; type=1; pingpong=0; private_global=0; linkage=0; visibility=0; MemPort=[1]; IO mode=ap_memory:ce=0
Port [ Weight_o_f_V_0]:  wired=0; compound=1; hidden=1; nouse=1; global=1; static=0; extern=0; dir=0; type=1; pingpong=0; private_global=0; linkage=0; visibility=0; MemPort=[1]; IO mode=ap_memory:ce=0
Port [ Weight_i_f_V_1]:  wired=0; compound=1; hidden=1; nouse=1; global=1; static=0; extern=0; dir=0; type=1; pingpong=0; private_global=0; linkage=0; visibility=0; MemPort=[1]; IO mode=ap_memory:ce=0
Port [ Weight_f_f_V_1]:  wired=0; compound=1; hidden=1; nouse=1; global=1; static=0; extern=0; dir=0; type=1; pingpong=0; private_global=0; linkage=0; visibility=0; MemPort=[1]; IO mode=ap_memory:ce=0
Port [ Weight_g_f_V_1]:  wired=0; compound=1; hidden=1; nouse=1; global=1; static=0; extern=0; dir=0; type=1; pingpong=0; private_global=0; linkage=0; visibility=0; MemPort=[1]; IO mode=ap_memory:ce=0
Port [ Weight_o_f_V_1]:  wired=0; compound=1; hidden=1; nouse=1; global=1; static=0; extern=0; dir=0; type=1; pingpong=0; private_global=0; linkage=0; visibility=0; MemPort=[1]; IO mode=ap_memory:ce=0
Port [ Weight_i_f_V_2]:  wired=0; compound=1; hidden=1; nouse=1; global=1; static=0; extern=0; dir=0; type=1; pingpong=0; private_global=0; linkage=0; visibility=0; MemPort=[1]; IO mode=ap_memory:ce=0
Port [ Weight_f_f_V_2]:  wired=0; compound=1; hidden=1; nouse=1; global=1; static=0; extern=0; dir=0; type=1; pingpong=0; private_global=0; linkage=0; visibility=0; MemPort=[1]; IO mode=ap_memory:ce=0
Port [ Weight_g_f_V_2]:  wired=0; compound=1; hidden=1; nouse=1; global=1; static=0; extern=0; dir=0; type=1; pingpong=0; private_global=0; linkage=0; visibility=0; MemPort=[1]; IO mode=ap_memory:ce=0
Port [ Weight_o_f_V_2]:  wired=0; compound=1; hidden=1; nouse=1; global=1; static=0; extern=0; dir=0; type=1; pingpong=0; private_global=0; linkage=0; visibility=0; MemPort=[1]; IO mode=ap_memory:ce=0
Port [ Weight_i_f_V_3]:  wired=0; compound=1; hidden=1; nouse=1; global=1; static=0; extern=0; dir=0; type=1; pingpong=0; private_global=0; linkage=0; visibility=0; MemPort=[1]; IO mode=ap_memory:ce=0
Port [ Weight_f_f_V_3]:  wired=0; compound=1; hidden=1; nouse=1; global=1; static=0; extern=0; dir=0; type=1; pingpong=0; private_global=0; linkage=0; visibility=0; MemPort=[1]; IO mode=ap_memory:ce=0
Port [ Weight_g_f_V_3]:  wired=0; compound=1; hidden=1; nouse=1; global=1; static=0; extern=0; dir=0; type=1; pingpong=0; private_global=0; linkage=0; visibility=0; MemPort=[1]; IO mode=ap_memory:ce=0
Port [ Weight_o_f_V_3]:  wired=0; compound=1; hidden=1; nouse=1; global=1; static=0; extern=0; dir=0; type=1; pingpong=0; private_global=0; linkage=0; visibility=0; MemPort=[1]; IO mode=ap_memory:ce=0
Port [ Weight_i_f_V_4]:  wired=0; compound=1; hidden=1; nouse=1; global=1; static=0; extern=0; dir=0; type=1; pingpong=0; private_global=0; linkage=0; visibility=0; MemPort=[1]; IO mode=ap_memory:ce=0
Port [ Weight_f_f_V_4]:  wired=0; compound=1; hidden=1; nouse=1; global=1; static=0; extern=0; dir=0; type=1; pingpong=0; private_global=0; linkage=0; visibility=0; MemPort=[1]; IO mode=ap_memory:ce=0
Port [ Weight_g_f_V_4]:  wired=0; compound=1; hidden=1; nouse=1; global=1; static=0; extern=0; dir=0; type=1; pingpong=0; private_global=0; linkage=0; visibility=0; MemPort=[1]; IO mode=ap_memory:ce=0
Port [ Weight_o_f_V_4]:  wired=0; compound=1; hidden=1; nouse=1; global=1; static=0; extern=0; dir=0; type=1; pingpong=0; private_global=0; linkage=0; visibility=0; MemPort=[1]; IO mode=ap_memory:ce=0
Port [ Weight_i_f_V_5]:  wired=0; compound=1; hidden=1; nouse=1; global=1; static=0; extern=0; dir=0; type=1; pingpong=0; private_global=0; linkage=0; visibility=0; MemPort=[1]; IO mode=ap_memory:ce=0
Port [ Weight_f_f_V_5]:  wired=0; compound=1; hidden=1; nouse=1; global=1; static=0; extern=0; dir=0; type=1; pingpong=0; private_global=0; linkage=0; visibility=0; MemPort=[1]; IO mode=ap_memory:ce=0
Port [ Weight_g_f_V_5]:  wired=0; compound=1; hidden=1; nouse=1; global=1; static=0; extern=0; dir=0; type=1; pingpong=0; private_global=0; linkage=0; visibility=0; MemPort=[1]; IO mode=ap_memory:ce=0
Port [ Weight_o_f_V_5]:  wired=0; compound=1; hidden=1; nouse=1; global=1; static=0; extern=0; dir=0; type=1; pingpong=0; private_global=0; linkage=0; visibility=0; MemPort=[1]; IO mode=ap_memory:ce=0
Port [ Weight_i_f_V_6]:  wired=0; compound=1; hidden=1; nouse=1; global=1; static=0; extern=0; dir=0; type=1; pingpong=0; private_global=0; linkage=0; visibility=0; MemPort=[1]; IO mode=ap_memory:ce=0
Port [ Weight_f_f_V_6]:  wired=0; compound=1; hidden=1; nouse=1; global=1; static=0; extern=0; dir=0; type=1; pingpong=0; private_global=0; linkage=0; visibility=0; MemPort=[1]; IO mode=ap_memory:ce=0
Port [ Weight_g_f_V_6]:  wired=0; compound=1; hidden=1; nouse=1; global=1; static=0; extern=0; dir=0; type=1; pingpong=0; private_global=0; linkage=0; visibility=0; MemPort=[1]; IO mode=ap_memory:ce=0
Port [ Weight_o_f_V_6]:  wired=0; compound=1; hidden=1; nouse=1; global=1; static=0; extern=0; dir=0; type=1; pingpong=0; private_global=0; linkage=0; visibility=0; MemPort=[1]; IO mode=ap_memory:ce=0
Port [ Weight_i_f_V_7]:  wired=0; compound=1; hidden=1; nouse=1; global=1; static=0; extern=0; dir=0; type=1; pingpong=0; private_global=0; linkage=0; visibility=0; MemPort=[1]; IO mode=ap_memory:ce=0
Port [ Weight_f_f_V_7]:  wired=0; compound=1; hidden=1; nouse=1; global=1; static=0; extern=0; dir=0; type=1; pingpong=0; private_global=0; linkage=0; visibility=0; MemPort=[1]; IO mode=ap_memory:ce=0
Port [ Weight_g_f_V_7]:  wired=0; compound=1; hidden=1; nouse=1; global=1; static=0; extern=0; dir=0; type=1; pingpong=0; private_global=0; linkage=0; visibility=0; MemPort=[1]; IO mode=ap_memory:ce=0
Port [ Weight_o_f_V_7]:  wired=0; compound=1; hidden=1; nouse=1; global=1; static=0; extern=0; dir=0; type=1; pingpong=0; private_global=0; linkage=0; visibility=0; MemPort=[1]; IO mode=ap_memory:ce=0
Port [ sigmoid_lut_V]:  wired=0; compound=1; hidden=1; nouse=1; global=1; static=1; extern=0; dir=0; type=1; pingpong=0; private_global=0; linkage=7; visibility=0; MemPort=[1]; IO mode=ap_memory:ce=0
Port [ tanh_lut_V163]:  wired=0; compound=1; hidden=1; nouse=1; global=1; static=1; extern=0; dir=0; type=1; pingpong=0; private_global=0; linkage=7; visibility=0; MemPort=[1]; IO mode=ap_memory:ce=0
Port [ tanh_lut_V162]:  wired=0; compound=1; hidden=1; nouse=1; global=1; static=1; extern=0; dir=0; type=1; pingpong=0; private_global=0; linkage=7; visibility=0; MemPort=[1]; IO mode=ap_memory:ce=0
Port [ tanh_lut_V]:  wired=0; compound=1; hidden=1; nouse=1; global=1; static=1; extern=0; dir=0; type=1; pingpong=0; private_global=0; linkage=7; visibility=0; MemPort=[111111]; IO mode=ap_memory:ce=0
Port [ Weight_i_b_V_0]:  wired=0; compound=1; hidden=1; nouse=1; global=1; static=0; extern=0; dir=0; type=1; pingpong=0; private_global=0; linkage=0; visibility=0; MemPort=[1]; IO mode=ap_memory:ce=0
Port [ Weight_f_b_V_0]:  wired=0; compound=1; hidden=1; nouse=1; global=1; static=0; extern=0; dir=0; type=1; pingpong=0; private_global=0; linkage=0; visibility=0; MemPort=[1]; IO mode=ap_memory:ce=0
Port [ Weight_g_b_V_0]:  wired=0; compound=1; hidden=1; nouse=1; global=1; static=0; extern=0; dir=0; type=1; pingpong=0; private_global=0; linkage=0; visibility=0; MemPort=[1]; IO mode=ap_memory:ce=0
Port [ Weight_o_b_V_0]:  wired=0; compound=1; hidden=1; nouse=1; global=1; static=0; extern=0; dir=0; type=1; pingpong=0; private_global=0; linkage=0; visibility=0; MemPort=[1]; IO mode=ap_memory:ce=0
Port [ Weight_i_b_V_1]:  wired=0; compound=1; hidden=1; nouse=1; global=1; static=0; extern=0; dir=0; type=1; pingpong=0; private_global=0; linkage=0; visibility=0; MemPort=[1]; IO mode=ap_memory:ce=0
Port [ Weight_f_b_V_1]:  wired=0; compound=1; hidden=1; nouse=1; global=1; static=0; extern=0; dir=0; type=1; pingpong=0; private_global=0; linkage=0; visibility=0; MemPort=[1]; IO mode=ap_memory:ce=0
Port [ Weight_g_b_V_1]:  wired=0; compound=1; hidden=1; nouse=1; global=1; static=0; extern=0; dir=0; type=1; pingpong=0; private_global=0; linkage=0; visibility=0; MemPort=[1]; IO mode=ap_memory:ce=0
Port [ Weight_o_b_V_1]:  wired=0; compound=1; hidden=1; nouse=1; global=1; static=0; extern=0; dir=0; type=1; pingpong=0; private_global=0; linkage=0; visibility=0; MemPort=[1]; IO mode=ap_memory:ce=0
Port [ Weight_i_b_V_2]:  wired=0; compound=1; hidden=1; nouse=1; global=1; static=0; extern=0; dir=0; type=1; pingpong=0; private_global=0; linkage=0; visibility=0; MemPort=[1]; IO mode=ap_memory:ce=0
Port [ Weight_f_b_V_2]:  wired=0; compound=1; hidden=1; nouse=1; global=1; static=0; extern=0; dir=0; type=1; pingpong=0; private_global=0; linkage=0; visibility=0; MemPort=[1]; IO mode=ap_memory:ce=0
Port [ Weight_g_b_V_2]:  wired=0; compound=1; hidden=1; nouse=1; global=1; static=0; extern=0; dir=0; type=1; pingpong=0; private_global=0; linkage=0; visibility=0; MemPort=[1]; IO mode=ap_memory:ce=0
Port [ Weight_o_b_V_2]:  wired=0; compound=1; hidden=1; nouse=1; global=1; static=0; extern=0; dir=0; type=1; pingpong=0; private_global=0; linkage=0; visibility=0; MemPort=[1]; IO mode=ap_memory:ce=0
Port [ Weight_i_b_V_3]:  wired=0; compound=1; hidden=1; nouse=1; global=1; static=0; extern=0; dir=0; type=1; pingpong=0; private_global=0; linkage=0; visibility=0; MemPort=[1]; IO mode=ap_memory:ce=0
Port [ Weight_f_b_V_3]:  wired=0; compound=1; hidden=1; nouse=1; global=1; static=0; extern=0; dir=0; type=1; pingpong=0; private_global=0; linkage=0; visibility=0; MemPort=[1]; IO mode=ap_memory:ce=0
Port [ Weight_g_b_V_3]:  wired=0; compound=1; hidden=1; nouse=1; global=1; static=0; extern=0; dir=0; type=1; pingpong=0; private_global=0; linkage=0; visibility=0; MemPort=[1]; IO mode=ap_memory:ce=0
Port [ Weight_o_b_V_3]:  wired=0; compound=1; hidden=1; nouse=1; global=1; static=0; extern=0; dir=0; type=1; pingpong=0; private_global=0; linkage=0; visibility=0; MemPort=[1]; IO mode=ap_memory:ce=0
Port [ Weight_i_b_V_4]:  wired=0; compound=1; hidden=1; nouse=1; global=1; static=0; extern=0; dir=0; type=1; pingpong=0; private_global=0; linkage=0; visibility=0; MemPort=[1]; IO mode=ap_memory:ce=0
Port [ Weight_f_b_V_4]:  wired=0; compound=1; hidden=1; nouse=1; global=1; static=0; extern=0; dir=0; type=1; pingpong=0; private_global=0; linkage=0; visibility=0; MemPort=[1]; IO mode=ap_memory:ce=0
Port [ Weight_g_b_V_4]:  wired=0; compound=1; hidden=1; nouse=1; global=1; static=0; extern=0; dir=0; type=1; pingpong=0; private_global=0; linkage=0; visibility=0; MemPort=[1]; IO mode=ap_memory:ce=0
Port [ Weight_o_b_V_4]:  wired=0; compound=1; hidden=1; nouse=1; global=1; static=0; extern=0; dir=0; type=1; pingpong=0; private_global=0; linkage=0; visibility=0; MemPort=[1]; IO mode=ap_memory:ce=0
Port [ Weight_i_b_V_5]:  wired=0; compound=1; hidden=1; nouse=1; global=1; static=0; extern=0; dir=0; type=1; pingpong=0; private_global=0; linkage=0; visibility=0; MemPort=[1]; IO mode=ap_memory:ce=0
Port [ Weight_f_b_V_5]:  wired=0; compound=1; hidden=1; nouse=1; global=1; static=0; extern=0; dir=0; type=1; pingpong=0; private_global=0; linkage=0; visibility=0; MemPort=[1]; IO mode=ap_memory:ce=0
Port [ Weight_g_b_V_5]:  wired=0; compound=1; hidden=1; nouse=1; global=1; static=0; extern=0; dir=0; type=1; pingpong=0; private_global=0; linkage=0; visibility=0; MemPort=[1]; IO mode=ap_memory:ce=0
Port [ Weight_o_b_V_5]:  wired=0; compound=1; hidden=1; nouse=1; global=1; static=0; extern=0; dir=0; type=1; pingpong=0; private_global=0; linkage=0; visibility=0; MemPort=[1]; IO mode=ap_memory:ce=0
Port [ Weight_i_b_V_6]:  wired=0; compound=1; hidden=1; nouse=1; global=1; static=0; extern=0; dir=0; type=1; pingpong=0; private_global=0; linkage=0; visibility=0; MemPort=[1]; IO mode=ap_memory:ce=0
Port [ Weight_f_b_V_6]:  wired=0; compound=1; hidden=1; nouse=1; global=1; static=0; extern=0; dir=0; type=1; pingpong=0; private_global=0; linkage=0; visibility=0; MemPort=[1]; IO mode=ap_memory:ce=0
Port [ Weight_g_b_V_6]:  wired=0; compound=1; hidden=1; nouse=1; global=1; static=0; extern=0; dir=0; type=1; pingpong=0; private_global=0; linkage=0; visibility=0; MemPort=[1]; IO mode=ap_memory:ce=0
Port [ Weight_o_b_V_6]:  wired=0; compound=1; hidden=1; nouse=1; global=1; static=0; extern=0; dir=0; type=1; pingpong=0; private_global=0; linkage=0; visibility=0; MemPort=[1]; IO mode=ap_memory:ce=0
Port [ Weight_i_b_V_7]:  wired=0; compound=1; hidden=1; nouse=1; global=1; static=0; extern=0; dir=0; type=1; pingpong=0; private_global=0; linkage=0; visibility=0; MemPort=[1]; IO mode=ap_memory:ce=0
Port [ Weight_f_b_V_7]:  wired=0; compound=1; hidden=1; nouse=1; global=1; static=0; extern=0; dir=0; type=1; pingpong=0; private_global=0; linkage=0; visibility=0; MemPort=[1]; IO mode=ap_memory:ce=0
Port [ Weight_g_b_V_7]:  wired=0; compound=1; hidden=1; nouse=1; global=1; static=0; extern=0; dir=0; type=1; pingpong=0; private_global=0; linkage=0; visibility=0; MemPort=[1]; IO mode=ap_memory:ce=0
Port [ Weight_o_b_V_7]:  wired=0; compound=1; hidden=1; nouse=1; global=1; static=0; extern=0; dir=0; type=1; pingpong=0; private_global=0; linkage=0; visibility=0; MemPort=[1]; IO mode=ap_memory:ce=0
Port [ Weight_fc1_V_0]:  wired=0; compound=1; hidden=1; nouse=1; global=1; static=0; extern=0; dir=0; type=1; pingpong=0; private_global=0; linkage=0; visibility=0; MemPort=[1]; IO mode=ap_memory:ce=0
Port [ Weight_fc1_V_1]:  wired=0; compound=1; hidden=1; nouse=1; global=1; static=0; extern=0; dir=0; type=1; pingpong=0; private_global=0; linkage=0; visibility=0; MemPort=[1]; IO mode=ap_memory:ce=0
Port [ Weight_fc1_V_2]:  wired=0; compound=1; hidden=1; nouse=1; global=1; static=0; extern=0; dir=0; type=1; pingpong=0; private_global=0; linkage=0; visibility=0; MemPort=[1]; IO mode=ap_memory:ce=0
Port [ Weight_fc1_V_3]:  wired=0; compound=1; hidden=1; nouse=1; global=1; static=0; extern=0; dir=0; type=1; pingpong=0; private_global=0; linkage=0; visibility=0; MemPort=[1]; IO mode=ap_memory:ce=0
Port [ Weight_fc1_V_4]:  wired=0; compound=1; hidden=1; nouse=1; global=1; static=0; extern=0; dir=0; type=1; pingpong=0; private_global=0; linkage=0; visibility=0; MemPort=[1]; IO mode=ap_memory:ce=0
Port [ Weight_fc1_V_5]:  wired=0; compound=1; hidden=1; nouse=1; global=1; static=0; extern=0; dir=0; type=1; pingpong=0; private_global=0; linkage=0; visibility=0; MemPort=[1]; IO mode=ap_memory:ce=0
Port [ Weight_fc1_V_6]:  wired=0; compound=1; hidden=1; nouse=1; global=1; static=0; extern=0; dir=0; type=1; pingpong=0; private_global=0; linkage=0; visibility=0; MemPort=[1]; IO mode=ap_memory:ce=0
Port [ Weight_fc1_V_7]:  wired=0; compound=1; hidden=1; nouse=1; global=1; static=0; extern=0; dir=0; type=1; pingpong=0; private_global=0; linkage=0; visibility=0; MemPort=[1]; IO mode=ap_memory:ce=0
Port [ Weight_fc2_V_0]:  wired=0; compound=1; hidden=1; nouse=1; global=1; static=0; extern=0; dir=0; type=1; pingpong=0; private_global=0; linkage=0; visibility=0; MemPort=[1]; IO mode=ap_memory:ce=0
Port [ Weight_fc2_V_1]:  wired=0; compound=1; hidden=1; nouse=1; global=1; static=0; extern=0; dir=0; type=1; pingpong=0; private_global=0; linkage=0; visibility=0; MemPort=[1]; IO mode=ap_memory:ce=0
Port [ Weight_fc2_V_2]:  wired=0; compound=1; hidden=1; nouse=1; global=1; static=0; extern=0; dir=0; type=1; pingpong=0; private_global=0; linkage=0; visibility=0; MemPort=[1]; IO mode=ap_memory:ce=0
Port [ Weight_fc2_V_3]:  wired=0; compound=1; hidden=1; nouse=1; global=1; static=0; extern=0; dir=0; type=1; pingpong=0; private_global=0; linkage=0; visibility=0; MemPort=[1]; IO mode=ap_memory:ce=0
Port [ Weight_fc2_V_4]:  wired=0; compound=1; hidden=1; nouse=1; global=1; static=0; extern=0; dir=0; type=1; pingpong=0; private_global=0; linkage=0; visibility=0; MemPort=[1]; IO mode=ap_memory:ce=0
---------------- STG Properties END ------------------

---------------- Datapath Model BEGIN ----------------

<LifeTime>
<method=bitvector/>
res_9                (alloca              ) [ 001111110]
res_8                (alloca              ) [ 001111110]
res_7                (alloca              ) [ 001111110]
res_6                (alloca              ) [ 001111110]
res_5                (alloca              ) [ 001111110]
res_4                (alloca              ) [ 001111110]
res_3                (alloca              ) [ 001111110]
res_2                (alloca              ) [ 001111110]
res_1                (alloca              ) [ 001111110]
res_0                (alloca              ) [ 001111110]
input_ping           (alloca              ) [ 001111000]
data_lens_load_loc_c (call                ) [ 000011000]
StgValue_23          (call                ) [ 000000000]
StgValue_25          (call                ) [ 000000000]
StgValue_26          (specdataflowpipeline) [ 000000000]
StgValue_27          (specbitsmap         ) [ 000000000]
StgValue_28          (specbitsmap         ) [ 000000000]
StgValue_29          (specbitsmap         ) [ 000000000]
StgValue_30          (specbitsmap         ) [ 000000000]
StgValue_31          (specbitsmap         ) [ 000000000]
StgValue_32          (specbitsmap         ) [ 000000000]
StgValue_33          (specbitsmap         ) [ 000000000]
StgValue_34          (specbitsmap         ) [ 000000000]
StgValue_35          (specbitsmap         ) [ 000000000]
StgValue_36          (specbitsmap         ) [ 000000000]
StgValue_37          (specbitsmap         ) [ 000000000]
StgValue_38          (specbitsmap         ) [ 000000000]
StgValue_39          (specbitsmap         ) [ 000000000]
StgValue_40          (specbitsmap         ) [ 000000000]
StgValue_41          (spectopmodule       ) [ 000000000]
StgValue_42          (specinterface       ) [ 000000000]
StgValue_43          (specinterface       ) [ 000000000]
StgValue_44          (specinterface       ) [ 000000000]
StgValue_45          (ret                 ) [ 000000000]
</LifeTime>

<model>

<comp_list>
<comp id="0" class="1000" name="input_stream_V_data_V">
<pin_list>
<pin id="1" dir="1" index="0" bw="1" slack="0"/>
</pin_list>
<bind>
<StgValue><ssdm name="input_stream_V_data_V"/></StgValue>
</bind>
</comp>

<comp id="2" class="1000" name="input_stream_V_keep_V">
<pin_list>
<pin id="3" dir="1" index="0" bw="1" slack="0"/>
</pin_list>
<bind>
<StgValue><ssdm name="input_stream_V_keep_V"/></StgValue>
</bind>
</comp>

<comp id="4" class="1000" name="input_stream_V_strb_V">
<pin_list>
<pin id="5" dir="1" index="0" bw="1" slack="0"/>
</pin_list>
<bind>
<StgValue><ssdm name="input_stream_V_strb_V"/></StgValue>
</bind>
</comp>

<comp id="6" class="1000" name="input_stream_V_user_V">
<pin_list>
<pin id="7" dir="1" index="0" bw="1" slack="0"/>
</pin_list>
<bind>
<StgValue><ssdm name="input_stream_V_user_V"/></StgValue>
</bind>
</comp>

<comp id="8" class="1000" name="input_stream_V_last_V">
<pin_list>
<pin id="9" dir="1" index="0" bw="1" slack="0"/>
</pin_list>
<bind>
<StgValue><ssdm name="input_stream_V_last_V"/></StgValue>
</bind>
</comp>

<comp id="10" class="1000" name="input_stream_V_id_V">
<pin_list>
<pin id="11" dir="1" index="0" bw="1" slack="0"/>
</pin_list>
<bind>
<StgValue><ssdm name="input_stream_V_id_V"/></StgValue>
</bind>
</comp>

<comp id="12" class="1000" name="input_stream_V_dest_V">
<pin_list>
<pin id="13" dir="1" index="0" bw="1" slack="0"/>
</pin_list>
<bind>
<StgValue><ssdm name="input_stream_V_dest_V"/></StgValue>
</bind>
</comp>

<comp id="14" class="1000" name="output_stream_V_data_V">
<pin_list>
<pin id="15" dir="1" index="0" bw="1" slack="0"/>
</pin_list>
<bind>
<StgValue><ssdm name="output_stream_V_data_V"/></StgValue>
</bind>
</comp>

<comp id="16" class="1000" name="output_stream_V_keep_V">
<pin_list>
<pin id="17" dir="1" index="0" bw="1" slack="0"/>
</pin_list>
<bind>
<StgValue><ssdm name="output_stream_V_keep_V"/></StgValue>
</bind>
</comp>

<comp id="18" class="1000" name="output_stream_V_strb_V">
<pin_list>
<pin id="19" dir="1" index="0" bw="1" slack="0"/>
</pin_list>
<bind>
<StgValue><ssdm name="output_stream_V_strb_V"/></StgValue>
</bind>
</comp>

<comp id="20" class="1000" name="output_stream_V_user_V">
<pin_list>
<pin id="21" dir="1" index="0" bw="1" slack="0"/>
</pin_list>
<bind>
<StgValue><ssdm name="output_stream_V_user_V"/></StgValue>
</bind>
</comp>

<comp id="22" class="1000" name="output_stream_V_last_V">
<pin_list>
<pin id="23" dir="1" index="0" bw="1" slack="0"/>
</pin_list>
<bind>
<StgValue><ssdm name="output_stream_V_last_V"/></StgValue>
</bind>
</comp>

<comp id="24" class="1000" name="output_stream_V_id_V">
<pin_list>
<pin id="25" dir="1" index="0" bw="1" slack="0"/>
</pin_list>
<bind>
<StgValue><ssdm name="output_stream_V_id_V"/></StgValue>
</bind>
</comp>

<comp id="26" class="1000" name="output_stream_V_dest_V">
<pin_list>
<pin id="27" dir="1" index="0" bw="1" slack="0"/>
</pin_list>
<bind>
<StgValue><ssdm name="output_stream_V_dest_V"/></StgValue>
</bind>
</comp>

<comp id="28" class="1000" name="seq">
<pin_list>
<pin id="29" dir="1" index="0" bw="1" slack="0"/>
</pin_list>
<bind>
<StgValue><ssdm name="seq"/></StgValue>
</bind>
</comp>

<comp id="30" class="1000" name="data_lens">
<pin_list>
<pin id="31" dir="1" index="0" bw="1" slack="0"/>
</pin_list>
<bind>
<StgValue><ssdm name="data_lens"/><MemPortTyVec>1 </MemPortTyVec>
</StgValue>
</bind>
</comp>

<comp id="32" class="1000" name="Weight_i_f_V_0">
<pin_list>
<pin id="33" dir="1" index="0" bw="1" slack="0"/>
</pin_list>
<bind>
<StgValue><ssdm name="Weight_i_f_V_0"/><MemPortTyVec>1 </MemPortTyVec>
</StgValue>
</bind>
</comp>

<comp id="34" class="1000" name="Weight_f_f_V_0">
<pin_list>
<pin id="35" dir="1" index="0" bw="1" slack="0"/>
</pin_list>
<bind>
<StgValue><ssdm name="Weight_f_f_V_0"/><MemPortTyVec>1 </MemPortTyVec>
</StgValue>
</bind>
</comp>

<comp id="36" class="1000" name="Weight_g_f_V_0">
<pin_list>
<pin id="37" dir="1" index="0" bw="1" slack="0"/>
</pin_list>
<bind>
<StgValue><ssdm name="Weight_g_f_V_0"/><MemPortTyVec>1 </MemPortTyVec>
</StgValue>
</bind>
</comp>

<comp id="38" class="1000" name="Weight_o_f_V_0">
<pin_list>
<pin id="39" dir="1" index="0" bw="1" slack="0"/>
</pin_list>
<bind>
<StgValue><ssdm name="Weight_o_f_V_0"/><MemPortTyVec>1 </MemPortTyVec>
</StgValue>
</bind>
</comp>

<comp id="40" class="1000" name="Weight_i_f_V_1">
<pin_list>
<pin id="41" dir="1" index="0" bw="1" slack="0"/>
</pin_list>
<bind>
<StgValue><ssdm name="Weight_i_f_V_1"/><MemPortTyVec>1 </MemPortTyVec>
</StgValue>
</bind>
</comp>

<comp id="42" class="1000" name="Weight_f_f_V_1">
<pin_list>
<pin id="43" dir="1" index="0" bw="1" slack="0"/>
</pin_list>
<bind>
<StgValue><ssdm name="Weight_f_f_V_1"/><MemPortTyVec>1 </MemPortTyVec>
</StgValue>
</bind>
</comp>

<comp id="44" class="1000" name="Weight_g_f_V_1">
<pin_list>
<pin id="45" dir="1" index="0" bw="1" slack="0"/>
</pin_list>
<bind>
<StgValue><ssdm name="Weight_g_f_V_1"/><MemPortTyVec>1 </MemPortTyVec>
</StgValue>
</bind>
</comp>

<comp id="46" class="1000" name="Weight_o_f_V_1">
<pin_list>
<pin id="47" dir="1" index="0" bw="1" slack="0"/>
</pin_list>
<bind>
<StgValue><ssdm name="Weight_o_f_V_1"/><MemPortTyVec>1 </MemPortTyVec>
</StgValue>
</bind>
</comp>

<comp id="48" class="1000" name="Weight_i_f_V_2">
<pin_list>
<pin id="49" dir="1" index="0" bw="1" slack="0"/>
</pin_list>
<bind>
<StgValue><ssdm name="Weight_i_f_V_2"/><MemPortTyVec>1 </MemPortTyVec>
</StgValue>
</bind>
</comp>

<comp id="50" class="1000" name="Weight_f_f_V_2">
<pin_list>
<pin id="51" dir="1" index="0" bw="1" slack="0"/>
</pin_list>
<bind>
<StgValue><ssdm name="Weight_f_f_V_2"/><MemPortTyVec>1 </MemPortTyVec>
</StgValue>
</bind>
</comp>

<comp id="52" class="1000" name="Weight_g_f_V_2">
<pin_list>
<pin id="53" dir="1" index="0" bw="1" slack="0"/>
</pin_list>
<bind>
<StgValue><ssdm name="Weight_g_f_V_2"/><MemPortTyVec>1 </MemPortTyVec>
</StgValue>
</bind>
</comp>

<comp id="54" class="1000" name="Weight_o_f_V_2">
<pin_list>
<pin id="55" dir="1" index="0" bw="1" slack="0"/>
</pin_list>
<bind>
<StgValue><ssdm name="Weight_o_f_V_2"/><MemPortTyVec>1 </MemPortTyVec>
</StgValue>
</bind>
</comp>

<comp id="56" class="1000" name="Weight_i_f_V_3">
<pin_list>
<pin id="57" dir="1" index="0" bw="1" slack="0"/>
</pin_list>
<bind>
<StgValue><ssdm name="Weight_i_f_V_3"/><MemPortTyVec>1 </MemPortTyVec>
</StgValue>
</bind>
</comp>

<comp id="58" class="1000" name="Weight_f_f_V_3">
<pin_list>
<pin id="59" dir="1" index="0" bw="1" slack="0"/>
</pin_list>
<bind>
<StgValue><ssdm name="Weight_f_f_V_3"/><MemPortTyVec>1 </MemPortTyVec>
</StgValue>
</bind>
</comp>

<comp id="60" class="1000" name="Weight_g_f_V_3">
<pin_list>
<pin id="61" dir="1" index="0" bw="1" slack="0"/>
</pin_list>
<bind>
<StgValue><ssdm name="Weight_g_f_V_3"/><MemPortTyVec>1 </MemPortTyVec>
</StgValue>
</bind>
</comp>

<comp id="62" class="1000" name="Weight_o_f_V_3">
<pin_list>
<pin id="63" dir="1" index="0" bw="1" slack="0"/>
</pin_list>
<bind>
<StgValue><ssdm name="Weight_o_f_V_3"/><MemPortTyVec>1 </MemPortTyVec>
</StgValue>
</bind>
</comp>

<comp id="64" class="1000" name="Weight_i_f_V_4">
<pin_list>
<pin id="65" dir="1" index="0" bw="1" slack="0"/>
</pin_list>
<bind>
<StgValue><ssdm name="Weight_i_f_V_4"/><MemPortTyVec>1 </MemPortTyVec>
</StgValue>
</bind>
</comp>

<comp id="66" class="1000" name="Weight_f_f_V_4">
<pin_list>
<pin id="67" dir="1" index="0" bw="1" slack="0"/>
</pin_list>
<bind>
<StgValue><ssdm name="Weight_f_f_V_4"/><MemPortTyVec>1 </MemPortTyVec>
</StgValue>
</bind>
</comp>

<comp id="68" class="1000" name="Weight_g_f_V_4">
<pin_list>
<pin id="69" dir="1" index="0" bw="1" slack="0"/>
</pin_list>
<bind>
<StgValue><ssdm name="Weight_g_f_V_4"/><MemPortTyVec>1 </MemPortTyVec>
</StgValue>
</bind>
</comp>

<comp id="70" class="1000" name="Weight_o_f_V_4">
<pin_list>
<pin id="71" dir="1" index="0" bw="1" slack="0"/>
</pin_list>
<bind>
<StgValue><ssdm name="Weight_o_f_V_4"/><MemPortTyVec>1 </MemPortTyVec>
</StgValue>
</bind>
</comp>

<comp id="72" class="1000" name="Weight_i_f_V_5">
<pin_list>
<pin id="73" dir="1" index="0" bw="1" slack="0"/>
</pin_list>
<bind>
<StgValue><ssdm name="Weight_i_f_V_5"/><MemPortTyVec>1 </MemPortTyVec>
</StgValue>
</bind>
</comp>

<comp id="74" class="1000" name="Weight_f_f_V_5">
<pin_list>
<pin id="75" dir="1" index="0" bw="1" slack="0"/>
</pin_list>
<bind>
<StgValue><ssdm name="Weight_f_f_V_5"/><MemPortTyVec>1 </MemPortTyVec>
</StgValue>
</bind>
</comp>

<comp id="76" class="1000" name="Weight_g_f_V_5">
<pin_list>
<pin id="77" dir="1" index="0" bw="1" slack="0"/>
</pin_list>
<bind>
<StgValue><ssdm name="Weight_g_f_V_5"/><MemPortTyVec>1 </MemPortTyVec>
</StgValue>
</bind>
</comp>

<comp id="78" class="1000" name="Weight_o_f_V_5">
<pin_list>
<pin id="79" dir="1" index="0" bw="1" slack="0"/>
</pin_list>
<bind>
<StgValue><ssdm name="Weight_o_f_V_5"/><MemPortTyVec>1 </MemPortTyVec>
</StgValue>
</bind>
</comp>

<comp id="80" class="1000" name="Weight_i_f_V_6">
<pin_list>
<pin id="81" dir="1" index="0" bw="1" slack="0"/>
</pin_list>
<bind>
<StgValue><ssdm name="Weight_i_f_V_6"/><MemPortTyVec>1 </MemPortTyVec>
</StgValue>
</bind>
</comp>

<comp id="82" class="1000" name="Weight_f_f_V_6">
<pin_list>
<pin id="83" dir="1" index="0" bw="1" slack="0"/>
</pin_list>
<bind>
<StgValue><ssdm name="Weight_f_f_V_6"/><MemPortTyVec>1 </MemPortTyVec>
</StgValue>
</bind>
</comp>

<comp id="84" class="1000" name="Weight_g_f_V_6">
<pin_list>
<pin id="85" dir="1" index="0" bw="1" slack="0"/>
</pin_list>
<bind>
<StgValue><ssdm name="Weight_g_f_V_6"/><MemPortTyVec>1 </MemPortTyVec>
</StgValue>
</bind>
</comp>

<comp id="86" class="1000" name="Weight_o_f_V_6">
<pin_list>
<pin id="87" dir="1" index="0" bw="1" slack="0"/>
</pin_list>
<bind>
<StgValue><ssdm name="Weight_o_f_V_6"/><MemPortTyVec>1 </MemPortTyVec>
</StgValue>
</bind>
</comp>

<comp id="88" class="1000" name="Weight_i_f_V_7">
<pin_list>
<pin id="89" dir="1" index="0" bw="1" slack="0"/>
</pin_list>
<bind>
<StgValue><ssdm name="Weight_i_f_V_7"/><MemPortTyVec>1 </MemPortTyVec>
</StgValue>
</bind>
</comp>

<comp id="90" class="1000" name="Weight_f_f_V_7">
<pin_list>
<pin id="91" dir="1" index="0" bw="1" slack="0"/>
</pin_list>
<bind>
<StgValue><ssdm name="Weight_f_f_V_7"/><MemPortTyVec>1 </MemPortTyVec>
</StgValue>
</bind>
</comp>

<comp id="92" class="1000" name="Weight_g_f_V_7">
<pin_list>
<pin id="93" dir="1" index="0" bw="1" slack="0"/>
</pin_list>
<bind>
<StgValue><ssdm name="Weight_g_f_V_7"/><MemPortTyVec>1 </MemPortTyVec>
</StgValue>
</bind>
</comp>

<comp id="94" class="1000" name="Weight_o_f_V_7">
<pin_list>
<pin id="95" dir="1" index="0" bw="1" slack="0"/>
</pin_list>
<bind>
<StgValue><ssdm name="Weight_o_f_V_7"/><MemPortTyVec>1 </MemPortTyVec>
</StgValue>
</bind>
</comp>

<comp id="96" class="1000" name="sigmoid_lut_V">
<pin_list>
<pin id="97" dir="1" index="0" bw="1" slack="0"/>
</pin_list>
<bind>
<StgValue><ssdm name="sigmoid_lut_V"/><MemPortTyVec>1 </MemPortTyVec>
</StgValue>
</bind>
</comp>

<comp id="98" class="1000" name="tanh_lut_V163">
<pin_list>
<pin id="99" dir="1" index="0" bw="1" slack="0"/>
</pin_list>
<bind>
<StgValue><ssdm name="tanh_lut_V163"/><MemPortTyVec>1 </MemPortTyVec>
</StgValue>
</bind>
</comp>

<comp id="100" class="1000" name="tanh_lut_V162">
<pin_list>
<pin id="101" dir="1" index="0" bw="1" slack="0"/>
</pin_list>
<bind>
<StgValue><ssdm name="tanh_lut_V162"/><MemPortTyVec>1 </MemPortTyVec>
</StgValue>
</bind>
</comp>

<comp id="102" class="1000" name="tanh_lut_V">
<pin_list>
<pin id="103" dir="1" index="0" bw="1" slack="0"/>
</pin_list>
<bind>
<StgValue><ssdm name="tanh_lut_V"/><MemPortTyVec>1 1 1 1 1 1 </MemPortTyVec>
</StgValue>
</bind>
</comp>

<comp id="104" class="1000" name="Weight_i_b_V_0">
<pin_list>
<pin id="105" dir="1" index="0" bw="1" slack="0"/>
</pin_list>
<bind>
<StgValue><ssdm name="Weight_i_b_V_0"/><MemPortTyVec>1 </MemPortTyVec>
</StgValue>
</bind>
</comp>

<comp id="106" class="1000" name="Weight_f_b_V_0">
<pin_list>
<pin id="107" dir="1" index="0" bw="1" slack="0"/>
</pin_list>
<bind>
<StgValue><ssdm name="Weight_f_b_V_0"/><MemPortTyVec>1 </MemPortTyVec>
</StgValue>
</bind>
</comp>

<comp id="108" class="1000" name="Weight_g_b_V_0">
<pin_list>
<pin id="109" dir="1" index="0" bw="1" slack="0"/>
</pin_list>
<bind>
<StgValue><ssdm name="Weight_g_b_V_0"/><MemPortTyVec>1 </MemPortTyVec>
</StgValue>
</bind>
</comp>

<comp id="110" class="1000" name="Weight_o_b_V_0">
<pin_list>
<pin id="111" dir="1" index="0" bw="1" slack="0"/>
</pin_list>
<bind>
<StgValue><ssdm name="Weight_o_b_V_0"/><MemPortTyVec>1 </MemPortTyVec>
</StgValue>
</bind>
</comp>

<comp id="112" class="1000" name="Weight_i_b_V_1">
<pin_list>
<pin id="113" dir="1" index="0" bw="1" slack="0"/>
</pin_list>
<bind>
<StgValue><ssdm name="Weight_i_b_V_1"/><MemPortTyVec>1 </MemPortTyVec>
</StgValue>
</bind>
</comp>

<comp id="114" class="1000" name="Weight_f_b_V_1">
<pin_list>
<pin id="115" dir="1" index="0" bw="1" slack="0"/>
</pin_list>
<bind>
<StgValue><ssdm name="Weight_f_b_V_1"/><MemPortTyVec>1 </MemPortTyVec>
</StgValue>
</bind>
</comp>

<comp id="116" class="1000" name="Weight_g_b_V_1">
<pin_list>
<pin id="117" dir="1" index="0" bw="1" slack="0"/>
</pin_list>
<bind>
<StgValue><ssdm name="Weight_g_b_V_1"/><MemPortTyVec>1 </MemPortTyVec>
</StgValue>
</bind>
</comp>

<comp id="118" class="1000" name="Weight_o_b_V_1">
<pin_list>
<pin id="119" dir="1" index="0" bw="1" slack="0"/>
</pin_list>
<bind>
<StgValue><ssdm name="Weight_o_b_V_1"/><MemPortTyVec>1 </MemPortTyVec>
</StgValue>
</bind>
</comp>

<comp id="120" class="1000" name="Weight_i_b_V_2">
<pin_list>
<pin id="121" dir="1" index="0" bw="1" slack="0"/>
</pin_list>
<bind>
<StgValue><ssdm name="Weight_i_b_V_2"/><MemPortTyVec>1 </MemPortTyVec>
</StgValue>
</bind>
</comp>

<comp id="122" class="1000" name="Weight_f_b_V_2">
<pin_list>
<pin id="123" dir="1" index="0" bw="1" slack="0"/>
</pin_list>
<bind>
<StgValue><ssdm name="Weight_f_b_V_2"/><MemPortTyVec>1 </MemPortTyVec>
</StgValue>
</bind>
</comp>

<comp id="124" class="1000" name="Weight_g_b_V_2">
<pin_list>
<pin id="125" dir="1" index="0" bw="1" slack="0"/>
</pin_list>
<bind>
<StgValue><ssdm name="Weight_g_b_V_2"/><MemPortTyVec>1 </MemPortTyVec>
</StgValue>
</bind>
</comp>

<comp id="126" class="1000" name="Weight_o_b_V_2">
<pin_list>
<pin id="127" dir="1" index="0" bw="1" slack="0"/>
</pin_list>
<bind>
<StgValue><ssdm name="Weight_o_b_V_2"/><MemPortTyVec>1 </MemPortTyVec>
</StgValue>
</bind>
</comp>

<comp id="128" class="1000" name="Weight_i_b_V_3">
<pin_list>
<pin id="129" dir="1" index="0" bw="1" slack="0"/>
</pin_list>
<bind>
<StgValue><ssdm name="Weight_i_b_V_3"/><MemPortTyVec>1 </MemPortTyVec>
</StgValue>
</bind>
</comp>

<comp id="130" class="1000" name="Weight_f_b_V_3">
<pin_list>
<pin id="131" dir="1" index="0" bw="1" slack="0"/>
</pin_list>
<bind>
<StgValue><ssdm name="Weight_f_b_V_3"/><MemPortTyVec>1 </MemPortTyVec>
</StgValue>
</bind>
</comp>

<comp id="132" class="1000" name="Weight_g_b_V_3">
<pin_list>
<pin id="133" dir="1" index="0" bw="1" slack="0"/>
</pin_list>
<bind>
<StgValue><ssdm name="Weight_g_b_V_3"/><MemPortTyVec>1 </MemPortTyVec>
</StgValue>
</bind>
</comp>

<comp id="134" class="1000" name="Weight_o_b_V_3">
<pin_list>
<pin id="135" dir="1" index="0" bw="1" slack="0"/>
</pin_list>
<bind>
<StgValue><ssdm name="Weight_o_b_V_3"/><MemPortTyVec>1 </MemPortTyVec>
</StgValue>
</bind>
</comp>

<comp id="136" class="1000" name="Weight_i_b_V_4">
<pin_list>
<pin id="137" dir="1" index="0" bw="1" slack="0"/>
</pin_list>
<bind>
<StgValue><ssdm name="Weight_i_b_V_4"/><MemPortTyVec>1 </MemPortTyVec>
</StgValue>
</bind>
</comp>

<comp id="138" class="1000" name="Weight_f_b_V_4">
<pin_list>
<pin id="139" dir="1" index="0" bw="1" slack="0"/>
</pin_list>
<bind>
<StgValue><ssdm name="Weight_f_b_V_4"/><MemPortTyVec>1 </MemPortTyVec>
</StgValue>
</bind>
</comp>

<comp id="140" class="1000" name="Weight_g_b_V_4">
<pin_list>
<pin id="141" dir="1" index="0" bw="1" slack="0"/>
</pin_list>
<bind>
<StgValue><ssdm name="Weight_g_b_V_4"/><MemPortTyVec>1 </MemPortTyVec>
</StgValue>
</bind>
</comp>

<comp id="142" class="1000" name="Weight_o_b_V_4">
<pin_list>
<pin id="143" dir="1" index="0" bw="1" slack="0"/>
</pin_list>
<bind>
<StgValue><ssdm name="Weight_o_b_V_4"/><MemPortTyVec>1 </MemPortTyVec>
</StgValue>
</bind>
</comp>

<comp id="144" class="1000" name="Weight_i_b_V_5">
<pin_list>
<pin id="145" dir="1" index="0" bw="1" slack="0"/>
</pin_list>
<bind>
<StgValue><ssdm name="Weight_i_b_V_5"/><MemPortTyVec>1 </MemPortTyVec>
</StgValue>
</bind>
</comp>

<comp id="146" class="1000" name="Weight_f_b_V_5">
<pin_list>
<pin id="147" dir="1" index="0" bw="1" slack="0"/>
</pin_list>
<bind>
<StgValue><ssdm name="Weight_f_b_V_5"/><MemPortTyVec>1 </MemPortTyVec>
</StgValue>
</bind>
</comp>

<comp id="148" class="1000" name="Weight_g_b_V_5">
<pin_list>
<pin id="149" dir="1" index="0" bw="1" slack="0"/>
</pin_list>
<bind>
<StgValue><ssdm name="Weight_g_b_V_5"/><MemPortTyVec>1 </MemPortTyVec>
</StgValue>
</bind>
</comp>

<comp id="150" class="1000" name="Weight_o_b_V_5">
<pin_list>
<pin id="151" dir="1" index="0" bw="1" slack="0"/>
</pin_list>
<bind>
<StgValue><ssdm name="Weight_o_b_V_5"/><MemPortTyVec>1 </MemPortTyVec>
</StgValue>
</bind>
</comp>

<comp id="152" class="1000" name="Weight_i_b_V_6">
<pin_list>
<pin id="153" dir="1" index="0" bw="1" slack="0"/>
</pin_list>
<bind>
<StgValue><ssdm name="Weight_i_b_V_6"/><MemPortTyVec>1 </MemPortTyVec>
</StgValue>
</bind>
</comp>

<comp id="154" class="1000" name="Weight_f_b_V_6">
<pin_list>
<pin id="155" dir="1" index="0" bw="1" slack="0"/>
</pin_list>
<bind>
<StgValue><ssdm name="Weight_f_b_V_6"/><MemPortTyVec>1 </MemPortTyVec>
</StgValue>
</bind>
</comp>

<comp id="156" class="1000" name="Weight_g_b_V_6">
<pin_list>
<pin id="157" dir="1" index="0" bw="1" slack="0"/>
</pin_list>
<bind>
<StgValue><ssdm name="Weight_g_b_V_6"/><MemPortTyVec>1 </MemPortTyVec>
</StgValue>
</bind>
</comp>

<comp id="158" class="1000" name="Weight_o_b_V_6">
<pin_list>
<pin id="159" dir="1" index="0" bw="1" slack="0"/>
</pin_list>
<bind>
<StgValue><ssdm name="Weight_o_b_V_6"/><MemPortTyVec>1 </MemPortTyVec>
</StgValue>
</bind>
</comp>

<comp id="160" class="1000" name="Weight_i_b_V_7">
<pin_list>
<pin id="161" dir="1" index="0" bw="1" slack="0"/>
</pin_list>
<bind>
<StgValue><ssdm name="Weight_i_b_V_7"/><MemPortTyVec>1 </MemPortTyVec>
</StgValue>
</bind>
</comp>

<comp id="162" class="1000" name="Weight_f_b_V_7">
<pin_list>
<pin id="163" dir="1" index="0" bw="1" slack="0"/>
</pin_list>
<bind>
<StgValue><ssdm name="Weight_f_b_V_7"/><MemPortTyVec>1 </MemPortTyVec>
</StgValue>
</bind>
</comp>

<comp id="164" class="1000" name="Weight_g_b_V_7">
<pin_list>
<pin id="165" dir="1" index="0" bw="1" slack="0"/>
</pin_list>
<bind>
<StgValue><ssdm name="Weight_g_b_V_7"/><MemPortTyVec>1 </MemPortTyVec>
</StgValue>
</bind>
</comp>

<comp id="166" class="1000" name="Weight_o_b_V_7">
<pin_list>
<pin id="167" dir="1" index="0" bw="1" slack="0"/>
</pin_list>
<bind>
<StgValue><ssdm name="Weight_o_b_V_7"/><MemPortTyVec>1 </MemPortTyVec>
</StgValue>
</bind>
</comp>

<comp id="168" class="1000" name="Weight_fc1_V_0">
<pin_list>
<pin id="169" dir="1" index="0" bw="1" slack="0"/>
</pin_list>
<bind>
<StgValue><ssdm name="Weight_fc1_V_0"/><MemPortTyVec>1 </MemPortTyVec>
</StgValue>
</bind>
</comp>

<comp id="170" class="1000" name="Weight_fc1_V_1">
<pin_list>
<pin id="171" dir="1" index="0" bw="1" slack="0"/>
</pin_list>
<bind>
<StgValue><ssdm name="Weight_fc1_V_1"/><MemPortTyVec>1 </MemPortTyVec>
</StgValue>
</bind>
</comp>

<comp id="172" class="1000" name="Weight_fc1_V_2">
<pin_list>
<pin id="173" dir="1" index="0" bw="1" slack="0"/>
</pin_list>
<bind>
<StgValue><ssdm name="Weight_fc1_V_2"/><MemPortTyVec>1 </MemPortTyVec>
</StgValue>
</bind>
</comp>

<comp id="174" class="1000" name="Weight_fc1_V_3">
<pin_list>
<pin id="175" dir="1" index="0" bw="1" slack="0"/>
</pin_list>
<bind>
<StgValue><ssdm name="Weight_fc1_V_3"/><MemPortTyVec>1 </MemPortTyVec>
</StgValue>
</bind>
</comp>

<comp id="176" class="1000" name="Weight_fc1_V_4">
<pin_list>
<pin id="177" dir="1" index="0" bw="1" slack="0"/>
</pin_list>
<bind>
<StgValue><ssdm name="Weight_fc1_V_4"/><MemPortTyVec>1 </MemPortTyVec>
</StgValue>
</bind>
</comp>

<comp id="178" class="1000" name="Weight_fc1_V_5">
<pin_list>
<pin id="179" dir="1" index="0" bw="1" slack="0"/>
</pin_list>
<bind>
<StgValue><ssdm name="Weight_fc1_V_5"/><MemPortTyVec>1 </MemPortTyVec>
</StgValue>
</bind>
</comp>

<comp id="180" class="1000" name="Weight_fc1_V_6">
<pin_list>
<pin id="181" dir="1" index="0" bw="1" slack="0"/>
</pin_list>
<bind>
<StgValue><ssdm name="Weight_fc1_V_6"/><MemPortTyVec>1 </MemPortTyVec>
</StgValue>
</bind>
</comp>

<comp id="182" class="1000" name="Weight_fc1_V_7">
<pin_list>
<pin id="183" dir="1" index="0" bw="1" slack="0"/>
</pin_list>
<bind>
<StgValue><ssdm name="Weight_fc1_V_7"/><MemPortTyVec>1 </MemPortTyVec>
</StgValue>
</bind>
</comp>

<comp id="184" class="1000" name="Weight_fc2_V_0">
<pin_list>
<pin id="185" dir="1" index="0" bw="1" slack="0"/>
</pin_list>
<bind>
<StgValue><ssdm name="Weight_fc2_V_0"/><MemPortTyVec>1 </MemPortTyVec>
</StgValue>
</bind>
</comp>

<comp id="186" class="1000" name="Weight_fc2_V_1">
<pin_list>
<pin id="187" dir="1" index="0" bw="1" slack="0"/>
</pin_list>
<bind>
<StgValue><ssdm name="Weight_fc2_V_1"/><MemPortTyVec>1 </MemPortTyVec>
</StgValue>
</bind>
</comp>

<comp id="188" class="1000" name="Weight_fc2_V_2">
<pin_list>
<pin id="189" dir="1" index="0" bw="1" slack="0"/>
</pin_list>
<bind>
<StgValue><ssdm name="Weight_fc2_V_2"/><MemPortTyVec>1 </MemPortTyVec>
</StgValue>
</bind>
</comp>

<comp id="190" class="1000" name="Weight_fc2_V_3">
<pin_list>
<pin id="191" dir="1" index="0" bw="1" slack="0"/>
</pin_list>
<bind>
<StgValue><ssdm name="Weight_fc2_V_3"/><MemPortTyVec>1 </MemPortTyVec>
</StgValue>
</bind>
</comp>

<comp id="192" class="1000" name="Weight_fc2_V_4">
<pin_list>
<pin id="193" dir="1" index="0" bw="1" slack="0"/>
</pin_list>
<bind>
<StgValue><ssdm name="Weight_fc2_V_4"/><MemPortTyVec>1 </MemPortTyVec>
</StgValue>
</bind>
</comp>

<comp id="194" class="1001" name="const_194">
<pin_list>
<pin id="195" dir="1" index="0" bw="1" slack="0"/>
</pin_list>
<bind>
<StgValue><ssdm name=""/></StgValue>
</bind>
</comp>

<comp id="196" class="1001" name="const_196">
<pin_list>
<pin id="197" dir="1" index="0" bw="1" slack="0"/>
</pin_list>
<bind>
<StgValue><ssdm name="Block__proc"/></StgValue>
</bind>
</comp>

<comp id="198" class="1001" name="const_198">
<pin_list>
<pin id="199" dir="1" index="0" bw="1" slack="0"/>
</pin_list>
<bind>
<StgValue><ssdm name="lstm_infer"/></StgValue>
</bind>
</comp>

<comp id="200" class="1001" name="const_200">
<pin_list>
<pin id="201" dir="1" index="0" bw="1" slack="0"/>
</pin_list>
<bind>
<StgValue><ssdm name="write_output"/></StgValue>
</bind>
</comp>

<comp id="202" class="1001" name="const_202">
<pin_list>
<pin id="203" dir="1" index="0" bw="1" slack="2147483647"/>
</pin_list>
<bind>
<StgValue><ssdm name="_ssdm_op_SpecDataflowPipeline"/></StgValue>
</bind>
</comp>

<comp id="204" class="1001" name="const_204">
<pin_list>
<pin id="205" dir="1" index="0" bw="1" slack="2147483647"/>
</pin_list>
<bind>
<StgValue><ssdm name=""/></StgValue>
</bind>
</comp>

<comp id="206" class="1001" name="const_206">
<pin_list>
<pin id="207" dir="1" index="0" bw="1" slack="2147483647"/>
</pin_list>
<bind>
<StgValue><ssdm name=""/></StgValue>
</bind>
</comp>

<comp id="208" class="1001" name="const_208">
<pin_list>
<pin id="209" dir="1" index="0" bw="1" slack="2147483647"/>
</pin_list>
<bind>
<StgValue><ssdm name="p_str"/></StgValue>
</bind>
</comp>

<comp id="210" class="1001" name="const_210">
<pin_list>
<pin id="211" dir="1" index="0" bw="1" slack="2147483647"/>
</pin_list>
<bind>
<StgValue><ssdm name="_ssdm_op_SpecBitsMap"/></StgValue>
</bind>
</comp>

<comp id="212" class="1001" name="const_212">
<pin_list>
<pin id="213" dir="1" index="0" bw="1" slack="2147483647"/>
</pin_list>
<bind>
<StgValue><ssdm name="_ssdm_op_SpecTopModule"/></StgValue>
</bind>
</comp>

<comp id="214" class="1001" name="const_214">
<pin_list>
<pin id="215" dir="1" index="0" bw="1" slack="2147483647"/>
</pin_list>
<bind>
<StgValue><ssdm name="BiLSTM_Top_str"/></StgValue>
</bind>
</comp>

<comp id="216" class="1001" name="const_216">
<pin_list>
<pin id="217" dir="1" index="0" bw="1" slack="2147483647"/>
</pin_list>
<bind>
<StgValue><ssdm name="_ssdm_op_SpecInterface"/></StgValue>
</bind>
</comp>

<comp id="218" class="1001" name="const_218">
<pin_list>
<pin id="219" dir="1" index="0" bw="1" slack="2147483647"/>
</pin_list>
<bind>
<StgValue><ssdm name="p_str3"/></StgValue>
</bind>
</comp>

<comp id="220" class="1001" name="const_220">
<pin_list>
<pin id="221" dir="1" index="0" bw="1" slack="2147483647"/>
</pin_list>
<bind>
<StgValue><ssdm name=""/></StgValue>
</bind>
</comp>

<comp id="222" class="1001" name="const_222">
<pin_list>
<pin id="223" dir="1" index="0" bw="1" slack="2147483647"/>
</pin_list>
<bind>
<StgValue><ssdm name="p_str4"/></StgValue>
</bind>
</comp>

<comp id="224" class="1001" name="const_224">
<pin_list>
<pin id="225" dir="1" index="0" bw="1" slack="2147483647"/>
</pin_list>
<bind>
<StgValue><ssdm name="p_str5"/></StgValue>
</bind>
</comp>

<comp id="226" class="1004" name="res_9_fu_226">
<pin_list>
<pin id="227" dir="0" index="0" bw="1" slack="0"/>
<pin id="228" dir="1" index="1" bw="32" slack="3"/>
</pin_list>
<bind>
<opcode="alloca(26) " fcode="alloca"/>
<opset="res_9/1 "/>
</bind>
</comp>

<comp id="230" class="1004" name="res_8_fu_230">
<pin_list>
<pin id="231" dir="0" index="0" bw="1" slack="0"/>
<pin id="232" dir="1" index="1" bw="32" slack="3"/>
</pin_list>
<bind>
<opcode="alloca(26) " fcode="alloca"/>
<opset="res_8/1 "/>
</bind>
</comp>

<comp id="234" class="1004" name="res_7_fu_234">
<pin_list>
<pin id="235" dir="0" index="0" bw="1" slack="0"/>
<pin id="236" dir="1" index="1" bw="32" slack="3"/>
</pin_list>
<bind>
<opcode="alloca(26) " fcode="alloca"/>
<opset="res_7/1 "/>
</bind>
</comp>

<comp id="238" class="1004" name="res_6_fu_238">
<pin_list>
<pin id="239" dir="0" index="0" bw="1" slack="0"/>
<pin id="240" dir="1" index="1" bw="32" slack="3"/>
</pin_list>
<bind>
<opcode="alloca(26) " fcode="alloca"/>
<opset="res_6/1 "/>
</bind>
</comp>

<comp id="242" class="1004" name="res_5_fu_242">
<pin_list>
<pin id="243" dir="0" index="0" bw="1" slack="0"/>
<pin id="244" dir="1" index="1" bw="32" slack="3"/>
</pin_list>
<bind>
<opcode="alloca(26) " fcode="alloca"/>
<opset="res_5/1 "/>
</bind>
</comp>

<comp id="246" class="1004" name="res_4_fu_246">
<pin_list>
<pin id="247" dir="0" index="0" bw="1" slack="0"/>
<pin id="248" dir="1" index="1" bw="32" slack="3"/>
</pin_list>
<bind>
<opcode="alloca(26) " fcode="alloca"/>
<opset="res_4/1 "/>
</bind>
</comp>

<comp id="250" class="1004" name="res_3_fu_250">
<pin_list>
<pin id="251" dir="0" index="0" bw="1" slack="0"/>
<pin id="252" dir="1" index="1" bw="32" slack="3"/>
</pin_list>
<bind>
<opcode="alloca(26) " fcode="alloca"/>
<opset="res_3/1 "/>
</bind>
</comp>

<comp id="254" class="1004" name="res_2_fu_254">
<pin_list>
<pin id="255" dir="0" index="0" bw="1" slack="0"/>
<pin id="256" dir="1" index="1" bw="32" slack="3"/>
</pin_list>
<bind>
<opcode="alloca(26) " fcode="alloca"/>
<opset="res_2/1 "/>
</bind>
</comp>

<comp id="258" class="1004" name="res_1_fu_258">
<pin_list>
<pin id="259" dir="0" index="0" bw="1" slack="0"/>
<pin id="260" dir="1" index="1" bw="32" slack="3"/>
</pin_list>
<bind>
<opcode="alloca(26) " fcode="alloca"/>
<opset="res_1/1 "/>
</bind>
</comp>

<comp id="262" class="1004" name="res_0_fu_262">
<pin_list>
<pin id="263" dir="0" index="0" bw="1" slack="0"/>
<pin id="264" dir="1" index="1" bw="32" slack="3"/>
</pin_list>
<bind>
<opcode="alloca(26) " fcode="alloca"/>
<opset="res_0/1 "/>
</bind>
</comp>

<comp id="266" class="1004" name="input_ping_alloca_fu_266">
<pin_list>
<pin id="267" dir="0" index="0" bw="1" slack="0"/>
<pin id="268" dir="1" index="1" bw="32" slack="2147483647"/>
</pin_list>
<bind>
<opcode="alloca(26) " fcode="alloca"/>
<opset="input_ping/1 "/>
</bind>
</comp>

<comp id="270" class="1004" name="grp_lstm_infer_fu_270">
<pin_list>
<pin id="271" dir="0" index="0" bw="0" slack="0"/>
<pin id="272" dir="0" index="1" bw="32" slack="2147483647"/>
<pin id="273" dir="0" index="2" bw="7" slack="1"/>
<pin id="274" dir="0" index="3" bw="32" slack="3"/>
<pin id="275" dir="0" index="4" bw="32" slack="3"/>
<pin id="276" dir="0" index="5" bw="32" slack="3"/>
<pin id="277" dir="0" index="6" bw="32" slack="3"/>
<pin id="278" dir="0" index="7" bw="32" slack="3"/>
<pin id="279" dir="0" index="8" bw="32" slack="3"/>
<pin id="280" dir="0" index="9" bw="32" slack="3"/>
<pin id="281" dir="0" index="10" bw="32" slack="3"/>
<pin id="282" dir="0" index="11" bw="32" slack="3"/>
<pin id="283" dir="0" index="12" bw="32" slack="3"/>
<pin id="284" dir="0" index="13" bw="7" slack="0"/>
<pin id="285" dir="0" index="14" bw="7" slack="0"/>
<pin id="286" dir="0" index="15" bw="7" slack="0"/>
<pin id="287" dir="0" index="16" bw="7" slack="0"/>
<pin id="288" dir="0" index="17" bw="7" slack="0"/>
<pin id="289" dir="0" index="18" bw="7" slack="0"/>
<pin id="290" dir="0" index="19" bw="7" slack="0"/>
<pin id="291" dir="0" index="20" bw="7" slack="0"/>
<pin id="292" dir="0" index="21" bw="7" slack="0"/>
<pin id="293" dir="0" index="22" bw="7" slack="0"/>
<pin id="294" dir="0" index="23" bw="7" slack="0"/>
<pin id="295" dir="0" index="24" bw="7" slack="0"/>
<pin id="296" dir="0" index="25" bw="7" slack="0"/>
<pin id="297" dir="0" index="26" bw="7" slack="0"/>
<pin id="298" dir="0" index="27" bw="7" slack="0"/>
<pin id="299" dir="0" index="28" bw="7" slack="0"/>
<pin id="300" dir="0" index="29" bw="7" slack="0"/>
<pin id="301" dir="0" index="30" bw="7" slack="0"/>
<pin id="302" dir="0" index="31" bw="7" slack="0"/>
<pin id="303" dir="0" index="32" bw="7" slack="0"/>
<pin id="304" dir="0" index="33" bw="7" slack="0"/>
<pin id="305" dir="0" index="34" bw="7" slack="0"/>
<pin id="306" dir="0" index="35" bw="7" slack="0"/>
<pin id="307" dir="0" index="36" bw="7" slack="0"/>
<pin id="308" dir="0" index="37" bw="7" slack="0"/>
<pin id="309" dir="0" index="38" bw="7" slack="0"/>
<pin id="310" dir="0" index="39" bw="7" slack="0"/>
<pin id="311" dir="0" index="40" bw="7" slack="0"/>
<pin id="312" dir="0" index="41" bw="7" slack="0"/>
<pin id="313" dir="0" index="42" bw="7" slack="0"/>
<pin id="314" dir="0" index="43" bw="7" slack="0"/>
<pin id="315" dir="0" index="44" bw="7" slack="0"/>
<pin id="316" dir="0" index="45" bw="15" slack="0"/>
<pin id="317" dir="0" index="46" bw="16" slack="0"/>
<pin id="318" dir="0" index="47" bw="16" slack="0"/>
<pin id="319" dir="0" index="48" bw="16" slack="0"/>
<pin id="320" dir="0" index="49" bw="7" slack="0"/>
<pin id="321" dir="0" index="50" bw="7" slack="0"/>
<pin id="322" dir="0" index="51" bw="7" slack="0"/>
<pin id="323" dir="0" index="52" bw="7" slack="0"/>
<pin id="324" dir="0" index="53" bw="7" slack="0"/>
<pin id="325" dir="0" index="54" bw="7" slack="0"/>
<pin id="326" dir="0" index="55" bw="7" slack="0"/>
<pin id="327" dir="0" index="56" bw="7" slack="0"/>
<pin id="328" dir="0" index="57" bw="7" slack="0"/>
<pin id="329" dir="0" index="58" bw="7" slack="0"/>
<pin id="330" dir="0" index="59" bw="7" slack="0"/>
<pin id="331" dir="0" index="60" bw="7" slack="0"/>
<pin id="332" dir="0" index="61" bw="7" slack="0"/>
<pin id="333" dir="0" index="62" bw="7" slack="0"/>
<pin id="334" dir="0" index="63" bw="7" slack="0"/>
<pin id="335" dir="0" index="64" bw="7" slack="0"/>
<pin id="336" dir="0" index="65" bw="7" slack="0"/>
<pin id="337" dir="0" index="66" bw="7" slack="0"/>
<pin id="338" dir="0" index="67" bw="7" slack="0"/>
<pin id="339" dir="0" index="68" bw="7" slack="0"/>
<pin id="340" dir="0" index="69" bw="7" slack="0"/>
<pin id="341" dir="0" index="70" bw="7" slack="0"/>
<pin id="342" dir="0" index="71" bw="7" slack="0"/>
<pin id="343" dir="0" index="72" bw="7" slack="0"/>
<pin id="344" dir="0" index="73" bw="7" slack="0"/>
<pin id="345" dir="0" index="74" bw="7" slack="0"/>
<pin id="346" dir="0" index="75" bw="7" slack="0"/>
<pin id="347" dir="0" index="76" bw="7" slack="0"/>
<pin id="348" dir="0" index="77" bw="7" slack="0"/>
<pin id="349" dir="0" index="78" bw="7" slack="0"/>
<pin id="350" dir="0" index="79" bw="6" slack="0"/>
<pin id="351" dir="0" index="80" bw="7" slack="0"/>
<pin id="352" dir="0" index="81" bw="7" slack="0"/>
<pin id="353" dir="0" index="82" bw="7" slack="0"/>
<pin id="354" dir="0" index="83" bw="7" slack="0"/>
<pin id="355" dir="0" index="84" bw="7" slack="0"/>
<pin id="356" dir="0" index="85" bw="7" slack="0"/>
<pin id="357" dir="0" index="86" bw="7" slack="0"/>
<pin id="358" dir="0" index="87" bw="7" slack="0"/>
<pin id="359" dir="0" index="88" bw="7" slack="0"/>
<pin id="360" dir="0" index="89" bw="7" slack="0"/>
<pin id="361" dir="0" index="90" bw="7" slack="0"/>
<pin id="362" dir="0" index="91" bw="7" slack="0"/>
<pin id="363" dir="0" index="92" bw="7" slack="0"/>
<pin id="364" dir="0" index="93" bw="7" slack="0"/>
<pin id="365" dir="1" index="94" bw="0" slack="2147483647"/>
</pin_list>
<bind>
<opcode="call(48) " fcode="call"/>
<opset="StgValue_22/4 "/>
</bind>
</comp>

<comp id="448" class="1004" name="grp_write_output_fu_448">
<pin_list>
<pin id="449" dir="0" index="0" bw="0" slack="0"/>
<pin id="450" dir="0" index="1" bw="32" slack="0"/>
<pin id="451" dir="0" index="2" bw="4" slack="0"/>
<pin id="452" dir="0" index="3" bw="4" slack="0"/>
<pin id="453" dir="0" index="4" bw="1" slack="0"/>
<pin id="454" dir="0" index="5" bw="1" slack="0"/>
<pin id="455" dir="0" index="6" bw="1" slack="0"/>
<pin id="456" dir="0" index="7" bw="1" slack="0"/>
<pin id="457" dir="0" index="8" bw="32" slack="5"/>
<pin id="458" dir="0" index="9" bw="32" slack="5"/>
<pin id="459" dir="0" index="10" bw="32" slack="5"/>
<pin id="460" dir="0" index="11" bw="32" slack="5"/>
<pin id="461" dir="0" index="12" bw="32" slack="5"/>
<pin id="462" dir="0" index="13" bw="32" slack="5"/>
<pin id="463" dir="0" index="14" bw="32" slack="5"/>
<pin id="464" dir="0" index="15" bw="32" slack="5"/>
<pin id="465" dir="0" index="16" bw="32" slack="5"/>
<pin id="466" dir="0" index="17" bw="32" slack="5"/>
<pin id="467" dir="1" index="18" bw="0" slack="2147483647"/>
</pin_list>
<bind>
<opcode="call(48) " fcode="call"/>
<opset="StgValue_24/6 "/>
</bind>
</comp>

<comp id="476" class="1004" name="grp_Block_proc_fu_476">
<pin_list>
<pin id="477" dir="0" index="0" bw="7" slack="0"/>
<pin id="478" dir="0" index="1" bw="32" slack="0"/>
<pin id="479" dir="0" index="2" bw="4" slack="0"/>
<pin id="480" dir="0" index="3" bw="4" slack="0"/>
<pin id="481" dir="0" index="4" bw="1" slack="0"/>
<pin id="482" dir="0" index="5" bw="1" slack="0"/>
<pin id="483" dir="0" index="6" bw="1" slack="0"/>
<pin id="484" dir="0" index="7" bw="1" slack="0"/>
<pin id="485" dir="0" index="8" bw="32" slack="2147483647"/>
<pin id="486" dir="0" index="9" bw="32" slack="0"/>
<pin id="487" dir="0" index="10" bw="7" slack="0"/>
<pin id="488" dir="1" index="11" bw="7" slack="1"/>
</pin_list>
<bind>
<opcode="call(48) " fcode="call"/>
<opset="data_lens_load_loc_c/2 "/>
</bind>
</comp>

<comp id="499" class="1005" name="res_9_reg_499">
<pin_list>
<pin id="500" dir="0" index="0" bw="32" slack="3"/>
<pin id="501" dir="1" index="1" bw="32" slack="3"/>
</pin_list>
<bind>
<opset="res_9 "/>
</bind>
</comp>

<comp id="505" class="1005" name="res_8_reg_505">
<pin_list>
<pin id="506" dir="0" index="0" bw="32" slack="3"/>
<pin id="507" dir="1" index="1" bw="32" slack="3"/>
</pin_list>
<bind>
<opset="res_8 "/>
</bind>
</comp>

<comp id="511" class="1005" name="res_7_reg_511">
<pin_list>
<pin id="512" dir="0" index="0" bw="32" slack="3"/>
<pin id="513" dir="1" index="1" bw="32" slack="3"/>
</pin_list>
<bind>
<opset="res_7 "/>
</bind>
</comp>

<comp id="517" class="1005" name="res_6_reg_517">
<pin_list>
<pin id="518" dir="0" index="0" bw="32" slack="3"/>
<pin id="519" dir="1" index="1" bw="32" slack="3"/>
</pin_list>
<bind>
<opset="res_6 "/>
</bind>
</comp>

<comp id="523" class="1005" name="res_5_reg_523">
<pin_list>
<pin id="524" dir="0" index="0" bw="32" slack="3"/>
<pin id="525" dir="1" index="1" bw="32" slack="3"/>
</pin_list>
<bind>
<opset="res_5 "/>
</bind>
</comp>

<comp id="529" class="1005" name="res_4_reg_529">
<pin_list>
<pin id="530" dir="0" index="0" bw="32" slack="3"/>
<pin id="531" dir="1" index="1" bw="32" slack="3"/>
</pin_list>
<bind>
<opset="res_4 "/>
</bind>
</comp>

<comp id="535" class="1005" name="res_3_reg_535">
<pin_list>
<pin id="536" dir="0" index="0" bw="32" slack="3"/>
<pin id="537" dir="1" index="1" bw="32" slack="3"/>
</pin_list>
<bind>
<opset="res_3 "/>
</bind>
</comp>

<comp id="541" class="1005" name="res_2_reg_541">
<pin_list>
<pin id="542" dir="0" index="0" bw="32" slack="3"/>
<pin id="543" dir="1" index="1" bw="32" slack="3"/>
</pin_list>
<bind>
<opset="res_2 "/>
</bind>
</comp>

<comp id="547" class="1005" name="res_1_reg_547">
<pin_list>
<pin id="548" dir="0" index="0" bw="32" slack="3"/>
<pin id="549" dir="1" index="1" bw="32" slack="3"/>
</pin_list>
<bind>
<opset="res_1 "/>
</bind>
</comp>

<comp id="553" class="1005" name="res_0_reg_553">
<pin_list>
<pin id="554" dir="0" index="0" bw="32" slack="3"/>
<pin id="555" dir="1" index="1" bw="32" slack="3"/>
</pin_list>
<bind>
<opset="res_0 "/>
</bind>
</comp>

<comp id="559" class="1005" name="data_lens_load_loc_c_reg_559">
<pin_list>
<pin id="560" dir="0" index="0" bw="7" slack="1"/>
<pin id="561" dir="1" index="1" bw="7" slack="1"/>
</pin_list>
<bind>
<opset="data_lens_load_loc_c "/>
</bind>
</comp>

</comp_list>

<net_list>
<net id="229"><net_src comp="194" pin="0"/><net_sink comp="226" pin=0"/></net>

<net id="233"><net_src comp="194" pin="0"/><net_sink comp="230" pin=0"/></net>

<net id="237"><net_src comp="194" pin="0"/><net_sink comp="234" pin=0"/></net>

<net id="241"><net_src comp="194" pin="0"/><net_sink comp="238" pin=0"/></net>

<net id="245"><net_src comp="194" pin="0"/><net_sink comp="242" pin=0"/></net>

<net id="249"><net_src comp="194" pin="0"/><net_sink comp="246" pin=0"/></net>

<net id="253"><net_src comp="194" pin="0"/><net_sink comp="250" pin=0"/></net>

<net id="257"><net_src comp="194" pin="0"/><net_sink comp="254" pin=0"/></net>

<net id="261"><net_src comp="194" pin="0"/><net_sink comp="258" pin=0"/></net>

<net id="265"><net_src comp="194" pin="0"/><net_sink comp="262" pin=0"/></net>

<net id="269"><net_src comp="194" pin="0"/><net_sink comp="266" pin=0"/></net>

<net id="366"><net_src comp="198" pin="0"/><net_sink comp="270" pin=0"/></net>

<net id="367"><net_src comp="32" pin="0"/><net_sink comp="270" pin=13"/></net>

<net id="368"><net_src comp="34" pin="0"/><net_sink comp="270" pin=14"/></net>

<net id="369"><net_src comp="36" pin="0"/><net_sink comp="270" pin=15"/></net>

<net id="370"><net_src comp="38" pin="0"/><net_sink comp="270" pin=16"/></net>

<net id="371"><net_src comp="40" pin="0"/><net_sink comp="270" pin=17"/></net>

<net id="372"><net_src comp="42" pin="0"/><net_sink comp="270" pin=18"/></net>

<net id="373"><net_src comp="44" pin="0"/><net_sink comp="270" pin=19"/></net>

<net id="374"><net_src comp="46" pin="0"/><net_sink comp="270" pin=20"/></net>

<net id="375"><net_src comp="48" pin="0"/><net_sink comp="270" pin=21"/></net>

<net id="376"><net_src comp="50" pin="0"/><net_sink comp="270" pin=22"/></net>

<net id="377"><net_src comp="52" pin="0"/><net_sink comp="270" pin=23"/></net>

<net id="378"><net_src comp="54" pin="0"/><net_sink comp="270" pin=24"/></net>

<net id="379"><net_src comp="56" pin="0"/><net_sink comp="270" pin=25"/></net>

<net id="380"><net_src comp="58" pin="0"/><net_sink comp="270" pin=26"/></net>

<net id="381"><net_src comp="60" pin="0"/><net_sink comp="270" pin=27"/></net>

<net id="382"><net_src comp="62" pin="0"/><net_sink comp="270" pin=28"/></net>

<net id="383"><net_src comp="64" pin="0"/><net_sink comp="270" pin=29"/></net>

<net id="384"><net_src comp="66" pin="0"/><net_sink comp="270" pin=30"/></net>

<net id="385"><net_src comp="68" pin="0"/><net_sink comp="270" pin=31"/></net>

<net id="386"><net_src comp="70" pin="0"/><net_sink comp="270" pin=32"/></net>

<net id="387"><net_src comp="72" pin="0"/><net_sink comp="270" pin=33"/></net>

<net id="388"><net_src comp="74" pin="0"/><net_sink comp="270" pin=34"/></net>

<net id="389"><net_src comp="76" pin="0"/><net_sink comp="270" pin=35"/></net>

<net id="390"><net_src comp="78" pin="0"/><net_sink comp="270" pin=36"/></net>

<net id="391"><net_src comp="80" pin="0"/><net_sink comp="270" pin=37"/></net>

<net id="392"><net_src comp="82" pin="0"/><net_sink comp="270" pin=38"/></net>

<net id="393"><net_src comp="84" pin="0"/><net_sink comp="270" pin=39"/></net>

<net id="394"><net_src comp="86" pin="0"/><net_sink comp="270" pin=40"/></net>

<net id="395"><net_src comp="88" pin="0"/><net_sink comp="270" pin=41"/></net>

<net id="396"><net_src comp="90" pin="0"/><net_sink comp="270" pin=42"/></net>

<net id="397"><net_src comp="92" pin="0"/><net_sink comp="270" pin=43"/></net>

<net id="398"><net_src comp="94" pin="0"/><net_sink comp="270" pin=44"/></net>

<net id="399"><net_src comp="96" pin="0"/><net_sink comp="270" pin=45"/></net>

<net id="400"><net_src comp="98" pin="0"/><net_sink comp="270" pin=46"/></net>

<net id="401"><net_src comp="100" pin="0"/><net_sink comp="270" pin=47"/></net>

<net id="402"><net_src comp="102" pin="0"/><net_sink comp="270" pin=48"/></net>

<net id="403"><net_src comp="104" pin="0"/><net_sink comp="270" pin=49"/></net>

<net id="404"><net_src comp="106" pin="0"/><net_sink comp="270" pin=50"/></net>

<net id="405"><net_src comp="108" pin="0"/><net_sink comp="270" pin=51"/></net>

<net id="406"><net_src comp="110" pin="0"/><net_sink comp="270" pin=52"/></net>

<net id="407"><net_src comp="112" pin="0"/><net_sink comp="270" pin=53"/></net>

<net id="408"><net_src comp="114" pin="0"/><net_sink comp="270" pin=54"/></net>

<net id="409"><net_src comp="116" pin="0"/><net_sink comp="270" pin=55"/></net>

<net id="410"><net_src comp="118" pin="0"/><net_sink comp="270" pin=56"/></net>

<net id="411"><net_src comp="120" pin="0"/><net_sink comp="270" pin=57"/></net>

<net id="412"><net_src comp="122" pin="0"/><net_sink comp="270" pin=58"/></net>

<net id="413"><net_src comp="124" pin="0"/><net_sink comp="270" pin=59"/></net>

<net id="414"><net_src comp="126" pin="0"/><net_sink comp="270" pin=60"/></net>

<net id="415"><net_src comp="128" pin="0"/><net_sink comp="270" pin=61"/></net>

<net id="416"><net_src comp="130" pin="0"/><net_sink comp="270" pin=62"/></net>

<net id="417"><net_src comp="132" pin="0"/><net_sink comp="270" pin=63"/></net>

<net id="418"><net_src comp="134" pin="0"/><net_sink comp="270" pin=64"/></net>

<net id="419"><net_src comp="136" pin="0"/><net_sink comp="270" pin=65"/></net>

<net id="420"><net_src comp="138" pin="0"/><net_sink comp="270" pin=66"/></net>

<net id="421"><net_src comp="140" pin="0"/><net_sink comp="270" pin=67"/></net>

<net id="422"><net_src comp="142" pin="0"/><net_sink comp="270" pin=68"/></net>

<net id="423"><net_src comp="144" pin="0"/><net_sink comp="270" pin=69"/></net>

<net id="424"><net_src comp="146" pin="0"/><net_sink comp="270" pin=70"/></net>

<net id="425"><net_src comp="148" pin="0"/><net_sink comp="270" pin=71"/></net>

<net id="426"><net_src comp="150" pin="0"/><net_sink comp="270" pin=72"/></net>

<net id="427"><net_src comp="152" pin="0"/><net_sink comp="270" pin=73"/></net>

<net id="428"><net_src comp="154" pin="0"/><net_sink comp="270" pin=74"/></net>

<net id="429"><net_src comp="156" pin="0"/><net_sink comp="270" pin=75"/></net>

<net id="430"><net_src comp="158" pin="0"/><net_sink comp="270" pin=76"/></net>

<net id="431"><net_src comp="160" pin="0"/><net_sink comp="270" pin=77"/></net>

<net id="432"><net_src comp="162" pin="0"/><net_sink comp="270" pin=78"/></net>

<net id="433"><net_src comp="164" pin="0"/><net_sink comp="270" pin=79"/></net>

<net id="434"><net_src comp="166" pin="0"/><net_sink comp="270" pin=80"/></net>

<net id="435"><net_src comp="168" pin="0"/><net_sink comp="270" pin=81"/></net>

<net id="436"><net_src comp="170" pin="0"/><net_sink comp="270" pin=82"/></net>

<net id="437"><net_src comp="172" pin="0"/><net_sink comp="270" pin=83"/></net>

<net id="438"><net_src comp="174" pin="0"/><net_sink comp="270" pin=84"/></net>

<net id="439"><net_src comp="176" pin="0"/><net_sink comp="270" pin=85"/></net>

<net id="440"><net_src comp="178" pin="0"/><net_sink comp="270" pin=86"/></net>

<net id="441"><net_src comp="180" pin="0"/><net_sink comp="270" pin=87"/></net>

<net id="442"><net_src comp="182" pin="0"/><net_sink comp="270" pin=88"/></net>

<net id="443"><net_src comp="184" pin="0"/><net_sink comp="270" pin=89"/></net>

<net id="444"><net_src comp="186" pin="0"/><net_sink comp="270" pin=90"/></net>

<net id="445"><net_src comp="188" pin="0"/><net_sink comp="270" pin=91"/></net>

<net id="446"><net_src comp="190" pin="0"/><net_sink comp="270" pin=92"/></net>

<net id="447"><net_src comp="192" pin="0"/><net_sink comp="270" pin=93"/></net>

<net id="468"><net_src comp="200" pin="0"/><net_sink comp="448" pin=0"/></net>

<net id="469"><net_src comp="14" pin="0"/><net_sink comp="448" pin=1"/></net>

<net id="470"><net_src comp="16" pin="0"/><net_sink comp="448" pin=2"/></net>

<net id="471"><net_src comp="18" pin="0"/><net_sink comp="448" pin=3"/></net>

<net id="472"><net_src comp="20" pin="0"/><net_sink comp="448" pin=4"/></net>

<net id="473"><net_src comp="22" pin="0"/><net_sink comp="448" pin=5"/></net>

<net id="474"><net_src comp="24" pin="0"/><net_sink comp="448" pin=6"/></net>

<net id="475"><net_src comp="26" pin="0"/><net_sink comp="448" pin=7"/></net>

<net id="489"><net_src comp="196" pin="0"/><net_sink comp="476" pin=0"/></net>

<net id="490"><net_src comp="0" pin="0"/><net_sink comp="476" pin=1"/></net>

<net id="491"><net_src comp="2" pin="0"/><net_sink comp="476" pin=2"/></net>

<net id="492"><net_src comp="4" pin="0"/><net_sink comp="476" pin=3"/></net>

<net id="493"><net_src comp="6" pin="0"/><net_sink comp="476" pin=4"/></net>

<net id="494"><net_src comp="8" pin="0"/><net_sink comp="476" pin=5"/></net>

<net id="495"><net_src comp="10" pin="0"/><net_sink comp="476" pin=6"/></net>

<net id="496"><net_src comp="12" pin="0"/><net_sink comp="476" pin=7"/></net>

<net id="497"><net_src comp="28" pin="0"/><net_sink comp="476" pin=9"/></net>

<net id="498"><net_src comp="30" pin="0"/><net_sink comp="476" pin=10"/></net>

<net id="502"><net_src comp="226" pin="1"/><net_sink comp="499" pin=0"/></net>

<net id="503"><net_src comp="499" pin="1"/><net_sink comp="270" pin=12"/></net>

<net id="504"><net_src comp="499" pin="1"/><net_sink comp="448" pin=17"/></net>

<net id="508"><net_src comp="230" pin="1"/><net_sink comp="505" pin=0"/></net>

<net id="509"><net_src comp="505" pin="1"/><net_sink comp="270" pin=11"/></net>

<net id="510"><net_src comp="505" pin="1"/><net_sink comp="448" pin=16"/></net>

<net id="514"><net_src comp="234" pin="1"/><net_sink comp="511" pin=0"/></net>

<net id="515"><net_src comp="511" pin="1"/><net_sink comp="270" pin=10"/></net>

<net id="516"><net_src comp="511" pin="1"/><net_sink comp="448" pin=15"/></net>

<net id="520"><net_src comp="238" pin="1"/><net_sink comp="517" pin=0"/></net>

<net id="521"><net_src comp="517" pin="1"/><net_sink comp="270" pin=9"/></net>

<net id="522"><net_src comp="517" pin="1"/><net_sink comp="448" pin=14"/></net>

<net id="526"><net_src comp="242" pin="1"/><net_sink comp="523" pin=0"/></net>

<net id="527"><net_src comp="523" pin="1"/><net_sink comp="270" pin=8"/></net>

<net id="528"><net_src comp="523" pin="1"/><net_sink comp="448" pin=13"/></net>

<net id="532"><net_src comp="246" pin="1"/><net_sink comp="529" pin=0"/></net>

<net id="533"><net_src comp="529" pin="1"/><net_sink comp="270" pin=7"/></net>

<net id="534"><net_src comp="529" pin="1"/><net_sink comp="448" pin=12"/></net>

<net id="538"><net_src comp="250" pin="1"/><net_sink comp="535" pin=0"/></net>

<net id="539"><net_src comp="535" pin="1"/><net_sink comp="270" pin=6"/></net>

<net id="540"><net_src comp="535" pin="1"/><net_sink comp="448" pin=11"/></net>

<net id="544"><net_src comp="254" pin="1"/><net_sink comp="541" pin=0"/></net>

<net id="545"><net_src comp="541" pin="1"/><net_sink comp="270" pin=5"/></net>

<net id="546"><net_src comp="541" pin="1"/><net_sink comp="448" pin=10"/></net>

<net id="550"><net_src comp="258" pin="1"/><net_sink comp="547" pin=0"/></net>

<net id="551"><net_src comp="547" pin="1"/><net_sink comp="270" pin=4"/></net>

<net id="552"><net_src comp="547" pin="1"/><net_sink comp="448" pin=9"/></net>

<net id="556"><net_src comp="262" pin="1"/><net_sink comp="553" pin=0"/></net>

<net id="557"><net_src comp="553" pin="1"/><net_sink comp="270" pin=3"/></net>

<net id="558"><net_src comp="553" pin="1"/><net_sink comp="448" pin=8"/></net>

<net id="562"><net_src comp="476" pin="11"/><net_sink comp="559" pin=0"/></net>

<net id="563"><net_src comp="559" pin="1"/><net_sink comp="270" pin=2"/></net>

</net_list>

</model> 
---------------- Datapath Model END ------------------

* FSMD analyzer results:
  - Output states:
	Port: output_stream_V_data_V | {6 7 }
	Port: output_stream_V_keep_V | {6 7 }
	Port: output_stream_V_strb_V | {6 7 }
	Port: output_stream_V_user_V | {6 7 }
	Port: output_stream_V_last_V | {6 7 }
	Port: output_stream_V_id_V | {6 7 }
	Port: output_stream_V_dest_V | {6 7 }
	Port: seq | {2 3 }
 - Input state : 
	Port: BiLSTM_Top : input_stream_V_data_V | {2 3 }
	Port: BiLSTM_Top : input_stream_V_keep_V | {2 3 }
	Port: BiLSTM_Top : input_stream_V_strb_V | {2 3 }
	Port: BiLSTM_Top : input_stream_V_user_V | {2 3 }
	Port: BiLSTM_Top : input_stream_V_last_V | {2 3 }
	Port: BiLSTM_Top : input_stream_V_id_V | {2 3 }
	Port: BiLSTM_Top : input_stream_V_dest_V | {2 3 }
	Port: BiLSTM_Top : seq | {2 3 }
	Port: BiLSTM_Top : data_lens | {2 3 }
	Port: BiLSTM_Top : Weight_i_f_V_0 | {4 5 }
	Port: BiLSTM_Top : Weight_f_f_V_0 | {4 5 }
	Port: BiLSTM_Top : Weight_g_f_V_0 | {4 5 }
	Port: BiLSTM_Top : Weight_o_f_V_0 | {4 5 }
	Port: BiLSTM_Top : Weight_i_f_V_1 | {4 5 }
	Port: BiLSTM_Top : Weight_f_f_V_1 | {4 5 }
	Port: BiLSTM_Top : Weight_g_f_V_1 | {4 5 }
	Port: BiLSTM_Top : Weight_o_f_V_1 | {4 5 }
	Port: BiLSTM_Top : Weight_i_f_V_2 | {4 5 }
	Port: BiLSTM_Top : Weight_f_f_V_2 | {4 5 }
	Port: BiLSTM_Top : Weight_g_f_V_2 | {4 5 }
	Port: BiLSTM_Top : Weight_o_f_V_2 | {4 5 }
	Port: BiLSTM_Top : Weight_i_f_V_3 | {4 5 }
	Port: BiLSTM_Top : Weight_f_f_V_3 | {4 5 }
	Port: BiLSTM_Top : Weight_g_f_V_3 | {4 5 }
	Port: BiLSTM_Top : Weight_o_f_V_3 | {4 5 }
	Port: BiLSTM_Top : Weight_i_f_V_4 | {4 5 }
	Port: BiLSTM_Top : Weight_f_f_V_4 | {4 5 }
	Port: BiLSTM_Top : Weight_g_f_V_4 | {4 5 }
	Port: BiLSTM_Top : Weight_o_f_V_4 | {4 5 }
	Port: BiLSTM_Top : Weight_i_f_V_5 | {4 5 }
	Port: BiLSTM_Top : Weight_f_f_V_5 | {4 5 }
	Port: BiLSTM_Top : Weight_g_f_V_5 | {4 5 }
	Port: BiLSTM_Top : Weight_o_f_V_5 | {4 5 }
	Port: BiLSTM_Top : Weight_i_f_V_6 | {4 5 }
	Port: BiLSTM_Top : Weight_f_f_V_6 | {4 5 }
	Port: BiLSTM_Top : Weight_g_f_V_6 | {4 5 }
	Port: BiLSTM_Top : Weight_o_f_V_6 | {4 5 }
	Port: BiLSTM_Top : Weight_i_f_V_7 | {4 5 }
	Port: BiLSTM_Top : Weight_f_f_V_7 | {4 5 }
	Port: BiLSTM_Top : Weight_g_f_V_7 | {4 5 }
	Port: BiLSTM_Top : Weight_o_f_V_7 | {4 5 }
	Port: BiLSTM_Top : sigmoid_lut_V | {4 5 }
	Port: BiLSTM_Top : tanh_lut_V163 | {4 5 }
	Port: BiLSTM_Top : tanh_lut_V162 | {4 5 }
	Port: BiLSTM_Top : tanh_lut_V | {4 5 }
	Port: BiLSTM_Top : Weight_i_b_V_0 | {4 5 }
	Port: BiLSTM_Top : Weight_f_b_V_0 | {4 5 }
	Port: BiLSTM_Top : Weight_g_b_V_0 | {4 5 }
	Port: BiLSTM_Top : Weight_o_b_V_0 | {4 5 }
	Port: BiLSTM_Top : Weight_i_b_V_1 | {4 5 }
	Port: BiLSTM_Top : Weight_f_b_V_1 | {4 5 }
	Port: BiLSTM_Top : Weight_g_b_V_1 | {4 5 }
	Port: BiLSTM_Top : Weight_o_b_V_1 | {4 5 }
	Port: BiLSTM_Top : Weight_i_b_V_2 | {4 5 }
	Port: BiLSTM_Top : Weight_f_b_V_2 | {4 5 }
	Port: BiLSTM_Top : Weight_g_b_V_2 | {4 5 }
	Port: BiLSTM_Top : Weight_o_b_V_2 | {4 5 }
	Port: BiLSTM_Top : Weight_i_b_V_3 | {4 5 }
	Port: BiLSTM_Top : Weight_f_b_V_3 | {4 5 }
	Port: BiLSTM_Top : Weight_g_b_V_3 | {4 5 }
	Port: BiLSTM_Top : Weight_o_b_V_3 | {4 5 }
	Port: BiLSTM_Top : Weight_i_b_V_4 | {4 5 }
	Port: BiLSTM_Top : Weight_f_b_V_4 | {4 5 }
	Port: BiLSTM_Top : Weight_g_b_V_4 | {4 5 }
	Port: BiLSTM_Top : Weight_o_b_V_4 | {4 5 }
	Port: BiLSTM_Top : Weight_i_b_V_5 | {4 5 }
	Port: BiLSTM_Top : Weight_f_b_V_5 | {4 5 }
	Port: BiLSTM_Top : Weight_g_b_V_5 | {4 5 }
	Port: BiLSTM_Top : Weight_o_b_V_5 | {4 5 }
	Port: BiLSTM_Top : Weight_i_b_V_6 | {4 5 }
	Port: BiLSTM_Top : Weight_f_b_V_6 | {4 5 }
	Port: BiLSTM_Top : Weight_g_b_V_6 | {4 5 }
	Port: BiLSTM_Top : Weight_o_b_V_6 | {4 5 }
	Port: BiLSTM_Top : Weight_i_b_V_7 | {4 5 }
	Port: BiLSTM_Top : Weight_f_b_V_7 | {4 5 }
	Port: BiLSTM_Top : Weight_g_b_V_7 | {4 5 }
	Port: BiLSTM_Top : Weight_o_b_V_7 | {4 5 }
	Port: BiLSTM_Top : Weight_fc1_V_0 | {4 5 }
	Port: BiLSTM_Top : Weight_fc1_V_1 | {4 5 }
	Port: BiLSTM_Top : Weight_fc1_V_2 | {4 5 }
	Port: BiLSTM_Top : Weight_fc1_V_3 | {4 5 }
	Port: BiLSTM_Top : Weight_fc1_V_4 | {4 5 }
	Port: BiLSTM_Top : Weight_fc1_V_5 | {4 5 }
	Port: BiLSTM_Top : Weight_fc1_V_6 | {4 5 }
	Port: BiLSTM_Top : Weight_fc1_V_7 | {4 5 }
	Port: BiLSTM_Top : Weight_fc2_V_0 | {4 5 }
	Port: BiLSTM_Top : Weight_fc2_V_1 | {4 5 }
	Port: BiLSTM_Top : Weight_fc2_V_2 | {4 5 }
	Port: BiLSTM_Top : Weight_fc2_V_3 | {4 5 }
	Port: BiLSTM_Top : Weight_fc2_V_4 | {4 5 }
  - Chain level:
	State 1
	State 2
	State 3
	State 4
	State 5
	State 6
	State 7
	State 8


============================================================
+ Verbose Summary: Datapath Resource usage 
============================================================

* Functional unit list:
|----------|-------------------------|---------|---------|---------|---------|---------|
| Operation|     Functional Unit     |   BRAM  |  DSP48E |  Delay  |    FF   |   LUT   |
|----------|-------------------------|---------|---------|---------|---------|---------|
|          |  grp_lstm_infer_fu_270  |   138   |   510   | 730.729 |  28004  |  20161  |
|   call   | grp_write_output_fu_448 |    0    |    0    |  0.466  |    74   |    60   |
|          |  grp_Block_proc_fu_476  |    0    |    0    |  0.466  |    33   |    96   |
|----------|-------------------------|---------|---------|---------|---------|---------|
|   Total  |                         |   138   |   510   | 731.661 |  28111  |  20317  |
|----------|-------------------------|---------|---------|---------|---------|---------|

Memories:
+--------------+--------+--------+--------+
|              |  BRAM  |   FF   |   LUT  |
+--------------+--------+--------+--------+
|Weight_f_b_V_0|    1   |    0   |    0   |
|Weight_f_b_V_1|    1   |    0   |    0   |
|Weight_f_b_V_2|    1   |    0   |    0   |
|Weight_f_b_V_3|    1   |    0   |    0   |
|Weight_f_b_V_4|    1   |    0   |    0   |
|Weight_f_b_V_5|    1   |    0   |    0   |
|Weight_f_b_V_6|    1   |    0   |    0   |
|Weight_f_b_V_7|    1   |    0   |    0   |
|Weight_f_f_V_0|    1   |    0   |    0   |
|Weight_f_f_V_1|    1   |    0   |    0   |
|Weight_f_f_V_2|    1   |    0   |    0   |
|Weight_f_f_V_3|    1   |    0   |    0   |
|Weight_f_f_V_4|    1   |    0   |    0   |
|Weight_f_f_V_5|    1   |    0   |    0   |
|Weight_f_f_V_6|    1   |    0   |    0   |
|Weight_f_f_V_7|    1   |    0   |    0   |
|Weight_fc1_V_0|    1   |    0   |    0   |
|Weight_fc1_V_1|    1   |    0   |    0   |
|Weight_fc1_V_2|    1   |    0   |    0   |
|Weight_fc1_V_3|    1   |    0   |    0   |
|Weight_fc1_V_4|    1   |    0   |    0   |
|Weight_fc1_V_5|    1   |    0   |    0   |
|Weight_fc1_V_6|    1   |    0   |    0   |
|Weight_fc1_V_7|    1   |    0   |    0   |
|Weight_fc2_V_0|    1   |    0   |    0   |
|Weight_fc2_V_1|    1   |    0   |    0   |
|Weight_fc2_V_2|    1   |    0   |    0   |
|Weight_fc2_V_3|    1   |    0   |    0   |
|Weight_fc2_V_4|    1   |    0   |    0   |
|Weight_g_b_V_0|    1   |    0   |    0   |
|Weight_g_b_V_1|    1   |    0   |    0   |
|Weight_g_b_V_2|    1   |    0   |    0   |
|Weight_g_b_V_3|    1   |    0   |    0   |
|Weight_g_b_V_4|    1   |    0   |    0   |
|Weight_g_b_V_5|    1   |    0   |    0   |
|Weight_g_b_V_6|    1   |    0   |    0   |
|Weight_g_b_V_7|    1   |    0   |    0   |
|Weight_g_f_V_0|    1   |    0   |    0   |
|Weight_g_f_V_1|    1   |    0   |    0   |
|Weight_g_f_V_2|    1   |    0   |    0   |
|Weight_g_f_V_3|    1   |    0   |    0   |
|Weight_g_f_V_4|    1   |    0   |    0   |
|Weight_g_f_V_5|    1   |    0   |    0   |
|Weight_g_f_V_6|    1   |    0   |    0   |
|Weight_g_f_V_7|    1   |    0   |    0   |
|Weight_i_b_V_0|    1   |    0   |    0   |
|Weight_i_b_V_1|    1   |    0   |    0   |
|Weight_i_b_V_2|    1   |    0   |    0   |
|Weight_i_b_V_3|    1   |    0   |    0   |
|Weight_i_b_V_4|    1   |    0   |    0   |
|Weight_i_b_V_5|    1   |    0   |    0   |
|Weight_i_b_V_6|    1   |    0   |    0   |
|Weight_i_b_V_7|    1   |    0   |    0   |
|Weight_i_f_V_0|    1   |    0   |    0   |
|Weight_i_f_V_1|    1   |    0   |    0   |
|Weight_i_f_V_2|    1   |    0   |    0   |
|Weight_i_f_V_3|    1   |    0   |    0   |
|Weight_i_f_V_4|    1   |    0   |    0   |
|Weight_i_f_V_5|    1   |    0   |    0   |
|Weight_i_f_V_6|    1   |    0   |    0   |
|Weight_i_f_V_7|    1   |    0   |    0   |
|Weight_o_b_V_0|    1   |    0   |    0   |
|Weight_o_b_V_1|    1   |    0   |    0   |
|Weight_o_b_V_2|    1   |    0   |    0   |
|Weight_o_b_V_3|    1   |    0   |    0   |
|Weight_o_b_V_4|    1   |    0   |    0   |
|Weight_o_b_V_5|    1   |    0   |    0   |
|Weight_o_b_V_6|    1   |    0   |    0   |
|Weight_o_b_V_7|    1   |    0   |    0   |
|Weight_o_f_V_0|    1   |    0   |    0   |
|Weight_o_f_V_1|    1   |    0   |    0   |
|Weight_o_f_V_2|    1   |    0   |    0   |
|Weight_o_f_V_3|    1   |    0   |    0   |
|Weight_o_f_V_4|    1   |    0   |    0   |
|Weight_o_f_V_5|    1   |    0   |    0   |
|Weight_o_f_V_6|    1   |    0   |    0   |
|Weight_o_f_V_7|    1   |    0   |    0   |
|   data_lens  |    1   |    0   |    0   |
|  input_ping  |    8   |    0   |    0   |
| sigmoid_lut_V|    1   |    0   |    0   |
|  tanh_lut_V  |    3   |    0   |    0   |
| tanh_lut_V162|    1   |    0   |    0   |
| tanh_lut_V163|    1   |    0   |    0   |
+--------------+--------+--------+--------+
|     Total    |   92   |    0   |    0   |
+--------------+--------+--------+--------+

* Register list:
+----------------------------+--------+
|                            |   FF   |
+----------------------------+--------+
|data_lens_load_loc_c_reg_559|    7   |
|        res_0_reg_553       |   32   |
|        res_1_reg_547       |   32   |
|        res_2_reg_541       |   32   |
|        res_3_reg_535       |   32   |
|        res_4_reg_529       |   32   |
|        res_5_reg_523       |   32   |
|        res_6_reg_517       |   32   |
|        res_7_reg_511       |   32   |
|        res_8_reg_505       |   32   |
|        res_9_reg_499       |   32   |
+----------------------------+--------+
|            Total           |   327  |
+----------------------------+--------+

* Multiplexer (MUX) list: 
|--------|------|------|------|--------|
|  Comp  |  Pin | Size |  BW  | S x BW |
|--------|------|------|------|--------|
|  Total |      |      |      |    0   |
|--------|------|------|------|--------|



* Summary:
+-----------+--------+--------+--------+--------+--------+
|           |  BRAM  | DSP48E |  Delay |   FF   |   LUT  |
+-----------+--------+--------+--------+--------+--------+
|  Function |   138  |   510  |   731  |  28111 |  20317 |
|   Memory  |   92   |    -   |    -   |    0   |    0   |
|Multiplexer|    -   |    -   |    -   |    -   |    -   |
|  Register |    -   |    -   |    -   |   327  |    -   |
+-----------+--------+--------+--------+--------+--------+
|   Total   |   230  |   510  |   731  |  28438 |  20317 |
+-----------+--------+--------+--------+--------+--------+
