

================================================================
== Vivado HLS Report for 'Block_proc'
================================================================
* Date:           Sat Apr 19 01:53:16 2025

* Version:        2018.3 (Build 2405991 on Thu Dec 06 23:56:15 MST 2018)
* Project:        bi_lstm
* Solution:       solution1
* Product family: zynq
* Target device:  xc7z020clg400-2


================================================================
== Performance Estimates
================================================================
+ Timing (ns): 
    * Summary: 
    +--------+-------+----------+------------+
    |  Clock | Target| Estimated| Uncertainty|
    +--------+-------+----------+------------+
    |ap_clk  |  10.00|     2.771|        1.25|
    +--------+-------+----------+------------+

+ Latency (clock cycles): 
    * Summary: 
    +------+------+------+------+---------+
    |   Latency   |   Interval  | Pipeline|
    |  min |  max |  min |  max |   Type  |
    +------+------+------+------+---------+
    |  3906|  3906|  3906|  3906|   none  |
    +------+------+------+------+---------+

    + Detail: 
        * Instance: 
        +----------------------+------------+------+------+------+------+---------+
        |                      |            |   Latency   |   Interval  | Pipeline|
        |       Instance       |   Module   |  min |  max |  min |  max |   Type  |
        +----------------------+------------+------+------+------+------+---------+
        |grp_read_input_fu_49  |read_input  |  3902|  3902|  3902|  3902|   none  |
        +----------------------+------------+------+------+------+------+---------+

        * Loop: 
        N/A

============================================================
+ Verbose Summary: Synthesis Manager
============================================================
InlineROM: 1
ExposeGlobal: 0
============================================================
+ Verbose Summary: CDFG Model
============================================================
IsTopModel: 0
ResetActiveHigh: 1
IsCombinational: 2
IsDatapathOnly: 0
HasWiredReturn: 1
HasMFsm: 0
HasVarLatency: 1
IsPipeline: 0
IsRtlPipelined: 0
IsInstanceOverlapped: 0
IsDontTouch: 0
HasImplIP: 0
IsGatedGlobalClock: 0


============================================================
+ Verbose Summary: Schedule
============================================================
* Number of FSM states : 5
* Pipeline : 0
* Dataflow Pipeline: 0

* FSM state transitions: 
1 --> 
	2  / true
2 --> 
	3  / true
3 --> 
	4  / true
4 --> 
	5  / true
5 --> 

* FSM state operations: 

State 1 <SV = 0> <Delay = 0.00>

State 2 <SV = 1> <Delay = 0.00>
ST_2 : Operation 6 [2/2] (0.00ns)   --->   "call fastcc void @read_input(i32* %input_stream_V_data_V, i4* %input_stream_V_keep_V, i4* %input_stream_V_strb_V, i1* %input_stream_V_user_V, i1* %input_stream_V_last_V, i1* %input_stream_V_id_V, i1* %input_stream_V_dest_V, [3900 x float]* nocapture %input_ping) noinline" [bi_lstm/src/rnn_top.cpp:43]   --->   Operation 6 'call' <Predicate = true> <Delay = 0.00> <CoreType = "Generic">   --->   Core 0 '' <Latency = 0> <II = 1> <Delay = 1.00> <Generic> <Opcode : >

State 3 <SV = 2> <Delay = 0.00>
ST_3 : Operation 7 [1/2] (0.00ns)   --->   "call fastcc void @read_input(i32* %input_stream_V_data_V, i4* %input_stream_V_keep_V, i4* %input_stream_V_strb_V, i1* %input_stream_V_user_V, i1* %input_stream_V_last_V, i1* %input_stream_V_id_V, i1* %input_stream_V_dest_V, [3900 x float]* nocapture %input_ping) noinline" [bi_lstm/src/rnn_top.cpp:43]   --->   Operation 7 'call' <Predicate = true> <Delay = 0.00> <CoreType = "Generic">   --->   Core 0 '' <Latency = 0> <II = 1> <Delay = 1.00> <Generic> <Opcode : >

State 4 <SV = 3> <Delay = 2.77>
ST_4 : Operation 8 [1/1] (0.00ns)   --->   "%seq_load = load i32* @seq, align 4" [bi_lstm/src/rnn_top.cpp:44]   --->   Operation 8 'load' 'seq_load' <Predicate = true> <Delay = 0.00>
ST_4 : Operation 9 [1/1] (0.00ns)   --->   "%tmp = sext i32 %seq_load to i64" [bi_lstm/src/rnn_top.cpp:44]   --->   Operation 9 'sext' 'tmp' <Predicate = true> <Delay = 0.00>
ST_4 : Operation 10 [1/1] (1.89ns)   --->   "%seq_assign = add nsw i32 %seq_load, 1" [bi_lstm/src/rnn_top.cpp:44]   --->   Operation 10 'add' 'seq_assign' <Predicate = true> <Delay = 1.89> <Core = "AddSub">   --->   Core 14 'AddSub' <Latency = 0> <II = 1> <Delay = 1.89> <FuncUnit> <Opcode : 'add' 'sub'> <InPorts = 2> <OutPorts = 1>
ST_4 : Operation 11 [1/1] (0.00ns)   --->   "store i32 %seq_assign, i32* @seq, align 4" [bi_lstm/src/rnn_top.cpp:44]   --->   Operation 11 'store' <Predicate = true> <Delay = 0.00>
ST_4 : Operation 12 [1/1] (0.00ns)   --->   "%data_lens_addr = getelementptr [300 x i7]* @data_lens, i64 0, i64 %tmp" [bi_lstm/src/rnn_top.cpp:44]   --->   Operation 12 'getelementptr' 'data_lens_addr' <Predicate = true> <Delay = 0.00>
ST_4 : Operation 13 [2/2] (2.77ns)   --->   "%data_lens_load = load i7* %data_lens_addr, align 1" [bi_lstm/src/rnn_top.cpp:44]   --->   Operation 13 'load' 'data_lens_load' <Predicate = true> <Delay = 2.77> <Core = "ROM_nP">   --->   Core 52 'ROM_nP' <Latency = 1> <II = 1> <Delay = 2.77> <Storage> <Opcode : 'load'> <Ports = 0> <Width = 7> <Depth = 300> <ROM>

State 5 <SV = 4> <Delay = 2.77>
ST_5 : Operation 14 [1/1] (0.00ns)   --->   "call void (...)* @_ssdm_op_SpecInterface(i1* %input_stream_V_dest_V, i1* %input_stream_V_id_V, i1* %input_stream_V_last_V, i1* %input_stream_V_user_V, i4* %input_stream_V_strb_V, i4* %input_stream_V_keep_V, i32* %input_stream_V_data_V, [5 x i8]* @p_str3, i32 1, i32 1, [5 x i8]* @p_str4, i32 0, i32 0, [1 x i8]* @p_str, [1 x i8]* @p_str, [1 x i8]* @p_str, i32 0, i32 0, i32 0, i32 0, [1 x i8]* @p_str, [1 x i8]* @p_str)"   --->   Operation 14 'specinterface' <Predicate = true> <Delay = 0.00>
ST_5 : Operation 15 [1/2] (2.77ns)   --->   "%data_lens_load = load i7* %data_lens_addr, align 1" [bi_lstm/src/rnn_top.cpp:44]   --->   Operation 15 'load' 'data_lens_load' <Predicate = true> <Delay = 2.77> <Core = "ROM_nP">   --->   Core 52 'ROM_nP' <Latency = 1> <II = 1> <Delay = 2.77> <Storage> <Opcode : 'load'> <Ports = 0> <Width = 7> <Depth = 300> <ROM>
ST_5 : Operation 16 [1/1] (0.00ns)   --->   "ret i7 %data_lens_load" [bi_lstm/src/rnn_top.cpp:44]   --->   Operation 16 'ret' <Predicate = true> <Delay = 0.00>


============================================================
+ Verbose Summary: Binding
============================================================
STG Binding: 
---------------- STG Properties BEGIN ----------------
- Is combinational: 0
- Is one-state seq: 0
- Is datapath-only: 0
- Is pipelined: 0
- Is top level: 0
Port [ Return ] is wired: 1; IO mode=ap_ctrl_hs:ce=0
Port [ input_stream_V_data_V]:  wired=1; compound=1; hidden=0; nouse=0; global=0; static=0; extern=0; dir=0; type=0; pingpong=0; private_global=0; IO mode=axis:ce=0
Port [ input_stream_V_keep_V]:  wired=1; compound=1; hidden=0; nouse=0; global=0; static=0; extern=0; dir=0; type=0; pingpong=0; private_global=0; IO mode=axis:ce=0
Port [ input_stream_V_strb_V]:  wired=1; compound=1; hidden=0; nouse=0; global=0; static=0; extern=0; dir=0; type=0; pingpong=0; private_global=0; IO mode=axis:ce=0
Port [ input_stream_V_user_V]:  wired=1; compound=1; hidden=0; nouse=0; global=0; static=0; extern=0; dir=0; type=0; pingpong=0; private_global=0; IO mode=axis:ce=0
Port [ input_stream_V_last_V]:  wired=1; compound=1; hidden=0; nouse=0; global=0; static=0; extern=0; dir=0; type=0; pingpong=0; private_global=0; IO mode=axis:ce=0
Port [ input_stream_V_id_V]:  wired=1; compound=1; hidden=0; nouse=0; global=0; static=0; extern=0; dir=0; type=0; pingpong=0; private_global=0; IO mode=axis:ce=0
Port [ input_stream_V_dest_V]:  wired=1; compound=1; hidden=0; nouse=0; global=0; static=0; extern=0; dir=0; type=0; pingpong=0; private_global=0; IO mode=axis:ce=0
Port [ input_ping]:  wired=1; compound=1; hidden=0; nouse=0; global=0; static=0; extern=0; dir=1; type=1; pingpong=1; private_global=0; MemPort=[03]; IO mode=ap_memory:ce=0
Port [ seq]:  wired=0; compound=0; hidden=1; nouse=0; global=1; static=1; extern=0; dir=2; type=0; pingpong=0; private_global=1; linkage=7; visibility=0; IO mode=ap_ovld:ce=0
Port [ data_lens]:  wired=0; compound=1; hidden=1; nouse=0; global=1; static=1; extern=0; dir=0; type=1; pingpong=0; private_global=1; linkage=7; visibility=0; MemPort=[1]; IO mode=ap_memory:ce=0
---------------- STG Properties END ------------------

---------------- Datapath Model BEGIN ----------------

<LifeTime>
<method=bitvector/>
StgValue_7     (call         ) [ 000000]
seq_load       (load         ) [ 000000]
tmp            (sext         ) [ 000000]
seq_assign     (add          ) [ 000000]
StgValue_11    (store        ) [ 000000]
data_lens_addr (getelementptr) [ 000001]
StgValue_14    (specinterface) [ 000000]
data_lens_load (load         ) [ 000000]
StgValue_16    (ret          ) [ 000000]
</LifeTime>

<model>

<comp_list>
<comp id="0" class="1000" name="input_stream_V_data_V">
<pin_list>
<pin id="1" dir="1" index="0" bw="1" slack="0"/>
</pin_list>
<bind>
<StgValue><ssdm name="input_stream_V_data_V"/></StgValue>
</bind>
</comp>

<comp id="2" class="1000" name="input_stream_V_keep_V">
<pin_list>
<pin id="3" dir="1" index="0" bw="1" slack="0"/>
</pin_list>
<bind>
<StgValue><ssdm name="input_stream_V_keep_V"/></StgValue>
</bind>
</comp>

<comp id="4" class="1000" name="input_stream_V_strb_V">
<pin_list>
<pin id="5" dir="1" index="0" bw="1" slack="0"/>
</pin_list>
<bind>
<StgValue><ssdm name="input_stream_V_strb_V"/></StgValue>
</bind>
</comp>

<comp id="6" class="1000" name="input_stream_V_user_V">
<pin_list>
<pin id="7" dir="1" index="0" bw="1" slack="0"/>
</pin_list>
<bind>
<StgValue><ssdm name="input_stream_V_user_V"/></StgValue>
</bind>
</comp>

<comp id="8" class="1000" name="input_stream_V_last_V">
<pin_list>
<pin id="9" dir="1" index="0" bw="1" slack="0"/>
</pin_list>
<bind>
<StgValue><ssdm name="input_stream_V_last_V"/></StgValue>
</bind>
</comp>

<comp id="10" class="1000" name="input_stream_V_id_V">
<pin_list>
<pin id="11" dir="1" index="0" bw="1" slack="0"/>
</pin_list>
<bind>
<StgValue><ssdm name="input_stream_V_id_V"/></StgValue>
</bind>
</comp>

<comp id="12" class="1000" name="input_stream_V_dest_V">
<pin_list>
<pin id="13" dir="1" index="0" bw="1" slack="0"/>
</pin_list>
<bind>
<StgValue><ssdm name="input_stream_V_dest_V"/></StgValue>
</bind>
</comp>

<comp id="14" class="1000" name="input_ping">
<pin_list>
<pin id="15" dir="1" index="0" bw="1" slack="0"/>
</pin_list>
<bind>
<StgValue><ssdm name="input_ping"/><MemPortTyVec>0 3 </MemPortTyVec>
</StgValue>
</bind>
</comp>

<comp id="16" class="1000" name="seq">
<pin_list>
<pin id="17" dir="1" index="0" bw="1" slack="0"/>
</pin_list>
<bind>
<StgValue><ssdm name="seq"/></StgValue>
</bind>
</comp>

<comp id="18" class="1000" name="data_lens">
<pin_list>
<pin id="19" dir="1" index="0" bw="1" slack="0"/>
</pin_list>
<bind>
<StgValue><ssdm name="data_lens"/><MemPortTyVec>1 </MemPortTyVec>
</StgValue>
</bind>
</comp>

<comp id="20" class="1001" name="const_20">
<pin_list>
<pin id="21" dir="1" index="0" bw="1" slack="0"/>
</pin_list>
<bind>
<StgValue><ssdm name="read_input"/></StgValue>
</bind>
</comp>

<comp id="22" class="1001" name="const_22">
<pin_list>
<pin id="23" dir="1" index="0" bw="1" slack="0"/>
</pin_list>
<bind>
<StgValue><ssdm name=""/></StgValue>
</bind>
</comp>

<comp id="24" class="1001" name="const_24">
<pin_list>
<pin id="25" dir="1" index="0" bw="1" slack="0"/>
</pin_list>
<bind>
<StgValue><ssdm name=""/></StgValue>
</bind>
</comp>

<comp id="26" class="1001" name="const_26">
<pin_list>
<pin id="27" dir="1" index="0" bw="1" slack="2147483647"/>
</pin_list>
<bind>
<StgValue><ssdm name="_ssdm_op_SpecInterface"/></StgValue>
</bind>
</comp>

<comp id="28" class="1001" name="const_28">
<pin_list>
<pin id="29" dir="1" index="0" bw="1" slack="2147483647"/>
</pin_list>
<bind>
<StgValue><ssdm name="p_str3"/></StgValue>
</bind>
</comp>

<comp id="30" class="1001" name="const_30">
<pin_list>
<pin id="31" dir="1" index="0" bw="1" slack="2147483647"/>
</pin_list>
<bind>
<StgValue><ssdm name="p_str4"/></StgValue>
</bind>
</comp>

<comp id="32" class="1001" name="const_32">
<pin_list>
<pin id="33" dir="1" index="0" bw="1" slack="2147483647"/>
</pin_list>
<bind>
<StgValue><ssdm name=""/></StgValue>
</bind>
</comp>

<comp id="34" class="1001" name="const_34">
<pin_list>
<pin id="35" dir="1" index="0" bw="1" slack="2147483647"/>
</pin_list>
<bind>
<StgValue><ssdm name="p_str"/></StgValue>
</bind>
</comp>

<comp id="36" class="1004" name="data_lens_addr_gep_fu_36">
<pin_list>
<pin id="37" dir="0" index="0" bw="7" slack="0"/>
<pin id="38" dir="0" index="1" bw="1" slack="0"/>
<pin id="39" dir="0" index="2" bw="32" slack="0"/>
<pin id="40" dir="1" index="3" bw="9" slack="0"/>
</pin_list>
<bind>
<opcode="getelementptr(29) " fcode="getelementptr"/>
<opset="data_lens_addr/4 "/>
</bind>
</comp>

<comp id="43" class="1004" name="grp_access_fu_43">
<pin_list>
<pin id="44" dir="0" index="0" bw="9" slack="0"/>
<pin id="45" dir="0" index="1" bw="7" slack="2147483647"/>
<pin id="46" dir="0" index="2" bw="0" slack="2147483647"/>
<pin id="47" dir="1" index="3" bw="7" slack="2147483647"/>
</pin_list>
<bind>
<opcode="load(27) " fcode="load"/>
<opset="data_lens_load/4 "/>
</bind>
</comp>

<comp id="49" class="1004" name="grp_read_input_fu_49">
<pin_list>
<pin id="50" dir="0" index="0" bw="0" slack="0"/>
<pin id="51" dir="0" index="1" bw="32" slack="0"/>
<pin id="52" dir="0" index="2" bw="4" slack="0"/>
<pin id="53" dir="0" index="3" bw="4" slack="0"/>
<pin id="54" dir="0" index="4" bw="1" slack="0"/>
<pin id="55" dir="0" index="5" bw="1" slack="0"/>
<pin id="56" dir="0" index="6" bw="1" slack="0"/>
<pin id="57" dir="0" index="7" bw="1" slack="0"/>
<pin id="58" dir="0" index="8" bw="32" slack="0"/>
<pin id="59" dir="0" index="9" bw="32" slack="0"/>
<pin id="60" dir="1" index="10" bw="0" slack="2147483647"/>
</pin_list>
<bind>
<opcode="call(48) " fcode="call"/>
<opset="StgValue_6/2 "/>
</bind>
</comp>

<comp id="71" class="1004" name="seq_load_load_fu_71">
<pin_list>
<pin id="72" dir="0" index="0" bw="32" slack="0"/>
<pin id="73" dir="1" index="1" bw="32" slack="0"/>
</pin_list>
<bind>
<opcode="load(27) " fcode="load"/>
<opset="seq_load/4 "/>
</bind>
</comp>

<comp id="75" class="1004" name="tmp_fu_75">
<pin_list>
<pin id="76" dir="0" index="0" bw="32" slack="0"/>
<pin id="77" dir="1" index="1" bw="64" slack="0"/>
</pin_list>
<bind>
<opcode="sext(35) " fcode="sext"/>
<opset="tmp/4 "/>
</bind>
</comp>

<comp id="80" class="1004" name="seq_assign_fu_80">
<pin_list>
<pin id="81" dir="0" index="0" bw="32" slack="0"/>
<pin id="82" dir="0" index="1" bw="1" slack="0"/>
<pin id="83" dir="1" index="2" bw="32" slack="0"/>
</pin_list>
<bind>
<opcode="add(8) " fcode="add"/>
<opset="seq_assign/4 "/>
</bind>
</comp>

<comp id="86" class="1004" name="StgValue_11_store_fu_86">
<pin_list>
<pin id="87" dir="0" index="0" bw="32" slack="0"/>
<pin id="88" dir="0" index="1" bw="32" slack="0"/>
<pin id="89" dir="1" index="2" bw="0" slack="2147483647"/>
</pin_list>
<bind>
<opcode="store(28) " fcode="store"/>
<opset="StgValue_11/4 "/>
</bind>
</comp>

<comp id="92" class="1005" name="data_lens_addr_reg_92">
<pin_list>
<pin id="93" dir="0" index="0" bw="9" slack="1"/>
<pin id="94" dir="1" index="1" bw="9" slack="1"/>
</pin_list>
<bind>
<opset="data_lens_addr "/>
</bind>
</comp>

</comp_list>

<net_list>
<net id="41"><net_src comp="18" pin="0"/><net_sink comp="36" pin=0"/></net>

<net id="42"><net_src comp="24" pin="0"/><net_sink comp="36" pin=1"/></net>

<net id="48"><net_src comp="36" pin="3"/><net_sink comp="43" pin=0"/></net>

<net id="61"><net_src comp="20" pin="0"/><net_sink comp="49" pin=0"/></net>

<net id="62"><net_src comp="0" pin="0"/><net_sink comp="49" pin=1"/></net>

<net id="63"><net_src comp="2" pin="0"/><net_sink comp="49" pin=2"/></net>

<net id="64"><net_src comp="4" pin="0"/><net_sink comp="49" pin=3"/></net>

<net id="65"><net_src comp="6" pin="0"/><net_sink comp="49" pin=4"/></net>

<net id="66"><net_src comp="8" pin="0"/><net_sink comp="49" pin=5"/></net>

<net id="67"><net_src comp="10" pin="0"/><net_sink comp="49" pin=6"/></net>

<net id="68"><net_src comp="12" pin="0"/><net_sink comp="49" pin=7"/></net>

<net id="69"><net_src comp="14" pin="0"/><net_sink comp="49" pin=8"/></net>

<net id="70"><net_src comp="16" pin="0"/><net_sink comp="49" pin=9"/></net>

<net id="74"><net_src comp="16" pin="0"/><net_sink comp="71" pin=0"/></net>

<net id="78"><net_src comp="71" pin="1"/><net_sink comp="75" pin=0"/></net>

<net id="79"><net_src comp="75" pin="1"/><net_sink comp="36" pin=2"/></net>

<net id="84"><net_src comp="71" pin="1"/><net_sink comp="80" pin=0"/></net>

<net id="85"><net_src comp="22" pin="0"/><net_sink comp="80" pin=1"/></net>

<net id="90"><net_src comp="80" pin="2"/><net_sink comp="86" pin=0"/></net>

<net id="91"><net_src comp="16" pin="0"/><net_sink comp="86" pin=1"/></net>

<net id="95"><net_src comp="36" pin="3"/><net_sink comp="92" pin=0"/></net>

<net id="96"><net_src comp="92" pin="1"/><net_sink comp="43" pin=0"/></net>

</net_list>

</model> 
---------------- Datapath Model END ------------------

* FSMD analyzer results:
  - Output states:
	Port: input_ping | {2 3 }
	Port: seq | {2 3 4 }
 - Input state : 
	Port: Block__proc : input_stream_V_data_V | {2 3 }
	Port: Block__proc : input_stream_V_keep_V | {2 3 }
	Port: Block__proc : input_stream_V_strb_V | {2 3 }
	Port: Block__proc : input_stream_V_user_V | {2 3 }
	Port: Block__proc : input_stream_V_last_V | {2 3 }
	Port: Block__proc : input_stream_V_id_V | {2 3 }
	Port: Block__proc : input_stream_V_dest_V | {2 3 }
	Port: Block__proc : seq | {2 3 4 }
	Port: Block__proc : data_lens | {4 5 }
  - Chain level:
	State 1
	State 2
	State 3
	State 4
		tmp : 1
		seq_assign : 1
		StgValue_11 : 2
		data_lens_addr : 2
		data_lens_load : 3
	State 5
		StgValue_16 : 1


============================================================
+ Verbose Summary: Datapath Resource usage 
============================================================

* Functional unit list:
|----------|----------------------|---------|---------|
| Operation|    Functional Unit   |    FF   |   LUT   |
|----------|----------------------|---------|---------|
|   call   | grp_read_input_fu_49 |    24   |    61   |
|----------|----------------------|---------|---------|
|    add   |   seq_assign_fu_80   |    0    |    32   |
|----------|----------------------|---------|---------|
|   sext   |       tmp_fu_75      |    0    |    0    |
|----------|----------------------|---------|---------|
|   Total  |                      |    24   |    93   |
|----------|----------------------|---------|---------|

Memories:
N/A

* Register list:
+---------------------+--------+
|                     |   FF   |
+---------------------+--------+
|data_lens_addr_reg_92|    9   |
+---------------------+--------+
|        Total        |    9   |
+---------------------+--------+

* Multiplexer (MUX) list: 
|------------------|------|------|------|--------||---------||---------|
|       Comp       |  Pin | Size |  BW  | S x BW ||  Delay  ||   LUT   |
|------------------|------|------|------|--------||---------||---------|
| grp_access_fu_43 |  p0  |   2  |   9  |   18   ||    3    |
|------------------|------|------|------|--------||---------||---------|
|       Total      |      |      |      |   18   ||  0.466  ||    3    |
|------------------|------|------|------|--------||---------||---------|



* Summary:
+-----------+--------+--------+--------+
|           |  Delay |   FF   |   LUT  |
+-----------+--------+--------+--------+
|  Function |    -   |   24   |   93   |
|   Memory  |    -   |    -   |    -   |
|Multiplexer|    0   |    -   |    3   |
|  Register |    -   |    9   |    -   |
+-----------+--------+--------+--------+
|   Total   |    0   |   33   |   96   |
+-----------+--------+--------+--------+
