

================================================================
== Vivado HLS Report for 'Block_proc'
================================================================
* Date:           Sat Apr 19 01:53:16 2025

* Version:        2018.3 (Build 2405991 on Thu Dec 06 23:56:15 MST 2018)
* Project:        bi_lstm
* Solution:       solution1
* Product family: zynq
* Target device:  xc7z020clg400-2


================================================================
== Performance Estimates
================================================================
+ Timing (ns): 
    * Summary: 
    +--------+-------+----------+------------+
    |  Clock | Target| Estimated| Uncertainty|
    +--------+-------+----------+------------+
    |ap_clk  |  10.00|     2.771|        1.25|
    +--------+-------+----------+------------+

+ Latency (clock cycles): 
    * Summary: 
    +------+------+------+------+---------+
    |   Latency   |   Interval  | Pipeline|
    |  min |  max |  min |  max |   Type  |
    +------+------+------+------+---------+
    |  3906|  3906|  3906|  3906|   none  |
    +------+------+------+------+---------+

    + Detail: 
        * Instance: 
        N/A

        * Loop: 
        N/A

============================================================
+ Verbose Summary: Synthesis Manager
============================================================
InlineROM: 1
ExposeGlobal: 0
============================================================
+ Verbose Summary: CDFG Model
============================================================
IsTopModel: 0
ResetActiveHigh: 1
IsCombinational: 2
IsDatapathOnly: 0
HasWiredReturn: 1
HasMFsm: 0
HasVarLatency: 1
IsPipeline: 0
IsRtlPipelined: 0
IsInstanceOverlapped: 0
IsDontTouch: 0
HasImplIP: 0
IsGatedGlobalClock: 0


============================================================
+ Verbose Summary: Schedule
============================================================
* Number of FSM states : 5
* Pipeline : 0
* Dataflow Pipeline: 0

* FSM state transitions: 
1 --> 
	2  / true
2 --> 
	3  / true
3 --> 
	4  / true
4 --> 
	5  / true
5 --> 

* FSM state operations: 

State 1 <SV = 0> <Delay = 0.00>

State 2 <SV = 1> <Delay = 0.00>
ST_2 : Operation 6 [2/2] (0.00ns)   --->   "call fastcc void @read_input(i32* %input_stream_V_data_V, i4* %input_stream_V_keep_V, i4* %input_stream_V_strb_V, i1* %input_stream_V_user_V, i1* %input_stream_V_last_V, i1* %input_stream_V_id_V, i1* %input_stream_V_dest_V, [3900 x float]* nocapture %input_ping) noinline" [bi_lstm/src/rnn_top.cpp:43]   --->   Operation 6 'call' <Predicate = true> <Delay = 0.00> <CoreType = "Generic">   --->   Core 0 '' <Latency = 0> <II = 1> <Delay = 1.00> <Generic> <Opcode : >

State 3 <SV = 2> <Delay = 0.00>
ST_3 : Operation 7 [1/2] (0.00ns)   --->   "call fastcc void @read_input(i32* %input_stream_V_data_V, i4* %input_stream_V_keep_V, i4* %input_stream_V_strb_V, i1* %input_stream_V_user_V, i1* %input_stream_V_last_V, i1* %input_stream_V_id_V, i1* %input_stream_V_dest_V, [3900 x float]* nocapture %input_ping) noinline" [bi_lstm/src/rnn_top.cpp:43]   --->   Operation 7 'call' <Predicate = true> <Delay = 0.00> <CoreType = "Generic">   --->   Core 0 '' <Latency = 0> <II = 1> <Delay = 1.00> <Generic> <Opcode : >

State 4 <SV = 3> <Delay = 2.77>
ST_4 : Operation 8 [1/1] (0.00ns)   --->   "%seq_load = load i32* @seq, align 4" [bi_lstm/src/rnn_top.cpp:44]   --->   Operation 8 'load' 'seq_load' <Predicate = true> <Delay = 0.00>
ST_4 : Operation 9 [1/1] (0.00ns)   --->   "%tmp = sext i32 %seq_load to i64" [bi_lstm/src/rnn_top.cpp:44]   --->   Operation 9 'sext' 'tmp' <Predicate = true> <Delay = 0.00>
ST_4 : Operation 10 [1/1] (1.89ns)   --->   "%seq_assign = add nsw i32 %seq_load, 1" [bi_lstm/src/rnn_top.cpp:44]   --->   Operation 10 'add' 'seq_assign' <Predicate = true> <Delay = 1.89> <Core = "AddSub">   --->   Core 14 'AddSub' <Latency = 0> <II = 1> <Delay = 1.89> <FuncUnit> <Opcode : 'add' 'sub'> <InPorts = 2> <OutPorts = 1>
ST_4 : Operation 11 [1/1] (0.00ns)   --->   "store i32 %seq_assign, i32* @seq, align 4" [bi_lstm/src/rnn_top.cpp:44]   --->   Operation 11 'store' <Predicate = true> <Delay = 0.00>
ST_4 : Operation 12 [1/1] (0.00ns)   --->   "%data_lens_addr = getelementptr [300 x i7]* @data_lens, i64 0, i64 %tmp" [bi_lstm/src/rnn_top.cpp:44]   --->   Operation 12 'getelementptr' 'data_lens_addr' <Predicate = true> <Delay = 0.00>
ST_4 : Operation 13 [2/2] (2.77ns)   --->   "%data_lens_load = load i7* %data_lens_addr, align 1" [bi_lstm/src/rnn_top.cpp:44]   --->   Operation 13 'load' 'data_lens_load' <Predicate = true> <Delay = 2.77> <Core = "ROM_nP">   --->   Core 52 'ROM_nP' <Latency = 1> <II = 1> <Delay = 2.77> <Storage> <Opcode : 'load'> <Ports = 0> <Width = 7> <Depth = 300> <ROM>

State 5 <SV = 4> <Delay = 2.77>
ST_5 : Operation 14 [1/1] (0.00ns)   --->   "call void (...)* @_ssdm_op_SpecInterface(i1* %input_stream_V_dest_V, i1* %input_stream_V_id_V, i1* %input_stream_V_last_V, i1* %input_stream_V_user_V, i4* %input_stream_V_strb_V, i4* %input_stream_V_keep_V, i32* %input_stream_V_data_V, [5 x i8]* @p_str3, i32 1, i32 1, [5 x i8]* @p_str4, i32 0, i32 0, [1 x i8]* @p_str, [1 x i8]* @p_str, [1 x i8]* @p_str, i32 0, i32 0, i32 0, i32 0, [1 x i8]* @p_str, [1 x i8]* @p_str)"   --->   Operation 14 'specinterface' <Predicate = true> <Delay = 0.00>
ST_5 : Operation 15 [1/2] (2.77ns)   --->   "%data_lens_load = load i7* %data_lens_addr, align 1" [bi_lstm/src/rnn_top.cpp:44]   --->   Operation 15 'load' 'data_lens_load' <Predicate = true> <Delay = 2.77> <Core = "ROM_nP">   --->   Core 52 'ROM_nP' <Latency = 1> <II = 1> <Delay = 2.77> <Storage> <Opcode : 'load'> <Ports = 0> <Width = 7> <Depth = 300> <ROM>
ST_5 : Operation 16 [1/1] (0.00ns)   --->   "ret i7 %data_lens_load" [bi_lstm/src/rnn_top.cpp:44]   --->   Operation 16 'ret' <Predicate = true> <Delay = 0.00>


============================================================
+ Verbose Summary: Timing violations
============================================================
Target clock period: 10ns, clock uncertainty: 1.25ns.

 <State 1>: 0ns
The critical path consists of the following:

 <State 2>: 0ns
The critical path consists of the following:

 <State 3>: 0ns
The critical path consists of the following:

 <State 4>: 2.77ns
The critical path consists of the following:
	'load' operation ('seq_load', bi_lstm/src/rnn_top.cpp:44) on static variable 'seq' [13]  (0 ns)
	'getelementptr' operation ('data_lens_addr', bi_lstm/src/rnn_top.cpp:44) [17]  (0 ns)
	'load' operation ('data_lens_load', bi_lstm/src/rnn_top.cpp:44) on array 'data_lens' [18]  (2.77 ns)

 <State 5>: 2.77ns
The critical path consists of the following:
	'load' operation ('data_lens_load', bi_lstm/src/rnn_top.cpp:44) on array 'data_lens' [18]  (2.77 ns)


============================================================
+ Verbose Summary: Binding
============================================================
N/A
* FSMD analyzer results:
  - Output states:
 - Input state : 
  - Chain level:
	State 1
	State 2
	State 3
	State 4
	State 5


============================================================
+ Verbose Summary: Datapath Resource usage 
============================================================
N/A
