

================================================================
== Vivado HLS Report for 'lstm_infer_Loop_1_pr'
================================================================
* Date:           Sat Apr 19 01:53:16 2025

* Version:        2018.3 (Build 2405991 on Thu Dec 06 23:56:15 MST 2018)
* Project:        bi_lstm
* Solution:       solution1
* Product family: zynq
* Target device:  xc7z020clg400-2


================================================================
== Performance Estimates
================================================================
+ Timing (ns): 
    * Summary: 
    +--------+-------+----------+------------+
    |  Clock | Target| Estimated| Uncertainty|
    +--------+-------+----------+------------+
    |ap_clk  |  10.00|     8.398|        1.25|
    +--------+-------+----------+------------+

+ Latency (clock cycles): 
    * Summary: 
    +-----+------+-----+------+---------+
    |   Latency  |  Interval  | Pipeline|
    | min |  max | min |  max |   Type  |
    +-----+------+-----+------+---------+
    |    2|  4957|    2|  4957|   none  |
    +-----+------+-----+------+---------+

    + Detail: 
        * Instance: 
        N/A

        * Loop: 
        +----------+-----+------+----------+-----------+-----------+----------+----------+
        |          |   Latency  | Iteration|  Initiation Interval  |   Trip   |          |
        | Loop Name| min |  max |  Latency |  achieved |   target  |   Count  | Pipelined|
        +----------+-----+------+----------+-----------+-----------+----------+----------+
        |- Loop 1  |    0|  4955|         4|          1|          1| 0 ~ 4953 |    yes   |
        +----------+-----+------+----------+-----------+-----------+----------+----------+

============================================================
+ Verbose Summary: Synthesis Manager
============================================================
InlineROM: 1
ExposeGlobal: 0
============================================================
+ Verbose Summary: CDFG Model
============================================================
IsTopModel: 0
ResetActiveHigh: 1
IsCombinational: 2
IsDatapathOnly: 0
HasWiredReturn: 1
HasMFsm: 0
HasVarLatency: 1
IsPipeline: 0
IsRtlPipelined: 0
IsInstanceOverlapped: 0
IsDontTouch: 0
HasImplIP: 0
IsGatedGlobalClock: 0

+ Individual pipeline summary: 
  * Pipeline-0: initiation interval (II) = 1, depth = 4


============================================================
+ Verbose Summary: Schedule
============================================================
* Number of FSM states : 6
* Pipeline : 1
  Pipeline-0 : II = 1, D = 4, States = { 2 3 4 5 }
* Dataflow Pipeline: 0

* FSM state transitions: 
1 --> 
	2  / true
2 --> 
	6  / (exitcond)
	3  / (!exitcond)
3 --> 
	4  / true
4 --> 
	5  / true
5 --> 
	2  / true
6 --> 

* FSM state operations: 

State 1 <SV = 0> <Delay = 3.40>
ST_1 : Operation 7 [1/1] (0.00ns)   --->   "call void (...)* @_ssdm_op_SpecInterface(i7* %valid_len_out, [8 x i8]* @ap_fifo_str, i32 0, i32 0, [1 x i8]* @p_str, i32 0, i32 0, [1 x i8]* @p_str, [1 x i8]* @p_str, [1 x i8]* @p_str, i32 2, i32 2, i32 16, i32 16, [1 x i8]* @p_str, [11 x i8]* @ScalarProp_str)"   --->   Operation 7 'specinterface' <Predicate = true> <Delay = 0.00>
ST_1 : Operation 8 [1/1] (0.00ns)   --->   "call void (...)* @_ssdm_op_SpecInterface(i7* %valid_len_out, [8 x i8]* @ap_fifo_str, i32 0, i32 0, [1 x i8]* @p_str, i32 0, i32 0, [1 x i8]* @p_str, [1 x i8]* @p_str, [1 x i8]* @p_str, i32 2, i32 2, i32 16, i32 16, [1 x i8]* @p_str, [11 x i8]* @ScalarProp_str)"   --->   Operation 8 'specinterface' <Predicate = true> <Delay = 0.00>
ST_1 : Operation 9 [1/1] (0.00ns)   --->   "%p_read_1 = call i7 @_ssdm_op_Read.ap_auto.i7(i7 %p_read)"   --->   Operation 9 'read' 'p_read_1' <Predicate = true> <Delay = 0.00>
ST_1 : Operation 10 [1/1] (3.40ns)   --->   "call void @_ssdm_op_Write.ap_fifo.i7P(i7* %valid_len_out, i7 %p_read_1)"   --->   Operation 10 'write' <Predicate = true> <Delay = 3.40> <Core = "FIFO">   --->   Core 32 'FIFO' <Latency = 0> <II = 1> <Delay = 3.40> <Storage> <Opcode : 'read' 'write' 'nbread' 'nbwrite'> <Ports = 0> <Width = 7> <Depth = 2> <FIFO>
ST_1 : Operation 11 [1/1] (0.00ns)   --->   "%tmp = zext i7 %p_read_1 to i13"   --->   Operation 11 'zext' 'tmp' <Predicate = true> <Delay = 0.00>
ST_1 : Operation 12 [1/1] (3.39ns)   --->   "%tmp_8 = mul i13 %tmp, 39" [bi_lstm/src/rnn.cpp:304]   --->   Operation 12 'mul' 'tmp_8' <Predicate = true> <Delay = 3.39> <Core = "Mul">   --->   Core 16 'Mul' <Latency = 0> <II = 1> <Delay = 3.39> <FuncUnit> <Opcode : 'mul'> <InPorts = 2> <OutPorts = 1>
ST_1 : Operation 13 [1/1] (0.46ns)   --->   "br label %0" [bi_lstm/src/rnn.cpp:304]   --->   Operation 13 'br' <Predicate = true> <Delay = 0.46>

State 2 <SV = 1> <Delay = 2.77>
ST_2 : Operation 14 [1/1] (0.00ns)   --->   "%i_i_i = phi i13 [ 0, %entry ], [ %i, %ap_fixed_base.exit406.i.i ]"   --->   Operation 14 'phi' 'i_i_i' <Predicate = true> <Delay = 0.00>
ST_2 : Operation 15 [1/1] (0.00ns)   --->   "%empty = call i32 (...)* @_ssdm_op_SpecLoopTripCount(i64 0, i64 4953, i64 0)"   --->   Operation 15 'speclooptripcount' 'empty' <Predicate = true> <Delay = 0.00>
ST_2 : Operation 16 [1/1] (1.90ns)   --->   "%exitcond = icmp eq i13 %i_i_i, %tmp_8" [bi_lstm/src/rnn.cpp:304]   --->   Operation 16 'icmp' 'exitcond' <Predicate = true> <Delay = 1.90> <Core = "Cmp">   --->   Core 25 'Cmp' <Latency = 0> <II = 1> <Delay = 1.82> <FuncUnit> <Opcode : 'icmp'> <InPorts = 2> <OutPorts = 1>
ST_2 : Operation 17 [1/1] (1.53ns)   --->   "%i = add i13 %i_i_i, 1" [bi_lstm/src/rnn.cpp:304]   --->   Operation 17 'add' 'i' <Predicate = true> <Delay = 1.53> <Core = "AddSub">   --->   Core 14 'AddSub' <Latency = 0> <II = 1> <Delay = 1.54> <FuncUnit> <Opcode : 'add' 'sub'> <InPorts = 2> <OutPorts = 1>
ST_2 : Operation 18 [1/1] (0.00ns)   --->   "br i1 %exitcond, label %.exit, label %1" [bi_lstm/src/rnn.cpp:304]   --->   Operation 18 'br' <Predicate = true> <Delay = 0.00>
ST_2 : Operation 19 [1/1] (0.00ns)   --->   "%tmp_2_i_i = zext i13 %i_i_i to i64" [bi_lstm/src/rnn.cpp:306]   --->   Operation 19 'zext' 'tmp_2_i_i' <Predicate = (!exitcond)> <Delay = 0.00>
ST_2 : Operation 20 [1/1] (0.00ns)   --->   "%input_addr = getelementptr [3900 x float]* %input_r, i64 0, i64 %tmp_2_i_i" [bi_lstm/src/rnn.cpp:306]   --->   Operation 20 'getelementptr' 'input_addr' <Predicate = (!exitcond)> <Delay = 0.00>
ST_2 : Operation 21 [2/2] (2.77ns)   --->   "%input_load = load float* %input_addr, align 4" [bi_lstm/src/rnn.cpp:306]   --->   Operation 21 'load' 'input_load' <Predicate = (!exitcond)> <Delay = 2.77> <Core = "RAM">   --->   Core 37 'RAM' <Latency = 1> <II = 1> <Delay = 2.77> <Storage> <Opcode : 'load' 'store'> <Ports = 2> <Width = 16> <Depth = 3900> <RAM>

State 3 <SV = 2> <Delay = 2.77>
ST_3 : Operation 22 [1/2] (2.77ns)   --->   "%input_load = load float* %input_addr, align 4" [bi_lstm/src/rnn.cpp:306]   --->   Operation 22 'load' 'input_load' <Predicate = (!exitcond)> <Delay = 2.77> <Core = "RAM">   --->   Core 37 'RAM' <Latency = 1> <II = 1> <Delay = 2.77> <Storage> <Opcode : 'load' 'store'> <Ports = 2> <Width = 16> <Depth = 3900> <RAM>

State 4 <SV = 3> <Delay = 8.39>
ST_4 : Operation 23 [1/1] (3.94ns)   --->   "%d_assign = fpext float %input_load to double" [bi_lstm/src/rnn.cpp:306]   --->   Operation 23 'fpext' 'd_assign' <Predicate = (!exitcond)> <Delay = 3.94> <Core = "Float2Double">   --->   Core 113 'Float2Double' <Latency = 0> <II = 1> <Delay = 3.94> <FuncUnit> <Opcode : 'fpext'> <InPorts = 1> <OutPorts = 1>
ST_4 : Operation 24 [1/1] (0.00ns)   --->   "%ireg_V = bitcast double %d_assign to i64" [bi_lstm/src/rnn.cpp:306]   --->   Operation 24 'bitcast' 'ireg_V' <Predicate = (!exitcond)> <Delay = 0.00>
ST_4 : Operation 25 [1/1] (0.00ns)   --->   "%tmp_120 = trunc i64 %ireg_V to i63" [bi_lstm/src/rnn.cpp:306]   --->   Operation 25 'trunc' 'tmp_120' <Predicate = (!exitcond)> <Delay = 0.00>
ST_4 : Operation 26 [1/1] (0.00ns)   --->   "%p_Result_s = call i1 @_ssdm_op_BitSelect.i1.i64.i32(i64 %ireg_V, i32 63)" [bi_lstm/src/rnn.cpp:306]   --->   Operation 26 'bitselect' 'p_Result_s' <Predicate = (!exitcond)> <Delay = 0.00>
ST_4 : Operation 27 [1/1] (0.00ns)   --->   "%exp_tmp_V = call i11 @_ssdm_op_PartSelect.i11.i64.i32.i32(i64 %ireg_V, i32 52, i32 62)" [bi_lstm/src/rnn.cpp:306]   --->   Operation 27 'partselect' 'exp_tmp_V' <Predicate = (!exitcond)> <Delay = 0.00>
ST_4 : Operation 28 [1/1] (0.00ns)   --->   "%tmp_3_i_i = zext i11 %exp_tmp_V to i12" [bi_lstm/src/rnn.cpp:306]   --->   Operation 28 'zext' 'tmp_3_i_i' <Predicate = (!exitcond)> <Delay = 0.00>
ST_4 : Operation 29 [1/1] (0.00ns)   --->   "%tmp_122 = trunc i64 %ireg_V to i52" [bi_lstm/src/rnn.cpp:306]   --->   Operation 29 'trunc' 'tmp_122' <Predicate = (!exitcond)> <Delay = 0.00>
ST_4 : Operation 30 [1/1] (0.00ns)   --->   "%tmp_70_i_i = call i53 @_ssdm_op_BitConcatenate.i53.i1.i52(i1 true, i52 %tmp_122)" [bi_lstm/src/rnn.cpp:306]   --->   Operation 30 'bitconcatenate' 'tmp_70_i_i' <Predicate = (!exitcond)> <Delay = 0.00>
ST_4 : Operation 31 [1/1] (0.00ns)   --->   "%p_Result_1 = zext i53 %tmp_70_i_i to i54" [bi_lstm/src/rnn.cpp:306]   --->   Operation 31 'zext' 'p_Result_1' <Predicate = (!exitcond)> <Delay = 0.00>
ST_4 : Operation 32 [1/1] (2.41ns)   --->   "%man_V_1 = sub i54 0, %p_Result_1" [bi_lstm/src/rnn.cpp:306]   --->   Operation 32 'sub' 'man_V_1' <Predicate = (!exitcond)> <Delay = 2.41> <Core = "AddSub">   --->   Core 14 'AddSub' <Latency = 0> <II = 1> <Delay = 1.54> <FuncUnit> <Opcode : 'add' 'sub'> <InPorts = 2> <OutPorts = 1>
ST_4 : Operation 33 [1/1] (0.86ns)   --->   "%man_V_2 = select i1 %p_Result_s, i54 %man_V_1, i54 %p_Result_1" [bi_lstm/src/rnn.cpp:306]   --->   Operation 33 'select' 'man_V_2' <Predicate = (!exitcond)> <Delay = 0.86> <Core = "Sel">   --->   Core 26 'Sel' <Latency = 0> <II = 1> <Delay = 0.62> <FuncUnit> <Opcode : 'select'> <InPorts = 3> <OutPorts = 1>
ST_4 : Operation 34 [1/1] (2.26ns)   --->   "%tmp_5_i_i = icmp eq i63 %tmp_120, 0" [bi_lstm/src/rnn.cpp:306]   --->   Operation 34 'icmp' 'tmp_5_i_i' <Predicate = (!exitcond)> <Delay = 2.26> <Core = "Cmp">   --->   Core 25 'Cmp' <Latency = 0> <II = 1> <Delay = 1.82> <FuncUnit> <Opcode : 'icmp'> <InPorts = 2> <OutPorts = 1>
ST_4 : Operation 35 [1/1] (0.00ns)   --->   "br i1 %tmp_5_i_i, label %.critedge.i.i, label %_ifconv" [bi_lstm/src/rnn.cpp:306]   --->   Operation 35 'br' <Predicate = (!exitcond)> <Delay = 0.00>
ST_4 : Operation 36 [1/1] (1.54ns)   --->   "%F2 = sub i12 1075, %tmp_3_i_i" [bi_lstm/src/rnn.cpp:306]   --->   Operation 36 'sub' 'F2' <Predicate = (!exitcond & !tmp_5_i_i)> <Delay = 1.54> <Core = "AddSub">   --->   Core 14 'AddSub' <Latency = 0> <II = 1> <Delay = 1.54> <FuncUnit> <Opcode : 'add' 'sub'> <InPorts = 2> <OutPorts = 1>
ST_4 : Operation 37 [1/1] (1.82ns)   --->   "%tmp_7_i_i = icmp sgt i12 %F2, 11" [bi_lstm/src/rnn.cpp:306]   --->   Operation 37 'icmp' 'tmp_7_i_i' <Predicate = (!exitcond & !tmp_5_i_i)> <Delay = 1.82> <Core = "Cmp">   --->   Core 25 'Cmp' <Latency = 0> <II = 1> <Delay = 1.82> <FuncUnit> <Opcode : 'icmp'> <InPorts = 2> <OutPorts = 1>
ST_4 : Operation 38 [1/1] (1.54ns)   --->   "%tmp_8_i_i = add i12 -11, %F2" [bi_lstm/src/rnn.cpp:306]   --->   Operation 38 'add' 'tmp_8_i_i' <Predicate = (!exitcond & !tmp_5_i_i)> <Delay = 1.54> <Core = "AddSub">   --->   Core 14 'AddSub' <Latency = 0> <II = 1> <Delay = 1.54> <FuncUnit> <Opcode : 'add' 'sub'> <InPorts = 2> <OutPorts = 1>
ST_4 : Operation 39 [1/1] (1.54ns)   --->   "%tmp_9_i_i = sub i12 11, %F2" [bi_lstm/src/rnn.cpp:306]   --->   Operation 39 'sub' 'tmp_9_i_i' <Predicate = (!exitcond & !tmp_5_i_i)> <Delay = 1.54> <Core = "AddSub">   --->   Core 14 'AddSub' <Latency = 0> <II = 1> <Delay = 1.54> <FuncUnit> <Opcode : 'add' 'sub'> <InPorts = 2> <OutPorts = 1>
ST_4 : Operation 40 [1/1] (0.59ns)   --->   "%sh_amt = select i1 %tmp_7_i_i, i12 %tmp_8_i_i, i12 %tmp_9_i_i" [bi_lstm/src/rnn.cpp:306]   --->   Operation 40 'select' 'sh_amt' <Predicate = (!exitcond & !tmp_5_i_i)> <Delay = 0.59> <Core = "Sel">   --->   Core 26 'Sel' <Latency = 0> <II = 1> <Delay = 0.62> <FuncUnit> <Opcode : 'select'> <InPorts = 3> <OutPorts = 1>
ST_4 : Operation 41 [1/1] (1.82ns)   --->   "%tmp_10_i_i = icmp eq i12 %F2, 11" [bi_lstm/src/rnn.cpp:306]   --->   Operation 41 'icmp' 'tmp_10_i_i' <Predicate = (!exitcond & !tmp_5_i_i)> <Delay = 1.82> <Core = "Cmp">   --->   Core 25 'Cmp' <Latency = 0> <II = 1> <Delay = 1.82> <FuncUnit> <Opcode : 'icmp'> <InPorts = 2> <OutPorts = 1>
ST_4 : Operation 42 [1/1] (0.00ns)   --->   "%tmp_123 = trunc i54 %man_V_2 to i16" [bi_lstm/src/rnn.cpp:306]   --->   Operation 42 'trunc' 'tmp_123' <Predicate = (!exitcond & !tmp_5_i_i)> <Delay = 0.00>
ST_4 : Operation 43 [1/1] (0.00ns)   --->   "%tmp_124 = call i8 @_ssdm_op_PartSelect.i8.i12.i32.i32(i12 %sh_amt, i32 4, i32 11)" [bi_lstm/src/rnn.cpp:306]   --->   Operation 43 'partselect' 'tmp_124' <Predicate = (!exitcond & !tmp_5_i_i)> <Delay = 0.00>
ST_4 : Operation 44 [1/1] (0.00ns)   --->   "%ireg_V_to_int_i_i = bitcast float %input_load to i32" [bi_lstm/src/rnn.cpp:306]   --->   Operation 44 'bitcast' 'ireg_V_to_int_i_i' <Predicate = (!exitcond & !tmp_5_i_i)> <Delay = 0.00>
ST_4 : Operation 45 [1/1] (0.00ns)   --->   "%tmp_126 = call i1 @_ssdm_op_BitSelect.i1.i32.i32(i32 %ireg_V_to_int_i_i, i32 31)" [bi_lstm/src/rnn.cpp:306]   --->   Operation 45 'bitselect' 'tmp_126' <Predicate = (!exitcond & !tmp_5_i_i)> <Delay = 0.00>
ST_4 : Operation 46 [1/1] (1.82ns)   --->   "%sel_tmp12 = icmp slt i12 %F2, 11" [bi_lstm/src/rnn.cpp:306]   --->   Operation 46 'icmp' 'sel_tmp12' <Predicate = (!exitcond & !tmp_5_i_i)> <Delay = 1.82> <Core = "Cmp">   --->   Core 25 'Cmp' <Latency = 0> <II = 1> <Delay = 1.82> <FuncUnit> <Opcode : 'icmp'> <InPorts = 2> <OutPorts = 1>
ST_4 : Operation 47 [1/1] (1.08ns)   --->   "br i1 %tmp_10_i_i, label %ap_fixed_base.exit406.i.i, label %3" [bi_lstm/src/rnn.cpp:307]   --->   Operation 47 'br' <Predicate = (!exitcond & !tmp_5_i_i)> <Delay = 1.08>
ST_4 : Operation 48 [1/1] (0.00ns)   --->   "%input_f_V_addr = getelementptr [3900 x i16]* %input_f_V, i64 0, i64 %tmp_2_i_i" [bi_lstm/src/rnn.cpp:306]   --->   Operation 48 'getelementptr' 'input_f_V_addr' <Predicate = (!exitcond & tmp_5_i_i)> <Delay = 0.00>
ST_4 : Operation 49 [1/1] (2.77ns)   --->   "store i16 0, i16* %input_f_V_addr, align 2" [bi_lstm/src/rnn.cpp:306]   --->   Operation 49 'store' <Predicate = (!exitcond & tmp_5_i_i)> <Delay = 2.77> <Core = "RAM">   --->   Core 37 'RAM' <Latency = 1> <II = 1> <Delay = 2.77> <Storage> <Opcode : 'load' 'store'> <Ports = 2> <Width = 16> <Depth = 3900> <RAM>
ST_4 : Operation 50 [1/1] (1.08ns)   --->   "br label %ap_fixed_base.exit406.i.i" [bi_lstm/src/rnn.cpp:307]   --->   Operation 50 'br' <Predicate = (!exitcond & tmp_5_i_i)> <Delay = 1.08>

State 5 <SV = 4> <Delay = 8.05>
ST_5 : Operation 51 [1/1] (0.00ns)   --->   "%tmp_69_i_i = call i32 (...)* @_ssdm_op_SpecRegionBegin([13 x i8]* @p_str43)" [bi_lstm/src/rnn.cpp:304]   --->   Operation 51 'specregionbegin' 'tmp_69_i_i' <Predicate = (!exitcond)> <Delay = 0.00>
ST_5 : Operation 52 [1/1] (0.00ns)   --->   "call void (...)* @_ssdm_op_SpecPipeline(i32 1, i32 1, i32 1, i32 0, [1 x i8]* @p_str22) nounwind" [bi_lstm/src/rnn.cpp:305]   --->   Operation 52 'specpipeline' <Predicate = (!exitcond)> <Delay = 0.00>
ST_5 : Operation 53 [1/1] (0.00ns)   --->   "%sh_amt_cast_i_i = sext i12 %sh_amt to i32" [bi_lstm/src/rnn.cpp:306]   --->   Operation 53 'sext' 'sh_amt_cast_i_i' <Predicate = (!exitcond & !tmp_5_i_i)> <Delay = 0.00>
ST_5 : Operation 54 [1/1] (0.00ns)   --->   "%sh_amt_cast1309_i_i = sext i12 %sh_amt to i16" [bi_lstm/src/rnn.cpp:306]   --->   Operation 54 'sext' 'sh_amt_cast1309_i_i' <Predicate = (!exitcond & !tmp_5_i_i)> <Delay = 0.00>
ST_5 : Operation 55 [1/1] (1.82ns)   --->   "%tmp_13_i_i = icmp ult i12 %sh_amt, 54" [bi_lstm/src/rnn.cpp:306]   --->   Operation 55 'icmp' 'tmp_13_i_i' <Predicate = (!exitcond & !tmp_5_i_i)> <Delay = 1.82> <Core = "Cmp">   --->   Core 25 'Cmp' <Latency = 0> <II = 1> <Delay = 1.82> <FuncUnit> <Opcode : 'icmp'> <InPorts = 2> <OutPorts = 1>
ST_5 : Operation 56 [1/1] (1.31ns)   --->   "%icmp = icmp eq i8 %tmp_124, 0" [bi_lstm/src/rnn.cpp:306]   --->   Operation 56 'icmp' 'icmp' <Predicate = (!exitcond & !tmp_5_i_i)> <Delay = 1.31> <Core = "Cmp">   --->   Core 25 'Cmp' <Latency = 0> <II = 1> <Delay = 1.82> <FuncUnit> <Opcode : 'icmp'> <InPorts = 2> <OutPorts = 1>
ST_5 : Operation 57 [1/1] (0.00ns)   --->   "%tmp_19_i_i = zext i32 %sh_amt_cast_i_i to i54" [bi_lstm/src/rnn.cpp:306]   --->   Operation 57 'zext' 'tmp_19_i_i' <Predicate = (!exitcond & !tmp_5_i_i)> <Delay = 0.00>
ST_5 : Operation 58 [1/1] (3.56ns)   --->   "%tmp_20_i_i = ashr i54 %man_V_2, %tmp_19_i_i" [bi_lstm/src/rnn.cpp:306]   --->   Operation 58 'ashr' 'tmp_20_i_i' <Predicate = (!exitcond & !tmp_5_i_i)> <Delay = 3.56> <Core = "Shift">   --->   Core 28 'Shift' <Latency = 0> <II = 1> <Delay = 3.12> <FuncUnit> <Opcode : 'shl' 'lshr' 'ashr'> <InPorts = 2> <OutPorts = 1>
ST_5 : Operation 59 [1/1] (0.00ns)   --->   "%tmp_125 = trunc i54 %tmp_20_i_i to i16" [bi_lstm/src/rnn.cpp:306]   --->   Operation 59 'trunc' 'tmp_125' <Predicate = (!exitcond & !tmp_5_i_i)> <Delay = 0.00>
ST_5 : Operation 60 [1/1] (0.81ns)   --->   "%tmp_22_i_i = select i1 %tmp_126, i16 -1, i16 0" [bi_lstm/src/rnn.cpp:306]   --->   Operation 60 'select' 'tmp_22_i_i' <Predicate = (!exitcond & !tmp_5_i_i)> <Delay = 0.81> <Core = "Sel">   --->   Core 26 'Sel' <Latency = 0> <II = 1> <Delay = 0.62> <FuncUnit> <Opcode : 'select'> <InPorts = 3> <OutPorts = 1>
ST_5 : Operation 61 [1/1] (3.12ns)   --->   "%tmp_24_i_i = shl i16 %tmp_123, %sh_amt_cast1309_i_i" [bi_lstm/src/rnn.cpp:306]   --->   Operation 61 'shl' 'tmp_24_i_i' <Predicate = (!exitcond & !tmp_5_i_i)> <Delay = 3.12> <Core = "Shift">   --->   Core 28 'Shift' <Latency = 0> <II = 1> <Delay = 3.12> <FuncUnit> <Opcode : 'shl' 'lshr' 'ashr'> <InPorts = 2> <OutPorts = 1>
ST_5 : Operation 62 [1/1] (0.00ns) (grouped into LUT with out node sel_tmp2)   --->   "%sel_tmp1 = xor i1 %tmp_10_i_i, true" [bi_lstm/src/rnn.cpp:306]   --->   Operation 62 'xor' 'sel_tmp1' <Predicate = (!exitcond & !tmp_5_i_i)> <Delay = 0.00> <Core = "LogicGate">   --->   Core 27 'LogicGate' <Latency = 0> <II = 1> <Delay = 0.80> <FuncUnit> <Opcode : 'and' 'or' 'xor'> <InPorts = 2> <OutPorts = 1>
ST_5 : Operation 63 [1/1] (0.80ns) (out node of the LUT)   --->   "%sel_tmp2 = and i1 %tmp_7_i_i, %sel_tmp1" [bi_lstm/src/rnn.cpp:306]   --->   Operation 63 'and' 'sel_tmp2' <Predicate = (!exitcond & !tmp_5_i_i)> <Delay = 0.80> <Core = "LogicGate">   --->   Core 27 'LogicGate' <Latency = 0> <II = 1> <Delay = 0.80> <FuncUnit> <Opcode : 'and' 'or' 'xor'> <InPorts = 2> <OutPorts = 1>
ST_5 : Operation 64 [1/1] (0.00ns) (grouped into LUT with out node sel_tmp4)   --->   "%sel_tmp3 = xor i1 %tmp_13_i_i, true" [bi_lstm/src/rnn.cpp:306]   --->   Operation 64 'xor' 'sel_tmp3' <Predicate = (!exitcond & !tmp_5_i_i)> <Delay = 0.00> <Core = "LogicGate">   --->   Core 27 'LogicGate' <Latency = 0> <II = 1> <Delay = 0.80> <FuncUnit> <Opcode : 'and' 'or' 'xor'> <InPorts = 2> <OutPorts = 1>
ST_5 : Operation 65 [1/1] (0.80ns) (out node of the LUT)   --->   "%sel_tmp4 = and i1 %sel_tmp2, %sel_tmp3" [bi_lstm/src/rnn.cpp:306]   --->   Operation 65 'and' 'sel_tmp4' <Predicate = (!exitcond & !tmp_5_i_i)> <Delay = 0.80> <Core = "LogicGate">   --->   Core 27 'LogicGate' <Latency = 0> <II = 1> <Delay = 0.80> <FuncUnit> <Opcode : 'and' 'or' 'xor'> <InPorts = 2> <OutPorts = 1>
ST_5 : Operation 66 [1/1] (0.00ns) (grouped into LUT with out node or_cond)   --->   "%sel_tmp8 = and i1 %sel_tmp2, %tmp_13_i_i" [bi_lstm/src/rnn.cpp:306]   --->   Operation 66 'and' 'sel_tmp8' <Predicate = (!exitcond & !tmp_5_i_i)> <Delay = 0.00> <Core = "LogicGate">   --->   Core 27 'LogicGate' <Latency = 0> <II = 1> <Delay = 0.80> <FuncUnit> <Opcode : 'and' 'or' 'xor'> <InPorts = 2> <OutPorts = 1>
ST_5 : Operation 67 [1/1] (0.80ns)   --->   "%sel_tmp13 = and i1 %sel_tmp12, %icmp" [bi_lstm/src/rnn.cpp:306]   --->   Operation 67 'and' 'sel_tmp13' <Predicate = (!exitcond & !tmp_5_i_i)> <Delay = 0.80> <Core = "LogicGate">   --->   Core 27 'LogicGate' <Latency = 0> <II = 1> <Delay = 0.80> <FuncUnit> <Opcode : 'and' 'or' 'xor'> <InPorts = 2> <OutPorts = 1>
ST_5 : Operation 68 [1/1] (0.00ns) (grouped into LUT with out node newSel3)   --->   "%newSel = select i1 %sel_tmp13, i16 %tmp_24_i_i, i16 %tmp_125" [bi_lstm/src/rnn.cpp:306]   --->   Operation 68 'select' 'newSel' <Predicate = (!exitcond & !tmp_5_i_i)> <Delay = 0.00> <Core = "Sel">   --->   Core 26 'Sel' <Latency = 0> <II = 1> <Delay = 0.62> <FuncUnit> <Opcode : 'select'> <InPorts = 3> <OutPorts = 1>
ST_5 : Operation 69 [1/1] (0.80ns) (out node of the LUT)   --->   "%or_cond = or i1 %sel_tmp13, %sel_tmp8" [bi_lstm/src/rnn.cpp:306]   --->   Operation 69 'or' 'or_cond' <Predicate = (!exitcond & !tmp_5_i_i)> <Delay = 0.80> <Core = "LogicGate">   --->   Core 27 'LogicGate' <Latency = 0> <II = 1> <Delay = 0.80> <FuncUnit> <Opcode : 'and' 'or' 'xor'> <InPorts = 2> <OutPorts = 1>
ST_5 : Operation 70 [1/1] (0.62ns) (out node of the LUT)   --->   "%newSel1 = select i1 %sel_tmp4, i16 %tmp_22_i_i, i16 %tmp_123" [bi_lstm/src/rnn.cpp:306]   --->   Operation 70 'select' 'newSel1' <Predicate = (!exitcond & !tmp_5_i_i)> <Delay = 0.62> <Core = "Sel">   --->   Core 26 'Sel' <Latency = 0> <II = 1> <Delay = 0.62> <FuncUnit> <Opcode : 'select'> <InPorts = 3> <OutPorts = 1>
ST_5 : Operation 71 [1/1] (0.00ns) (grouped into LUT with out node newSel5)   --->   "%or_cond2 = or i1 %sel_tmp4, %tmp_10_i_i" [bi_lstm/src/rnn.cpp:306]   --->   Operation 71 'or' 'or_cond2' <Predicate = (!exitcond & !tmp_5_i_i)> <Delay = 0.00> <Core = "LogicGate">   --->   Core 27 'LogicGate' <Latency = 0> <II = 1> <Delay = 0.80> <FuncUnit> <Opcode : 'and' 'or' 'xor'> <InPorts = 2> <OutPorts = 1>
ST_5 : Operation 72 [1/1] (0.62ns) (out node of the LUT)   --->   "%newSel3 = select i1 %or_cond, i16 %newSel, i16 %newSel1" [bi_lstm/src/rnn.cpp:306]   --->   Operation 72 'select' 'newSel3' <Predicate = (!exitcond & !tmp_5_i_i)> <Delay = 0.62> <Core = "Sel">   --->   Core 26 'Sel' <Latency = 0> <II = 1> <Delay = 0.62> <FuncUnit> <Opcode : 'select'> <InPorts = 3> <OutPorts = 1>
ST_5 : Operation 73 [1/1] (0.00ns) (grouped into LUT with out node newSel5)   --->   "%or_cond4 = or i1 %or_cond, %or_cond2" [bi_lstm/src/rnn.cpp:306]   --->   Operation 73 'or' 'or_cond4' <Predicate = (!exitcond & !tmp_5_i_i)> <Delay = 0.00> <Core = "LogicGate">   --->   Core 27 'LogicGate' <Latency = 0> <II = 1> <Delay = 0.80> <FuncUnit> <Opcode : 'and' 'or' 'xor'> <InPorts = 2> <OutPorts = 1>
ST_5 : Operation 74 [1/1] (0.80ns) (out node of the LUT)   --->   "%newSel5 = select i1 %or_cond4, i16 %newSel3, i16 0" [bi_lstm/src/rnn.cpp:306]   --->   Operation 74 'select' 'newSel5' <Predicate = (!exitcond & !tmp_5_i_i)> <Delay = 0.80> <Core = "Sel">   --->   Core 26 'Sel' <Latency = 0> <II = 1> <Delay = 0.62> <FuncUnit> <Opcode : 'select'> <InPorts = 3> <OutPorts = 1>
ST_5 : Operation 75 [1/1] (0.00ns)   --->   "%input_f_V_addr_1 = getelementptr [3900 x i16]* %input_f_V, i64 0, i64 %tmp_2_i_i" [bi_lstm/src/rnn.cpp:306]   --->   Operation 75 'getelementptr' 'input_f_V_addr_1' <Predicate = (!exitcond & !tmp_5_i_i)> <Delay = 0.00>
ST_5 : Operation 76 [1/1] (2.77ns)   --->   "store i16 %newSel5, i16* %input_f_V_addr_1, align 2" [bi_lstm/src/rnn.cpp:306]   --->   Operation 76 'store' <Predicate = (!exitcond & !tmp_5_i_i)> <Delay = 2.77> <Core = "RAM">   --->   Core 37 'RAM' <Latency = 1> <II = 1> <Delay = 2.77> <Storage> <Opcode : 'load' 'store'> <Ports = 2> <Width = 16> <Depth = 3900> <RAM>
ST_5 : Operation 77 [1/1] (0.00ns)   --->   "br i1 %tmp_7_i_i, label %2, label %4" [bi_lstm/src/rnn.cpp:307]   --->   Operation 77 'br' <Predicate = (!tmp_5_i_i & !tmp_10_i_i)> <Delay = 0.00>
ST_5 : Operation 78 [1/1] (0.62ns)   --->   "%tmp_24_i_i_s = select i1 %icmp, i16 %tmp_24_i_i, i16 0" [bi_lstm/src/rnn.cpp:307]   --->   Operation 78 'select' 'tmp_24_i_i_s' <Predicate = (!exitcond & !tmp_5_i_i & !tmp_10_i_i & !tmp_7_i_i)> <Delay = 0.62> <Core = "Sel">   --->   Core 26 'Sel' <Latency = 0> <II = 1> <Delay = 0.62> <FuncUnit> <Opcode : 'select'> <InPorts = 3> <OutPorts = 1>
ST_5 : Operation 79 [1/1] (1.08ns)   --->   "br label %ap_fixed_base.exit406.i.i" [bi_lstm/src/rnn.cpp:307]   --->   Operation 79 'br' <Predicate = (!exitcond & !tmp_5_i_i & !tmp_10_i_i & !tmp_7_i_i)> <Delay = 1.08>
ST_5 : Operation 80 [1/1] (0.62ns)   --->   "%tmp_21_i_i_tmp_22_i_s = select i1 %tmp_13_i_i, i16 %tmp_125, i16 %tmp_22_i_i" [bi_lstm/src/rnn.cpp:307]   --->   Operation 80 'select' 'tmp_21_i_i_tmp_22_i_s' <Predicate = (!exitcond & !tmp_5_i_i & !tmp_10_i_i & tmp_7_i_i)> <Delay = 0.62> <Core = "Sel">   --->   Core 26 'Sel' <Latency = 0> <II = 1> <Delay = 0.62> <FuncUnit> <Opcode : 'select'> <InPorts = 3> <OutPorts = 1>
ST_5 : Operation 81 [1/1] (1.08ns)   --->   "br label %ap_fixed_base.exit406.i.i" [bi_lstm/src/rnn.cpp:307]   --->   Operation 81 'br' <Predicate = (!exitcond & !tmp_5_i_i & !tmp_10_i_i & tmp_7_i_i)> <Delay = 1.08>
ST_5 : Operation 82 [1/1] (0.00ns)   --->   "%storemerge1_i_i = phi i16 [ 0, %.critedge.i.i ], [ %tmp_123, %_ifconv ], [ %tmp_21_i_i_tmp_22_i_s, %2 ], [ %tmp_24_i_i_s, %4 ]" [bi_lstm/src/rnn.cpp:306]   --->   Operation 82 'phi' 'storemerge1_i_i' <Predicate = (!exitcond)> <Delay = 0.00>
ST_5 : Operation 83 [1/1] (0.00ns)   --->   "%input_b_V_addr = getelementptr [3900 x i16]* %input_b_V, i64 0, i64 %tmp_2_i_i" [bi_lstm/src/rnn.cpp:307]   --->   Operation 83 'getelementptr' 'input_b_V_addr' <Predicate = (!exitcond)> <Delay = 0.00>
ST_5 : Operation 84 [1/1] (2.77ns)   --->   "store i16 %storemerge1_i_i, i16* %input_b_V_addr, align 2" [bi_lstm/src/rnn.cpp:307]   --->   Operation 84 'store' <Predicate = (!exitcond)> <Delay = 2.77> <Core = "RAM">   --->   Core 37 'RAM' <Latency = 1> <II = 1> <Delay = 2.77> <Storage> <Opcode : 'load' 'store'> <Ports = 2> <Width = 16> <Depth = 3900> <RAM>
ST_5 : Operation 85 [1/1] (0.00ns)   --->   "%empty_51 = call i32 (...)* @_ssdm_op_SpecRegionEnd([13 x i8]* @p_str43, i32 %tmp_69_i_i)" [bi_lstm/src/rnn.cpp:308]   --->   Operation 85 'specregionend' 'empty_51' <Predicate = (!exitcond)> <Delay = 0.00>
ST_5 : Operation 86 [1/1] (0.00ns)   --->   "br label %0" [bi_lstm/src/rnn.cpp:304]   --->   Operation 86 'br' <Predicate = (!exitcond)> <Delay = 0.00>

State 6 <SV = 2> <Delay = 0.00>
ST_6 : Operation 87 [1/1] (0.00ns)   --->   "ret void"   --->   Operation 87 'ret' <Predicate = true> <Delay = 0.00>


============================================================
+ Verbose Summary: Timing violations
============================================================
Target clock period: 10ns, clock uncertainty: 1.25ns.

 <State 1>: 3.4ns
The critical path consists of the following:
	wire read on port 'p_read' [8]  (0 ns)
	fifo write on port 'valid_len_out' [9]  (3.4 ns)

 <State 2>: 2.77ns
The critical path consists of the following:
	'phi' operation ('i') with incoming values : ('i', bi_lstm/src/rnn.cpp:304) [14]  (0 ns)
	'getelementptr' operation ('input_addr', bi_lstm/src/rnn.cpp:306) [23]  (0 ns)
	'load' operation ('v', bi_lstm/src/rnn.cpp:306) on array 'input_r' [24]  (2.77 ns)

 <State 3>: 2.77ns
The critical path consists of the following:
	'load' operation ('v', bi_lstm/src/rnn.cpp:306) on array 'input_r' [24]  (2.77 ns)

 <State 4>: 8.4ns
The critical path consists of the following:
	'fpext' operation ('d', bi_lstm/src/rnn.cpp:306) [25]  (3.95 ns)
	'sub' operation ('F2', bi_lstm/src/rnn.cpp:306) [39]  (1.55 ns)
	'icmp' operation ('tmp_10_i_i', bi_lstm/src/rnn.cpp:306) [46]  (1.82 ns)
	multiplexor before 'phi' operation ('storemerge1_i_i', bi_lstm/src/rnn.cpp:306) with incoming values : ('tmp_123', bi_lstm/src/rnn.cpp:306) ('tmp_24_i_i_s', bi_lstm/src/rnn.cpp:307) ('tmp_21_i_i_tmp_22_i_s', bi_lstm/src/rnn.cpp:307) [88]  (1.08 ns)

 <State 5>: 8.05ns
The critical path consists of the following:
	'ashr' operation ('tmp_20_i_i', bi_lstm/src/rnn.cpp:306) [52]  (3.57 ns)
	'select' operation ('tmp_21_i_i_tmp_22_i_s', bi_lstm/src/rnn.cpp:307) [81]  (0.627 ns)
	multiplexor before 'phi' operation ('storemerge1_i_i', bi_lstm/src/rnn.cpp:306) with incoming values : ('tmp_123', bi_lstm/src/rnn.cpp:306) ('tmp_24_i_i_s', bi_lstm/src/rnn.cpp:307) ('tmp_21_i_i_tmp_22_i_s', bi_lstm/src/rnn.cpp:307) [88]  (1.08 ns)
	'phi' operation ('storemerge1_i_i', bi_lstm/src/rnn.cpp:306) with incoming values : ('tmp_123', bi_lstm/src/rnn.cpp:306) ('tmp_24_i_i_s', bi_lstm/src/rnn.cpp:307) ('tmp_21_i_i_tmp_22_i_s', bi_lstm/src/rnn.cpp:307) [88]  (0 ns)
	'store' operation (bi_lstm/src/rnn.cpp:307) of variable 'storemerge1_i_i', bi_lstm/src/rnn.cpp:306 on array 'input_b_V' [90]  (2.77 ns)

 <State 6>: 0ns
The critical path consists of the following:


============================================================
+ Verbose Summary: Binding
============================================================
N/A
* FSMD analyzer results:
  - Output states:
 - Input state : 
  - Chain level:
	State 1
	State 2
	State 3
	State 4
	State 5
	State 6


============================================================
+ Verbose Summary: Datapath Resource usage 
============================================================
N/A
