

================================================================
== Vivado HLS Report for 'lstm_infer_Loop_1_pr'
================================================================
* Date:           Sat Apr 19 01:53:17 2025

* Version:        2018.3 (Build 2405991 on Thu Dec 06 23:56:15 MST 2018)
* Project:        bi_lstm
* Solution:       solution1
* Product family: zynq
* Target device:  xc7z020clg400-2


================================================================
== Performance Estimates
================================================================
+ Timing (ns): 
    * Summary: 
    +--------+-------+----------+------------+
    |  Clock | Target| Estimated| Uncertainty|
    +--------+-------+----------+------------+
    |ap_clk  |  10.00|     8.398|        1.25|
    +--------+-------+----------+------------+

+ Latency (clock cycles): 
    * Summary: 
    +-----+------+-----+------+---------+
    |   Latency  |  Interval  | Pipeline|
    | min |  max | min |  max |   Type  |
    +-----+------+-----+------+---------+
    |    2|  4957|    2|  4957|   none  |
    +-----+------+-----+------+---------+

    + Detail: 
        * Instance: 
        N/A

        * Loop: 
        +----------+-----+------+----------+-----------+-----------+----------+----------+
        |          |   Latency  | Iteration|  Initiation Interval  |   Trip   |          |
        | Loop Name| min |  max |  Latency |  achieved |   target  |   Count  | Pipelined|
        +----------+-----+------+----------+-----------+-----------+----------+----------+
        |- Loop 1  |    0|  4955|         4|          1|          1| 0 ~ 4953 |    yes   |
        +----------+-----+------+----------+-----------+-----------+----------+----------+

============================================================
+ Verbose Summary: Synthesis Manager
============================================================
InlineROM: 1
ExposeGlobal: 0
============================================================
+ Verbose Summary: CDFG Model
============================================================
IsTopModel: 0
ResetActiveHigh: 1
IsCombinational: 2
IsDatapathOnly: 0
HasWiredReturn: 1
HasMFsm: 0
HasVarLatency: 1
IsPipeline: 0
IsRtlPipelined: 0
IsInstanceOverlapped: 0
IsDontTouch: 0
HasImplIP: 0
IsGatedGlobalClock: 0

+ Individual pipeline summary: 
  * Pipeline-0: initiation interval (II) = 1, depth = 4


============================================================
+ Verbose Summary: Schedule
============================================================
* Number of FSM states : 6
* Pipeline : 1
  Pipeline-0 : II = 1, D = 4, States = { 2 3 4 5 }
* Dataflow Pipeline: 0

* FSM state transitions: 
1 --> 
	2  / true
2 --> 
	6  / (exitcond)
	3  / (!exitcond)
3 --> 
	4  / true
4 --> 
	5  / true
5 --> 
	2  / true
6 --> 

* FSM state operations: 

State 1 <SV = 0> <Delay = 3.40>
ST_1 : Operation 7 [1/1] (0.00ns)   --->   "call void (...)* @_ssdm_op_SpecInterface(i7* %valid_len_out, [8 x i8]* @ap_fifo_str, i32 0, i32 0, [1 x i8]* @p_str, i32 0, i32 0, [1 x i8]* @p_str, [1 x i8]* @p_str, [1 x i8]* @p_str, i32 2, i32 2, i32 16, i32 16, [1 x i8]* @p_str, [11 x i8]* @ScalarProp_str)"   --->   Operation 7 'specinterface' <Predicate = true> <Delay = 0.00>
ST_1 : Operation 8 [1/1] (0.00ns)   --->   "call void (...)* @_ssdm_op_SpecInterface(i7* %valid_len_out, [8 x i8]* @ap_fifo_str, i32 0, i32 0, [1 x i8]* @p_str, i32 0, i32 0, [1 x i8]* @p_str, [1 x i8]* @p_str, [1 x i8]* @p_str, i32 2, i32 2, i32 16, i32 16, [1 x i8]* @p_str, [11 x i8]* @ScalarProp_str)"   --->   Operation 8 'specinterface' <Predicate = true> <Delay = 0.00>
ST_1 : Operation 9 [1/1] (0.00ns)   --->   "%p_read_1 = call i7 @_ssdm_op_Read.ap_auto.i7(i7 %p_read)"   --->   Operation 9 'read' 'p_read_1' <Predicate = true> <Delay = 0.00>
ST_1 : Operation 10 [1/1] (3.40ns)   --->   "call void @_ssdm_op_Write.ap_fifo.i7P(i7* %valid_len_out, i7 %p_read_1)"   --->   Operation 10 'write' <Predicate = true> <Delay = 3.40> <Core = "FIFO">   --->   Core 32 'FIFO' <Latency = 0> <II = 1> <Delay = 3.40> <Storage> <Opcode : 'read' 'write' 'nbread' 'nbwrite'> <Ports = 0> <Width = 7> <Depth = 2> <FIFO>
ST_1 : Operation 11 [1/1] (0.00ns)   --->   "%tmp = zext i7 %p_read_1 to i13"   --->   Operation 11 'zext' 'tmp' <Predicate = true> <Delay = 0.00>
ST_1 : Operation 12 [1/1] (3.39ns)   --->   "%tmp_8 = mul i13 %tmp, 39" [bi_lstm/src/rnn.cpp:304]   --->   Operation 12 'mul' 'tmp_8' <Predicate = true> <Delay = 3.39> <Core = "Mul">   --->   Core 16 'Mul' <Latency = 0> <II = 1> <Delay = 3.39> <FuncUnit> <Opcode : 'mul'> <InPorts = 2> <OutPorts = 1>
ST_1 : Operation 13 [1/1] (0.46ns)   --->   "br label %0" [bi_lstm/src/rnn.cpp:304]   --->   Operation 13 'br' <Predicate = true> <Delay = 0.46>

State 2 <SV = 1> <Delay = 2.77>
ST_2 : Operation 14 [1/1] (0.00ns)   --->   "%i_i_i = phi i13 [ 0, %entry ], [ %i, %ap_fixed_base.exit406.i.i ]"   --->   Operation 14 'phi' 'i_i_i' <Predicate = true> <Delay = 0.00>
ST_2 : Operation 15 [1/1] (0.00ns)   --->   "%empty = call i32 (...)* @_ssdm_op_SpecLoopTripCount(i64 0, i64 4953, i64 0)"   --->   Operation 15 'speclooptripcount' 'empty' <Predicate = true> <Delay = 0.00>
ST_2 : Operation 16 [1/1] (1.90ns)   --->   "%exitcond = icmp eq i13 %i_i_i, %tmp_8" [bi_lstm/src/rnn.cpp:304]   --->   Operation 16 'icmp' 'exitcond' <Predicate = true> <Delay = 1.90> <Core = "Cmp">   --->   Core 25 'Cmp' <Latency = 0> <II = 1> <Delay = 1.31> <FuncUnit> <Opcode : 'icmp'> <InPorts = 2> <OutPorts = 1>
ST_2 : Operation 17 [1/1] (1.53ns)   --->   "%i = add i13 %i_i_i, 1" [bi_lstm/src/rnn.cpp:304]   --->   Operation 17 'add' 'i' <Predicate = true> <Delay = 1.53> <Core = "AddSub">   --->   Core 14 'AddSub' <Latency = 0> <II = 1> <Delay = 1.54> <FuncUnit> <Opcode : 'add' 'sub'> <InPorts = 2> <OutPorts = 1>
ST_2 : Operation 18 [1/1] (0.00ns)   --->   "br i1 %exitcond, label %.exit, label %1" [bi_lstm/src/rnn.cpp:304]   --->   Operation 18 'br' <Predicate = true> <Delay = 0.00>
ST_2 : Operation 19 [1/1] (0.00ns)   --->   "%tmp_2_i_i = zext i13 %i_i_i to i64" [bi_lstm/src/rnn.cpp:306]   --->   Operation 19 'zext' 'tmp_2_i_i' <Predicate = (!exitcond)> <Delay = 0.00>
ST_2 : Operation 20 [1/1] (0.00ns)   --->   "%input_addr = getelementptr [3900 x float]* %input_r, i64 0, i64 %tmp_2_i_i" [bi_lstm/src/rnn.cpp:306]   --->   Operation 20 'getelementptr' 'input_addr' <Predicate = (!exitcond)> <Delay = 0.00>
ST_2 : Operation 21 [2/2] (2.77ns)   --->   "%input_load = load float* %input_addr, align 4" [bi_lstm/src/rnn.cpp:306]   --->   Operation 21 'load' 'input_load' <Predicate = (!exitcond)> <Delay = 2.77> <Core = "RAM">   --->   Core 37 'RAM' <Latency = 1> <II = 1> <Delay = 2.77> <Storage> <Opcode : 'load' 'store'> <Ports = 2> <Width = 16> <Depth = 3900> <RAM>

State 3 <SV = 2> <Delay = 2.77>
ST_3 : Operation 22 [1/2] (2.77ns)   --->   "%input_load = load float* %input_addr, align 4" [bi_lstm/src/rnn.cpp:306]   --->   Operation 22 'load' 'input_load' <Predicate = (!exitcond)> <Delay = 2.77> <Core = "RAM">   --->   Core 37 'RAM' <Latency = 1> <II = 1> <Delay = 2.77> <Storage> <Opcode : 'load' 'store'> <Ports = 2> <Width = 16> <Depth = 3900> <RAM>

State 4 <SV = 3> <Delay = 8.39>
ST_4 : Operation 23 [1/1] (3.94ns)   --->   "%d_assign = fpext float %input_load to double" [bi_lstm/src/rnn.cpp:306]   --->   Operation 23 'fpext' 'd_assign' <Predicate = (!exitcond)> <Delay = 3.94> <Core = "Float2Double">   --->   Core 113 'Float2Double' <Latency = 0> <II = 1> <Delay = 3.94> <FuncUnit> <Opcode : 'fpext'> <InPorts = 1> <OutPorts = 1>
ST_4 : Operation 24 [1/1] (0.00ns)   --->   "%ireg_V = bitcast double %d_assign to i64" [bi_lstm/src/rnn.cpp:306]   --->   Operation 24 'bitcast' 'ireg_V' <Predicate = (!exitcond)> <Delay = 0.00>
ST_4 : Operation 25 [1/1] (0.00ns)   --->   "%tmp_120 = trunc i64 %ireg_V to i63" [bi_lstm/src/rnn.cpp:306]   --->   Operation 25 'trunc' 'tmp_120' <Predicate = (!exitcond)> <Delay = 0.00>
ST_4 : Operation 26 [1/1] (0.00ns)   --->   "%p_Result_s = call i1 @_ssdm_op_BitSelect.i1.i64.i32(i64 %ireg_V, i32 63)" [bi_lstm/src/rnn.cpp:306]   --->   Operation 26 'bitselect' 'p_Result_s' <Predicate = (!exitcond)> <Delay = 0.00>
ST_4 : Operation 27 [1/1] (0.00ns)   --->   "%exp_tmp_V = call i11 @_ssdm_op_PartSelect.i11.i64.i32.i32(i64 %ireg_V, i32 52, i32 62)" [bi_lstm/src/rnn.cpp:306]   --->   Operation 27 'partselect' 'exp_tmp_V' <Predicate = (!exitcond)> <Delay = 0.00>
ST_4 : Operation 28 [1/1] (0.00ns)   --->   "%tmp_3_i_i = zext i11 %exp_tmp_V to i12" [bi_lstm/src/rnn.cpp:306]   --->   Operation 28 'zext' 'tmp_3_i_i' <Predicate = (!exitcond)> <Delay = 0.00>
ST_4 : Operation 29 [1/1] (0.00ns)   --->   "%tmp_122 = trunc i64 %ireg_V to i52" [bi_lstm/src/rnn.cpp:306]   --->   Operation 29 'trunc' 'tmp_122' <Predicate = (!exitcond)> <Delay = 0.00>
ST_4 : Operation 30 [1/1] (0.00ns)   --->   "%tmp_70_i_i = call i53 @_ssdm_op_BitConcatenate.i53.i1.i52(i1 true, i52 %tmp_122)" [bi_lstm/src/rnn.cpp:306]   --->   Operation 30 'bitconcatenate' 'tmp_70_i_i' <Predicate = (!exitcond)> <Delay = 0.00>
ST_4 : Operation 31 [1/1] (0.00ns)   --->   "%p_Result_1 = zext i53 %tmp_70_i_i to i54" [bi_lstm/src/rnn.cpp:306]   --->   Operation 31 'zext' 'p_Result_1' <Predicate = (!exitcond)> <Delay = 0.00>
ST_4 : Operation 32 [1/1] (2.41ns)   --->   "%man_V_1 = sub i54 0, %p_Result_1" [bi_lstm/src/rnn.cpp:306]   --->   Operation 32 'sub' 'man_V_1' <Predicate = (!exitcond)> <Delay = 2.41> <Core = "AddSub">   --->   Core 14 'AddSub' <Latency = 0> <II = 1> <Delay = 1.54> <FuncUnit> <Opcode : 'add' 'sub'> <InPorts = 2> <OutPorts = 1>
ST_4 : Operation 33 [1/1] (0.86ns)   --->   "%man_V_2 = select i1 %p_Result_s, i54 %man_V_1, i54 %p_Result_1" [bi_lstm/src/rnn.cpp:306]   --->   Operation 33 'select' 'man_V_2' <Predicate = (!exitcond)> <Delay = 0.86> <Core = "Sel">   --->   Core 26 'Sel' <Latency = 0> <II = 1> <Delay = 0.62> <FuncUnit> <Opcode : 'select'> <InPorts = 3> <OutPorts = 1>
ST_4 : Operation 34 [1/1] (2.26ns)   --->   "%tmp_5_i_i = icmp eq i63 %tmp_120, 0" [bi_lstm/src/rnn.cpp:306]   --->   Operation 34 'icmp' 'tmp_5_i_i' <Predicate = (!exitcond)> <Delay = 2.26> <Core = "Cmp">   --->   Core 25 'Cmp' <Latency = 0> <II = 1> <Delay = 1.31> <FuncUnit> <Opcode : 'icmp'> <InPorts = 2> <OutPorts = 1>
ST_4 : Operation 35 [1/1] (0.00ns)   --->   "br i1 %tmp_5_i_i, label %.critedge.i.i, label %_ifconv" [bi_lstm/src/rnn.cpp:306]   --->   Operation 35 'br' <Predicate = (!exitcond)> <Delay = 0.00>
ST_4 : Operation 36 [1/1] (1.54ns)   --->   "%F2 = sub i12 1075, %tmp_3_i_i" [bi_lstm/src/rnn.cpp:306]   --->   Operation 36 'sub' 'F2' <Predicate = (!exitcond & !tmp_5_i_i)> <Delay = 1.54> <Core = "AddSub">   --->   Core 14 'AddSub' <Latency = 0> <II = 1> <Delay = 1.54> <FuncUnit> <Opcode : 'add' 'sub'> <InPorts = 2> <OutPorts = 1>
ST_4 : Operation 37 [1/1] (1.82ns)   --->   "%tmp_7_i_i = icmp sgt i12 %F2, 11" [bi_lstm/src/rnn.cpp:306]   --->   Operation 37 'icmp' 'tmp_7_i_i' <Predicate = (!exitcond & !tmp_5_i_i)> <Delay = 1.82> <Core = "Cmp">   --->   Core 25 'Cmp' <Latency = 0> <II = 1> <Delay = 1.31> <FuncUnit> <Opcode : 'icmp'> <InPorts = 2> <OutPorts = 1>
ST_4 : Operation 38 [1/1] (1.54ns)   --->   "%tmp_8_i_i = add i12 -11, %F2" [bi_lstm/src/rnn.cpp:306]   --->   Operation 38 'add' 'tmp_8_i_i' <Predicate = (!exitcond & !tmp_5_i_i)> <Delay = 1.54> <Core = "AddSub">   --->   Core 14 'AddSub' <Latency = 0> <II = 1> <Delay = 1.54> <FuncUnit> <Opcode : 'add' 'sub'> <InPorts = 2> <OutPorts = 1>
ST_4 : Operation 39 [1/1] (1.54ns)   --->   "%tmp_9_i_i = sub i12 11, %F2" [bi_lstm/src/rnn.cpp:306]   --->   Operation 39 'sub' 'tmp_9_i_i' <Predicate = (!exitcond & !tmp_5_i_i)> <Delay = 1.54> <Core = "AddSub">   --->   Core 14 'AddSub' <Latency = 0> <II = 1> <Delay = 1.54> <FuncUnit> <Opcode : 'add' 'sub'> <InPorts = 2> <OutPorts = 1>
ST_4 : Operation 40 [1/1] (0.59ns)   --->   "%sh_amt = select i1 %tmp_7_i_i, i12 %tmp_8_i_i, i12 %tmp_9_i_i" [bi_lstm/src/rnn.cpp:306]   --->   Operation 40 'select' 'sh_amt' <Predicate = (!exitcond & !tmp_5_i_i)> <Delay = 0.59> <Core = "Sel">   --->   Core 26 'Sel' <Latency = 0> <II = 1> <Delay = 0.62> <FuncUnit> <Opcode : 'select'> <InPorts = 3> <OutPorts = 1>
ST_4 : Operation 41 [1/1] (1.82ns)   --->   "%tmp_10_i_i = icmp eq i12 %F2, 11" [bi_lstm/src/rnn.cpp:306]   --->   Operation 41 'icmp' 'tmp_10_i_i' <Predicate = (!exitcond & !tmp_5_i_i)> <Delay = 1.82> <Core = "Cmp">   --->   Core 25 'Cmp' <Latency = 0> <II = 1> <Delay = 1.31> <FuncUnit> <Opcode : 'icmp'> <InPorts = 2> <OutPorts = 1>
ST_4 : Operation 42 [1/1] (0.00ns)   --->   "%tmp_123 = trunc i54 %man_V_2 to i16" [bi_lstm/src/rnn.cpp:306]   --->   Operation 42 'trunc' 'tmp_123' <Predicate = (!exitcond & !tmp_5_i_i)> <Delay = 0.00>
ST_4 : Operation 43 [1/1] (0.00ns)   --->   "%tmp_124 = call i8 @_ssdm_op_PartSelect.i8.i12.i32.i32(i12 %sh_amt, i32 4, i32 11)" [bi_lstm/src/rnn.cpp:306]   --->   Operation 43 'partselect' 'tmp_124' <Predicate = (!exitcond & !tmp_5_i_i)> <Delay = 0.00>
ST_4 : Operation 44 [1/1] (0.00ns)   --->   "%ireg_V_to_int_i_i = bitcast float %input_load to i32" [bi_lstm/src/rnn.cpp:306]   --->   Operation 44 'bitcast' 'ireg_V_to_int_i_i' <Predicate = (!exitcond & !tmp_5_i_i)> <Delay = 0.00>
ST_4 : Operation 45 [1/1] (0.00ns)   --->   "%tmp_126 = call i1 @_ssdm_op_BitSelect.i1.i32.i32(i32 %ireg_V_to_int_i_i, i32 31)" [bi_lstm/src/rnn.cpp:306]   --->   Operation 45 'bitselect' 'tmp_126' <Predicate = (!exitcond & !tmp_5_i_i)> <Delay = 0.00>
ST_4 : Operation 46 [1/1] (1.82ns)   --->   "%sel_tmp12 = icmp slt i12 %F2, 11" [bi_lstm/src/rnn.cpp:306]   --->   Operation 46 'icmp' 'sel_tmp12' <Predicate = (!exitcond & !tmp_5_i_i)> <Delay = 1.82> <Core = "Cmp">   --->   Core 25 'Cmp' <Latency = 0> <II = 1> <Delay = 1.31> <FuncUnit> <Opcode : 'icmp'> <InPorts = 2> <OutPorts = 1>
ST_4 : Operation 47 [1/1] (1.08ns)   --->   "br i1 %tmp_10_i_i, label %ap_fixed_base.exit406.i.i, label %3" [bi_lstm/src/rnn.cpp:307]   --->   Operation 47 'br' <Predicate = (!exitcond & !tmp_5_i_i)> <Delay = 1.08>
ST_4 : Operation 48 [1/1] (0.00ns)   --->   "%input_f_V_addr = getelementptr [3900 x i16]* %input_f_V, i64 0, i64 %tmp_2_i_i" [bi_lstm/src/rnn.cpp:306]   --->   Operation 48 'getelementptr' 'input_f_V_addr' <Predicate = (!exitcond & tmp_5_i_i)> <Delay = 0.00>
ST_4 : Operation 49 [1/1] (2.77ns)   --->   "store i16 0, i16* %input_f_V_addr, align 2" [bi_lstm/src/rnn.cpp:306]   --->   Operation 49 'store' <Predicate = (!exitcond & tmp_5_i_i)> <Delay = 2.77> <Core = "RAM">   --->   Core 37 'RAM' <Latency = 1> <II = 1> <Delay = 2.77> <Storage> <Opcode : 'load' 'store'> <Ports = 2> <Width = 16> <Depth = 3900> <RAM>
ST_4 : Operation 50 [1/1] (1.08ns)   --->   "br label %ap_fixed_base.exit406.i.i" [bi_lstm/src/rnn.cpp:307]   --->   Operation 50 'br' <Predicate = (!exitcond & tmp_5_i_i)> <Delay = 1.08>

State 5 <SV = 4> <Delay = 8.05>
ST_5 : Operation 51 [1/1] (0.00ns)   --->   "%tmp_69_i_i = call i32 (...)* @_ssdm_op_SpecRegionBegin([13 x i8]* @p_str43)" [bi_lstm/src/rnn.cpp:304]   --->   Operation 51 'specregionbegin' 'tmp_69_i_i' <Predicate = (!exitcond)> <Delay = 0.00>
ST_5 : Operation 52 [1/1] (0.00ns)   --->   "call void (...)* @_ssdm_op_SpecPipeline(i32 1, i32 1, i32 1, i32 0, [1 x i8]* @p_str22) nounwind" [bi_lstm/src/rnn.cpp:305]   --->   Operation 52 'specpipeline' <Predicate = (!exitcond)> <Delay = 0.00>
ST_5 : Operation 53 [1/1] (0.00ns)   --->   "%sh_amt_cast_i_i = sext i12 %sh_amt to i32" [bi_lstm/src/rnn.cpp:306]   --->   Operation 53 'sext' 'sh_amt_cast_i_i' <Predicate = (!exitcond & !tmp_5_i_i)> <Delay = 0.00>
ST_5 : Operation 54 [1/1] (0.00ns)   --->   "%sh_amt_cast1309_i_i = sext i12 %sh_amt to i16" [bi_lstm/src/rnn.cpp:306]   --->   Operation 54 'sext' 'sh_amt_cast1309_i_i' <Predicate = (!exitcond & !tmp_5_i_i)> <Delay = 0.00>
ST_5 : Operation 55 [1/1] (1.82ns)   --->   "%tmp_13_i_i = icmp ult i12 %sh_amt, 54" [bi_lstm/src/rnn.cpp:306]   --->   Operation 55 'icmp' 'tmp_13_i_i' <Predicate = (!exitcond & !tmp_5_i_i)> <Delay = 1.82> <Core = "Cmp">   --->   Core 25 'Cmp' <Latency = 0> <II = 1> <Delay = 1.31> <FuncUnit> <Opcode : 'icmp'> <InPorts = 2> <OutPorts = 1>
ST_5 : Operation 56 [1/1] (1.31ns)   --->   "%icmp = icmp eq i8 %tmp_124, 0" [bi_lstm/src/rnn.cpp:306]   --->   Operation 56 'icmp' 'icmp' <Predicate = (!exitcond & !tmp_5_i_i)> <Delay = 1.31> <Core = "Cmp">   --->   Core 25 'Cmp' <Latency = 0> <II = 1> <Delay = 1.31> <FuncUnit> <Opcode : 'icmp'> <InPorts = 2> <OutPorts = 1>
ST_5 : Operation 57 [1/1] (0.00ns)   --->   "%tmp_19_i_i = zext i32 %sh_amt_cast_i_i to i54" [bi_lstm/src/rnn.cpp:306]   --->   Operation 57 'zext' 'tmp_19_i_i' <Predicate = (!exitcond & !tmp_5_i_i)> <Delay = 0.00>
ST_5 : Operation 58 [1/1] (3.56ns)   --->   "%tmp_20_i_i = ashr i54 %man_V_2, %tmp_19_i_i" [bi_lstm/src/rnn.cpp:306]   --->   Operation 58 'ashr' 'tmp_20_i_i' <Predicate = (!exitcond & !tmp_5_i_i)> <Delay = 3.56> <Core = "Shift">   --->   Core 28 'Shift' <Latency = 0> <II = 1> <Delay = 3.12> <FuncUnit> <Opcode : 'shl' 'lshr' 'ashr'> <InPorts = 2> <OutPorts = 1>
ST_5 : Operation 59 [1/1] (0.00ns)   --->   "%tmp_125 = trunc i54 %tmp_20_i_i to i16" [bi_lstm/src/rnn.cpp:306]   --->   Operation 59 'trunc' 'tmp_125' <Predicate = (!exitcond & !tmp_5_i_i)> <Delay = 0.00>
ST_5 : Operation 60 [1/1] (0.81ns)   --->   "%tmp_22_i_i = select i1 %tmp_126, i16 -1, i16 0" [bi_lstm/src/rnn.cpp:306]   --->   Operation 60 'select' 'tmp_22_i_i' <Predicate = (!exitcond & !tmp_5_i_i)> <Delay = 0.81> <Core = "Sel">   --->   Core 26 'Sel' <Latency = 0> <II = 1> <Delay = 0.62> <FuncUnit> <Opcode : 'select'> <InPorts = 3> <OutPorts = 1>
ST_5 : Operation 61 [1/1] (3.12ns)   --->   "%tmp_24_i_i = shl i16 %tmp_123, %sh_amt_cast1309_i_i" [bi_lstm/src/rnn.cpp:306]   --->   Operation 61 'shl' 'tmp_24_i_i' <Predicate = (!exitcond & !tmp_5_i_i)> <Delay = 3.12> <Core = "Shift">   --->   Core 28 'Shift' <Latency = 0> <II = 1> <Delay = 3.12> <FuncUnit> <Opcode : 'shl' 'lshr' 'ashr'> <InPorts = 2> <OutPorts = 1>
ST_5 : Operation 62 [1/1] (0.00ns) (grouped into LUT with out node sel_tmp2)   --->   "%sel_tmp1 = xor i1 %tmp_10_i_i, true" [bi_lstm/src/rnn.cpp:306]   --->   Operation 62 'xor' 'sel_tmp1' <Predicate = (!exitcond & !tmp_5_i_i)> <Delay = 0.00> <Core = "LogicGate">   --->   Core 27 'LogicGate' <Latency = 0> <II = 1> <Delay = 0.80> <FuncUnit> <Opcode : 'and' 'or' 'xor'> <InPorts = 2> <OutPorts = 1>
ST_5 : Operation 63 [1/1] (0.80ns) (out node of the LUT)   --->   "%sel_tmp2 = and i1 %tmp_7_i_i, %sel_tmp1" [bi_lstm/src/rnn.cpp:306]   --->   Operation 63 'and' 'sel_tmp2' <Predicate = (!exitcond & !tmp_5_i_i)> <Delay = 0.80> <Core = "LogicGate">   --->   Core 27 'LogicGate' <Latency = 0> <II = 1> <Delay = 0.80> <FuncUnit> <Opcode : 'and' 'or' 'xor'> <InPorts = 2> <OutPorts = 1>
ST_5 : Operation 64 [1/1] (0.00ns) (grouped into LUT with out node sel_tmp4)   --->   "%sel_tmp3 = xor i1 %tmp_13_i_i, true" [bi_lstm/src/rnn.cpp:306]   --->   Operation 64 'xor' 'sel_tmp3' <Predicate = (!exitcond & !tmp_5_i_i)> <Delay = 0.00> <Core = "LogicGate">   --->   Core 27 'LogicGate' <Latency = 0> <II = 1> <Delay = 0.80> <FuncUnit> <Opcode : 'and' 'or' 'xor'> <InPorts = 2> <OutPorts = 1>
ST_5 : Operation 65 [1/1] (0.80ns) (out node of the LUT)   --->   "%sel_tmp4 = and i1 %sel_tmp2, %sel_tmp3" [bi_lstm/src/rnn.cpp:306]   --->   Operation 65 'and' 'sel_tmp4' <Predicate = (!exitcond & !tmp_5_i_i)> <Delay = 0.80> <Core = "LogicGate">   --->   Core 27 'LogicGate' <Latency = 0> <II = 1> <Delay = 0.80> <FuncUnit> <Opcode : 'and' 'or' 'xor'> <InPorts = 2> <OutPorts = 1>
ST_5 : Operation 66 [1/1] (0.00ns) (grouped into LUT with out node or_cond)   --->   "%sel_tmp8 = and i1 %sel_tmp2, %tmp_13_i_i" [bi_lstm/src/rnn.cpp:306]   --->   Operation 66 'and' 'sel_tmp8' <Predicate = (!exitcond & !tmp_5_i_i)> <Delay = 0.00> <Core = "LogicGate">   --->   Core 27 'LogicGate' <Latency = 0> <II = 1> <Delay = 0.80> <FuncUnit> <Opcode : 'and' 'or' 'xor'> <InPorts = 2> <OutPorts = 1>
ST_5 : Operation 67 [1/1] (0.80ns)   --->   "%sel_tmp13 = and i1 %sel_tmp12, %icmp" [bi_lstm/src/rnn.cpp:306]   --->   Operation 67 'and' 'sel_tmp13' <Predicate = (!exitcond & !tmp_5_i_i)> <Delay = 0.80> <Core = "LogicGate">   --->   Core 27 'LogicGate' <Latency = 0> <II = 1> <Delay = 0.80> <FuncUnit> <Opcode : 'and' 'or' 'xor'> <InPorts = 2> <OutPorts = 1>
ST_5 : Operation 68 [1/1] (0.00ns) (grouped into LUT with out node newSel3)   --->   "%newSel = select i1 %sel_tmp13, i16 %tmp_24_i_i, i16 %tmp_125" [bi_lstm/src/rnn.cpp:306]   --->   Operation 68 'select' 'newSel' <Predicate = (!exitcond & !tmp_5_i_i)> <Delay = 0.00> <Core = "Sel">   --->   Core 26 'Sel' <Latency = 0> <II = 1> <Delay = 0.62> <FuncUnit> <Opcode : 'select'> <InPorts = 3> <OutPorts = 1>
ST_5 : Operation 69 [1/1] (0.80ns) (out node of the LUT)   --->   "%or_cond = or i1 %sel_tmp13, %sel_tmp8" [bi_lstm/src/rnn.cpp:306]   --->   Operation 69 'or' 'or_cond' <Predicate = (!exitcond & !tmp_5_i_i)> <Delay = 0.80> <Core = "LogicGate">   --->   Core 27 'LogicGate' <Latency = 0> <II = 1> <Delay = 0.80> <FuncUnit> <Opcode : 'and' 'or' 'xor'> <InPorts = 2> <OutPorts = 1>
ST_5 : Operation 70 [1/1] (0.62ns) (out node of the LUT)   --->   "%newSel1 = select i1 %sel_tmp4, i16 %tmp_22_i_i, i16 %tmp_123" [bi_lstm/src/rnn.cpp:306]   --->   Operation 70 'select' 'newSel1' <Predicate = (!exitcond & !tmp_5_i_i)> <Delay = 0.62> <Core = "Sel">   --->   Core 26 'Sel' <Latency = 0> <II = 1> <Delay = 0.62> <FuncUnit> <Opcode : 'select'> <InPorts = 3> <OutPorts = 1>
ST_5 : Operation 71 [1/1] (0.00ns) (grouped into LUT with out node newSel5)   --->   "%or_cond2 = or i1 %sel_tmp4, %tmp_10_i_i" [bi_lstm/src/rnn.cpp:306]   --->   Operation 71 'or' 'or_cond2' <Predicate = (!exitcond & !tmp_5_i_i)> <Delay = 0.00> <Core = "LogicGate">   --->   Core 27 'LogicGate' <Latency = 0> <II = 1> <Delay = 0.80> <FuncUnit> <Opcode : 'and' 'or' 'xor'> <InPorts = 2> <OutPorts = 1>
ST_5 : Operation 72 [1/1] (0.62ns) (out node of the LUT)   --->   "%newSel3 = select i1 %or_cond, i16 %newSel, i16 %newSel1" [bi_lstm/src/rnn.cpp:306]   --->   Operation 72 'select' 'newSel3' <Predicate = (!exitcond & !tmp_5_i_i)> <Delay = 0.62> <Core = "Sel">   --->   Core 26 'Sel' <Latency = 0> <II = 1> <Delay = 0.62> <FuncUnit> <Opcode : 'select'> <InPorts = 3> <OutPorts = 1>
ST_5 : Operation 73 [1/1] (0.00ns) (grouped into LUT with out node newSel5)   --->   "%or_cond4 = or i1 %or_cond, %or_cond2" [bi_lstm/src/rnn.cpp:306]   --->   Operation 73 'or' 'or_cond4' <Predicate = (!exitcond & !tmp_5_i_i)> <Delay = 0.00> <Core = "LogicGate">   --->   Core 27 'LogicGate' <Latency = 0> <II = 1> <Delay = 0.80> <FuncUnit> <Opcode : 'and' 'or' 'xor'> <InPorts = 2> <OutPorts = 1>
ST_5 : Operation 74 [1/1] (0.80ns) (out node of the LUT)   --->   "%newSel5 = select i1 %or_cond4, i16 %newSel3, i16 0" [bi_lstm/src/rnn.cpp:306]   --->   Operation 74 'select' 'newSel5' <Predicate = (!exitcond & !tmp_5_i_i)> <Delay = 0.80> <Core = "Sel">   --->   Core 26 'Sel' <Latency = 0> <II = 1> <Delay = 0.62> <FuncUnit> <Opcode : 'select'> <InPorts = 3> <OutPorts = 1>
ST_5 : Operation 75 [1/1] (0.00ns)   --->   "%input_f_V_addr_1 = getelementptr [3900 x i16]* %input_f_V, i64 0, i64 %tmp_2_i_i" [bi_lstm/src/rnn.cpp:306]   --->   Operation 75 'getelementptr' 'input_f_V_addr_1' <Predicate = (!exitcond & !tmp_5_i_i)> <Delay = 0.00>
ST_5 : Operation 76 [1/1] (2.77ns)   --->   "store i16 %newSel5, i16* %input_f_V_addr_1, align 2" [bi_lstm/src/rnn.cpp:306]   --->   Operation 76 'store' <Predicate = (!exitcond & !tmp_5_i_i)> <Delay = 2.77> <Core = "RAM">   --->   Core 37 'RAM' <Latency = 1> <II = 1> <Delay = 2.77> <Storage> <Opcode : 'load' 'store'> <Ports = 2> <Width = 16> <Depth = 3900> <RAM>
ST_5 : Operation 77 [1/1] (0.00ns)   --->   "br i1 %tmp_7_i_i, label %2, label %4" [bi_lstm/src/rnn.cpp:307]   --->   Operation 77 'br' <Predicate = (!tmp_5_i_i & !tmp_10_i_i)> <Delay = 0.00>
ST_5 : Operation 78 [1/1] (0.62ns)   --->   "%tmp_24_i_i_s = select i1 %icmp, i16 %tmp_24_i_i, i16 0" [bi_lstm/src/rnn.cpp:307]   --->   Operation 78 'select' 'tmp_24_i_i_s' <Predicate = (!exitcond & !tmp_5_i_i & !tmp_10_i_i & !tmp_7_i_i)> <Delay = 0.62> <Core = "Sel">   --->   Core 26 'Sel' <Latency = 0> <II = 1> <Delay = 0.62> <FuncUnit> <Opcode : 'select'> <InPorts = 3> <OutPorts = 1>
ST_5 : Operation 79 [1/1] (1.08ns)   --->   "br label %ap_fixed_base.exit406.i.i" [bi_lstm/src/rnn.cpp:307]   --->   Operation 79 'br' <Predicate = (!exitcond & !tmp_5_i_i & !tmp_10_i_i & !tmp_7_i_i)> <Delay = 1.08>
ST_5 : Operation 80 [1/1] (0.62ns)   --->   "%tmp_21_i_i_tmp_22_i_s = select i1 %tmp_13_i_i, i16 %tmp_125, i16 %tmp_22_i_i" [bi_lstm/src/rnn.cpp:307]   --->   Operation 80 'select' 'tmp_21_i_i_tmp_22_i_s' <Predicate = (!exitcond & !tmp_5_i_i & !tmp_10_i_i & tmp_7_i_i)> <Delay = 0.62> <Core = "Sel">   --->   Core 26 'Sel' <Latency = 0> <II = 1> <Delay = 0.62> <FuncUnit> <Opcode : 'select'> <InPorts = 3> <OutPorts = 1>
ST_5 : Operation 81 [1/1] (1.08ns)   --->   "br label %ap_fixed_base.exit406.i.i" [bi_lstm/src/rnn.cpp:307]   --->   Operation 81 'br' <Predicate = (!exitcond & !tmp_5_i_i & !tmp_10_i_i & tmp_7_i_i)> <Delay = 1.08>
ST_5 : Operation 82 [1/1] (0.00ns)   --->   "%storemerge1_i_i = phi i16 [ 0, %.critedge.i.i ], [ %tmp_123, %_ifconv ], [ %tmp_21_i_i_tmp_22_i_s, %2 ], [ %tmp_24_i_i_s, %4 ]" [bi_lstm/src/rnn.cpp:306]   --->   Operation 82 'phi' 'storemerge1_i_i' <Predicate = (!exitcond)> <Delay = 0.00>
ST_5 : Operation 83 [1/1] (0.00ns)   --->   "%input_b_V_addr = getelementptr [3900 x i16]* %input_b_V, i64 0, i64 %tmp_2_i_i" [bi_lstm/src/rnn.cpp:307]   --->   Operation 83 'getelementptr' 'input_b_V_addr' <Predicate = (!exitcond)> <Delay = 0.00>
ST_5 : Operation 84 [1/1] (2.77ns)   --->   "store i16 %storemerge1_i_i, i16* %input_b_V_addr, align 2" [bi_lstm/src/rnn.cpp:307]   --->   Operation 84 'store' <Predicate = (!exitcond)> <Delay = 2.77> <Core = "RAM">   --->   Core 37 'RAM' <Latency = 1> <II = 1> <Delay = 2.77> <Storage> <Opcode : 'load' 'store'> <Ports = 2> <Width = 16> <Depth = 3900> <RAM>
ST_5 : Operation 85 [1/1] (0.00ns)   --->   "%empty_51 = call i32 (...)* @_ssdm_op_SpecRegionEnd([13 x i8]* @p_str43, i32 %tmp_69_i_i)" [bi_lstm/src/rnn.cpp:308]   --->   Operation 85 'specregionend' 'empty_51' <Predicate = (!exitcond)> <Delay = 0.00>
ST_5 : Operation 86 [1/1] (0.00ns)   --->   "br label %0" [bi_lstm/src/rnn.cpp:304]   --->   Operation 86 'br' <Predicate = (!exitcond)> <Delay = 0.00>

State 6 <SV = 2> <Delay = 0.00>
ST_6 : Operation 87 [1/1] (0.00ns)   --->   "ret void"   --->   Operation 87 'ret' <Predicate = true> <Delay = 0.00>


============================================================
+ Verbose Summary: Binding
============================================================
STG Binding: 
---------------- STG Properties BEGIN ----------------
- Is combinational: 0
- Is one-state seq: 0
- Is datapath-only: 0
- Is pipelined: 0
- Is top level: 0
Port [ Return ] is wired: 1; IO mode=ap_ctrl_hs:ce=0
Port [ p_read]:  wired=1; compound=0; hidden=0; nouse=0; global=0; static=0; extern=0; dir=0; type=0; pingpong=0; private_global=0; IO mode=ap_none:ce=0
Port [ input_b_V]:  wired=1; compound=1; hidden=0; nouse=0; global=0; static=0; extern=0; dir=1; type=1; pingpong=1; private_global=0; MemPort=[03]; IO mode=ap_memory:ce=0
Port [ input_f_V]:  wired=1; compound=1; hidden=0; nouse=0; global=0; static=0; extern=0; dir=1; type=1; pingpong=1; private_global=0; MemPort=[00]; IO mode=ap_memory:ce=0
Port [ input_r]:  wired=1; compound=1; hidden=0; nouse=0; global=0; static=0; extern=0; dir=0; type=1; pingpong=1; private_global=0; MemPort=[13]; IO mode=ap_memory:ce=0
Port [ valid_len_out]:  wired=1; compound=1; hidden=0; nouse=0; global=0; static=0; extern=0; dir=1; type=3; pingpong=0; private_global=0; IO mode=ap_fifo:ce=0
---------------- STG Properties END ------------------

---------------- Datapath Model BEGIN ----------------

<LifeTime>
<method=bitvector/>
StgValue_7            (specinterface    ) [ 0000000]
StgValue_8            (specinterface    ) [ 0000000]
p_read_1              (read             ) [ 0000000]
StgValue_10           (write            ) [ 0000000]
tmp                   (zext             ) [ 0000000]
tmp_8                 (mul              ) [ 0011110]
StgValue_13           (br               ) [ 0111110]
i_i_i                 (phi              ) [ 0010000]
empty                 (speclooptripcount) [ 0000000]
exitcond              (icmp             ) [ 0011110]
i                     (add              ) [ 0111110]
StgValue_18           (br               ) [ 0000000]
tmp_2_i_i             (zext             ) [ 0011110]
input_addr            (getelementptr    ) [ 0011000]
input_load            (load             ) [ 0010100]
d_assign              (fpext            ) [ 0000000]
ireg_V                (bitcast          ) [ 0000000]
tmp_120               (trunc            ) [ 0000000]
p_Result_s            (bitselect        ) [ 0000000]
exp_tmp_V             (partselect       ) [ 0000000]
tmp_3_i_i             (zext             ) [ 0000000]
tmp_122               (trunc            ) [ 0000000]
tmp_70_i_i            (bitconcatenate   ) [ 0000000]
p_Result_1            (zext             ) [ 0000000]
man_V_1               (sub              ) [ 0000000]
man_V_2               (select           ) [ 0010010]
tmp_5_i_i             (icmp             ) [ 0011110]
StgValue_35           (br               ) [ 0000000]
F2                    (sub              ) [ 0000000]
tmp_7_i_i             (icmp             ) [ 0010010]
tmp_8_i_i             (add              ) [ 0000000]
tmp_9_i_i             (sub              ) [ 0000000]
sh_amt                (select           ) [ 0010010]
tmp_10_i_i            (icmp             ) [ 0011110]
tmp_123               (trunc            ) [ 0011110]
tmp_124               (partselect       ) [ 0010010]
ireg_V_to_int_i_i     (bitcast          ) [ 0000000]
tmp_126               (bitselect        ) [ 0010010]
sel_tmp12             (icmp             ) [ 0010010]
StgValue_47           (br               ) [ 0011110]
input_f_V_addr        (getelementptr    ) [ 0000000]
StgValue_49           (store            ) [ 0000000]
StgValue_50           (br               ) [ 0011110]
tmp_69_i_i            (specregionbegin  ) [ 0000000]
StgValue_52           (specpipeline     ) [ 0000000]
sh_amt_cast_i_i       (sext             ) [ 0000000]
sh_amt_cast1309_i_i   (sext             ) [ 0000000]
tmp_13_i_i            (icmp             ) [ 0000000]
icmp                  (icmp             ) [ 0000000]
tmp_19_i_i            (zext             ) [ 0000000]
tmp_20_i_i            (ashr             ) [ 0000000]
tmp_125               (trunc            ) [ 0000000]
tmp_22_i_i            (select           ) [ 0000000]
tmp_24_i_i            (shl              ) [ 0000000]
sel_tmp1              (xor              ) [ 0000000]
sel_tmp2              (and              ) [ 0000000]
sel_tmp3              (xor              ) [ 0000000]
sel_tmp4              (and              ) [ 0000000]
sel_tmp8              (and              ) [ 0000000]
sel_tmp13             (and              ) [ 0000000]
newSel                (select           ) [ 0000000]
or_cond               (or               ) [ 0000000]
newSel1               (select           ) [ 0000000]
or_cond2              (or               ) [ 0000000]
newSel3               (select           ) [ 0000000]
or_cond4              (or               ) [ 0000000]
newSel5               (select           ) [ 0000000]
input_f_V_addr_1      (getelementptr    ) [ 0000000]
StgValue_76           (store            ) [ 0000000]
StgValue_77           (br               ) [ 0000000]
tmp_24_i_i_s          (select           ) [ 0000000]
StgValue_79           (br               ) [ 0000000]
tmp_21_i_i_tmp_22_i_s (select           ) [ 0000000]
StgValue_81           (br               ) [ 0000000]
storemerge1_i_i       (phi              ) [ 0010010]
input_b_V_addr        (getelementptr    ) [ 0000000]
StgValue_84           (store            ) [ 0000000]
empty_51              (specregionend    ) [ 0000000]
StgValue_86           (br               ) [ 0111110]
StgValue_87           (ret              ) [ 0000000]
</LifeTime>

<model>

<comp_list>
<comp id="0" class="1000" name="p_read">
<pin_list>
<pin id="1" dir="1" index="0" bw="1" slack="0"/>
</pin_list>
<bind>
<StgValue><ssdm name="p_read"/></StgValue>
</bind>
</comp>

<comp id="2" class="1000" name="input_b_V">
<pin_list>
<pin id="3" dir="1" index="0" bw="1" slack="0"/>
</pin_list>
<bind>
<StgValue><ssdm name="input_b_V"/><MemPortTyVec>0 3 </MemPortTyVec>
</StgValue>
</bind>
</comp>

<comp id="4" class="1000" name="input_f_V">
<pin_list>
<pin id="5" dir="1" index="0" bw="1" slack="0"/>
</pin_list>
<bind>
<StgValue><ssdm name="input_f_V"/><MemPortTyVec>0 0 </MemPortTyVec>
</StgValue>
</bind>
</comp>

<comp id="6" class="1000" name="input_r">
<pin_list>
<pin id="7" dir="1" index="0" bw="1" slack="0"/>
</pin_list>
<bind>
<StgValue><ssdm name="input_r"/><MemPortTyVec>1 3 </MemPortTyVec>
</StgValue>
</bind>
</comp>

<comp id="8" class="1000" name="valid_len_out">
<pin_list>
<pin id="9" dir="1" index="0" bw="1" slack="0"/>
</pin_list>
<bind>
<StgValue><ssdm name="valid_len_out"/></StgValue>
</bind>
</comp>

<comp id="10" class="1001" name="const_10">
<pin_list>
<pin id="11" dir="1" index="0" bw="1" slack="2147483647"/>
</pin_list>
<bind>
<StgValue><ssdm name="_ssdm_op_SpecInterface"/></StgValue>
</bind>
</comp>

<comp id="12" class="1001" name="const_12">
<pin_list>
<pin id="13" dir="1" index="0" bw="1" slack="2147483647"/>
</pin_list>
<bind>
<StgValue><ssdm name="ap_fifo_str"/></StgValue>
</bind>
</comp>

<comp id="14" class="1001" name="const_14">
<pin_list>
<pin id="15" dir="1" index="0" bw="1" slack="2147483647"/>
</pin_list>
<bind>
<StgValue><ssdm name=""/></StgValue>
</bind>
</comp>

<comp id="16" class="1001" name="const_16">
<pin_list>
<pin id="17" dir="1" index="0" bw="1" slack="2147483647"/>
</pin_list>
<bind>
<StgValue><ssdm name="p_str"/></StgValue>
</bind>
</comp>

<comp id="18" class="1001" name="const_18">
<pin_list>
<pin id="19" dir="1" index="0" bw="1" slack="2147483647"/>
</pin_list>
<bind>
<StgValue><ssdm name=""/></StgValue>
</bind>
</comp>

<comp id="20" class="1001" name="const_20">
<pin_list>
<pin id="21" dir="1" index="0" bw="1" slack="2147483647"/>
</pin_list>
<bind>
<StgValue><ssdm name=""/></StgValue>
</bind>
</comp>

<comp id="22" class="1001" name="const_22">
<pin_list>
<pin id="23" dir="1" index="0" bw="1" slack="2147483647"/>
</pin_list>
<bind>
<StgValue><ssdm name="ScalarProp_str"/></StgValue>
</bind>
</comp>

<comp id="24" class="1001" name="const_24">
<pin_list>
<pin id="25" dir="1" index="0" bw="1" slack="0"/>
</pin_list>
<bind>
<StgValue><ssdm name="_ssdm_op_Read.ap_auto.i7"/></StgValue>
</bind>
</comp>

<comp id="26" class="1001" name="const_26">
<pin_list>
<pin id="27" dir="1" index="0" bw="1" slack="0"/>
</pin_list>
<bind>
<StgValue><ssdm name="_ssdm_op_Write.ap_fifo.i7P"/></StgValue>
</bind>
</comp>

<comp id="28" class="1001" name="const_28">
<pin_list>
<pin id="29" dir="1" index="0" bw="1" slack="0"/>
</pin_list>
<bind>
<StgValue><ssdm name=""/></StgValue>
</bind>
</comp>

<comp id="30" class="1001" name="const_30">
<pin_list>
<pin id="31" dir="1" index="0" bw="1" slack="1"/>
</pin_list>
<bind>
<StgValue><ssdm name=""/></StgValue>
</bind>
</comp>

<comp id="32" class="1001" name="const_32">
<pin_list>
<pin id="33" dir="1" index="0" bw="1" slack="2147483647"/>
</pin_list>
<bind>
<StgValue><ssdm name="_ssdm_op_SpecLoopTripCount"/></StgValue>
</bind>
</comp>

<comp id="34" class="1001" name="const_34">
<pin_list>
<pin id="35" dir="1" index="0" bw="1" slack="0"/>
</pin_list>
<bind>
<StgValue><ssdm name=""/></StgValue>
</bind>
</comp>

<comp id="36" class="1001" name="const_36">
<pin_list>
<pin id="37" dir="1" index="0" bw="1" slack="2147483647"/>
</pin_list>
<bind>
<StgValue><ssdm name=""/></StgValue>
</bind>
</comp>

<comp id="38" class="1001" name="const_38">
<pin_list>
<pin id="39" dir="1" index="0" bw="1" slack="0"/>
</pin_list>
<bind>
<StgValue><ssdm name=""/></StgValue>
</bind>
</comp>

<comp id="40" class="1001" name="const_40">
<pin_list>
<pin id="41" dir="1" index="0" bw="1" slack="0"/>
</pin_list>
<bind>
<StgValue><ssdm name="_ssdm_op_BitSelect.i1.i64.i32"/></StgValue>
</bind>
</comp>

<comp id="42" class="1001" name="const_42">
<pin_list>
<pin id="43" dir="1" index="0" bw="1" slack="0"/>
</pin_list>
<bind>
<StgValue><ssdm name=""/></StgValue>
</bind>
</comp>

<comp id="44" class="1001" name="const_44">
<pin_list>
<pin id="45" dir="1" index="0" bw="1" slack="0"/>
</pin_list>
<bind>
<StgValue><ssdm name="_ssdm_op_PartSelect.i11.i64.i32.i32"/></StgValue>
</bind>
</comp>

<comp id="46" class="1001" name="const_46">
<pin_list>
<pin id="47" dir="1" index="0" bw="1" slack="0"/>
</pin_list>
<bind>
<StgValue><ssdm name=""/></StgValue>
</bind>
</comp>

<comp id="48" class="1001" name="const_48">
<pin_list>
<pin id="49" dir="1" index="0" bw="1" slack="0"/>
</pin_list>
<bind>
<StgValue><ssdm name=""/></StgValue>
</bind>
</comp>

<comp id="50" class="1001" name="const_50">
<pin_list>
<pin id="51" dir="1" index="0" bw="1" slack="0"/>
</pin_list>
<bind>
<StgValue><ssdm name="_ssdm_op_BitConcatenate.i53.i1.i52"/></StgValue>
</bind>
</comp>

<comp id="52" class="1001" name="const_52">
<pin_list>
<pin id="53" dir="1" index="0" bw="1" slack="0"/>
</pin_list>
<bind>
<StgValue><ssdm name=""/></StgValue>
</bind>
</comp>

<comp id="54" class="1001" name="const_54">
<pin_list>
<pin id="55" dir="1" index="0" bw="1" slack="0"/>
</pin_list>
<bind>
<StgValue><ssdm name=""/></StgValue>
</bind>
</comp>

<comp id="56" class="1001" name="const_56">
<pin_list>
<pin id="57" dir="1" index="0" bw="1" slack="0"/>
</pin_list>
<bind>
<StgValue><ssdm name=""/></StgValue>
</bind>
</comp>

<comp id="58" class="1001" name="const_58">
<pin_list>
<pin id="59" dir="1" index="0" bw="1" slack="0"/>
</pin_list>
<bind>
<StgValue><ssdm name=""/></StgValue>
</bind>
</comp>

<comp id="60" class="1001" name="const_60">
<pin_list>
<pin id="61" dir="1" index="0" bw="1" slack="0"/>
</pin_list>
<bind>
<StgValue><ssdm name=""/></StgValue>
</bind>
</comp>

<comp id="62" class="1001" name="const_62">
<pin_list>
<pin id="63" dir="1" index="0" bw="1" slack="0"/>
</pin_list>
<bind>
<StgValue><ssdm name=""/></StgValue>
</bind>
</comp>

<comp id="64" class="1001" name="const_64">
<pin_list>
<pin id="65" dir="1" index="0" bw="1" slack="0"/>
</pin_list>
<bind>
<StgValue><ssdm name="_ssdm_op_PartSelect.i8.i12.i32.i32"/></StgValue>
</bind>
</comp>

<comp id="66" class="1001" name="const_66">
<pin_list>
<pin id="67" dir="1" index="0" bw="1" slack="0"/>
</pin_list>
<bind>
<StgValue><ssdm name=""/></StgValue>
</bind>
</comp>

<comp id="68" class="1001" name="const_68">
<pin_list>
<pin id="69" dir="1" index="0" bw="1" slack="0"/>
</pin_list>
<bind>
<StgValue><ssdm name=""/></StgValue>
</bind>
</comp>

<comp id="70" class="1001" name="const_70">
<pin_list>
<pin id="71" dir="1" index="0" bw="1" slack="0"/>
</pin_list>
<bind>
<StgValue><ssdm name="_ssdm_op_BitSelect.i1.i32.i32"/></StgValue>
</bind>
</comp>

<comp id="72" class="1001" name="const_72">
<pin_list>
<pin id="73" dir="1" index="0" bw="1" slack="0"/>
</pin_list>
<bind>
<StgValue><ssdm name=""/></StgValue>
</bind>
</comp>

<comp id="74" class="1001" name="const_74">
<pin_list>
<pin id="75" dir="1" index="0" bw="1" slack="0"/>
</pin_list>
<bind>
<StgValue><ssdm name=""/></StgValue>
</bind>
</comp>

<comp id="76" class="1001" name="const_76">
<pin_list>
<pin id="77" dir="1" index="0" bw="1" slack="2147483647"/>
</pin_list>
<bind>
<StgValue><ssdm name="_ssdm_op_SpecRegionBegin"/></StgValue>
</bind>
</comp>

<comp id="78" class="1001" name="const_78">
<pin_list>
<pin id="79" dir="1" index="0" bw="1" slack="2147483647"/>
</pin_list>
<bind>
<StgValue><ssdm name="p_str43"/></StgValue>
</bind>
</comp>

<comp id="80" class="1001" name="const_80">
<pin_list>
<pin id="81" dir="1" index="0" bw="1" slack="2147483647"/>
</pin_list>
<bind>
<StgValue><ssdm name="_ssdm_op_SpecPipeline"/></StgValue>
</bind>
</comp>

<comp id="82" class="1001" name="const_82">
<pin_list>
<pin id="83" dir="1" index="0" bw="1" slack="2147483647"/>
</pin_list>
<bind>
<StgValue><ssdm name=""/></StgValue>
</bind>
</comp>

<comp id="84" class="1001" name="const_84">
<pin_list>
<pin id="85" dir="1" index="0" bw="1" slack="2147483647"/>
</pin_list>
<bind>
<StgValue><ssdm name="p_str22"/></StgValue>
</bind>
</comp>

<comp id="86" class="1001" name="const_86">
<pin_list>
<pin id="87" dir="1" index="0" bw="1" slack="0"/>
</pin_list>
<bind>
<StgValue><ssdm name=""/></StgValue>
</bind>
</comp>

<comp id="88" class="1001" name="const_88">
<pin_list>
<pin id="89" dir="1" index="0" bw="1" slack="0"/>
</pin_list>
<bind>
<StgValue><ssdm name=""/></StgValue>
</bind>
</comp>

<comp id="90" class="1001" name="const_90">
<pin_list>
<pin id="91" dir="1" index="0" bw="1" slack="0"/>
</pin_list>
<bind>
<StgValue><ssdm name=""/></StgValue>
</bind>
</comp>

<comp id="92" class="1001" name="const_92">
<pin_list>
<pin id="93" dir="1" index="0" bw="1" slack="2147483647"/>
</pin_list>
<bind>
<StgValue><ssdm name="_ssdm_op_SpecRegionEnd"/></StgValue>
</bind>
</comp>

<comp id="94" class="1004" name="p_read_1_read_fu_94">
<pin_list>
<pin id="95" dir="0" index="0" bw="7" slack="0"/>
<pin id="96" dir="0" index="1" bw="7" slack="0"/>
<pin id="97" dir="1" index="2" bw="7" slack="0"/>
</pin_list>
<bind>
<opcode="read(1150) " fcode="read"/>
<opset="p_read_1/1 "/>
</bind>
</comp>

<comp id="100" class="1004" name="StgValue_10_write_fu_100">
<pin_list>
<pin id="101" dir="0" index="0" bw="0" slack="0"/>
<pin id="102" dir="0" index="1" bw="7" slack="0"/>
<pin id="103" dir="0" index="2" bw="7" slack="0"/>
<pin id="104" dir="1" index="3" bw="0" slack="2147483647"/>
</pin_list>
<bind>
<opcode="write(1151) " fcode="write"/>
<opset="StgValue_10/1 "/>
</bind>
</comp>

<comp id="108" class="1004" name="input_addr_gep_fu_108">
<pin_list>
<pin id="109" dir="0" index="0" bw="32" slack="0"/>
<pin id="110" dir="0" index="1" bw="1" slack="0"/>
<pin id="111" dir="0" index="2" bw="13" slack="0"/>
<pin id="112" dir="1" index="3" bw="12" slack="0"/>
</pin_list>
<bind>
<opcode="getelementptr(29) " fcode="getelementptr"/>
<opset="input_addr/2 "/>
</bind>
</comp>

<comp id="115" class="1004" name="grp_access_fu_115">
<pin_list>
<pin id="116" dir="0" index="0" bw="12" slack="0"/>
<pin id="117" dir="0" index="1" bw="32" slack="2147483647"/>
<pin id="118" dir="0" index="2" bw="0" slack="2147483647"/>
<pin id="119" dir="1" index="3" bw="32" slack="1"/>
</pin_list>
<bind>
<opcode="load(27) " fcode="load"/>
<opset="input_load/2 "/>
</bind>
</comp>

<comp id="121" class="1004" name="input_f_V_addr_gep_fu_121">
<pin_list>
<pin id="122" dir="0" index="0" bw="16" slack="0"/>
<pin id="123" dir="0" index="1" bw="1" slack="0"/>
<pin id="124" dir="0" index="2" bw="13" slack="2"/>
<pin id="125" dir="1" index="3" bw="12" slack="0"/>
</pin_list>
<bind>
<opcode="getelementptr(29) " fcode="getelementptr"/>
<opset="input_f_V_addr/4 "/>
</bind>
</comp>

<comp id="128" class="1004" name="grp_access_fu_128">
<pin_list>
<pin id="129" dir="0" index="0" bw="12" slack="0"/>
<pin id="130" dir="0" index="1" bw="16" slack="0"/>
<pin id="131" dir="0" index="2" bw="0" slack="0"/>
<pin id="142" dir="0" index="4" bw="12" slack="0"/>
<pin id="143" dir="0" index="5" bw="16" slack="2147483647"/>
<pin id="144" dir="0" index="6" bw="0" slack="2147483647"/>
<pin id="132" dir="1" index="3" bw="16" slack="2147483647"/>
<pin id="145" dir="1" index="7" bw="16" slack="2147483647"/>
</pin_list>
<bind>
<opcode="store(28) " fcode="store"/>
<opset="StgValue_49/4 StgValue_76/5 "/>
</bind>
</comp>

<comp id="135" class="1004" name="input_f_V_addr_1_gep_fu_135">
<pin_list>
<pin id="136" dir="0" index="0" bw="16" slack="0"/>
<pin id="137" dir="0" index="1" bw="1" slack="0"/>
<pin id="138" dir="0" index="2" bw="13" slack="3"/>
<pin id="139" dir="1" index="3" bw="12" slack="0"/>
</pin_list>
<bind>
<opcode="getelementptr(29) " fcode="getelementptr"/>
<opset="input_f_V_addr_1/5 "/>
</bind>
</comp>

<comp id="147" class="1004" name="input_b_V_addr_gep_fu_147">
<pin_list>
<pin id="148" dir="0" index="0" bw="16" slack="0"/>
<pin id="149" dir="0" index="1" bw="1" slack="0"/>
<pin id="150" dir="0" index="2" bw="13" slack="3"/>
<pin id="151" dir="1" index="3" bw="12" slack="0"/>
</pin_list>
<bind>
<opcode="getelementptr(29) " fcode="getelementptr"/>
<opset="input_b_V_addr/5 "/>
</bind>
</comp>

<comp id="154" class="1004" name="StgValue_84_access_fu_154">
<pin_list>
<pin id="155" dir="0" index="0" bw="12" slack="0"/>
<pin id="156" dir="0" index="1" bw="16" slack="0"/>
<pin id="157" dir="0" index="2" bw="0" slack="2147483647"/>
<pin id="158" dir="1" index="3" bw="16" slack="2147483647"/>
</pin_list>
<bind>
<opcode="store(28) " fcode="store"/>
<opset="StgValue_84/5 "/>
</bind>
</comp>

<comp id="160" class="1005" name="i_i_i_reg_160">
<pin_list>
<pin id="161" dir="0" index="0" bw="13" slack="1"/>
<pin id="162" dir="1" index="1" bw="13" slack="1"/>
</pin_list>
<bind>
<opset="i_i_i (phireg) "/>
</bind>
</comp>

<comp id="164" class="1004" name="i_i_i_phi_fu_164">
<pin_list>
<pin id="165" dir="0" index="0" bw="1" slack="1"/>
<pin id="166" dir="0" index="1" bw="0" slack="2147483647"/>
<pin id="167" dir="0" index="2" bw="13" slack="0"/>
<pin id="168" dir="0" index="3" bw="0" slack="2147483647"/>
<pin id="169" dir="1" index="4" bw="13" slack="0"/>
</pin_list>
<bind>
<opcode="phi(47) " fcode="phi"/>
<opset="i_i_i/2 "/>
</bind>
</comp>

<comp id="171" class="1005" name="storemerge1_i_i_reg_171">
<pin_list>
<pin id="172" dir="0" index="0" bw="16" slack="1"/>
<pin id="173" dir="1" index="1" bw="16" slack="1"/>
</pin_list>
<bind>
<opset="storemerge1_i_i (phireg) "/>
</bind>
</comp>

<comp id="175" class="1004" name="storemerge1_i_i_phi_fu_175">
<pin_list>
<pin id="176" dir="0" index="0" bw="1" slack="1"/>
<pin id="177" dir="0" index="1" bw="0" slack="2147483647"/>
<pin id="178" dir="0" index="2" bw="16" slack="1"/>
<pin id="179" dir="0" index="3" bw="0" slack="2147483647"/>
<pin id="180" dir="0" index="4" bw="16" slack="0"/>
<pin id="181" dir="0" index="5" bw="0" slack="2147483647"/>
<pin id="182" dir="0" index="6" bw="16" slack="0"/>
<pin id="183" dir="0" index="7" bw="0" slack="2147483647"/>
<pin id="184" dir="1" index="8" bw="16" slack="0"/>
</pin_list>
<bind>
<opcode="phi(47) " fcode="phi"/>
<opset="storemerge1_i_i/5 "/>
</bind>
</comp>

<comp id="187" class="1004" name="d_assign_fu_187">
<pin_list>
<pin id="188" dir="0" index="0" bw="32" slack="1"/>
<pin id="189" dir="1" index="1" bw="64" slack="0"/>
</pin_list>
<bind>
<opcode="fpext(41) " fcode="fpext"/>
<opset="d_assign/4 "/>
</bind>
</comp>

<comp id="190" class="1004" name="tmp_fu_190">
<pin_list>
<pin id="191" dir="0" index="0" bw="7" slack="0"/>
<pin id="192" dir="1" index="1" bw="13" slack="0"/>
</pin_list>
<bind>
<opcode="zext(34) " fcode="zext"/>
<opset="tmp/1 "/>
</bind>
</comp>

<comp id="194" class="1004" name="tmp_8_fu_194">
<pin_list>
<pin id="195" dir="0" index="0" bw="7" slack="0"/>
<pin id="196" dir="0" index="1" bw="7" slack="0"/>
<pin id="197" dir="1" index="2" bw="13" slack="1"/>
</pin_list>
<bind>
<opcode="mul(12) " fcode="mul"/>
<opset="tmp_8/1 "/>
</bind>
</comp>

<comp id="200" class="1004" name="exitcond_fu_200">
<pin_list>
<pin id="201" dir="0" index="0" bw="13" slack="0"/>
<pin id="202" dir="0" index="1" bw="13" slack="1"/>
<pin id="203" dir="1" index="2" bw="1" slack="1"/>
</pin_list>
<bind>
<opcode="icmp(45) " fcode="icmp"/>
<opset="exitcond/2 "/>
</bind>
</comp>

<comp id="205" class="1004" name="i_fu_205">
<pin_list>
<pin id="206" dir="0" index="0" bw="13" slack="0"/>
<pin id="207" dir="0" index="1" bw="1" slack="0"/>
<pin id="208" dir="1" index="2" bw="13" slack="0"/>
</pin_list>
<bind>
<opcode="add(8) " fcode="add"/>
<opset="i/2 "/>
</bind>
</comp>

<comp id="211" class="1004" name="tmp_2_i_i_fu_211">
<pin_list>
<pin id="212" dir="0" index="0" bw="13" slack="0"/>
<pin id="213" dir="1" index="1" bw="64" slack="0"/>
</pin_list>
<bind>
<opcode="zext(34) " fcode="zext"/>
<opset="tmp_2_i_i/2 "/>
</bind>
</comp>

<comp id="216" class="1004" name="ireg_V_fu_216">
<pin_list>
<pin id="217" dir="0" index="0" bw="64" slack="0"/>
<pin id="218" dir="1" index="1" bw="64" slack="0"/>
</pin_list>
<bind>
<opcode="bitcast(44) " fcode="bitcast"/>
<opset="ireg_V/4 "/>
</bind>
</comp>

<comp id="220" class="1004" name="tmp_120_fu_220">
<pin_list>
<pin id="221" dir="0" index="0" bw="64" slack="0"/>
<pin id="222" dir="1" index="1" bw="63" slack="0"/>
</pin_list>
<bind>
<opcode="trunc(33) " fcode="trunc"/>
<opset="tmp_120/4 "/>
</bind>
</comp>

<comp id="224" class="1004" name="p_Result_s_fu_224">
<pin_list>
<pin id="225" dir="0" index="0" bw="1" slack="0"/>
<pin id="226" dir="0" index="1" bw="64" slack="0"/>
<pin id="227" dir="0" index="2" bw="7" slack="0"/>
<pin id="228" dir="1" index="3" bw="1" slack="0"/>
</pin_list>
<bind>
<opcode="bitselect(1000) " fcode="bitselect"/>
<opset="p_Result_s/4 "/>
</bind>
</comp>

<comp id="232" class="1004" name="exp_tmp_V_fu_232">
<pin_list>
<pin id="233" dir="0" index="0" bw="11" slack="0"/>
<pin id="234" dir="0" index="1" bw="64" slack="0"/>
<pin id="235" dir="0" index="2" bw="7" slack="0"/>
<pin id="236" dir="0" index="3" bw="7" slack="0"/>
<pin id="237" dir="1" index="4" bw="11" slack="0"/>
</pin_list>
<bind>
<opcode="partselect(1002) " fcode="partselect"/>
<opset="exp_tmp_V/4 "/>
</bind>
</comp>

<comp id="242" class="1004" name="tmp_3_i_i_fu_242">
<pin_list>
<pin id="243" dir="0" index="0" bw="11" slack="0"/>
<pin id="244" dir="1" index="1" bw="12" slack="0"/>
</pin_list>
<bind>
<opcode="zext(34) " fcode="zext"/>
<opset="tmp_3_i_i/4 "/>
</bind>
</comp>

<comp id="246" class="1004" name="tmp_122_fu_246">
<pin_list>
<pin id="247" dir="0" index="0" bw="64" slack="0"/>
<pin id="248" dir="1" index="1" bw="52" slack="0"/>
</pin_list>
<bind>
<opcode="trunc(33) " fcode="trunc"/>
<opset="tmp_122/4 "/>
</bind>
</comp>

<comp id="250" class="1004" name="tmp_70_i_i_fu_250">
<pin_list>
<pin id="251" dir="0" index="0" bw="53" slack="0"/>
<pin id="252" dir="0" index="1" bw="1" slack="0"/>
<pin id="253" dir="0" index="2" bw="52" slack="0"/>
<pin id="254" dir="1" index="3" bw="53" slack="0"/>
</pin_list>
<bind>
<opcode="bitconcatenate(1004) " fcode="bitconcatenate"/>
<opset="tmp_70_i_i/4 "/>
</bind>
</comp>

<comp id="258" class="1004" name="p_Result_1_fu_258">
<pin_list>
<pin id="259" dir="0" index="0" bw="53" slack="0"/>
<pin id="260" dir="1" index="1" bw="54" slack="0"/>
</pin_list>
<bind>
<opcode="zext(34) " fcode="zext"/>
<opset="p_Result_1/4 "/>
</bind>
</comp>

<comp id="262" class="1004" name="man_V_1_fu_262">
<pin_list>
<pin id="263" dir="0" index="0" bw="1" slack="0"/>
<pin id="264" dir="0" index="1" bw="53" slack="0"/>
<pin id="265" dir="1" index="2" bw="54" slack="0"/>
</pin_list>
<bind>
<opcode="sub(10) " fcode="sub"/>
<opset="man_V_1/4 "/>
</bind>
</comp>

<comp id="268" class="1004" name="man_V_2_fu_268">
<pin_list>
<pin id="269" dir="0" index="0" bw="1" slack="0"/>
<pin id="270" dir="0" index="1" bw="54" slack="0"/>
<pin id="271" dir="0" index="2" bw="53" slack="0"/>
<pin id="272" dir="1" index="3" bw="54" slack="0"/>
</pin_list>
<bind>
<opcode="select(49) " fcode="select"/>
<opset="man_V_2/4 "/>
</bind>
</comp>

<comp id="276" class="1004" name="tmp_5_i_i_fu_276">
<pin_list>
<pin id="277" dir="0" index="0" bw="63" slack="0"/>
<pin id="278" dir="0" index="1" bw="1" slack="0"/>
<pin id="279" dir="1" index="2" bw="1" slack="1"/>
</pin_list>
<bind>
<opcode="icmp(45) " fcode="icmp"/>
<opset="tmp_5_i_i/4 "/>
</bind>
</comp>

<comp id="282" class="1004" name="F2_fu_282">
<pin_list>
<pin id="283" dir="0" index="0" bw="12" slack="0"/>
<pin id="284" dir="0" index="1" bw="11" slack="0"/>
<pin id="285" dir="1" index="2" bw="12" slack="0"/>
</pin_list>
<bind>
<opcode="sub(10) " fcode="sub"/>
<opset="F2/4 "/>
</bind>
</comp>

<comp id="288" class="1004" name="tmp_7_i_i_fu_288">
<pin_list>
<pin id="289" dir="0" index="0" bw="12" slack="0"/>
<pin id="290" dir="0" index="1" bw="5" slack="0"/>
<pin id="291" dir="1" index="2" bw="1" slack="0"/>
</pin_list>
<bind>
<opcode="icmp(45) " fcode="icmp"/>
<opset="tmp_7_i_i/4 "/>
</bind>
</comp>

<comp id="294" class="1004" name="tmp_8_i_i_fu_294">
<pin_list>
<pin id="295" dir="0" index="0" bw="5" slack="0"/>
<pin id="296" dir="0" index="1" bw="12" slack="0"/>
<pin id="297" dir="1" index="2" bw="12" slack="0"/>
</pin_list>
<bind>
<opcode="add(8) " fcode="add"/>
<opset="tmp_8_i_i/4 "/>
</bind>
</comp>

<comp id="300" class="1004" name="tmp_9_i_i_fu_300">
<pin_list>
<pin id="301" dir="0" index="0" bw="5" slack="0"/>
<pin id="302" dir="0" index="1" bw="12" slack="0"/>
<pin id="303" dir="1" index="2" bw="12" slack="0"/>
</pin_list>
<bind>
<opcode="sub(10) " fcode="sub"/>
<opset="tmp_9_i_i/4 "/>
</bind>
</comp>

<comp id="306" class="1004" name="sh_amt_fu_306">
<pin_list>
<pin id="307" dir="0" index="0" bw="1" slack="0"/>
<pin id="308" dir="0" index="1" bw="12" slack="0"/>
<pin id="309" dir="0" index="2" bw="12" slack="0"/>
<pin id="310" dir="1" index="3" bw="12" slack="0"/>
</pin_list>
<bind>
<opcode="select(49) " fcode="select"/>
<opset="sh_amt/4 "/>
</bind>
</comp>

<comp id="314" class="1004" name="tmp_10_i_i_fu_314">
<pin_list>
<pin id="315" dir="0" index="0" bw="12" slack="0"/>
<pin id="316" dir="0" index="1" bw="5" slack="0"/>
<pin id="317" dir="1" index="2" bw="1" slack="1"/>
</pin_list>
<bind>
<opcode="icmp(45) " fcode="icmp"/>
<opset="tmp_10_i_i/4 "/>
</bind>
</comp>

<comp id="320" class="1004" name="tmp_123_fu_320">
<pin_list>
<pin id="321" dir="0" index="0" bw="54" slack="0"/>
<pin id="322" dir="1" index="1" bw="16" slack="1"/>
</pin_list>
<bind>
<opcode="trunc(33) " fcode="trunc"/>
<opset="tmp_123/4 "/>
</bind>
</comp>

<comp id="324" class="1004" name="tmp_124_fu_324">
<pin_list>
<pin id="325" dir="0" index="0" bw="8" slack="0"/>
<pin id="326" dir="0" index="1" bw="12" slack="0"/>
<pin id="327" dir="0" index="2" bw="4" slack="0"/>
<pin id="328" dir="0" index="3" bw="5" slack="0"/>
<pin id="329" dir="1" index="4" bw="8" slack="1"/>
</pin_list>
<bind>
<opcode="partselect(1002) " fcode="partselect"/>
<opset="tmp_124/4 "/>
</bind>
</comp>

<comp id="334" class="1004" name="ireg_V_to_int_i_i_fu_334">
<pin_list>
<pin id="335" dir="0" index="0" bw="32" slack="1"/>
<pin id="336" dir="1" index="1" bw="32" slack="0"/>
</pin_list>
<bind>
<opcode="bitcast(44) " fcode="bitcast"/>
<opset="ireg_V_to_int_i_i/4 "/>
</bind>
</comp>

<comp id="337" class="1004" name="tmp_126_fu_337">
<pin_list>
<pin id="338" dir="0" index="0" bw="1" slack="0"/>
<pin id="339" dir="0" index="1" bw="32" slack="0"/>
<pin id="340" dir="0" index="2" bw="6" slack="0"/>
<pin id="341" dir="1" index="3" bw="1" slack="1"/>
</pin_list>
<bind>
<opcode="bitselect(1000) " fcode="bitselect"/>
<opset="tmp_126/4 "/>
</bind>
</comp>

<comp id="345" class="1004" name="sel_tmp12_fu_345">
<pin_list>
<pin id="346" dir="0" index="0" bw="12" slack="0"/>
<pin id="347" dir="0" index="1" bw="5" slack="0"/>
<pin id="348" dir="1" index="2" bw="1" slack="1"/>
</pin_list>
<bind>
<opcode="icmp(45) " fcode="icmp"/>
<opset="sel_tmp12/4 "/>
</bind>
</comp>

<comp id="351" class="1004" name="sh_amt_cast_i_i_fu_351">
<pin_list>
<pin id="352" dir="0" index="0" bw="12" slack="1"/>
<pin id="353" dir="1" index="1" bw="32" slack="0"/>
</pin_list>
<bind>
<opcode="sext(35) " fcode="sext"/>
<opset="sh_amt_cast_i_i/5 "/>
</bind>
</comp>

<comp id="354" class="1004" name="sh_amt_cast1309_i_i_fu_354">
<pin_list>
<pin id="355" dir="0" index="0" bw="12" slack="1"/>
<pin id="356" dir="1" index="1" bw="16" slack="0"/>
</pin_list>
<bind>
<opcode="sext(35) " fcode="sext"/>
<opset="sh_amt_cast1309_i_i/5 "/>
</bind>
</comp>

<comp id="357" class="1004" name="tmp_13_i_i_fu_357">
<pin_list>
<pin id="358" dir="0" index="0" bw="12" slack="1"/>
<pin id="359" dir="0" index="1" bw="7" slack="0"/>
<pin id="360" dir="1" index="2" bw="1" slack="0"/>
</pin_list>
<bind>
<opcode="icmp(45) " fcode="icmp"/>
<opset="tmp_13_i_i/5 "/>
</bind>
</comp>

<comp id="362" class="1004" name="icmp_fu_362">
<pin_list>
<pin id="363" dir="0" index="0" bw="8" slack="1"/>
<pin id="364" dir="0" index="1" bw="1" slack="0"/>
<pin id="365" dir="1" index="2" bw="1" slack="0"/>
</pin_list>
<bind>
<opcode="icmp(45) " fcode="icmp"/>
<opset="icmp/5 "/>
</bind>
</comp>

<comp id="367" class="1004" name="tmp_19_i_i_fu_367">
<pin_list>
<pin id="368" dir="0" index="0" bw="12" slack="0"/>
<pin id="369" dir="1" index="1" bw="54" slack="0"/>
</pin_list>
<bind>
<opcode="zext(34) " fcode="zext"/>
<opset="tmp_19_i_i/5 "/>
</bind>
</comp>

<comp id="371" class="1004" name="tmp_20_i_i_fu_371">
<pin_list>
<pin id="372" dir="0" index="0" bw="54" slack="1"/>
<pin id="373" dir="0" index="1" bw="32" slack="0"/>
<pin id="374" dir="1" index="2" bw="54" slack="0"/>
</pin_list>
<bind>
<opcode="ashr(22) " fcode="ashr"/>
<opset="tmp_20_i_i/5 "/>
</bind>
</comp>

<comp id="376" class="1004" name="tmp_125_fu_376">
<pin_list>
<pin id="377" dir="0" index="0" bw="54" slack="0"/>
<pin id="378" dir="1" index="1" bw="16" slack="0"/>
</pin_list>
<bind>
<opcode="trunc(33) " fcode="trunc"/>
<opset="tmp_125/5 "/>
</bind>
</comp>

<comp id="380" class="1004" name="tmp_22_i_i_fu_380">
<pin_list>
<pin id="381" dir="0" index="0" bw="1" slack="1"/>
<pin id="382" dir="0" index="1" bw="1" slack="0"/>
<pin id="383" dir="0" index="2" bw="1" slack="0"/>
<pin id="384" dir="1" index="3" bw="16" slack="0"/>
</pin_list>
<bind>
<opcode="select(49) " fcode="select"/>
<opset="tmp_22_i_i/5 "/>
</bind>
</comp>

<comp id="387" class="1004" name="tmp_24_i_i_fu_387">
<pin_list>
<pin id="388" dir="0" index="0" bw="16" slack="1"/>
<pin id="389" dir="0" index="1" bw="12" slack="0"/>
<pin id="390" dir="1" index="2" bw="16" slack="0"/>
</pin_list>
<bind>
<opcode="shl(20) " fcode="shl"/>
<opset="tmp_24_i_i/5 "/>
</bind>
</comp>

<comp id="392" class="1004" name="sel_tmp1_fu_392">
<pin_list>
<pin id="393" dir="0" index="0" bw="1" slack="1"/>
<pin id="394" dir="0" index="1" bw="1" slack="0"/>
<pin id="395" dir="1" index="2" bw="1" slack="0"/>
</pin_list>
<bind>
<opcode="xor(25) " fcode="xor"/>
<opset="sel_tmp1/5 "/>
</bind>
</comp>

<comp id="397" class="1004" name="sel_tmp2_fu_397">
<pin_list>
<pin id="398" dir="0" index="0" bw="1" slack="1"/>
<pin id="399" dir="0" index="1" bw="1" slack="0"/>
<pin id="400" dir="1" index="2" bw="1" slack="0"/>
</pin_list>
<bind>
<opcode="and(23) " fcode="and"/>
<opset="sel_tmp2/5 "/>
</bind>
</comp>

<comp id="402" class="1004" name="sel_tmp3_fu_402">
<pin_list>
<pin id="403" dir="0" index="0" bw="1" slack="0"/>
<pin id="404" dir="0" index="1" bw="1" slack="0"/>
<pin id="405" dir="1" index="2" bw="1" slack="0"/>
</pin_list>
<bind>
<opcode="xor(25) " fcode="xor"/>
<opset="sel_tmp3/5 "/>
</bind>
</comp>

<comp id="408" class="1004" name="sel_tmp4_fu_408">
<pin_list>
<pin id="409" dir="0" index="0" bw="1" slack="0"/>
<pin id="410" dir="0" index="1" bw="1" slack="0"/>
<pin id="411" dir="1" index="2" bw="1" slack="0"/>
</pin_list>
<bind>
<opcode="and(23) " fcode="and"/>
<opset="sel_tmp4/5 "/>
</bind>
</comp>

<comp id="414" class="1004" name="sel_tmp8_fu_414">
<pin_list>
<pin id="415" dir="0" index="0" bw="1" slack="0"/>
<pin id="416" dir="0" index="1" bw="1" slack="0"/>
<pin id="417" dir="1" index="2" bw="1" slack="0"/>
</pin_list>
<bind>
<opcode="and(23) " fcode="and"/>
<opset="sel_tmp8/5 "/>
</bind>
</comp>

<comp id="420" class="1004" name="sel_tmp13_fu_420">
<pin_list>
<pin id="421" dir="0" index="0" bw="1" slack="1"/>
<pin id="422" dir="0" index="1" bw="1" slack="0"/>
<pin id="423" dir="1" index="2" bw="1" slack="0"/>
</pin_list>
<bind>
<opcode="and(23) " fcode="and"/>
<opset="sel_tmp13/5 "/>
</bind>
</comp>

<comp id="425" class="1004" name="newSel_fu_425">
<pin_list>
<pin id="426" dir="0" index="0" bw="1" slack="0"/>
<pin id="427" dir="0" index="1" bw="16" slack="0"/>
<pin id="428" dir="0" index="2" bw="16" slack="0"/>
<pin id="429" dir="1" index="3" bw="16" slack="0"/>
</pin_list>
<bind>
<opcode="select(49) " fcode="select"/>
<opset="newSel/5 "/>
</bind>
</comp>

<comp id="433" class="1004" name="or_cond_fu_433">
<pin_list>
<pin id="434" dir="0" index="0" bw="1" slack="0"/>
<pin id="435" dir="0" index="1" bw="1" slack="0"/>
<pin id="436" dir="1" index="2" bw="1" slack="0"/>
</pin_list>
<bind>
<opcode="or(24) " fcode="or"/>
<opset="or_cond/5 "/>
</bind>
</comp>

<comp id="439" class="1004" name="newSel1_fu_439">
<pin_list>
<pin id="440" dir="0" index="0" bw="1" slack="0"/>
<pin id="441" dir="0" index="1" bw="16" slack="0"/>
<pin id="442" dir="0" index="2" bw="16" slack="1"/>
<pin id="443" dir="1" index="3" bw="16" slack="0"/>
</pin_list>
<bind>
<opcode="select(49) " fcode="select"/>
<opset="newSel1/5 "/>
</bind>
</comp>

<comp id="446" class="1004" name="or_cond2_fu_446">
<pin_list>
<pin id="447" dir="0" index="0" bw="1" slack="0"/>
<pin id="448" dir="0" index="1" bw="1" slack="1"/>
<pin id="449" dir="1" index="2" bw="1" slack="0"/>
</pin_list>
<bind>
<opcode="or(24) " fcode="or"/>
<opset="or_cond2/5 "/>
</bind>
</comp>

<comp id="451" class="1004" name="newSel3_fu_451">
<pin_list>
<pin id="452" dir="0" index="0" bw="1" slack="0"/>
<pin id="453" dir="0" index="1" bw="16" slack="0"/>
<pin id="454" dir="0" index="2" bw="16" slack="0"/>
<pin id="455" dir="1" index="3" bw="16" slack="0"/>
</pin_list>
<bind>
<opcode="select(49) " fcode="select"/>
<opset="newSel3/5 "/>
</bind>
</comp>

<comp id="459" class="1004" name="or_cond4_fu_459">
<pin_list>
<pin id="460" dir="0" index="0" bw="1" slack="0"/>
<pin id="461" dir="0" index="1" bw="1" slack="0"/>
<pin id="462" dir="1" index="2" bw="1" slack="0"/>
</pin_list>
<bind>
<opcode="or(24) " fcode="or"/>
<opset="or_cond4/5 "/>
</bind>
</comp>

<comp id="465" class="1004" name="newSel5_fu_465">
<pin_list>
<pin id="466" dir="0" index="0" bw="1" slack="0"/>
<pin id="467" dir="0" index="1" bw="16" slack="0"/>
<pin id="468" dir="0" index="2" bw="1" slack="0"/>
<pin id="469" dir="1" index="3" bw="16" slack="0"/>
</pin_list>
<bind>
<opcode="select(49) " fcode="select"/>
<opset="newSel5/5 "/>
</bind>
</comp>

<comp id="474" class="1004" name="tmp_24_i_i_s_fu_474">
<pin_list>
<pin id="475" dir="0" index="0" bw="1" slack="0"/>
<pin id="476" dir="0" index="1" bw="16" slack="0"/>
<pin id="477" dir="0" index="2" bw="1" slack="0"/>
<pin id="478" dir="1" index="3" bw="16" slack="0"/>
</pin_list>
<bind>
<opcode="select(49) " fcode="select"/>
<opset="tmp_24_i_i_s/5 "/>
</bind>
</comp>

<comp id="483" class="1004" name="tmp_21_i_i_tmp_22_i_s_fu_483">
<pin_list>
<pin id="484" dir="0" index="0" bw="1" slack="0"/>
<pin id="485" dir="0" index="1" bw="16" slack="0"/>
<pin id="486" dir="0" index="2" bw="16" slack="0"/>
<pin id="487" dir="1" index="3" bw="16" slack="0"/>
</pin_list>
<bind>
<opcode="select(49) " fcode="select"/>
<opset="tmp_21_i_i_tmp_22_i_s/5 "/>
</bind>
</comp>

<comp id="492" class="1005" name="tmp_8_reg_492">
<pin_list>
<pin id="493" dir="0" index="0" bw="13" slack="1"/>
<pin id="494" dir="1" index="1" bw="13" slack="1"/>
</pin_list>
<bind>
<opset="tmp_8 "/>
</bind>
</comp>

<comp id="497" class="1005" name="exitcond_reg_497">
<pin_list>
<pin id="498" dir="0" index="0" bw="1" slack="1"/>
<pin id="499" dir="1" index="1" bw="1" slack="2147483647"/>
</pin_list>
<bind>
<opset="exitcond "/>
</bind>
</comp>

<comp id="501" class="1005" name="i_reg_501">
<pin_list>
<pin id="502" dir="0" index="0" bw="13" slack="0"/>
<pin id="503" dir="1" index="1" bw="13" slack="0"/>
</pin_list>
<bind>
<opset="i "/>
</bind>
</comp>

<comp id="506" class="1005" name="tmp_2_i_i_reg_506">
<pin_list>
<pin id="507" dir="0" index="0" bw="64" slack="2"/>
<pin id="508" dir="1" index="1" bw="64" slack="2"/>
</pin_list>
<bind>
<opset="tmp_2_i_i "/>
</bind>
</comp>

<comp id="513" class="1005" name="input_addr_reg_513">
<pin_list>
<pin id="514" dir="0" index="0" bw="12" slack="1"/>
<pin id="515" dir="1" index="1" bw="12" slack="1"/>
</pin_list>
<bind>
<opset="input_addr "/>
</bind>
</comp>

<comp id="518" class="1005" name="input_load_reg_518">
<pin_list>
<pin id="519" dir="0" index="0" bw="32" slack="1"/>
<pin id="520" dir="1" index="1" bw="32" slack="1"/>
</pin_list>
<bind>
<opset="input_load "/>
</bind>
</comp>

<comp id="524" class="1005" name="man_V_2_reg_524">
<pin_list>
<pin id="525" dir="0" index="0" bw="54" slack="1"/>
<pin id="526" dir="1" index="1" bw="54" slack="1"/>
</pin_list>
<bind>
<opset="man_V_2 "/>
</bind>
</comp>

<comp id="529" class="1005" name="tmp_5_i_i_reg_529">
<pin_list>
<pin id="530" dir="0" index="0" bw="1" slack="1"/>
<pin id="531" dir="1" index="1" bw="1" slack="2147483647"/>
</pin_list>
<bind>
<opset="tmp_5_i_i "/>
</bind>
</comp>

<comp id="533" class="1005" name="tmp_7_i_i_reg_533">
<pin_list>
<pin id="534" dir="0" index="0" bw="1" slack="1"/>
<pin id="535" dir="1" index="1" bw="1" slack="1"/>
</pin_list>
<bind>
<opset="tmp_7_i_i "/>
</bind>
</comp>

<comp id="538" class="1005" name="sh_amt_reg_538">
<pin_list>
<pin id="539" dir="0" index="0" bw="12" slack="1"/>
<pin id="540" dir="1" index="1" bw="12" slack="1"/>
</pin_list>
<bind>
<opset="sh_amt "/>
</bind>
</comp>

<comp id="545" class="1005" name="tmp_10_i_i_reg_545">
<pin_list>
<pin id="546" dir="0" index="0" bw="1" slack="1"/>
<pin id="547" dir="1" index="1" bw="1" slack="1"/>
</pin_list>
<bind>
<opset="tmp_10_i_i "/>
</bind>
</comp>

<comp id="551" class="1005" name="tmp_123_reg_551">
<pin_list>
<pin id="552" dir="0" index="0" bw="16" slack="1"/>
<pin id="553" dir="1" index="1" bw="16" slack="1"/>
</pin_list>
<bind>
<opset="tmp_123 "/>
</bind>
</comp>

<comp id="558" class="1005" name="tmp_124_reg_558">
<pin_list>
<pin id="559" dir="0" index="0" bw="8" slack="1"/>
<pin id="560" dir="1" index="1" bw="8" slack="1"/>
</pin_list>
<bind>
<opset="tmp_124 "/>
</bind>
</comp>

<comp id="563" class="1005" name="tmp_126_reg_563">
<pin_list>
<pin id="564" dir="0" index="0" bw="1" slack="1"/>
<pin id="565" dir="1" index="1" bw="1" slack="1"/>
</pin_list>
<bind>
<opset="tmp_126 "/>
</bind>
</comp>

<comp id="568" class="1005" name="sel_tmp12_reg_568">
<pin_list>
<pin id="569" dir="0" index="0" bw="1" slack="1"/>
<pin id="570" dir="1" index="1" bw="1" slack="1"/>
</pin_list>
<bind>
<opset="sel_tmp12 "/>
</bind>
</comp>

</comp_list>

<net_list>
<net id="98"><net_src comp="24" pin="0"/><net_sink comp="94" pin=0"/></net>

<net id="99"><net_src comp="0" pin="0"/><net_sink comp="94" pin=1"/></net>

<net id="105"><net_src comp="26" pin="0"/><net_sink comp="100" pin=0"/></net>

<net id="106"><net_src comp="8" pin="0"/><net_sink comp="100" pin=1"/></net>

<net id="107"><net_src comp="94" pin="2"/><net_sink comp="100" pin=2"/></net>

<net id="113"><net_src comp="6" pin="0"/><net_sink comp="108" pin=0"/></net>

<net id="114"><net_src comp="34" pin="0"/><net_sink comp="108" pin=1"/></net>

<net id="120"><net_src comp="108" pin="3"/><net_sink comp="115" pin=0"/></net>

<net id="126"><net_src comp="4" pin="0"/><net_sink comp="121" pin=0"/></net>

<net id="127"><net_src comp="34" pin="0"/><net_sink comp="121" pin=1"/></net>

<net id="133"><net_src comp="74" pin="0"/><net_sink comp="128" pin=1"/></net>

<net id="134"><net_src comp="121" pin="3"/><net_sink comp="128" pin=0"/></net>

<net id="140"><net_src comp="4" pin="0"/><net_sink comp="135" pin=0"/></net>

<net id="141"><net_src comp="34" pin="0"/><net_sink comp="135" pin=1"/></net>

<net id="146"><net_src comp="135" pin="3"/><net_sink comp="128" pin=2"/></net>

<net id="152"><net_src comp="2" pin="0"/><net_sink comp="147" pin=0"/></net>

<net id="153"><net_src comp="34" pin="0"/><net_sink comp="147" pin=1"/></net>

<net id="159"><net_src comp="147" pin="3"/><net_sink comp="154" pin=0"/></net>

<net id="163"><net_src comp="30" pin="0"/><net_sink comp="160" pin=0"/></net>

<net id="170"><net_src comp="160" pin="1"/><net_sink comp="164" pin=0"/></net>

<net id="174"><net_src comp="74" pin="0"/><net_sink comp="171" pin=0"/></net>

<net id="185"><net_src comp="171" pin="1"/><net_sink comp="175" pin=0"/></net>

<net id="186"><net_src comp="175" pin="8"/><net_sink comp="154" pin=1"/></net>

<net id="193"><net_src comp="94" pin="2"/><net_sink comp="190" pin=0"/></net>

<net id="198"><net_src comp="190" pin="1"/><net_sink comp="194" pin=0"/></net>

<net id="199"><net_src comp="28" pin="0"/><net_sink comp="194" pin=1"/></net>

<net id="204"><net_src comp="164" pin="4"/><net_sink comp="200" pin=0"/></net>

<net id="209"><net_src comp="164" pin="4"/><net_sink comp="205" pin=0"/></net>

<net id="210"><net_src comp="38" pin="0"/><net_sink comp="205" pin=1"/></net>

<net id="214"><net_src comp="164" pin="4"/><net_sink comp="211" pin=0"/></net>

<net id="215"><net_src comp="211" pin="1"/><net_sink comp="108" pin=2"/></net>

<net id="219"><net_src comp="187" pin="1"/><net_sink comp="216" pin=0"/></net>

<net id="223"><net_src comp="216" pin="1"/><net_sink comp="220" pin=0"/></net>

<net id="229"><net_src comp="40" pin="0"/><net_sink comp="224" pin=0"/></net>

<net id="230"><net_src comp="216" pin="1"/><net_sink comp="224" pin=1"/></net>

<net id="231"><net_src comp="42" pin="0"/><net_sink comp="224" pin=2"/></net>

<net id="238"><net_src comp="44" pin="0"/><net_sink comp="232" pin=0"/></net>

<net id="239"><net_src comp="216" pin="1"/><net_sink comp="232" pin=1"/></net>

<net id="240"><net_src comp="46" pin="0"/><net_sink comp="232" pin=2"/></net>

<net id="241"><net_src comp="48" pin="0"/><net_sink comp="232" pin=3"/></net>

<net id="245"><net_src comp="232" pin="4"/><net_sink comp="242" pin=0"/></net>

<net id="249"><net_src comp="216" pin="1"/><net_sink comp="246" pin=0"/></net>

<net id="255"><net_src comp="50" pin="0"/><net_sink comp="250" pin=0"/></net>

<net id="256"><net_src comp="52" pin="0"/><net_sink comp="250" pin=1"/></net>

<net id="257"><net_src comp="246" pin="1"/><net_sink comp="250" pin=2"/></net>

<net id="261"><net_src comp="250" pin="3"/><net_sink comp="258" pin=0"/></net>

<net id="266"><net_src comp="54" pin="0"/><net_sink comp="262" pin=0"/></net>

<net id="267"><net_src comp="258" pin="1"/><net_sink comp="262" pin=1"/></net>

<net id="273"><net_src comp="224" pin="3"/><net_sink comp="268" pin=0"/></net>

<net id="274"><net_src comp="262" pin="2"/><net_sink comp="268" pin=1"/></net>

<net id="275"><net_src comp="258" pin="1"/><net_sink comp="268" pin=2"/></net>

<net id="280"><net_src comp="220" pin="1"/><net_sink comp="276" pin=0"/></net>

<net id="281"><net_src comp="56" pin="0"/><net_sink comp="276" pin=1"/></net>

<net id="286"><net_src comp="58" pin="0"/><net_sink comp="282" pin=0"/></net>

<net id="287"><net_src comp="242" pin="1"/><net_sink comp="282" pin=1"/></net>

<net id="292"><net_src comp="282" pin="2"/><net_sink comp="288" pin=0"/></net>

<net id="293"><net_src comp="60" pin="0"/><net_sink comp="288" pin=1"/></net>

<net id="298"><net_src comp="62" pin="0"/><net_sink comp="294" pin=0"/></net>

<net id="299"><net_src comp="282" pin="2"/><net_sink comp="294" pin=1"/></net>

<net id="304"><net_src comp="60" pin="0"/><net_sink comp="300" pin=0"/></net>

<net id="305"><net_src comp="282" pin="2"/><net_sink comp="300" pin=1"/></net>

<net id="311"><net_src comp="288" pin="2"/><net_sink comp="306" pin=0"/></net>

<net id="312"><net_src comp="294" pin="2"/><net_sink comp="306" pin=1"/></net>

<net id="313"><net_src comp="300" pin="2"/><net_sink comp="306" pin=2"/></net>

<net id="318"><net_src comp="282" pin="2"/><net_sink comp="314" pin=0"/></net>

<net id="319"><net_src comp="60" pin="0"/><net_sink comp="314" pin=1"/></net>

<net id="323"><net_src comp="268" pin="3"/><net_sink comp="320" pin=0"/></net>

<net id="330"><net_src comp="64" pin="0"/><net_sink comp="324" pin=0"/></net>

<net id="331"><net_src comp="306" pin="3"/><net_sink comp="324" pin=1"/></net>

<net id="332"><net_src comp="66" pin="0"/><net_sink comp="324" pin=2"/></net>

<net id="333"><net_src comp="68" pin="0"/><net_sink comp="324" pin=3"/></net>

<net id="342"><net_src comp="70" pin="0"/><net_sink comp="337" pin=0"/></net>

<net id="343"><net_src comp="334" pin="1"/><net_sink comp="337" pin=1"/></net>

<net id="344"><net_src comp="72" pin="0"/><net_sink comp="337" pin=2"/></net>

<net id="349"><net_src comp="282" pin="2"/><net_sink comp="345" pin=0"/></net>

<net id="350"><net_src comp="60" pin="0"/><net_sink comp="345" pin=1"/></net>

<net id="361"><net_src comp="86" pin="0"/><net_sink comp="357" pin=1"/></net>

<net id="366"><net_src comp="88" pin="0"/><net_sink comp="362" pin=1"/></net>

<net id="370"><net_src comp="351" pin="1"/><net_sink comp="367" pin=0"/></net>

<net id="375"><net_src comp="367" pin="1"/><net_sink comp="371" pin=1"/></net>

<net id="379"><net_src comp="371" pin="2"/><net_sink comp="376" pin=0"/></net>

<net id="385"><net_src comp="90" pin="0"/><net_sink comp="380" pin=1"/></net>

<net id="386"><net_src comp="74" pin="0"/><net_sink comp="380" pin=2"/></net>

<net id="391"><net_src comp="354" pin="1"/><net_sink comp="387" pin=1"/></net>

<net id="396"><net_src comp="52" pin="0"/><net_sink comp="392" pin=1"/></net>

<net id="401"><net_src comp="392" pin="2"/><net_sink comp="397" pin=1"/></net>

<net id="406"><net_src comp="357" pin="2"/><net_sink comp="402" pin=0"/></net>

<net id="407"><net_src comp="52" pin="0"/><net_sink comp="402" pin=1"/></net>

<net id="412"><net_src comp="397" pin="2"/><net_sink comp="408" pin=0"/></net>

<net id="413"><net_src comp="402" pin="2"/><net_sink comp="408" pin=1"/></net>

<net id="418"><net_src comp="397" pin="2"/><net_sink comp="414" pin=0"/></net>

<net id="419"><net_src comp="357" pin="2"/><net_sink comp="414" pin=1"/></net>

<net id="424"><net_src comp="362" pin="2"/><net_sink comp="420" pin=1"/></net>

<net id="430"><net_src comp="420" pin="2"/><net_sink comp="425" pin=0"/></net>

<net id="431"><net_src comp="387" pin="2"/><net_sink comp="425" pin=1"/></net>

<net id="432"><net_src comp="376" pin="1"/><net_sink comp="425" pin=2"/></net>

<net id="437"><net_src comp="420" pin="2"/><net_sink comp="433" pin=0"/></net>

<net id="438"><net_src comp="414" pin="2"/><net_sink comp="433" pin=1"/></net>

<net id="444"><net_src comp="408" pin="2"/><net_sink comp="439" pin=0"/></net>

<net id="445"><net_src comp="380" pin="3"/><net_sink comp="439" pin=1"/></net>

<net id="450"><net_src comp="408" pin="2"/><net_sink comp="446" pin=0"/></net>

<net id="456"><net_src comp="433" pin="2"/><net_sink comp="451" pin=0"/></net>

<net id="457"><net_src comp="425" pin="3"/><net_sink comp="451" pin=1"/></net>

<net id="458"><net_src comp="439" pin="3"/><net_sink comp="451" pin=2"/></net>

<net id="463"><net_src comp="433" pin="2"/><net_sink comp="459" pin=0"/></net>

<net id="464"><net_src comp="446" pin="2"/><net_sink comp="459" pin=1"/></net>

<net id="470"><net_src comp="459" pin="2"/><net_sink comp="465" pin=0"/></net>

<net id="471"><net_src comp="451" pin="3"/><net_sink comp="465" pin=1"/></net>

<net id="472"><net_src comp="74" pin="0"/><net_sink comp="465" pin=2"/></net>

<net id="473"><net_src comp="465" pin="3"/><net_sink comp="128" pin=4"/></net>

<net id="479"><net_src comp="362" pin="2"/><net_sink comp="474" pin=0"/></net>

<net id="480"><net_src comp="387" pin="2"/><net_sink comp="474" pin=1"/></net>

<net id="481"><net_src comp="74" pin="0"/><net_sink comp="474" pin=2"/></net>

<net id="482"><net_src comp="474" pin="3"/><net_sink comp="175" pin=6"/></net>

<net id="488"><net_src comp="357" pin="2"/><net_sink comp="483" pin=0"/></net>

<net id="489"><net_src comp="376" pin="1"/><net_sink comp="483" pin=1"/></net>

<net id="490"><net_src comp="380" pin="3"/><net_sink comp="483" pin=2"/></net>

<net id="491"><net_src comp="483" pin="3"/><net_sink comp="175" pin=4"/></net>

<net id="495"><net_src comp="194" pin="2"/><net_sink comp="492" pin=0"/></net>

<net id="496"><net_src comp="492" pin="1"/><net_sink comp="200" pin=1"/></net>

<net id="500"><net_src comp="200" pin="2"/><net_sink comp="497" pin=0"/></net>

<net id="504"><net_src comp="205" pin="2"/><net_sink comp="501" pin=0"/></net>

<net id="505"><net_src comp="501" pin="1"/><net_sink comp="164" pin=2"/></net>

<net id="509"><net_src comp="211" pin="1"/><net_sink comp="506" pin=0"/></net>

<net id="510"><net_src comp="506" pin="1"/><net_sink comp="121" pin=2"/></net>

<net id="511"><net_src comp="506" pin="1"/><net_sink comp="135" pin=2"/></net>

<net id="512"><net_src comp="506" pin="1"/><net_sink comp="147" pin=2"/></net>

<net id="516"><net_src comp="108" pin="3"/><net_sink comp="513" pin=0"/></net>

<net id="517"><net_src comp="513" pin="1"/><net_sink comp="115" pin=0"/></net>

<net id="521"><net_src comp="115" pin="3"/><net_sink comp="518" pin=0"/></net>

<net id="522"><net_src comp="518" pin="1"/><net_sink comp="187" pin=0"/></net>

<net id="523"><net_src comp="518" pin="1"/><net_sink comp="334" pin=0"/></net>

<net id="527"><net_src comp="268" pin="3"/><net_sink comp="524" pin=0"/></net>

<net id="528"><net_src comp="524" pin="1"/><net_sink comp="371" pin=0"/></net>

<net id="532"><net_src comp="276" pin="2"/><net_sink comp="529" pin=0"/></net>

<net id="536"><net_src comp="288" pin="2"/><net_sink comp="533" pin=0"/></net>

<net id="537"><net_src comp="533" pin="1"/><net_sink comp="397" pin=0"/></net>

<net id="541"><net_src comp="306" pin="3"/><net_sink comp="538" pin=0"/></net>

<net id="542"><net_src comp="538" pin="1"/><net_sink comp="351" pin=0"/></net>

<net id="543"><net_src comp="538" pin="1"/><net_sink comp="354" pin=0"/></net>

<net id="544"><net_src comp="538" pin="1"/><net_sink comp="357" pin=0"/></net>

<net id="548"><net_src comp="314" pin="2"/><net_sink comp="545" pin=0"/></net>

<net id="549"><net_src comp="545" pin="1"/><net_sink comp="392" pin=0"/></net>

<net id="550"><net_src comp="545" pin="1"/><net_sink comp="446" pin=1"/></net>

<net id="554"><net_src comp="320" pin="1"/><net_sink comp="551" pin=0"/></net>

<net id="555"><net_src comp="551" pin="1"/><net_sink comp="387" pin=0"/></net>

<net id="556"><net_src comp="551" pin="1"/><net_sink comp="439" pin=2"/></net>

<net id="557"><net_src comp="551" pin="1"/><net_sink comp="175" pin=2"/></net>

<net id="561"><net_src comp="324" pin="4"/><net_sink comp="558" pin=0"/></net>

<net id="562"><net_src comp="558" pin="1"/><net_sink comp="362" pin=0"/></net>

<net id="566"><net_src comp="337" pin="3"/><net_sink comp="563" pin=0"/></net>

<net id="567"><net_src comp="563" pin="1"/><net_sink comp="380" pin=0"/></net>

<net id="571"><net_src comp="345" pin="2"/><net_sink comp="568" pin=0"/></net>

<net id="572"><net_src comp="568" pin="1"/><net_sink comp="420" pin=0"/></net>

</net_list>

</model> 
---------------- Datapath Model END ------------------

* FSMD analyzer results:
  - Output states:
	Port: input_b_V | {5 }
	Port: input_f_V | {4 5 }
	Port: valid_len_out | {1 }
 - Input state : 
	Port: lstm_infer_Loop_1_pr : p_read | {1 }
	Port: lstm_infer_Loop_1_pr : input_r | {2 3 }
  - Chain level:
	State 1
		tmp_8 : 1
	State 2
		exitcond : 1
		i : 1
		StgValue_18 : 2
		tmp_2_i_i : 1
		input_addr : 2
		input_load : 3
	State 3
	State 4
		ireg_V : 1
		tmp_120 : 2
		p_Result_s : 2
		exp_tmp_V : 2
		tmp_3_i_i : 3
		tmp_122 : 2
		tmp_70_i_i : 3
		p_Result_1 : 4
		man_V_1 : 5
		man_V_2 : 6
		tmp_5_i_i : 3
		StgValue_35 : 4
		F2 : 4
		tmp_7_i_i : 5
		tmp_8_i_i : 5
		tmp_9_i_i : 5
		sh_amt : 6
		tmp_10_i_i : 5
		tmp_123 : 7
		tmp_124 : 7
		tmp_126 : 1
		sel_tmp12 : 5
		StgValue_47 : 6
		StgValue_49 : 1
	State 5
		tmp_19_i_i : 1
		tmp_20_i_i : 2
		tmp_125 : 3
		tmp_24_i_i : 1
		sel_tmp3 : 1
		sel_tmp13 : 1
		newSel : 4
		newSel3 : 5
		newSel5 : 6
		StgValue_76 : 7
		tmp_24_i_i_s : 2
		tmp_21_i_i_tmp_22_i_s : 4
		storemerge1_i_i : 5
		StgValue_84 : 6
		empty_51 : 1
	State 6


============================================================
+ Verbose Summary: Datapath Resource usage 
============================================================

* Functional unit list:
|----------|------------------------------|---------|---------|---------|
| Operation|        Functional Unit       |  DSP48E |    FF   |   LUT   |
|----------|------------------------------|---------|---------|---------|
|   fpext  |        d_assign_fu_187       |    0    |   100   |   143   |
|----------|------------------------------|---------|---------|---------|
|          |        man_V_2_fu_268        |    0    |    0    |    54   |
|          |         sh_amt_fu_306        |    0    |    0    |    12   |
|          |       tmp_22_i_i_fu_380      |    0    |    0    |    2    |
|          |         newSel_fu_425        |    0    |    0    |    16   |
|  select  |        newSel1_fu_439        |    0    |    0    |    16   |
|          |        newSel3_fu_451        |    0    |    0    |    16   |
|          |        newSel5_fu_465        |    0    |    0    |    16   |
|          |      tmp_24_i_i_s_fu_474     |    0    |    0    |    16   |
|          | tmp_21_i_i_tmp_22_i_s_fu_483 |    0    |    0    |    16   |
|----------|------------------------------|---------|---------|---------|
|   ashr   |       tmp_20_i_i_fu_371      |    0    |    0    |   162   |
|----------|------------------------------|---------|---------|---------|
|          |        man_V_1_fu_262        |    0    |    0    |    53   |
|    sub   |           F2_fu_282          |    0    |    0    |    12   |
|          |       tmp_9_i_i_fu_300       |    0    |    0    |    12   |
|----------|------------------------------|---------|---------|---------|
|          |        exitcond_fu_200       |    0    |    0    |    6    |
|          |       tmp_5_i_i_fu_276       |    0    |    0    |    23   |
|          |       tmp_7_i_i_fu_288       |    0    |    0    |    5    |
|   icmp   |       tmp_10_i_i_fu_314      |    0    |    0    |    5    |
|          |       sel_tmp12_fu_345       |    0    |    0    |    5    |
|          |       tmp_13_i_i_fu_357      |    0    |    0    |    5    |
|          |          icmp_fu_362         |    0    |    0    |    4    |
|----------|------------------------------|---------|---------|---------|
|    shl   |       tmp_24_i_i_fu_387      |    0    |    0    |    35   |
|----------|------------------------------|---------|---------|---------|
|    mul   |         tmp_8_fu_194         |    0    |    0    |    30   |
|----------|------------------------------|---------|---------|---------|
|    add   |           i_fu_205           |    0    |    0    |    13   |
|          |       tmp_8_i_i_fu_294       |    0    |    0    |    12   |
|----------|------------------------------|---------|---------|---------|
|          |        sel_tmp2_fu_397       |    0    |    0    |    1    |
|    and   |        sel_tmp4_fu_408       |    0    |    0    |    1    |
|          |        sel_tmp8_fu_414       |    0    |    0    |    1    |
|          |       sel_tmp13_fu_420       |    0    |    0    |    1    |
|----------|------------------------------|---------|---------|---------|
|          |        or_cond_fu_433        |    0    |    0    |    1    |
|    or    |        or_cond2_fu_446       |    0    |    0    |    1    |
|          |        or_cond4_fu_459       |    0    |    0    |    1    |
|----------|------------------------------|---------|---------|---------|
|    xor   |        sel_tmp1_fu_392       |    0    |    0    |    1    |
|          |        sel_tmp3_fu_402       |    0    |    0    |    1    |
|----------|------------------------------|---------|---------|---------|
|   read   |      p_read_1_read_fu_94     |    0    |    0    |    0    |
|----------|------------------------------|---------|---------|---------|
|   write  |   StgValue_10_write_fu_100   |    0    |    0    |    0    |
|----------|------------------------------|---------|---------|---------|
|          |          tmp_fu_190          |    0    |    0    |    0    |
|          |       tmp_2_i_i_fu_211       |    0    |    0    |    0    |
|   zext   |       tmp_3_i_i_fu_242       |    0    |    0    |    0    |
|          |       p_Result_1_fu_258      |    0    |    0    |    0    |
|          |       tmp_19_i_i_fu_367      |    0    |    0    |    0    |
|----------|------------------------------|---------|---------|---------|
|          |        tmp_120_fu_220        |    0    |    0    |    0    |
|   trunc  |        tmp_122_fu_246        |    0    |    0    |    0    |
|          |        tmp_123_fu_320        |    0    |    0    |    0    |
|          |        tmp_125_fu_376        |    0    |    0    |    0    |
|----------|------------------------------|---------|---------|---------|
| bitselect|       p_Result_s_fu_224      |    0    |    0    |    0    |
|          |        tmp_126_fu_337        |    0    |    0    |    0    |
|----------|------------------------------|---------|---------|---------|
|partselect|       exp_tmp_V_fu_232       |    0    |    0    |    0    |
|          |        tmp_124_fu_324        |    0    |    0    |    0    |
|----------|------------------------------|---------|---------|---------|
|bitconcatenate|       tmp_70_i_i_fu_250      |    0    |    0    |    0    |
|----------|------------------------------|---------|---------|---------|
|   sext   |    sh_amt_cast_i_i_fu_351    |    0    |    0    |    0    |
|          |  sh_amt_cast1309_i_i_fu_354  |    0    |    0    |    0    |
|----------|------------------------------|---------|---------|---------|
|   Total  |                              |    0    |   100   |   698   |
|----------|------------------------------|---------|---------|---------|

Memories:
N/A

* Register list:
+-----------------------+--------+
|                       |   FF   |
+-----------------------+--------+
|    exitcond_reg_497   |    1   |
|     i_i_i_reg_160     |   13   |
|       i_reg_501       |   13   |
|   input_addr_reg_513  |   12   |
|   input_load_reg_518  |   32   |
|    man_V_2_reg_524    |   54   |
|   sel_tmp12_reg_568   |    1   |
|     sh_amt_reg_538    |   12   |
|storemerge1_i_i_reg_171|   16   |
|   tmp_10_i_i_reg_545  |    1   |
|    tmp_123_reg_551    |   16   |
|    tmp_124_reg_558    |    8   |
|    tmp_126_reg_563    |    1   |
|   tmp_2_i_i_reg_506   |   64   |
|   tmp_5_i_i_reg_529   |    1   |
|   tmp_7_i_i_reg_533   |    1   |
|     tmp_8_reg_492     |   13   |
+-----------------------+--------+
|         Total         |   259  |
+-----------------------+--------+

* Multiplexer (MUX) list: 
|-------------------|------|------|------|--------||---------||---------|
|        Comp       |  Pin | Size |  BW  | S x BW ||  Delay  ||   LUT   |
|-------------------|------|------|------|--------||---------||---------|
| grp_access_fu_115 |  p0  |   2  |  12  |   24   ||    3    |
|-------------------|------|------|------|--------||---------||---------|
|       Total       |      |      |      |   24   ||  0.466  ||    3    |
|-------------------|------|------|------|--------||---------||---------|



* Summary:
+-----------+--------+--------+--------+--------+
|           | DSP48E |  Delay |   FF   |   LUT  |
+-----------+--------+--------+--------+--------+
|  Function |    0   |    -   |   100  |   698  |
|   Memory  |    -   |    -   |    -   |    -   |
|Multiplexer|    -   |    0   |    -   |    3   |
|  Register |    -   |    -   |   259  |    -   |
+-----------+--------+--------+--------+--------+
|   Total   |    0   |    0   |   359  |   701  |
+-----------+--------+--------+--------+--------+
