

================================================================
== Vivado HLS Report for 'read_input'
================================================================
* Date:           Sat Apr 19 01:58:36 2025

* Version:        2018.3 (Build 2405991 on Thu Dec 06 23:56:15 MST 2018)
* Project:        bi_lstm
* Solution:       solution1
* Product family: zynq
* Target device:  xc7z020clg400-2


================================================================
== Performance Estimates
================================================================
+ Timing (ns): 
    * Summary: 
    +--------+-------+----------+------------+
    |  Clock | Target| Estimated| Uncertainty|
    +--------+-------+----------+------------+
    |ap_clk  |  10.00|     2.771|        1.25|
    +--------+-------+----------+------------+

+ Latency (clock cycles): 
    * Summary: 
    +------+------+------+------+---------+
    |   Latency   |   Interval  | Pipeline|
    |  min |  max |  min |  max |   Type  |
    +------+------+------+------+---------+
    |  3902|  3902|  3902|  3902|   none  |
    +------+------+------+------+---------+

    + Detail: 
        * Instance: 
        N/A

        * Loop: 
        +-------------+------+------+----------+-----------+-----------+------+----------+
        |             |   Latency   | Iteration|  Initiation Interval  | Trip |          |
        |  Loop Name  |  min |  max |  Latency |  achieved |   target  | Count| Pipelined|
        +-------------+------+------+----------+-----------+-----------+------+----------+
        |- read_loop  |  3900|  3900|         1|          1|          1|  3900|    yes   |
        +-------------+------+------+----------+-----------+-----------+------+----------+



================================================================
== Utilization Estimates
================================================================
* Summary: 
+-----------------+---------+-------+--------+-------+
|       Name      | BRAM_18K| DSP48E|   FF   |  LUT  |
+-----------------+---------+-------+--------+-------+
|DSP              |        -|      -|       -|      -|
|Expression       |        -|      -|       0|     65|
|FIFO             |        -|      -|       -|      -|
|Instance         |        -|      -|       -|      -|
|Memory           |        -|      -|       -|      -|
|Multiplexer      |        -|      -|       -|     21|
|Register         |        -|      -|      85|      -|
+-----------------+---------+-------+--------+-------+
|Total            |        0|      0|      85|     86|
+-----------------+---------+-------+--------+-------+
|Available        |      280|    220|  106400|  53200|
+-----------------+---------+-------+--------+-------+
|Utilization (%)  |        0|      0|   ~0   |   ~0  |
+-----------------+---------+-------+--------+-------+

+ Detail: 
    * Instance: 
    N/A

    * DSP48: 
    N/A

    * Memory: 
    N/A

    * FIFO: 
    N/A

    * Expression: 
    +----------------------------------------+----------+-------+---+----+------------+------------+
    |              Variable Name             | Operation| DSP48E| FF| LUT| Bitwidth P0| Bitwidth P1|
    +----------------------------------------+----------+-------+---+----+------------+------------+
    |i_fu_104_p2                             |     +    |      0|  0|  12|          12|           1|
    |ap_block_state2                         |    and   |      0|  0|   1|           1|           1|
    |input_stream_V_data_V_0_load_A          |    and   |      0|  0|   1|           1|           1|
    |input_stream_V_data_V_0_load_B          |    and   |      0|  0|   1|           1|           1|
    |exitcond_i_fu_98_p2                     |   icmp   |      0|  0|   5|          12|           9|
    |input_stream_V_data_V_0_state_cmp_full  |   icmp   |      0|  0|   1|           2|           1|
    |tmp_i_fu_128_p2                         |   icmp   |      0|  0|  12|          32|           9|
    |tmp_i_49_fu_134_p3                      |  select  |      0|  0|  32|           1|           1|
    +----------------------------------------+----------+-------+---+----+------------+------------+
    |Total                                   |          |      0|  0|  65|          62|          24|
    +----------------------------------------+----------+-------+---+----+------------+------------+

    * Multiplexer: 
    +----------------------------------+----+-----------+-----+-----------+
    |               Name               | LUT| Input Size| Bits| Total Bits|
    +----------------------------------+----+-----------+-----+-----------+
    |ap_NS_fsm                         |   3|          4|    1|          4|
    |i_i_reg_87                        |   3|          2|   12|         24|
    |input_stream_TDATA_blk_n          |   3|          2|    1|          2|
    |input_stream_V_data_V_0_data_out  |   3|          2|   32|         64|
    |input_stream_V_data_V_0_state     |   3|          3|    2|          6|
    |input_stream_V_dest_V_0_state     |   3|          3|    2|          6|
    |seq_o                             |   3|          2|   32|         64|
    +----------------------------------+----+-----------+-----+-----------+
    |Total                             |  21|         18|   82|        170|
    +----------------------------------+----+-----------+-----+-----------+

    * Register: 
    +-----------------------------------+----+----+-----+-----------+
    |                Name               | FF | LUT| Bits| Const Bits|
    +-----------------------------------+----+----+-----+-----------+
    |ap_CS_fsm                          |   3|   0|    3|          0|
    |i_i_reg_87                         |  12|   0|   12|          0|
    |input_stream_V_data_V_0_payload_A  |  32|   0|   32|          0|
    |input_stream_V_data_V_0_payload_B  |  32|   0|   32|          0|
    |input_stream_V_data_V_0_sel_rd     |   1|   0|    1|          0|
    |input_stream_V_data_V_0_sel_wr     |   1|   0|    1|          0|
    |input_stream_V_data_V_0_state      |   2|   0|    2|          0|
    |input_stream_V_dest_V_0_state      |   2|   0|    2|          0|
    +-----------------------------------+----+----+-----+-----------+
    |Total                              |  85|   0|   85|          0|
    +-----------------------------------+----+----+-----+-----------+



================================================================
== Interface
================================================================
* Summary: 
+---------------------+-----+-----+------------+-----------------------+--------------+
|      RTL Ports      | Dir | Bits|  Protocol  |     Source Object     |    C Type    |
+---------------------+-----+-----+------------+-----------------------+--------------+
|ap_clk               |  in |    1| ap_ctrl_hs |       read_input      | return value |
|ap_rst               |  in |    1| ap_ctrl_hs |       read_input      | return value |
|ap_start             |  in |    1| ap_ctrl_hs |       read_input      | return value |
|ap_done              | out |    1| ap_ctrl_hs |       read_input      | return value |
|ap_idle              | out |    1| ap_ctrl_hs |       read_input      | return value |
|ap_ready             | out |    1| ap_ctrl_hs |       read_input      | return value |
|input_stream_TDATA   |  in |   32|    axis    | input_stream_V_data_V |    pointer   |
|input_stream_TVALID  |  in |    1|    axis    | input_stream_V_dest_V |    pointer   |
|input_stream_TREADY  | out |    1|    axis    | input_stream_V_dest_V |    pointer   |
|input_stream_TDEST   |  in |    1|    axis    | input_stream_V_dest_V |    pointer   |
|input_stream_TKEEP   |  in |    4|    axis    | input_stream_V_keep_V |    pointer   |
|input_stream_TSTRB   |  in |    4|    axis    | input_stream_V_strb_V |    pointer   |
|input_stream_TUSER   |  in |    1|    axis    | input_stream_V_user_V |    pointer   |
|input_stream_TLAST   |  in |    1|    axis    | input_stream_V_last_V |    pointer   |
|input_stream_TID     |  in |    1|    axis    |  input_stream_V_id_V  |    pointer   |
|input_buf_address0   | out |   12|  ap_memory |       input_buf       |     array    |
|input_buf_ce0        | out |    1|  ap_memory |       input_buf       |     array    |
|input_buf_we0        | out |    1|  ap_memory |       input_buf       |     array    |
|input_buf_d0         | out |   32|  ap_memory |       input_buf       |     array    |
|seq_i                |  in |   32|   ap_ovld  |          seq          |    pointer   |
|seq_o                | out |   32|   ap_ovld  |          seq          |    pointer   |
|seq_o_ap_vld         | out |    1|   ap_ovld  |          seq          |    pointer   |
+---------------------+-----+-----+------------+-----------------------+--------------+

============================================================
+ Verbose Summary: Synthesis Manager
============================================================
InlineROM: 1
ExposeGlobal: 0
============================================================
+ Verbose Summary: CDFG Model
============================================================
IsTopModel: 0
ResetActiveHigh: 1
IsCombinational: 2
IsDatapathOnly: 2
HasWiredReturn: 1
HasMFsm: 0
HasVarLatency: 1
IsPipeline: 0
IsRtlPipelined: 0
IsInstanceOverlapped: 0
IsDontTouch: 0
HasImplIP: 0
IsGatedGlobalClock: 0

+ Individual pipeline summary: 
  * Pipeline-0: initiation interval (II) = 1, depth = 1


============================================================
+ Verbose Summary: Schedule
============================================================
* Number of FSM states : 3
* Pipeline : 1
  Pipeline-0 : II = 1, D = 1, States = { 2 }
* Dataflow Pipeline: 0

* FSM state transitions: 
1 --> 
	2  / true
2 --> 
	3  / (exitcond_i)
	2  / (!exitcond_i)
3 --> 

* FSM state operations: 

State 1 <SV = 0> <Delay = 0.46>
ST_1 : Operation 4 [1/1] (0.00ns)   --->   "call void (...)* @_ssdm_op_SpecInterface(i32* %input_stream_V_data_V, i4* %input_stream_V_keep_V, i4* %input_stream_V_strb_V, i1* %input_stream_V_user_V, i1* %input_stream_V_last_V, i1* %input_stream_V_id_V, i1* %input_stream_V_dest_V, [5 x i8]* @p_str3, i32 1, i32 1, [5 x i8]* @p_str4, i32 0, i32 0, [1 x i8]* @p_str, [1 x i8]* @p_str, [1 x i8]* @p_str, i32 0, i32 0, i32 0, i32 0, [1 x i8]* @p_str, [1 x i8]* @p_str) nounwind"   --->   Operation 4 'specinterface' <Predicate = true> <Delay = 0.00>
ST_1 : Operation 5 [1/1] (0.46ns)   --->   "br label %0" [bi_lstm/src/rnn_top.cpp:10]   --->   Operation 5 'br' <Predicate = true> <Delay = 0.46>

State 2 <SV = 1> <Delay = 2.77>
ST_2 : Operation 6 [1/1] (0.00ns)   --->   "%i_i = phi i12 [ 0, %entry ], [ %i, %1 ]"   --->   Operation 6 'phi' 'i_i' <Predicate = true> <Delay = 0.00>
ST_2 : Operation 7 [1/1] (1.82ns)   --->   "%exitcond_i = icmp eq i12 %i_i, -196" [bi_lstm/src/rnn_top.cpp:10]   --->   Operation 7 'icmp' 'exitcond_i' <Predicate = true> <Delay = 1.82> <Core = "Cmp">   --->   Core 25 'Cmp' <Latency = 0> <II = 1> <Delay = 1.96> <FuncUnit> <Opcode : 'icmp'> <InPorts = 2> <OutPorts = 1>
ST_2 : Operation 8 [1/1] (0.00ns)   --->   "%empty = call i32 (...)* @_ssdm_op_SpecLoopTripCount(i64 3900, i64 3900, i64 3900)"   --->   Operation 8 'speclooptripcount' 'empty' <Predicate = true> <Delay = 0.00>
ST_2 : Operation 9 [1/1] (1.54ns)   --->   "%i = add i12 %i_i, 1" [bi_lstm/src/rnn_top.cpp:10]   --->   Operation 9 'add' 'i' <Predicate = true> <Delay = 1.54> <Core = "AddSub">   --->   Core 14 'AddSub' <Latency = 0> <II = 1> <Delay = 1.54> <FuncUnit> <Opcode : 'add' 'sub'> <InPorts = 2> <OutPorts = 1>
ST_2 : Operation 10 [1/1] (0.00ns)   --->   "br i1 %exitcond_i, label %read_input.exit, label %1" [bi_lstm/src/rnn_top.cpp:10]   --->   Operation 10 'br' <Predicate = true> <Delay = 0.00>
ST_2 : Operation 11 [1/1] (0.00ns)   --->   "call void (...)* @_ssdm_op_SpecLoopName([10 x i8]* @p_str1) nounwind" [bi_lstm/src/rnn_top.cpp:10]   --->   Operation 11 'specloopname' <Predicate = (!exitcond_i)> <Delay = 0.00>
ST_2 : Operation 12 [1/1] (0.00ns)   --->   "%tmp_67_i = call i32 (...)* @_ssdm_op_SpecRegionBegin([10 x i8]* @p_str1)" [bi_lstm/src/rnn_top.cpp:10]   --->   Operation 12 'specregionbegin' 'tmp_67_i' <Predicate = (!exitcond_i)> <Delay = 0.00>
ST_2 : Operation 13 [1/1] (0.00ns)   --->   "call void (...)* @_ssdm_op_SpecPipeline(i32 1, i32 1, i32 1, i32 0, [1 x i8]* @p_str) nounwind" [bi_lstm/src/rnn_top.cpp:11]   --->   Operation 13 'specpipeline' <Predicate = (!exitcond_i)> <Delay = 0.00>
ST_2 : Operation 14 [1/1] (0.00ns)   --->   "%empty_47 = call { i32, i4, i4, i1, i1, i1, i1 } @_ssdm_op_Read.axis.volatile.i32P.i4P.i4P.i1P.i1P.i1P.i1P(i32* %input_stream_V_data_V, i4* %input_stream_V_keep_V, i4* %input_stream_V_strb_V, i1* %input_stream_V_user_V, i1* %input_stream_V_last_V, i1* %input_stream_V_id_V, i1* %input_stream_V_dest_V)" [bi_lstm/src/rnn_top.cpp:12]   --->   Operation 14 'read' 'empty_47' <Predicate = (!exitcond_i)> <Delay = 0.00> <Core = "AXI4Stream">   --->   Core 5 'AXI4Stream' <Latency = 0> <II = 1> <Delay = 1.00> <Adapter> <Opcode : >
ST_2 : Operation 15 [1/1] (0.00ns)   --->   "%tmp_data_V = extractvalue { i32, i4, i4, i1, i1, i1, i1 } %empty_47, 0" [bi_lstm/src/rnn_top.cpp:12]   --->   Operation 15 'extractvalue' 'tmp_data_V' <Predicate = (!exitcond_i)> <Delay = 0.00>
ST_2 : Operation 16 [1/1] (0.00ns)   --->   "%ret = bitcast i32 %tmp_data_V to float" [bi_lstm/src/utils.h:25->bi_lstm/src/rnn_top.cpp:12]   --->   Operation 16 'bitcast' 'ret' <Predicate = (!exitcond_i)> <Delay = 0.00>
ST_2 : Operation 17 [1/1] (0.00ns)   --->   "%tmp_1_i = zext i12 %i_i to i64" [bi_lstm/src/rnn_top.cpp:12]   --->   Operation 17 'zext' 'tmp_1_i' <Predicate = (!exitcond_i)> <Delay = 0.00>
ST_2 : Operation 18 [1/1] (0.00ns)   --->   "%input_buf_addr = getelementptr [3900 x float]* %input_buf, i64 0, i64 %tmp_1_i" [bi_lstm/src/rnn_top.cpp:12]   --->   Operation 18 'getelementptr' 'input_buf_addr' <Predicate = (!exitcond_i)> <Delay = 0.00>
ST_2 : Operation 19 [1/1] (2.77ns)   --->   "store float %ret, float* %input_buf_addr, align 4" [bi_lstm/src/rnn_top.cpp:12]   --->   Operation 19 'store' <Predicate = (!exitcond_i)> <Delay = 2.77> <Core = "RAM">   --->   Core 37 'RAM' <Latency = 1> <II = 1> <Delay = 2.77> <Storage> <Opcode : 'load' 'store'> <Ports = 2> <Width = 32> <Depth = 3900> <RAM>
ST_2 : Operation 20 [1/1] (0.00ns)   --->   "%empty_48 = call i32 (...)* @_ssdm_op_SpecRegionEnd([10 x i8]* @p_str1, i32 %tmp_67_i)" [bi_lstm/src/rnn_top.cpp:13]   --->   Operation 20 'specregionend' 'empty_48' <Predicate = (!exitcond_i)> <Delay = 0.00>
ST_2 : Operation 21 [1/1] (0.00ns)   --->   "br label %0" [bi_lstm/src/rnn_top.cpp:10]   --->   Operation 21 'br' <Predicate = (!exitcond_i)> <Delay = 0.00>

State 3 <SV = 2> <Delay = 2.67>
ST_3 : Operation 22 [1/1] (0.00ns)   --->   "%seq_load = load i32* @seq, align 4" [bi_lstm/src/rnn_top.cpp:14]   --->   Operation 22 'load' 'seq_load' <Predicate = true> <Delay = 0.00>
ST_3 : Operation 23 [1/1] (1.96ns)   --->   "%tmp_i = icmp eq i32 %seq_load, 300" [bi_lstm/src/rnn_top.cpp:14]   --->   Operation 23 'icmp' 'tmp_i' <Predicate = true> <Delay = 1.96> <Core = "Cmp">   --->   Core 25 'Cmp' <Latency = 0> <II = 1> <Delay = 1.96> <FuncUnit> <Opcode : 'icmp'> <InPorts = 2> <OutPorts = 1>
ST_3 : Operation 24 [1/1] (0.70ns)   --->   "%tmp_i_49 = select i1 %tmp_i, i32 0, i32 %seq_load" [bi_lstm/src/rnn_top.cpp:14]   --->   Operation 24 'select' 'tmp_i_49' <Predicate = true> <Delay = 0.70> <Core = "Sel">   --->   Core 26 'Sel' <Latency = 0> <II = 1> <Delay = 0.70> <FuncUnit> <Opcode : 'select'> <InPorts = 3> <OutPorts = 1>
ST_3 : Operation 25 [1/1] (0.00ns)   --->   "store i32 %tmp_i_49, i32* @seq, align 4" [bi_lstm/src/rnn_top.cpp:14]   --->   Operation 25 'store' <Predicate = true> <Delay = 0.00>
ST_3 : Operation 26 [1/1] (0.00ns)   --->   "ret void"   --->   Operation 26 'ret' <Predicate = true> <Delay = 0.00>


============================================================
+ Verbose Summary: Binding
============================================================
STG Binding: 
---------------- STG Properties BEGIN ----------------
- Is combinational: 0
- Is one-state seq: 0
- Is datapath-only: 0
- Is pipelined: 0
- Is top level: 0
Port [ Return ] is wired: 1; IO mode=ap_ctrl_hs:ce=0
Port [ input_stream_V_data_V]:  wired=1; compound=1; hidden=0; nouse=0; global=0; static=0; extern=0; dir=0; type=0; pingpong=0; private_global=0; IO mode=axis:ce=0
Port [ input_stream_V_keep_V]:  wired=1; compound=1; hidden=0; nouse=0; global=0; static=0; extern=0; dir=0; type=0; pingpong=0; private_global=0; IO mode=axis:ce=0
Port [ input_stream_V_strb_V]:  wired=1; compound=1; hidden=0; nouse=0; global=0; static=0; extern=0; dir=0; type=0; pingpong=0; private_global=0; IO mode=axis:ce=0
Port [ input_stream_V_user_V]:  wired=1; compound=1; hidden=0; nouse=0; global=0; static=0; extern=0; dir=0; type=0; pingpong=0; private_global=0; IO mode=axis:ce=0
Port [ input_stream_V_last_V]:  wired=1; compound=1; hidden=0; nouse=0; global=0; static=0; extern=0; dir=0; type=0; pingpong=0; private_global=0; IO mode=axis:ce=0
Port [ input_stream_V_id_V]:  wired=1; compound=1; hidden=0; nouse=0; global=0; static=0; extern=0; dir=0; type=0; pingpong=0; private_global=0; IO mode=axis:ce=0
Port [ input_stream_V_dest_V]:  wired=1; compound=1; hidden=0; nouse=0; global=0; static=0; extern=0; dir=0; type=0; pingpong=0; private_global=0; IO mode=axis:ce=0
Port [ input_buf]:  wired=1; compound=1; hidden=0; nouse=0; global=0; static=0; extern=0; dir=1; type=1; pingpong=1; private_global=0; MemPort=[03]; IO mode=ap_memory:ce=0
Port [ seq]:  wired=1; compound=0; hidden=0; nouse=0; global=1; static=1; extern=0; dir=2; type=0; pingpong=0; private_global=0; linkage=7; visibility=0; IO mode=ap_ovld:ce=0
---------------- STG Properties END ------------------

---------------- Datapath Model BEGIN ----------------

<LifeTime>
<method=bitvector/>
StgValue_4     (specinterface    ) [ 0000]
StgValue_5     (br               ) [ 0110]
i_i            (phi              ) [ 0010]
exitcond_i     (icmp             ) [ 0010]
empty          (speclooptripcount) [ 0000]
i              (add              ) [ 0110]
StgValue_10    (br               ) [ 0000]
StgValue_11    (specloopname     ) [ 0000]
tmp_67_i       (specregionbegin  ) [ 0000]
StgValue_13    (specpipeline     ) [ 0000]
empty_47       (read             ) [ 0000]
tmp_data_V     (extractvalue     ) [ 0000]
ret            (bitcast          ) [ 0000]
tmp_1_i        (zext             ) [ 0000]
input_buf_addr (getelementptr    ) [ 0000]
StgValue_19    (store            ) [ 0000]
empty_48       (specregionend    ) [ 0000]
StgValue_21    (br               ) [ 0110]
seq_load       (load             ) [ 0000]
tmp_i          (icmp             ) [ 0000]
tmp_i_49       (select           ) [ 0000]
StgValue_25    (store            ) [ 0000]
StgValue_26    (ret              ) [ 0000]
</LifeTime>

<model>

<comp_list>
<comp id="0" class="1000" name="input_stream_V_data_V">
<pin_list>
<pin id="1" dir="1" index="0" bw="1" slack="0"/>
</pin_list>
<bind>
<StgValue><ssdm name="input_stream_V_data_V"/></StgValue>
</bind>
</comp>

<comp id="2" class="1000" name="input_stream_V_keep_V">
<pin_list>
<pin id="3" dir="1" index="0" bw="1" slack="0"/>
</pin_list>
<bind>
<StgValue><ssdm name="input_stream_V_keep_V"/></StgValue>
</bind>
</comp>

<comp id="4" class="1000" name="input_stream_V_strb_V">
<pin_list>
<pin id="5" dir="1" index="0" bw="1" slack="0"/>
</pin_list>
<bind>
<StgValue><ssdm name="input_stream_V_strb_V"/></StgValue>
</bind>
</comp>

<comp id="6" class="1000" name="input_stream_V_user_V">
<pin_list>
<pin id="7" dir="1" index="0" bw="1" slack="0"/>
</pin_list>
<bind>
<StgValue><ssdm name="input_stream_V_user_V"/></StgValue>
</bind>
</comp>

<comp id="8" class="1000" name="input_stream_V_last_V">
<pin_list>
<pin id="9" dir="1" index="0" bw="1" slack="0"/>
</pin_list>
<bind>
<StgValue><ssdm name="input_stream_V_last_V"/></StgValue>
</bind>
</comp>

<comp id="10" class="1000" name="input_stream_V_id_V">
<pin_list>
<pin id="11" dir="1" index="0" bw="1" slack="0"/>
</pin_list>
<bind>
<StgValue><ssdm name="input_stream_V_id_V"/></StgValue>
</bind>
</comp>

<comp id="12" class="1000" name="input_stream_V_dest_V">
<pin_list>
<pin id="13" dir="1" index="0" bw="1" slack="0"/>
</pin_list>
<bind>
<StgValue><ssdm name="input_stream_V_dest_V"/></StgValue>
</bind>
</comp>

<comp id="14" class="1000" name="input_buf">
<pin_list>
<pin id="15" dir="1" index="0" bw="1" slack="0"/>
</pin_list>
<bind>
<StgValue><ssdm name="input_buf"/><MemPortTyVec>0 3 </MemPortTyVec>
</StgValue>
</bind>
</comp>

<comp id="16" class="1000" name="seq">
<pin_list>
<pin id="17" dir="1" index="0" bw="1" slack="0"/>
</pin_list>
<bind>
<StgValue><ssdm name="seq"/></StgValue>
</bind>
</comp>

<comp id="18" class="1001" name="const_18">
<pin_list>
<pin id="19" dir="1" index="0" bw="1" slack="2147483647"/>
</pin_list>
<bind>
<StgValue><ssdm name="_ssdm_op_SpecInterface"/></StgValue>
</bind>
</comp>

<comp id="20" class="1001" name="const_20">
<pin_list>
<pin id="21" dir="1" index="0" bw="1" slack="2147483647"/>
</pin_list>
<bind>
<StgValue><ssdm name="p_str3"/></StgValue>
</bind>
</comp>

<comp id="22" class="1001" name="const_22">
<pin_list>
<pin id="23" dir="1" index="0" bw="1" slack="2147483647"/>
</pin_list>
<bind>
<StgValue><ssdm name=""/></StgValue>
</bind>
</comp>

<comp id="24" class="1001" name="const_24">
<pin_list>
<pin id="25" dir="1" index="0" bw="1" slack="2147483647"/>
</pin_list>
<bind>
<StgValue><ssdm name="p_str4"/></StgValue>
</bind>
</comp>

<comp id="26" class="1001" name="const_26">
<pin_list>
<pin id="27" dir="1" index="0" bw="1" slack="0"/>
</pin_list>
<bind>
<StgValue><ssdm name=""/></StgValue>
</bind>
</comp>

<comp id="28" class="1001" name="const_28">
<pin_list>
<pin id="29" dir="1" index="0" bw="1" slack="2147483647"/>
</pin_list>
<bind>
<StgValue><ssdm name="p_str"/></StgValue>
</bind>
</comp>

<comp id="30" class="1001" name="const_30">
<pin_list>
<pin id="31" dir="1" index="0" bw="1" slack="1"/>
</pin_list>
<bind>
<StgValue><ssdm name=""/></StgValue>
</bind>
</comp>

<comp id="32" class="1001" name="const_32">
<pin_list>
<pin id="33" dir="1" index="0" bw="1" slack="0"/>
</pin_list>
<bind>
<StgValue><ssdm name=""/></StgValue>
</bind>
</comp>

<comp id="34" class="1001" name="const_34">
<pin_list>
<pin id="35" dir="1" index="0" bw="1" slack="2147483647"/>
</pin_list>
<bind>
<StgValue><ssdm name="_ssdm_op_SpecLoopTripCount"/></StgValue>
</bind>
</comp>

<comp id="36" class="1001" name="const_36">
<pin_list>
<pin id="37" dir="1" index="0" bw="1" slack="2147483647"/>
</pin_list>
<bind>
<StgValue><ssdm name=""/></StgValue>
</bind>
</comp>

<comp id="38" class="1001" name="const_38">
<pin_list>
<pin id="39" dir="1" index="0" bw="1" slack="0"/>
</pin_list>
<bind>
<StgValue><ssdm name=""/></StgValue>
</bind>
</comp>

<comp id="40" class="1001" name="const_40">
<pin_list>
<pin id="41" dir="1" index="0" bw="1" slack="2147483647"/>
</pin_list>
<bind>
<StgValue><ssdm name="_ssdm_op_SpecLoopName"/></StgValue>
</bind>
</comp>

<comp id="42" class="1001" name="const_42">
<pin_list>
<pin id="43" dir="1" index="0" bw="1" slack="2147483647"/>
</pin_list>
<bind>
<StgValue><ssdm name="p_str1"/></StgValue>
</bind>
</comp>

<comp id="44" class="1001" name="const_44">
<pin_list>
<pin id="45" dir="1" index="0" bw="1" slack="2147483647"/>
</pin_list>
<bind>
<StgValue><ssdm name="_ssdm_op_SpecRegionBegin"/></StgValue>
</bind>
</comp>

<comp id="46" class="1001" name="const_46">
<pin_list>
<pin id="47" dir="1" index="0" bw="1" slack="2147483647"/>
</pin_list>
<bind>
<StgValue><ssdm name="_ssdm_op_SpecPipeline"/></StgValue>
</bind>
</comp>

<comp id="48" class="1001" name="const_48">
<pin_list>
<pin id="49" dir="1" index="0" bw="1" slack="0"/>
</pin_list>
<bind>
<StgValue><ssdm name="_ssdm_op_Read.axis.volatile.i32P.i4P.i4P.i1P.i1P.i1P.i1P"/></StgValue>
</bind>
</comp>

<comp id="50" class="1001" name="const_50">
<pin_list>
<pin id="51" dir="1" index="0" bw="1" slack="0"/>
</pin_list>
<bind>
<StgValue><ssdm name=""/></StgValue>
</bind>
</comp>

<comp id="52" class="1001" name="const_52">
<pin_list>
<pin id="53" dir="1" index="0" bw="1" slack="2147483647"/>
</pin_list>
<bind>
<StgValue><ssdm name="_ssdm_op_SpecRegionEnd"/></StgValue>
</bind>
</comp>

<comp id="54" class="1001" name="const_54">
<pin_list>
<pin id="55" dir="1" index="0" bw="1" slack="0"/>
</pin_list>
<bind>
<StgValue><ssdm name=""/></StgValue>
</bind>
</comp>

<comp id="56" class="1004" name="empty_47_read_fu_56">
<pin_list>
<pin id="57" dir="0" index="0" bw="44" slack="0"/>
<pin id="58" dir="0" index="1" bw="32" slack="0"/>
<pin id="59" dir="0" index="2" bw="4" slack="0"/>
<pin id="60" dir="0" index="3" bw="4" slack="0"/>
<pin id="61" dir="0" index="4" bw="1" slack="0"/>
<pin id="62" dir="0" index="5" bw="1" slack="0"/>
<pin id="63" dir="0" index="6" bw="1" slack="0"/>
<pin id="64" dir="0" index="7" bw="1" slack="0"/>
<pin id="65" dir="1" index="8" bw="44" slack="0"/>
</pin_list>
<bind>
<opcode="read(1150) " fcode="read"/>
<opset="empty_47/2 "/>
</bind>
</comp>

<comp id="74" class="1004" name="input_buf_addr_gep_fu_74">
<pin_list>
<pin id="75" dir="0" index="0" bw="32" slack="0"/>
<pin id="76" dir="0" index="1" bw="1" slack="0"/>
<pin id="77" dir="0" index="2" bw="12" slack="0"/>
<pin id="78" dir="1" index="3" bw="12" slack="0"/>
</pin_list>
<bind>
<opcode="getelementptr(29) " fcode="getelementptr"/>
<opset="input_buf_addr/2 "/>
</bind>
</comp>

<comp id="81" class="1004" name="StgValue_19_access_fu_81">
<pin_list>
<pin id="82" dir="0" index="0" bw="12" slack="0"/>
<pin id="83" dir="0" index="1" bw="32" slack="0"/>
<pin id="84" dir="0" index="2" bw="0" slack="2147483647"/>
<pin id="85" dir="1" index="3" bw="32" slack="2147483647"/>
</pin_list>
<bind>
<opcode="store(28) " fcode="store"/>
<opset="StgValue_19/2 "/>
</bind>
</comp>

<comp id="87" class="1005" name="i_i_reg_87">
<pin_list>
<pin id="88" dir="0" index="0" bw="12" slack="1"/>
<pin id="89" dir="1" index="1" bw="12" slack="1"/>
</pin_list>
<bind>
<opset="i_i (phireg) "/>
</bind>
</comp>

<comp id="91" class="1004" name="i_i_phi_fu_91">
<pin_list>
<pin id="92" dir="0" index="0" bw="1" slack="1"/>
<pin id="93" dir="0" index="1" bw="0" slack="2147483647"/>
<pin id="94" dir="0" index="2" bw="12" slack="0"/>
<pin id="95" dir="0" index="3" bw="0" slack="2147483647"/>
<pin id="96" dir="1" index="4" bw="12" slack="0"/>
</pin_list>
<bind>
<opcode="phi(47) " fcode="phi"/>
<opset="i_i/2 "/>
</bind>
</comp>

<comp id="98" class="1004" name="exitcond_i_fu_98">
<pin_list>
<pin id="99" dir="0" index="0" bw="12" slack="0"/>
<pin id="100" dir="0" index="1" bw="12" slack="0"/>
<pin id="101" dir="1" index="2" bw="1" slack="2147483647"/>
</pin_list>
<bind>
<opcode="icmp(45) " fcode="icmp"/>
<opset="exitcond_i/2 "/>
</bind>
</comp>

<comp id="104" class="1004" name="i_fu_104">
<pin_list>
<pin id="105" dir="0" index="0" bw="12" slack="0"/>
<pin id="106" dir="0" index="1" bw="1" slack="0"/>
<pin id="107" dir="1" index="2" bw="12" slack="0"/>
</pin_list>
<bind>
<opcode="add(8) " fcode="add"/>
<opset="i/2 "/>
</bind>
</comp>

<comp id="110" class="1004" name="tmp_data_V_fu_110">
<pin_list>
<pin id="111" dir="0" index="0" bw="44" slack="0"/>
<pin id="112" dir="1" index="1" bw="32" slack="0"/>
</pin_list>
<bind>
<opcode="extractvalue(56) " fcode="extractvalue"/>
<opset="tmp_data_V/2 "/>
</bind>
</comp>

<comp id="114" class="1004" name="ret_fu_114">
<pin_list>
<pin id="115" dir="0" index="0" bw="32" slack="0"/>
<pin id="116" dir="1" index="1" bw="32" slack="0"/>
</pin_list>
<bind>
<opcode="bitcast(44) " fcode="bitcast"/>
<opset="ret/2 "/>
</bind>
</comp>

<comp id="119" class="1004" name="tmp_1_i_fu_119">
<pin_list>
<pin id="120" dir="0" index="0" bw="12" slack="0"/>
<pin id="121" dir="1" index="1" bw="64" slack="0"/>
</pin_list>
<bind>
<opcode="zext(34) " fcode="zext"/>
<opset="tmp_1_i/2 "/>
</bind>
</comp>

<comp id="124" class="1004" name="seq_load_load_fu_124">
<pin_list>
<pin id="125" dir="0" index="0" bw="32" slack="0"/>
<pin id="126" dir="1" index="1" bw="32" slack="0"/>
</pin_list>
<bind>
<opcode="load(27) " fcode="load"/>
<opset="seq_load/3 "/>
</bind>
</comp>

<comp id="128" class="1004" name="tmp_i_fu_128">
<pin_list>
<pin id="129" dir="0" index="0" bw="32" slack="0"/>
<pin id="130" dir="0" index="1" bw="32" slack="0"/>
<pin id="131" dir="1" index="2" bw="1" slack="0"/>
</pin_list>
<bind>
<opcode="icmp(45) " fcode="icmp"/>
<opset="tmp_i/3 "/>
</bind>
</comp>

<comp id="134" class="1004" name="tmp_i_49_fu_134">
<pin_list>
<pin id="135" dir="0" index="0" bw="1" slack="0"/>
<pin id="136" dir="0" index="1" bw="32" slack="0"/>
<pin id="137" dir="0" index="2" bw="32" slack="0"/>
<pin id="138" dir="1" index="3" bw="32" slack="0"/>
</pin_list>
<bind>
<opcode="select(49) " fcode="select"/>
<opset="tmp_i_49/3 "/>
</bind>
</comp>

<comp id="142" class="1004" name="StgValue_25_store_fu_142">
<pin_list>
<pin id="143" dir="0" index="0" bw="32" slack="0"/>
<pin id="144" dir="0" index="1" bw="32" slack="0"/>
<pin id="145" dir="1" index="2" bw="0" slack="2147483647"/>
</pin_list>
<bind>
<opcode="store(28) " fcode="store"/>
<opset="StgValue_25/3 "/>
</bind>
</comp>

<comp id="151" class="1005" name="i_reg_151">
<pin_list>
<pin id="152" dir="0" index="0" bw="12" slack="0"/>
<pin id="153" dir="1" index="1" bw="12" slack="0"/>
</pin_list>
<bind>
<opset="i "/>
</bind>
</comp>

</comp_list>

<net_list>
<net id="66"><net_src comp="48" pin="0"/><net_sink comp="56" pin=0"/></net>

<net id="67"><net_src comp="0" pin="0"/><net_sink comp="56" pin=1"/></net>

<net id="68"><net_src comp="2" pin="0"/><net_sink comp="56" pin=2"/></net>

<net id="69"><net_src comp="4" pin="0"/><net_sink comp="56" pin=3"/></net>

<net id="70"><net_src comp="6" pin="0"/><net_sink comp="56" pin=4"/></net>

<net id="71"><net_src comp="8" pin="0"/><net_sink comp="56" pin=5"/></net>

<net id="72"><net_src comp="10" pin="0"/><net_sink comp="56" pin=6"/></net>

<net id="73"><net_src comp="12" pin="0"/><net_sink comp="56" pin=7"/></net>

<net id="79"><net_src comp="14" pin="0"/><net_sink comp="74" pin=0"/></net>

<net id="80"><net_src comp="50" pin="0"/><net_sink comp="74" pin=1"/></net>

<net id="86"><net_src comp="74" pin="3"/><net_sink comp="81" pin=0"/></net>

<net id="90"><net_src comp="30" pin="0"/><net_sink comp="87" pin=0"/></net>

<net id="97"><net_src comp="87" pin="1"/><net_sink comp="91" pin=0"/></net>

<net id="102"><net_src comp="91" pin="4"/><net_sink comp="98" pin=0"/></net>

<net id="103"><net_src comp="32" pin="0"/><net_sink comp="98" pin=1"/></net>

<net id="108"><net_src comp="91" pin="4"/><net_sink comp="104" pin=0"/></net>

<net id="109"><net_src comp="38" pin="0"/><net_sink comp="104" pin=1"/></net>

<net id="113"><net_src comp="56" pin="8"/><net_sink comp="110" pin=0"/></net>

<net id="117"><net_src comp="110" pin="1"/><net_sink comp="114" pin=0"/></net>

<net id="118"><net_src comp="114" pin="1"/><net_sink comp="81" pin=1"/></net>

<net id="122"><net_src comp="91" pin="4"/><net_sink comp="119" pin=0"/></net>

<net id="123"><net_src comp="119" pin="1"/><net_sink comp="74" pin=2"/></net>

<net id="127"><net_src comp="16" pin="0"/><net_sink comp="124" pin=0"/></net>

<net id="132"><net_src comp="124" pin="1"/><net_sink comp="128" pin=0"/></net>

<net id="133"><net_src comp="54" pin="0"/><net_sink comp="128" pin=1"/></net>

<net id="139"><net_src comp="128" pin="2"/><net_sink comp="134" pin=0"/></net>

<net id="140"><net_src comp="26" pin="0"/><net_sink comp="134" pin=1"/></net>

<net id="141"><net_src comp="124" pin="1"/><net_sink comp="134" pin=2"/></net>

<net id="146"><net_src comp="134" pin="3"/><net_sink comp="142" pin=0"/></net>

<net id="147"><net_src comp="16" pin="0"/><net_sink comp="142" pin=1"/></net>

<net id="154"><net_src comp="104" pin="2"/><net_sink comp="151" pin=0"/></net>

<net id="155"><net_src comp="151" pin="1"/><net_sink comp="91" pin=2"/></net>

</net_list>

</model> 
---------------- Datapath Model END ------------------

* FSMD analyzer results:
  - Output states:
	Port: input_stream_V_data_V | {}
	Port: input_stream_V_keep_V | {}
	Port: input_stream_V_strb_V | {}
	Port: input_stream_V_user_V | {}
	Port: input_stream_V_last_V | {}
	Port: input_stream_V_id_V | {}
	Port: input_stream_V_dest_V | {}
	Port: input_buf | {2 }
	Port: seq | {3 }
 - Input state : 
	Port: read_input : input_stream_V_data_V | {2 }
	Port: read_input : input_stream_V_keep_V | {2 }
	Port: read_input : input_stream_V_strb_V | {2 }
	Port: read_input : input_stream_V_user_V | {2 }
	Port: read_input : input_stream_V_last_V | {2 }
	Port: read_input : input_stream_V_id_V | {2 }
	Port: read_input : input_stream_V_dest_V | {2 }
	Port: read_input : input_buf | {}
	Port: read_input : seq | {3 }
  - Chain level:
	State 1
	State 2
		exitcond_i : 1
		i : 1
		StgValue_10 : 2
		ret : 1
		tmp_1_i : 1
		input_buf_addr : 2
		StgValue_19 : 2
		empty_48 : 1
	State 3
		tmp_i : 1
		tmp_i_49 : 2
		StgValue_25 : 3


============================================================
+ Verbose Summary: Datapath Resource usage 
============================================================

* Functional unit list:
|----------|---------------------|---------|---------|
| Operation|   Functional Unit   |    FF   |   LUT   |
|----------|---------------------|---------|---------|
|  select  |   tmp_i_49_fu_134   |    0    |    32   |
|----------|---------------------|---------|---------|
|   icmp   |   exitcond_i_fu_98  |    0    |    5    |
|          |     tmp_i_fu_128    |    0    |    12   |
|----------|---------------------|---------|---------|
|    add   |       i_fu_104      |    0    |    12   |
|----------|---------------------|---------|---------|
|   read   | empty_47_read_fu_56 |    0    |    0    |
|----------|---------------------|---------|---------|
|extractvalue|  tmp_data_V_fu_110  |    0    |    0    |
|----------|---------------------|---------|---------|
|   zext   |    tmp_1_i_fu_119   |    0    |    0    |
|----------|---------------------|---------|---------|
|   Total  |                     |    0    |    61   |
|----------|---------------------|---------|---------|

Memories:
N/A

* Register list:
+----------+--------+
|          |   FF   |
+----------+--------+
|i_i_reg_87|   12   |
| i_reg_151|   12   |
+----------+--------+
|   Total  |   24   |
+----------+--------+

* Multiplexer (MUX) list: 
|--------|------|------|------|--------|
|  Comp  |  Pin | Size |  BW  | S x BW |
|--------|------|------|------|--------|
|  Total |      |      |      |    0   |
|--------|------|------|------|--------|



* Summary:
+-----------+--------+--------+
|           |   FF   |   LUT  |
+-----------+--------+--------+
|  Function |    0   |   61   |
|   Memory  |    -   |    -   |
|Multiplexer|    -   |    -   |
|  Register |   24   |    -   |
+-----------+--------+--------+
|   Total   |   24   |   61   |
+-----------+--------+--------+
