

================================================================
== Vivado HLS Report for 'sigmoid'
================================================================
* Date:           Sat Apr 19 01:53:18 2025

* Version:        2018.3 (Build 2405991 on Thu Dec 06 23:56:15 MST 2018)
* Project:        bi_lstm
* Solution:       solution1
* Product family: zynq
* Target device:  xc7z020clg400-2


================================================================
== Performance Estimates
================================================================
+ Timing (ns): 
    * Summary: 
    +--------+-------+----------+------------+
    |  Clock | Target| Estimated| Uncertainty|
    +--------+-------+----------+------------+
    |ap_clk  |  10.00|     7.425|        1.25|
    +--------+-------+----------+------------+

+ Latency (clock cycles): 
    * Summary: 
    +-----+-----+-----+-----+---------+
    |  Latency  |  Interval | Pipeline|
    | min | max | min | max |   Type  |
    +-----+-----+-----+-----+---------+
    |   98|  112|   98|  112|   none  |
    +-----+-----+-----+-----+---------+

    + Detail: 
        * Instance: 
        N/A

        * Loop: 
        +----------+-----+-----+----------+-----------+-----------+------+----------+
        |          |  Latency  | Iteration|  Initiation Interval  | Trip |          |
        | Loop Name| min | max |  Latency |  achieved |   target  | Count| Pipelined|
        +----------+-----+-----+----------+-----------+-----------+------+----------+
        |- Loop 1  |   97|  111|  13 ~ 15 |          -|          -|     7|    no    |
        +----------+-----+-----+----------+-----------+-----------+------+----------+

============================================================
+ Verbose Summary: Synthesis Manager
============================================================
InlineROM: 1
ExposeGlobal: 0
============================================================
+ Verbose Summary: CDFG Model
============================================================
IsTopModel: 0
ResetActiveHigh: 1
IsCombinational: 0
IsDatapathOnly: 0
HasWiredReturn: 1
HasMFsm: 0
HasVarLatency: 1
IsPipeline: 0
IsRtlPipelined: 0
IsInstanceOverlapped: 0
IsDontTouch: 0
HasImplIP: 0
IsGatedGlobalClock: 0


============================================================
+ Verbose Summary: Schedule
============================================================
* Number of FSM states : 16
* Pipeline : 0
* Dataflow Pipeline: 0

* FSM state transitions: 
1 --> 
	2  / true
2 --> 
	3  / true
3 --> 
	5  / (tmp_9) | (tmp_s)
	4  / (!tmp_s & !tmp_9)
4 --> 
	5  / true
5 --> 
	6  / true
6 --> 
	8  / (tmp_9_1) | (tmp_1_46)
	7  / (!tmp_1_46 & !tmp_9_1)
7 --> 
	8  / true
8 --> 
	9  / (!exitcond_2)
9 --> 
	10  / true
10 --> 
	11  / true
11 --> 
	12  / true
12 --> 
	13  / true
13 --> 
	14  / true
14 --> 
	15  / true
15 --> 
	16  / true
16 --> 
	2  / true

* FSM state operations: 

State 1 <SV = 0> <Delay = 0.46>
ST_1 : Operation 17 [1/1] (0.00ns)   --->   "call void (...)* @_ssdm_op_SpecMemCore([256 x i15]* @sigmoid_lut_V, [1 x i8]* @p_str22, [12 x i8]* @p_str40, [1 x i8]* @p_str22, i32 -1, [1 x i8]* @p_str22, [1 x i8]* @p_str22, [1 x i8]* @p_str22, [1 x i8]* @p_str22, [1 x i8]* @p_str22)"   --->   Operation 17 'specmemcore' <Predicate = true> <Delay = 0.00>
ST_1 : Operation 18 [1/1] (0.46ns)   --->   "br label %_ZN8ap_fixedILi16ELi5EL9ap_q_mode5EL9ap_o_mode3ELi0EEC1Ei.exit.0" [bi_lstm/src/rnn.cpp:52]   --->   Operation 18 'br' <Predicate = true> <Delay = 0.46>

State 2 <SV = 1> <Delay = 1.75>
ST_2 : Operation 19 [1/1] (0.00ns)   --->   "%i = phi i32 [ 0, %0 ], [ %i_3_7, %_ZN8ap_fixedILi16ELi5EL9ap_q_mode5EL9ap_o_mode3ELi0EEC1Ei.exit.2_ifconv ]" [bi_lstm/src/rnn.cpp:52]   --->   Operation 19 'phi' 'i' <Predicate = true> <Delay = 0.00>
ST_2 : Operation 20 [1/1] (0.00ns)   --->   "%newIndex = call i29 @_ssdm_op_PartSelect.i29.i32.i32.i32(i32 %i, i32 3, i32 31)" [bi_lstm/src/rnn.cpp:54]   --->   Operation 20 'partselect' 'newIndex' <Predicate = true> <Delay = 0.00>
ST_2 : Operation 21 [1/1] (0.00ns)   --->   "%newIndex2 = zext i29 %newIndex to i64" [bi_lstm/src/rnn.cpp:54]   --->   Operation 21 'zext' 'newIndex2' <Predicate = true> <Delay = 0.00>
ST_2 : Operation 22 [1/1] (0.00ns)   --->   "%x_0_V_addr = getelementptr [7 x i16]* %res_0_V, i64 0, i64 %newIndex2" [bi_lstm/src/rnn.cpp:54]   --->   Operation 22 'getelementptr' 'x_0_V_addr' <Predicate = true> <Delay = 0.00>
ST_2 : Operation 23 [2/2] (1.75ns)   --->   "%x_0_V_load = load i16* %x_0_V_addr, align 2" [bi_lstm/src/rnn.cpp:54]   --->   Operation 23 'load' 'x_0_V_load' <Predicate = true> <Delay = 1.75> <Core = "RAM">   --->   Core 37 'RAM' <Latency = 1> <II = 1> <Delay = 1.75> <Storage> <Opcode : 'load' 'store'> <Ports = 2> <Width = 16> <Depth = 6> <RAM>

State 3 <SV = 2> <Delay = 7.42>
ST_3 : Operation 24 [1/1] (0.00ns)   --->   "%empty = call i32 (...)* @_ssdm_op_SpecLoopTripCount(i64 7, i64 7, i64 7)"   --->   Operation 24 'speclooptripcount' 'empty' <Predicate = true> <Delay = 0.00>
ST_3 : Operation 25 [1/2] (1.75ns)   --->   "%x_0_V_load = load i16* %x_0_V_addr, align 2" [bi_lstm/src/rnn.cpp:54]   --->   Operation 25 'load' 'x_0_V_load' <Predicate = true> <Delay = 1.75> <Core = "RAM">   --->   Core 37 'RAM' <Latency = 1> <II = 1> <Delay = 1.75> <Storage> <Opcode : 'load' 'store'> <Ports = 2> <Width = 16> <Depth = 6> <RAM>
ST_3 : Operation 26 [1/1] (2.13ns)   --->   "%tmp_s = icmp sgt i16 %x_0_V_load, 16384" [bi_lstm/src/rnn.cpp:54]   --->   Operation 26 'icmp' 'tmp_s' <Predicate = true> <Delay = 2.13> <Core = "Cmp">   --->   Core 25 'Cmp' <Latency = 0> <II = 1> <Delay = 1.98> <FuncUnit> <Opcode : 'icmp'> <InPorts = 2> <OutPorts = 1>
ST_3 : Operation 27 [1/1] (0.79ns)   --->   "br i1 %tmp_s, label %branch112, label %_ZN8ap_fixedILi16ELi5EL9ap_q_mode5EL9ap_o_mode3ELi0EEC1Ei.exit60.0" [bi_lstm/src/rnn.cpp:54]   --->   Operation 27 'br' <Predicate = true> <Delay = 0.79>
ST_3 : Operation 28 [1/1] (2.13ns)   --->   "%tmp_9 = icmp slt i16 %x_0_V_load, -16384" [bi_lstm/src/rnn.cpp:55]   --->   Operation 28 'icmp' 'tmp_9' <Predicate = (!tmp_s)> <Delay = 2.13> <Core = "Cmp">   --->   Core 25 'Cmp' <Latency = 0> <II = 1> <Delay = 1.98> <FuncUnit> <Opcode : 'icmp'> <InPorts = 2> <OutPorts = 1>
ST_3 : Operation 29 [1/1] (0.79ns)   --->   "br i1 %tmp_9, label %branch112, label %_ZN8ap_fixedILi16ELi9EL9ap_q_mode5EL9ap_o_mode3ELi0EEC1ILi16ELi5ELb1ELS0_5ELS1_3ELi0EEERK13ap_fixed_baseIXT_EXT0_EXT1_EXT2_EXT3_EXT4_EE.exit.0_ifconv" [bi_lstm/src/rnn.cpp:55]   --->   Operation 29 'br' <Predicate = (!tmp_s)> <Delay = 0.79>
ST_3 : Operation 30 [1/1] (0.00ns)   --->   "%tmp_35 = call i12 @_ssdm_op_PartSelect.i12.i16.i32.i32(i16 %x_0_V_load, i32 4, i32 15)" [bi_lstm/src/rnn.cpp:57]   --->   Operation 30 'partselect' 'tmp_35' <Predicate = (!tmp_s & !tmp_9)> <Delay = 0.00>
ST_3 : Operation 31 [1/1] (0.00ns)   --->   "%lhs_V_cast = sext i12 %tmp_35 to i13" [bi_lstm/src/rnn.cpp:57]   --->   Operation 31 'sext' 'lhs_V_cast' <Predicate = (!tmp_s & !tmp_9)> <Delay = 0.00>
ST_3 : Operation 32 [1/1] (1.54ns)   --->   "%ret_V = add i13 1024, %lhs_V_cast" [bi_lstm/src/rnn.cpp:57]   --->   Operation 32 'add' 'ret_V' <Predicate = (!tmp_s & !tmp_9)> <Delay = 1.54> <Core = "AddSub">   --->   Core 14 'AddSub' <Latency = 0> <II = 1> <Delay = 1.89> <FuncUnit> <Opcode : 'add' 'sub'> <InPorts = 2> <OutPorts = 1>
ST_3 : Operation 33 [1/1] (0.00ns)   --->   "%p_shl = call i24 @_ssdm_op_BitConcatenate.i24.i13.i11(i13 %ret_V, i11 0)" [bi_lstm/src/rnn.cpp:57]   --->   Operation 33 'bitconcatenate' 'p_shl' <Predicate = (!tmp_s & !tmp_9)> <Delay = 0.00>
ST_3 : Operation 34 [1/1] (0.00ns)   --->   "%p_shl2 = call i16 @_ssdm_op_BitConcatenate.i16.i13.i3(i13 %ret_V, i3 0)" [bi_lstm/src/rnn.cpp:57]   --->   Operation 34 'bitconcatenate' 'p_shl2' <Predicate = (!tmp_s & !tmp_9)> <Delay = 0.00>
ST_3 : Operation 35 [1/1] (0.00ns)   --->   "%p_shl2_cast = sext i16 %p_shl2 to i24" [bi_lstm/src/rnn.cpp:57]   --->   Operation 35 'sext' 'p_shl2_cast' <Predicate = (!tmp_s & !tmp_9)> <Delay = 0.00>
ST_3 : Operation 36 [1/1] (1.68ns)   --->   "%r_V_4 = sub i24 %p_shl, %p_shl2_cast" [bi_lstm/src/rnn.cpp:57]   --->   Operation 36 'sub' 'r_V_4' <Predicate = (!tmp_s & !tmp_9)> <Delay = 1.68> <Core = "AddSub">   --->   Core 14 'AddSub' <Latency = 0> <II = 1> <Delay = 1.89> <FuncUnit> <Opcode : 'add' 'sub'> <InPorts = 2> <OutPorts = 1>
ST_3 : Operation 37 [1/1] (0.00ns) (grouped into LUT with out node tmp_64)   --->   "%tmp_100 = call i1 @_ssdm_op_BitSelect.i1.i24.i32(i24 %r_V_4, i32 23)" [bi_lstm/src/rnn.cpp:57]   --->   Operation 37 'bitselect' 'tmp_100' <Predicate = (!tmp_s & !tmp_9)> <Delay = 0.00>
ST_3 : Operation 38 [1/1] (0.00ns)   --->   "%tmp_101 = trunc i24 %r_V_4 to i14" [bi_lstm/src/rnn.cpp:57]   --->   Operation 38 'trunc' 'tmp_101' <Predicate = (!tmp_s & !tmp_9)> <Delay = 0.00>
ST_3 : Operation 39 [1/1] (1.98ns)   --->   "%tmp_12 = icmp eq i14 %tmp_101, 0" [bi_lstm/src/rnn.cpp:57]   --->   Operation 39 'icmp' 'tmp_12' <Predicate = (!tmp_s & !tmp_9)> <Delay = 1.98> <Core = "Cmp">   --->   Core 25 'Cmp' <Latency = 0> <II = 1> <Delay = 1.98> <FuncUnit> <Opcode : 'icmp'> <InPorts = 2> <OutPorts = 1>
ST_3 : Operation 40 [1/1] (0.00ns)   --->   "%tmp_58 = call i8 @_ssdm_op_PartSelect.i8.i24.i32.i32(i24 %r_V_4, i32 14, i32 21)" [bi_lstm/src/rnn.cpp:57]   --->   Operation 40 'partselect' 'tmp_58' <Predicate = (!tmp_s & !tmp_9)> <Delay = 0.00>
ST_3 : Operation 41 [1/1] (1.30ns)   --->   "%tmp_60 = add i8 1, %tmp_58" [bi_lstm/src/rnn.cpp:57]   --->   Operation 41 'add' 'tmp_60' <Predicate = (!tmp_s & !tmp_9)> <Delay = 1.30> <Core = "AddSub">   --->   Core 14 'AddSub' <Latency = 0> <II = 1> <Delay = 1.89> <FuncUnit> <Opcode : 'add' 'sub'> <InPorts = 2> <OutPorts = 1>
ST_3 : Operation 42 [1/1] (0.00ns) (grouped into LUT with out node tmp_64)   --->   "%tmp_62 = select i1 %tmp_12, i8 %tmp_58, i8 %tmp_60" [bi_lstm/src/rnn.cpp:57]   --->   Operation 42 'select' 'tmp_62' <Predicate = (!tmp_s & !tmp_9)> <Delay = 0.00> <Core = "Sel">   --->   Core 26 'Sel' <Latency = 0> <II = 1> <Delay = 0.59> <FuncUnit> <Opcode : 'select'> <InPorts = 3> <OutPorts = 1>
ST_3 : Operation 43 [1/1] (0.44ns) (out node of the LUT)   --->   "%tmp_64 = select i1 %tmp_100, i8 %tmp_62, i8 %tmp_58" [bi_lstm/src/rnn.cpp:57]   --->   Operation 43 'select' 'tmp_64' <Predicate = (!tmp_s & !tmp_9)> <Delay = 0.44> <Core = "Sel">   --->   Core 26 'Sel' <Latency = 0> <II = 1> <Delay = 0.59> <FuncUnit> <Opcode : 'select'> <InPorts = 3> <OutPorts = 1>

State 4 <SV = 3> <Delay = 2.77>
ST_4 : Operation 44 [1/1] (0.00ns)   --->   "%tmp_13 = zext i8 %tmp_64 to i64" [bi_lstm/src/rnn.cpp:58]   --->   Operation 44 'zext' 'tmp_13' <Predicate = true> <Delay = 0.00>
ST_4 : Operation 45 [1/1] (0.00ns)   --->   "%sigmoid_lut_V_addr = getelementptr [256 x i15]* @sigmoid_lut_V, i64 0, i64 %tmp_13" [bi_lstm/src/rnn.cpp:58]   --->   Operation 45 'getelementptr' 'sigmoid_lut_V_addr' <Predicate = true> <Delay = 0.00>
ST_4 : Operation 46 [2/2] (2.77ns)   --->   "%sigmoid_lut_V_load = load i15* %sigmoid_lut_V_addr, align 2" [bi_lstm/src/rnn.cpp:58]   --->   Operation 46 'load' 'sigmoid_lut_V_load' <Predicate = true> <Delay = 2.77> <Core = "ROM_1P_BRAM">   --->   Core 61 'ROM_1P_BRAM' <Latency = 1> <II = 1> <Delay = 2.77> <Storage> <Opcode : 'load'> <Ports = 1> <Width = 15> <Depth = 256> <ROM>

State 5 <SV = 4> <Delay = 2.77>
ST_5 : Operation 47 [1/2] (2.77ns)   --->   "%sigmoid_lut_V_load = load i15* %sigmoid_lut_V_addr, align 2" [bi_lstm/src/rnn.cpp:58]   --->   Operation 47 'load' 'sigmoid_lut_V_load' <Predicate = (!tmp_s & !tmp_9)> <Delay = 2.77> <Core = "ROM_1P_BRAM">   --->   Core 61 'ROM_1P_BRAM' <Latency = 1> <II = 1> <Delay = 2.77> <Storage> <Opcode : 'load'> <Ports = 1> <Width = 15> <Depth = 256> <ROM>
ST_5 : Operation 48 [1/1] (0.00ns)   --->   "%tmp = call i11 @_ssdm_op_PartSelect.i11.i15.i32.i32(i15 %sigmoid_lut_V_load, i32 4, i32 14)" [bi_lstm/src/rnn.cpp:58]   --->   Operation 48 'partselect' 'tmp' <Predicate = (!tmp_s & !tmp_9)> <Delay = 0.00>
ST_5 : Operation 49 [1/1] (0.00ns)   --->   "%tmp_37 = zext i11 %tmp to i12" [bi_lstm/src/rnn.cpp:58]   --->   Operation 49 'zext' 'tmp_37' <Predicate = (!tmp_s & !tmp_9)> <Delay = 0.00>
ST_5 : Operation 50 [1/1] (0.79ns)   --->   "br label %branch112"   --->   Operation 50 'br' <Predicate = (!tmp_s & !tmp_9)> <Delay = 0.79>
ST_5 : Operation 51 [1/1] (0.00ns)   --->   "%x_1_V_addr = getelementptr [7 x i16]* %res_1_V, i64 0, i64 %newIndex2" [bi_lstm/src/rnn.cpp:54]   --->   Operation 51 'getelementptr' 'x_1_V_addr' <Predicate = true> <Delay = 0.00>
ST_5 : Operation 52 [2/2] (1.75ns)   --->   "%x_1_V_load = load i16* %x_1_V_addr, align 2" [bi_lstm/src/rnn.cpp:54]   --->   Operation 52 'load' 'x_1_V_load' <Predicate = true> <Delay = 1.75> <Core = "RAM">   --->   Core 37 'RAM' <Latency = 1> <II = 1> <Delay = 1.75> <Storage> <Opcode : 'load' 'store'> <Ports = 2> <Width = 16> <Depth = 6> <RAM>

State 6 <SV = 5> <Delay = 7.42>
ST_6 : Operation 53 [1/1] (0.00ns)   --->   "%storemerge1 = phi i12 [ -2048, %_ZN8ap_fixedILi16ELi5EL9ap_q_mode5EL9ap_o_mode3ELi0EEC1Ei.exit.0 ], [ %tmp_37, %_ZN8ap_fixedILi16ELi9EL9ap_q_mode5EL9ap_o_mode3ELi0EEC1ILi16ELi5ELb1ELS0_5ELS1_3ELi0EEERK13ap_fixed_baseIXT_EXT0_EXT1_EXT2_EXT3_EXT4_EE.exit.0_ifconv ], [ 0, %_ZN8ap_fixedILi16ELi5EL9ap_q_mode5EL9ap_o_mode3ELi0EEC1Ei.exit60.0 ]" [bi_lstm/src/rnn.cpp:58]   --->   Operation 53 'phi' 'storemerge1' <Predicate = true> <Delay = 0.00>
ST_6 : Operation 54 [1/1] (0.00ns)   --->   "%storemerge1_cast = zext i12 %storemerge1 to i16" [bi_lstm/src/rnn.cpp:54]   --->   Operation 54 'zext' 'storemerge1_cast' <Predicate = true> <Delay = 0.00>
ST_6 : Operation 55 [1/1] (1.75ns)   --->   "store i16 %storemerge1_cast, i16* %x_0_V_addr, align 2" [bi_lstm/src/rnn.cpp:54]   --->   Operation 55 'store' <Predicate = true> <Delay = 1.75> <Core = "RAM">   --->   Core 37 'RAM' <Latency = 1> <II = 1> <Delay = 1.75> <Storage> <Opcode : 'load' 'store'> <Ports = 2> <Width = 16> <Depth = 6> <RAM>
ST_6 : Operation 56 [1/2] (1.75ns)   --->   "%x_1_V_load = load i16* %x_1_V_addr, align 2" [bi_lstm/src/rnn.cpp:54]   --->   Operation 56 'load' 'x_1_V_load' <Predicate = true> <Delay = 1.75> <Core = "RAM">   --->   Core 37 'RAM' <Latency = 1> <II = 1> <Delay = 1.75> <Storage> <Opcode : 'load' 'store'> <Ports = 2> <Width = 16> <Depth = 6> <RAM>
ST_6 : Operation 57 [1/1] (2.13ns)   --->   "%tmp_1_46 = icmp sgt i16 %x_1_V_load, 16384" [bi_lstm/src/rnn.cpp:54]   --->   Operation 57 'icmp' 'tmp_1_46' <Predicate = true> <Delay = 2.13> <Core = "Cmp">   --->   Core 25 'Cmp' <Latency = 0> <II = 1> <Delay = 1.98> <FuncUnit> <Opcode : 'icmp'> <InPorts = 2> <OutPorts = 1>
ST_6 : Operation 58 [1/1] (0.79ns)   --->   "br i1 %tmp_1_46, label %branch97, label %_ZN8ap_fixedILi16ELi5EL9ap_q_mode5EL9ap_o_mode3ELi0EEC1Ei.exit60.1" [bi_lstm/src/rnn.cpp:54]   --->   Operation 58 'br' <Predicate = true> <Delay = 0.79>
ST_6 : Operation 59 [1/1] (2.13ns)   --->   "%tmp_9_1 = icmp slt i16 %x_1_V_load, -16384" [bi_lstm/src/rnn.cpp:55]   --->   Operation 59 'icmp' 'tmp_9_1' <Predicate = (!tmp_1_46)> <Delay = 2.13> <Core = "Cmp">   --->   Core 25 'Cmp' <Latency = 0> <II = 1> <Delay = 1.98> <FuncUnit> <Opcode : 'icmp'> <InPorts = 2> <OutPorts = 1>
ST_6 : Operation 60 [1/1] (0.79ns)   --->   "br i1 %tmp_9_1, label %branch97, label %_ZN8ap_fixedILi16ELi9EL9ap_q_mode5EL9ap_o_mode3ELi0EEC1ILi16ELi5ELb1ELS0_5ELS1_3ELi0EEERK13ap_fixed_baseIXT_EXT0_EXT1_EXT2_EXT3_EXT4_EE.exit.1_ifconv" [bi_lstm/src/rnn.cpp:55]   --->   Operation 60 'br' <Predicate = (!tmp_1_46)> <Delay = 0.79>
ST_6 : Operation 61 [1/1] (0.00ns)   --->   "%tmp_39 = call i12 @_ssdm_op_PartSelect.i12.i16.i32.i32(i16 %x_1_V_load, i32 4, i32 15)" [bi_lstm/src/rnn.cpp:57]   --->   Operation 61 'partselect' 'tmp_39' <Predicate = (!tmp_1_46 & !tmp_9_1)> <Delay = 0.00>
ST_6 : Operation 62 [1/1] (0.00ns)   --->   "%lhs_V_1_cast = sext i12 %tmp_39 to i13" [bi_lstm/src/rnn.cpp:57]   --->   Operation 62 'sext' 'lhs_V_1_cast' <Predicate = (!tmp_1_46 & !tmp_9_1)> <Delay = 0.00>
ST_6 : Operation 63 [1/1] (1.54ns)   --->   "%ret_V_1 = add i13 1024, %lhs_V_1_cast" [bi_lstm/src/rnn.cpp:57]   --->   Operation 63 'add' 'ret_V_1' <Predicate = (!tmp_1_46 & !tmp_9_1)> <Delay = 1.54> <Core = "AddSub">   --->   Core 14 'AddSub' <Latency = 0> <II = 1> <Delay = 1.89> <FuncUnit> <Opcode : 'add' 'sub'> <InPorts = 2> <OutPorts = 1>
ST_6 : Operation 64 [1/1] (0.00ns)   --->   "%p_shl_1 = call i24 @_ssdm_op_BitConcatenate.i24.i13.i11(i13 %ret_V_1, i11 0)" [bi_lstm/src/rnn.cpp:57]   --->   Operation 64 'bitconcatenate' 'p_shl_1' <Predicate = (!tmp_1_46 & !tmp_9_1)> <Delay = 0.00>
ST_6 : Operation 65 [1/1] (0.00ns)   --->   "%p_shl2_1 = call i16 @_ssdm_op_BitConcatenate.i16.i13.i3(i13 %ret_V_1, i3 0)" [bi_lstm/src/rnn.cpp:57]   --->   Operation 65 'bitconcatenate' 'p_shl2_1' <Predicate = (!tmp_1_46 & !tmp_9_1)> <Delay = 0.00>
ST_6 : Operation 66 [1/1] (0.00ns)   --->   "%p_shl2_1_cast = sext i16 %p_shl2_1 to i24" [bi_lstm/src/rnn.cpp:57]   --->   Operation 66 'sext' 'p_shl2_1_cast' <Predicate = (!tmp_1_46 & !tmp_9_1)> <Delay = 0.00>
ST_6 : Operation 67 [1/1] (1.68ns)   --->   "%r_V_4_1 = sub i24 %p_shl_1, %p_shl2_1_cast" [bi_lstm/src/rnn.cpp:57]   --->   Operation 67 'sub' 'r_V_4_1' <Predicate = (!tmp_1_46 & !tmp_9_1)> <Delay = 1.68> <Core = "AddSub">   --->   Core 14 'AddSub' <Latency = 0> <II = 1> <Delay = 1.89> <FuncUnit> <Opcode : 'add' 'sub'> <InPorts = 2> <OutPorts = 1>
ST_6 : Operation 68 [1/1] (0.00ns) (grouped into LUT with out node tmp_69)   --->   "%tmp_102 = call i1 @_ssdm_op_BitSelect.i1.i24.i32(i24 %r_V_4_1, i32 23)" [bi_lstm/src/rnn.cpp:57]   --->   Operation 68 'bitselect' 'tmp_102' <Predicate = (!tmp_1_46 & !tmp_9_1)> <Delay = 0.00>
ST_6 : Operation 69 [1/1] (0.00ns)   --->   "%tmp_103 = trunc i24 %r_V_4_1 to i14" [bi_lstm/src/rnn.cpp:57]   --->   Operation 69 'trunc' 'tmp_103' <Predicate = (!tmp_1_46 & !tmp_9_1)> <Delay = 0.00>
ST_6 : Operation 70 [1/1] (1.98ns)   --->   "%tmp_12_1 = icmp eq i14 %tmp_103, 0" [bi_lstm/src/rnn.cpp:57]   --->   Operation 70 'icmp' 'tmp_12_1' <Predicate = (!tmp_1_46 & !tmp_9_1)> <Delay = 1.98> <Core = "Cmp">   --->   Core 25 'Cmp' <Latency = 0> <II = 1> <Delay = 1.98> <FuncUnit> <Opcode : 'icmp'> <InPorts = 2> <OutPorts = 1>
ST_6 : Operation 71 [1/1] (0.00ns)   --->   "%tmp_66 = call i8 @_ssdm_op_PartSelect.i8.i24.i32.i32(i24 %r_V_4_1, i32 14, i32 21)" [bi_lstm/src/rnn.cpp:57]   --->   Operation 71 'partselect' 'tmp_66' <Predicate = (!tmp_1_46 & !tmp_9_1)> <Delay = 0.00>
ST_6 : Operation 72 [1/1] (1.30ns)   --->   "%tmp_67 = add i8 1, %tmp_66" [bi_lstm/src/rnn.cpp:57]   --->   Operation 72 'add' 'tmp_67' <Predicate = (!tmp_1_46 & !tmp_9_1)> <Delay = 1.30> <Core = "AddSub">   --->   Core 14 'AddSub' <Latency = 0> <II = 1> <Delay = 1.89> <FuncUnit> <Opcode : 'add' 'sub'> <InPorts = 2> <OutPorts = 1>
ST_6 : Operation 73 [1/1] (0.00ns) (grouped into LUT with out node tmp_69)   --->   "%tmp_68 = select i1 %tmp_12_1, i8 %tmp_66, i8 %tmp_67" [bi_lstm/src/rnn.cpp:57]   --->   Operation 73 'select' 'tmp_68' <Predicate = (!tmp_1_46 & !tmp_9_1)> <Delay = 0.00> <Core = "Sel">   --->   Core 26 'Sel' <Latency = 0> <II = 1> <Delay = 0.59> <FuncUnit> <Opcode : 'select'> <InPorts = 3> <OutPorts = 1>
ST_6 : Operation 74 [1/1] (0.44ns) (out node of the LUT)   --->   "%tmp_69 = select i1 %tmp_102, i8 %tmp_68, i8 %tmp_66" [bi_lstm/src/rnn.cpp:57]   --->   Operation 74 'select' 'tmp_69' <Predicate = (!tmp_1_46 & !tmp_9_1)> <Delay = 0.44> <Core = "Sel">   --->   Core 26 'Sel' <Latency = 0> <II = 1> <Delay = 0.59> <FuncUnit> <Opcode : 'select'> <InPorts = 3> <OutPorts = 1>

State 7 <SV = 6> <Delay = 2.77>
ST_7 : Operation 75 [1/1] (0.00ns)   --->   "%tmp_13_1 = zext i8 %tmp_69 to i64" [bi_lstm/src/rnn.cpp:58]   --->   Operation 75 'zext' 'tmp_13_1' <Predicate = true> <Delay = 0.00>
ST_7 : Operation 76 [1/1] (0.00ns)   --->   "%sigmoid_lut_V_addr_1 = getelementptr [256 x i15]* @sigmoid_lut_V, i64 0, i64 %tmp_13_1" [bi_lstm/src/rnn.cpp:58]   --->   Operation 76 'getelementptr' 'sigmoid_lut_V_addr_1' <Predicate = true> <Delay = 0.00>
ST_7 : Operation 77 [2/2] (2.77ns)   --->   "%sigmoid_lut_V_load_1 = load i15* %sigmoid_lut_V_addr_1, align 2" [bi_lstm/src/rnn.cpp:58]   --->   Operation 77 'load' 'sigmoid_lut_V_load_1' <Predicate = true> <Delay = 2.77> <Core = "ROM_1P_BRAM">   --->   Core 61 'ROM_1P_BRAM' <Latency = 1> <II = 1> <Delay = 2.77> <Storage> <Opcode : 'load'> <Ports = 1> <Width = 15> <Depth = 256> <ROM>

State 8 <SV = 7> <Delay = 5.32>
ST_8 : Operation 78 [1/2] (2.77ns)   --->   "%sigmoid_lut_V_load_1 = load i15* %sigmoid_lut_V_addr_1, align 2" [bi_lstm/src/rnn.cpp:58]   --->   Operation 78 'load' 'sigmoid_lut_V_load_1' <Predicate = (!tmp_1_46 & !tmp_9_1)> <Delay = 2.77> <Core = "ROM_1P_BRAM">   --->   Core 61 'ROM_1P_BRAM' <Latency = 1> <II = 1> <Delay = 2.77> <Storage> <Opcode : 'load'> <Ports = 1> <Width = 15> <Depth = 256> <ROM>
ST_8 : Operation 79 [1/1] (0.00ns)   --->   "%tmp_1 = call i11 @_ssdm_op_PartSelect.i11.i15.i32.i32(i15 %sigmoid_lut_V_load_1, i32 4, i32 14)" [bi_lstm/src/rnn.cpp:58]   --->   Operation 79 'partselect' 'tmp_1' <Predicate = (!tmp_1_46 & !tmp_9_1)> <Delay = 0.00>
ST_8 : Operation 80 [1/1] (0.00ns)   --->   "%tmp_41 = zext i11 %tmp_1 to i12" [bi_lstm/src/rnn.cpp:58]   --->   Operation 80 'zext' 'tmp_41' <Predicate = (!tmp_1_46 & !tmp_9_1)> <Delay = 0.00>
ST_8 : Operation 81 [1/1] (0.79ns)   --->   "br label %branch97"   --->   Operation 81 'br' <Predicate = (!tmp_1_46 & !tmp_9_1)> <Delay = 0.79>
ST_8 : Operation 82 [1/1] (0.00ns)   --->   "%storemerge1_1 = phi i12 [ -2048, %branch112 ], [ %tmp_41, %_ZN8ap_fixedILi16ELi9EL9ap_q_mode5EL9ap_o_mode3ELi0EEC1ILi16ELi5ELb1ELS0_5ELS1_3ELi0EEERK13ap_fixed_baseIXT_EXT0_EXT1_EXT2_EXT3_EXT4_EE.exit.1_ifconv ], [ 0, %_ZN8ap_fixedILi16ELi5EL9ap_q_mode5EL9ap_o_mode3ELi0EEC1Ei.exit60.1 ]" [bi_lstm/src/rnn.cpp:58]   --->   Operation 82 'phi' 'storemerge1_1' <Predicate = true> <Delay = 0.00>
ST_8 : Operation 83 [1/1] (0.00ns)   --->   "%storemerge1_1_cast = zext i12 %storemerge1_1 to i16" [bi_lstm/src/rnn.cpp:54]   --->   Operation 83 'zext' 'storemerge1_1_cast' <Predicate = true> <Delay = 0.00>
ST_8 : Operation 84 [1/1] (1.75ns)   --->   "store i16 %storemerge1_1_cast, i16* %x_1_V_addr, align 2" [bi_lstm/src/rnn.cpp:54]   --->   Operation 84 'store' <Predicate = true> <Delay = 1.75> <Core = "RAM">   --->   Core 37 'RAM' <Latency = 1> <II = 1> <Delay = 1.75> <Storage> <Opcode : 'load' 'store'> <Ports = 2> <Width = 16> <Depth = 6> <RAM>
ST_8 : Operation 85 [1/1] (0.00ns) (grouped into LUT with out node exitcond_2)   --->   "%i_3_s = or i32 %i, 2" [bi_lstm/src/rnn.cpp:52]   --->   Operation 85 'or' 'i_3_s' <Predicate = true> <Delay = 0.00>
ST_8 : Operation 86 [1/1] (1.96ns) (out node of the LUT)   --->   "%exitcond_2 = icmp eq i32 %i_3_s, 50" [bi_lstm/src/rnn.cpp:52]   --->   Operation 86 'icmp' 'exitcond_2' <Predicate = true> <Delay = 1.96> <Core = "Cmp">   --->   Core 25 'Cmp' <Latency = 0> <II = 1> <Delay = 1.98> <FuncUnit> <Opcode : 'icmp'> <InPorts = 2> <OutPorts = 1>
ST_8 : Operation 87 [1/1] (0.00ns)   --->   "br i1 %exitcond_2, label %1, label %_ZN8ap_fixedILi16ELi5EL9ap_q_mode5EL9ap_o_mode3ELi0EEC1Ei.exit.2_ifconv" [bi_lstm/src/rnn.cpp:52]   --->   Operation 87 'br' <Predicate = true> <Delay = 0.00>
ST_8 : Operation 88 [1/1] (0.00ns)   --->   "%x_2_V_addr = getelementptr [6 x i16]* %res_2_V, i64 0, i64 %newIndex2" [bi_lstm/src/rnn.cpp:54]   --->   Operation 88 'getelementptr' 'x_2_V_addr' <Predicate = (!exitcond_2)> <Delay = 0.00>
ST_8 : Operation 89 [2/2] (1.75ns)   --->   "%x_2_V_load = load i16* %x_2_V_addr, align 2" [bi_lstm/src/rnn.cpp:54]   --->   Operation 89 'load' 'x_2_V_load' <Predicate = (!exitcond_2)> <Delay = 1.75> <Core = "RAM">   --->   Core 37 'RAM' <Latency = 1> <II = 1> <Delay = 1.75> <Storage> <Opcode : 'load' 'store'> <Ports = 2> <Width = 16> <Depth = 6> <RAM>
ST_8 : Operation 90 [1/1] (0.00ns)   --->   "%x_3_V_addr = getelementptr [6 x i16]* %res_3_V, i64 0, i64 %newIndex2" [bi_lstm/src/rnn.cpp:54]   --->   Operation 90 'getelementptr' 'x_3_V_addr' <Predicate = (!exitcond_2)> <Delay = 0.00>
ST_8 : Operation 91 [1/1] (0.00ns)   --->   "%x_4_V_addr = getelementptr [6 x i16]* %res_4_V, i64 0, i64 %newIndex2" [bi_lstm/src/rnn.cpp:54]   --->   Operation 91 'getelementptr' 'x_4_V_addr' <Predicate = (!exitcond_2)> <Delay = 0.00>
ST_8 : Operation 92 [1/1] (0.00ns)   --->   "%x_5_V_addr = getelementptr [6 x i16]* %res_5_V, i64 0, i64 %newIndex2" [bi_lstm/src/rnn.cpp:54]   --->   Operation 92 'getelementptr' 'x_5_V_addr' <Predicate = (!exitcond_2)> <Delay = 0.00>
ST_8 : Operation 93 [1/1] (0.00ns)   --->   "%x_6_V_addr = getelementptr [6 x i16]* %res_6_V, i64 0, i64 %newIndex2" [bi_lstm/src/rnn.cpp:54]   --->   Operation 93 'getelementptr' 'x_6_V_addr' <Predicate = (!exitcond_2)> <Delay = 0.00>
ST_8 : Operation 94 [1/1] (0.00ns)   --->   "%x_7_V_addr = getelementptr [6 x i16]* %res_7_V, i64 0, i64 %newIndex2" [bi_lstm/src/rnn.cpp:54]   --->   Operation 94 'getelementptr' 'x_7_V_addr' <Predicate = (!exitcond_2)> <Delay = 0.00>
ST_8 : Operation 95 [1/1] (1.89ns)   --->   "%i_3_7 = add nsw i32 8, %i" [bi_lstm/src/rnn.cpp:52]   --->   Operation 95 'add' 'i_3_7' <Predicate = (!exitcond_2)> <Delay = 1.89> <Core = "AddSub">   --->   Core 14 'AddSub' <Latency = 0> <II = 1> <Delay = 1.89> <FuncUnit> <Opcode : 'add' 'sub'> <InPorts = 2> <OutPorts = 1>
ST_8 : Operation 96 [1/1] (0.00ns)   --->   "ret void" [bi_lstm/src/rnn.cpp:61]   --->   Operation 96 'ret' <Predicate = (exitcond_2)> <Delay = 0.00>

State 9 <SV = 8> <Delay = 7.42>
ST_9 : Operation 97 [1/2] (1.75ns)   --->   "%x_2_V_load = load i16* %x_2_V_addr, align 2" [bi_lstm/src/rnn.cpp:54]   --->   Operation 97 'load' 'x_2_V_load' <Predicate = true> <Delay = 1.75> <Core = "RAM">   --->   Core 37 'RAM' <Latency = 1> <II = 1> <Delay = 1.75> <Storage> <Opcode : 'load' 'store'> <Ports = 2> <Width = 16> <Depth = 6> <RAM>
ST_9 : Operation 98 [1/1] (2.13ns)   --->   "%tmp_2 = icmp sgt i16 %x_2_V_load, 16384" [bi_lstm/src/rnn.cpp:54]   --->   Operation 98 'icmp' 'tmp_2' <Predicate = true> <Delay = 2.13> <Core = "Cmp">   --->   Core 25 'Cmp' <Latency = 0> <II = 1> <Delay = 1.98> <FuncUnit> <Opcode : 'icmp'> <InPorts = 2> <OutPorts = 1>
ST_9 : Operation 99 [1/1] (2.13ns)   --->   "%tmp_9_2 = icmp slt i16 %x_2_V_load, -16384" [bi_lstm/src/rnn.cpp:55]   --->   Operation 99 'icmp' 'tmp_9_2' <Predicate = true> <Delay = 2.13> <Core = "Cmp">   --->   Core 25 'Cmp' <Latency = 0> <II = 1> <Delay = 1.98> <FuncUnit> <Opcode : 'icmp'> <InPorts = 2> <OutPorts = 1>
ST_9 : Operation 100 [1/1] (0.00ns)   --->   "%tmp_43 = call i12 @_ssdm_op_PartSelect.i12.i16.i32.i32(i16 %x_2_V_load, i32 4, i32 15)" [bi_lstm/src/rnn.cpp:57]   --->   Operation 100 'partselect' 'tmp_43' <Predicate = true> <Delay = 0.00>
ST_9 : Operation 101 [1/1] (0.00ns)   --->   "%lhs_V_2_cast = sext i12 %tmp_43 to i13" [bi_lstm/src/rnn.cpp:57]   --->   Operation 101 'sext' 'lhs_V_2_cast' <Predicate = true> <Delay = 0.00>
ST_9 : Operation 102 [1/1] (1.54ns)   --->   "%ret_V_2 = add i13 1024, %lhs_V_2_cast" [bi_lstm/src/rnn.cpp:57]   --->   Operation 102 'add' 'ret_V_2' <Predicate = true> <Delay = 1.54> <Core = "AddSub">   --->   Core 14 'AddSub' <Latency = 0> <II = 1> <Delay = 1.89> <FuncUnit> <Opcode : 'add' 'sub'> <InPorts = 2> <OutPorts = 1>
ST_9 : Operation 103 [1/1] (0.00ns)   --->   "%p_shl_2 = call i24 @_ssdm_op_BitConcatenate.i24.i13.i11(i13 %ret_V_2, i11 0)" [bi_lstm/src/rnn.cpp:57]   --->   Operation 103 'bitconcatenate' 'p_shl_2' <Predicate = true> <Delay = 0.00>
ST_9 : Operation 104 [1/1] (0.00ns)   --->   "%p_shl2_2 = call i16 @_ssdm_op_BitConcatenate.i16.i13.i3(i13 %ret_V_2, i3 0)" [bi_lstm/src/rnn.cpp:57]   --->   Operation 104 'bitconcatenate' 'p_shl2_2' <Predicate = true> <Delay = 0.00>
ST_9 : Operation 105 [1/1] (0.00ns)   --->   "%p_shl2_2_cast = sext i16 %p_shl2_2 to i24" [bi_lstm/src/rnn.cpp:57]   --->   Operation 105 'sext' 'p_shl2_2_cast' <Predicate = true> <Delay = 0.00>
ST_9 : Operation 106 [1/1] (1.68ns)   --->   "%r_V_4_2 = sub i24 %p_shl_2, %p_shl2_2_cast" [bi_lstm/src/rnn.cpp:57]   --->   Operation 106 'sub' 'r_V_4_2' <Predicate = true> <Delay = 1.68> <Core = "AddSub">   --->   Core 14 'AddSub' <Latency = 0> <II = 1> <Delay = 1.89> <FuncUnit> <Opcode : 'add' 'sub'> <InPorts = 2> <OutPorts = 1>
ST_9 : Operation 107 [1/1] (0.00ns) (grouped into LUT with out node tmp_73)   --->   "%tmp_104 = call i1 @_ssdm_op_BitSelect.i1.i24.i32(i24 %r_V_4_2, i32 23)" [bi_lstm/src/rnn.cpp:57]   --->   Operation 107 'bitselect' 'tmp_104' <Predicate = true> <Delay = 0.00>
ST_9 : Operation 108 [1/1] (0.00ns)   --->   "%tmp_105 = trunc i24 %r_V_4_2 to i14" [bi_lstm/src/rnn.cpp:57]   --->   Operation 108 'trunc' 'tmp_105' <Predicate = true> <Delay = 0.00>
ST_9 : Operation 109 [1/1] (1.98ns)   --->   "%tmp_12_2 = icmp eq i14 %tmp_105, 0" [bi_lstm/src/rnn.cpp:57]   --->   Operation 109 'icmp' 'tmp_12_2' <Predicate = true> <Delay = 1.98> <Core = "Cmp">   --->   Core 25 'Cmp' <Latency = 0> <II = 1> <Delay = 1.98> <FuncUnit> <Opcode : 'icmp'> <InPorts = 2> <OutPorts = 1>
ST_9 : Operation 110 [1/1] (0.00ns)   --->   "%tmp_70 = call i8 @_ssdm_op_PartSelect.i8.i24.i32.i32(i24 %r_V_4_2, i32 14, i32 21)" [bi_lstm/src/rnn.cpp:57]   --->   Operation 110 'partselect' 'tmp_70' <Predicate = true> <Delay = 0.00>
ST_9 : Operation 111 [1/1] (1.30ns)   --->   "%tmp_71 = add i8 1, %tmp_70" [bi_lstm/src/rnn.cpp:57]   --->   Operation 111 'add' 'tmp_71' <Predicate = true> <Delay = 1.30> <Core = "AddSub">   --->   Core 14 'AddSub' <Latency = 0> <II = 1> <Delay = 1.89> <FuncUnit> <Opcode : 'add' 'sub'> <InPorts = 2> <OutPorts = 1>
ST_9 : Operation 112 [1/1] (0.00ns) (grouped into LUT with out node tmp_73)   --->   "%tmp_72 = select i1 %tmp_12_2, i8 %tmp_70, i8 %tmp_71" [bi_lstm/src/rnn.cpp:57]   --->   Operation 112 'select' 'tmp_72' <Predicate = true> <Delay = 0.00> <Core = "Sel">   --->   Core 26 'Sel' <Latency = 0> <II = 1> <Delay = 0.59> <FuncUnit> <Opcode : 'select'> <InPorts = 3> <OutPorts = 1>
ST_9 : Operation 113 [1/1] (0.44ns) (out node of the LUT)   --->   "%tmp_73 = select i1 %tmp_104, i8 %tmp_72, i8 %tmp_70" [bi_lstm/src/rnn.cpp:57]   --->   Operation 113 'select' 'tmp_73' <Predicate = true> <Delay = 0.44> <Core = "Sel">   --->   Core 26 'Sel' <Latency = 0> <II = 1> <Delay = 0.59> <FuncUnit> <Opcode : 'select'> <InPorts = 3> <OutPorts = 1>
ST_9 : Operation 114 [2/2] (1.75ns)   --->   "%x_3_V_load = load i16* %x_3_V_addr, align 2" [bi_lstm/src/rnn.cpp:54]   --->   Operation 114 'load' 'x_3_V_load' <Predicate = true> <Delay = 1.75> <Core = "RAM">   --->   Core 37 'RAM' <Latency = 1> <II = 1> <Delay = 1.75> <Storage> <Opcode : 'load' 'store'> <Ports = 2> <Width = 16> <Depth = 6> <RAM>

State 10 <SV = 9> <Delay = 7.42>
ST_10 : Operation 115 [1/1] (0.00ns)   --->   "%tmp_13_2 = zext i8 %tmp_73 to i64" [bi_lstm/src/rnn.cpp:58]   --->   Operation 115 'zext' 'tmp_13_2' <Predicate = true> <Delay = 0.00>
ST_10 : Operation 116 [1/1] (0.00ns)   --->   "%sigmoid_lut_V_addr_2 = getelementptr [256 x i15]* @sigmoid_lut_V, i64 0, i64 %tmp_13_2" [bi_lstm/src/rnn.cpp:58]   --->   Operation 116 'getelementptr' 'sigmoid_lut_V_addr_2' <Predicate = true> <Delay = 0.00>
ST_10 : Operation 117 [2/2] (2.77ns)   --->   "%sigmoid_lut_V_load_2 = load i15* %sigmoid_lut_V_addr_2, align 2" [bi_lstm/src/rnn.cpp:58]   --->   Operation 117 'load' 'sigmoid_lut_V_load_2' <Predicate = true> <Delay = 2.77> <Core = "ROM_1P_BRAM">   --->   Core 61 'ROM_1P_BRAM' <Latency = 1> <II = 1> <Delay = 2.77> <Storage> <Opcode : 'load'> <Ports = 1> <Width = 15> <Depth = 256> <ROM>
ST_10 : Operation 118 [1/2] (1.75ns)   --->   "%x_3_V_load = load i16* %x_3_V_addr, align 2" [bi_lstm/src/rnn.cpp:54]   --->   Operation 118 'load' 'x_3_V_load' <Predicate = true> <Delay = 1.75> <Core = "RAM">   --->   Core 37 'RAM' <Latency = 1> <II = 1> <Delay = 1.75> <Storage> <Opcode : 'load' 'store'> <Ports = 2> <Width = 16> <Depth = 6> <RAM>
ST_10 : Operation 119 [1/1] (2.13ns)   --->   "%tmp_3 = icmp sgt i16 %x_3_V_load, 16384" [bi_lstm/src/rnn.cpp:54]   --->   Operation 119 'icmp' 'tmp_3' <Predicate = true> <Delay = 2.13> <Core = "Cmp">   --->   Core 25 'Cmp' <Latency = 0> <II = 1> <Delay = 1.98> <FuncUnit> <Opcode : 'icmp'> <InPorts = 2> <OutPorts = 1>
ST_10 : Operation 120 [1/1] (2.13ns)   --->   "%tmp_9_3 = icmp slt i16 %x_3_V_load, -16384" [bi_lstm/src/rnn.cpp:55]   --->   Operation 120 'icmp' 'tmp_9_3' <Predicate = true> <Delay = 2.13> <Core = "Cmp">   --->   Core 25 'Cmp' <Latency = 0> <II = 1> <Delay = 1.98> <FuncUnit> <Opcode : 'icmp'> <InPorts = 2> <OutPorts = 1>
ST_10 : Operation 121 [1/1] (0.00ns)   --->   "%tmp_47 = call i12 @_ssdm_op_PartSelect.i12.i16.i32.i32(i16 %x_3_V_load, i32 4, i32 15)" [bi_lstm/src/rnn.cpp:57]   --->   Operation 121 'partselect' 'tmp_47' <Predicate = true> <Delay = 0.00>
ST_10 : Operation 122 [1/1] (0.00ns)   --->   "%lhs_V_3_cast = sext i12 %tmp_47 to i13" [bi_lstm/src/rnn.cpp:57]   --->   Operation 122 'sext' 'lhs_V_3_cast' <Predicate = true> <Delay = 0.00>
ST_10 : Operation 123 [1/1] (1.54ns)   --->   "%ret_V_3 = add i13 1024, %lhs_V_3_cast" [bi_lstm/src/rnn.cpp:57]   --->   Operation 123 'add' 'ret_V_3' <Predicate = true> <Delay = 1.54> <Core = "AddSub">   --->   Core 14 'AddSub' <Latency = 0> <II = 1> <Delay = 1.89> <FuncUnit> <Opcode : 'add' 'sub'> <InPorts = 2> <OutPorts = 1>
ST_10 : Operation 124 [1/1] (0.00ns)   --->   "%p_shl_3 = call i24 @_ssdm_op_BitConcatenate.i24.i13.i11(i13 %ret_V_3, i11 0)" [bi_lstm/src/rnn.cpp:57]   --->   Operation 124 'bitconcatenate' 'p_shl_3' <Predicate = true> <Delay = 0.00>
ST_10 : Operation 125 [1/1] (0.00ns)   --->   "%p_shl2_3 = call i16 @_ssdm_op_BitConcatenate.i16.i13.i3(i13 %ret_V_3, i3 0)" [bi_lstm/src/rnn.cpp:57]   --->   Operation 125 'bitconcatenate' 'p_shl2_3' <Predicate = true> <Delay = 0.00>
ST_10 : Operation 126 [1/1] (0.00ns)   --->   "%p_shl2_3_cast = sext i16 %p_shl2_3 to i24" [bi_lstm/src/rnn.cpp:57]   --->   Operation 126 'sext' 'p_shl2_3_cast' <Predicate = true> <Delay = 0.00>
ST_10 : Operation 127 [1/1] (1.68ns)   --->   "%r_V_4_3 = sub i24 %p_shl_3, %p_shl2_3_cast" [bi_lstm/src/rnn.cpp:57]   --->   Operation 127 'sub' 'r_V_4_3' <Predicate = true> <Delay = 1.68> <Core = "AddSub">   --->   Core 14 'AddSub' <Latency = 0> <II = 1> <Delay = 1.89> <FuncUnit> <Opcode : 'add' 'sub'> <InPorts = 2> <OutPorts = 1>
ST_10 : Operation 128 [1/1] (0.00ns) (grouped into LUT with out node tmp_78)   --->   "%tmp_106 = call i1 @_ssdm_op_BitSelect.i1.i24.i32(i24 %r_V_4_3, i32 23)" [bi_lstm/src/rnn.cpp:57]   --->   Operation 128 'bitselect' 'tmp_106' <Predicate = true> <Delay = 0.00>
ST_10 : Operation 129 [1/1] (0.00ns)   --->   "%tmp_107 = trunc i24 %r_V_4_3 to i14" [bi_lstm/src/rnn.cpp:57]   --->   Operation 129 'trunc' 'tmp_107' <Predicate = true> <Delay = 0.00>
ST_10 : Operation 130 [1/1] (1.98ns)   --->   "%tmp_12_3 = icmp eq i14 %tmp_107, 0" [bi_lstm/src/rnn.cpp:57]   --->   Operation 130 'icmp' 'tmp_12_3' <Predicate = true> <Delay = 1.98> <Core = "Cmp">   --->   Core 25 'Cmp' <Latency = 0> <II = 1> <Delay = 1.98> <FuncUnit> <Opcode : 'icmp'> <InPorts = 2> <OutPorts = 1>
ST_10 : Operation 131 [1/1] (0.00ns)   --->   "%tmp_75 = call i8 @_ssdm_op_PartSelect.i8.i24.i32.i32(i24 %r_V_4_3, i32 14, i32 21)" [bi_lstm/src/rnn.cpp:57]   --->   Operation 131 'partselect' 'tmp_75' <Predicate = true> <Delay = 0.00>
ST_10 : Operation 132 [1/1] (1.30ns)   --->   "%tmp_76 = add i8 1, %tmp_75" [bi_lstm/src/rnn.cpp:57]   --->   Operation 132 'add' 'tmp_76' <Predicate = true> <Delay = 1.30> <Core = "AddSub">   --->   Core 14 'AddSub' <Latency = 0> <II = 1> <Delay = 1.89> <FuncUnit> <Opcode : 'add' 'sub'> <InPorts = 2> <OutPorts = 1>
ST_10 : Operation 133 [1/1] (0.00ns) (grouped into LUT with out node tmp_78)   --->   "%tmp_77 = select i1 %tmp_12_3, i8 %tmp_75, i8 %tmp_76" [bi_lstm/src/rnn.cpp:57]   --->   Operation 133 'select' 'tmp_77' <Predicate = true> <Delay = 0.00> <Core = "Sel">   --->   Core 26 'Sel' <Latency = 0> <II = 1> <Delay = 0.59> <FuncUnit> <Opcode : 'select'> <InPorts = 3> <OutPorts = 1>
ST_10 : Operation 134 [1/1] (0.44ns) (out node of the LUT)   --->   "%tmp_78 = select i1 %tmp_106, i8 %tmp_77, i8 %tmp_75" [bi_lstm/src/rnn.cpp:57]   --->   Operation 134 'select' 'tmp_78' <Predicate = true> <Delay = 0.44> <Core = "Sel">   --->   Core 26 'Sel' <Latency = 0> <II = 1> <Delay = 0.59> <FuncUnit> <Opcode : 'select'> <InPorts = 3> <OutPorts = 1>
ST_10 : Operation 135 [2/2] (1.75ns)   --->   "%x_4_V_load = load i16* %x_4_V_addr, align 2" [bi_lstm/src/rnn.cpp:54]   --->   Operation 135 'load' 'x_4_V_load' <Predicate = true> <Delay = 1.75> <Core = "RAM">   --->   Core 37 'RAM' <Latency = 1> <II = 1> <Delay = 1.75> <Storage> <Opcode : 'load' 'store'> <Ports = 2> <Width = 16> <Depth = 6> <RAM>

State 11 <SV = 10> <Delay = 7.42>
ST_11 : Operation 136 [1/2] (2.77ns)   --->   "%sigmoid_lut_V_load_2 = load i15* %sigmoid_lut_V_addr_2, align 2" [bi_lstm/src/rnn.cpp:58]   --->   Operation 136 'load' 'sigmoid_lut_V_load_2' <Predicate = true> <Delay = 2.77> <Core = "ROM_1P_BRAM">   --->   Core 61 'ROM_1P_BRAM' <Latency = 1> <II = 1> <Delay = 2.77> <Storage> <Opcode : 'load'> <Ports = 1> <Width = 15> <Depth = 256> <ROM>
ST_11 : Operation 137 [1/1] (0.00ns) (grouped into LUT with out node storemerge1_2)   --->   "%tmp_2_40 = call i11 @_ssdm_op_PartSelect.i11.i15.i32.i32(i15 %sigmoid_lut_V_load_2, i32 4, i32 14)" [bi_lstm/src/rnn.cpp:58]   --->   Operation 137 'partselect' 'tmp_2_40' <Predicate = true> <Delay = 0.00>
ST_11 : Operation 138 [1/1] (0.00ns) (grouped into LUT with out node storemerge1_2)   --->   "%tmp_45 = zext i11 %tmp_2_40 to i12" [bi_lstm/src/rnn.cpp:58]   --->   Operation 138 'zext' 'tmp_45' <Predicate = true> <Delay = 0.00>
ST_11 : Operation 139 [1/1] (0.00ns) (grouped into LUT with out node sel_tmp2)   --->   "%sel_tmp1 = xor i1 %tmp_2, true" [bi_lstm/src/rnn.cpp:54]   --->   Operation 139 'xor' 'sel_tmp1' <Predicate = true> <Delay = 0.00> <Core = "LogicGate">   --->   Core 27 'LogicGate' <Latency = 0> <II = 1> <Delay = 0.80> <FuncUnit> <Opcode : 'and' 'or' 'xor'> <InPorts = 2> <OutPorts = 1>
ST_11 : Operation 140 [1/1] (0.80ns) (out node of the LUT)   --->   "%sel_tmp2 = and i1 %tmp_9_2, %sel_tmp1" [bi_lstm/src/rnn.cpp:55]   --->   Operation 140 'and' 'sel_tmp2' <Predicate = true> <Delay = 0.80> <Core = "LogicGate">   --->   Core 27 'LogicGate' <Latency = 0> <II = 1> <Delay = 0.80> <FuncUnit> <Opcode : 'and' 'or' 'xor'> <InPorts = 2> <OutPorts = 1>
ST_11 : Operation 141 [1/1] (0.00ns) (grouped into LUT with out node storemerge1_2)   --->   "%sel_tmp = select i1 %sel_tmp2, i12 0, i12 -2048" [bi_lstm/src/rnn.cpp:58]   --->   Operation 141 'select' 'sel_tmp' <Predicate = true> <Delay = 0.00> <Core = "Sel">   --->   Core 26 'Sel' <Latency = 0> <II = 1> <Delay = 0.59> <FuncUnit> <Opcode : 'select'> <InPorts = 3> <OutPorts = 1>
ST_11 : Operation 142 [1/1] (0.00ns) (grouped into LUT with out node storemerge1_2)   --->   "%tmp_74 = or i1 %sel_tmp2, %tmp_2" [bi_lstm/src/rnn.cpp:58]   --->   Operation 142 'or' 'tmp_74' <Predicate = true> <Delay = 0.00> <Core = "LogicGate">   --->   Core 27 'LogicGate' <Latency = 0> <II = 1> <Delay = 0.80> <FuncUnit> <Opcode : 'and' 'or' 'xor'> <InPorts = 2> <OutPorts = 1>
ST_11 : Operation 143 [1/1] (0.80ns) (out node of the LUT)   --->   "%storemerge1_2 = select i1 %tmp_74, i12 %sel_tmp, i12 %tmp_45" [bi_lstm/src/rnn.cpp:58]   --->   Operation 143 'select' 'storemerge1_2' <Predicate = true> <Delay = 0.80> <Core = "Sel">   --->   Core 26 'Sel' <Latency = 0> <II = 1> <Delay = 0.59> <FuncUnit> <Opcode : 'select'> <InPorts = 3> <OutPorts = 1>
ST_11 : Operation 144 [1/1] (0.00ns)   --->   "%storemerge1_2_cast = zext i12 %storemerge1_2 to i16" [bi_lstm/src/rnn.cpp:54]   --->   Operation 144 'zext' 'storemerge1_2_cast' <Predicate = true> <Delay = 0.00>
ST_11 : Operation 145 [1/1] (1.75ns)   --->   "store i16 %storemerge1_2_cast, i16* %x_2_V_addr, align 2" [bi_lstm/src/rnn.cpp:54]   --->   Operation 145 'store' <Predicate = true> <Delay = 1.75> <Core = "RAM">   --->   Core 37 'RAM' <Latency = 1> <II = 1> <Delay = 1.75> <Storage> <Opcode : 'load' 'store'> <Ports = 2> <Width = 16> <Depth = 6> <RAM>
ST_11 : Operation 146 [1/1] (0.00ns)   --->   "%tmp_13_3 = zext i8 %tmp_78 to i64" [bi_lstm/src/rnn.cpp:58]   --->   Operation 146 'zext' 'tmp_13_3' <Predicate = true> <Delay = 0.00>
ST_11 : Operation 147 [1/1] (0.00ns)   --->   "%sigmoid_lut_V_addr_3 = getelementptr [256 x i15]* @sigmoid_lut_V, i64 0, i64 %tmp_13_3" [bi_lstm/src/rnn.cpp:58]   --->   Operation 147 'getelementptr' 'sigmoid_lut_V_addr_3' <Predicate = true> <Delay = 0.00>
ST_11 : Operation 148 [2/2] (2.77ns)   --->   "%sigmoid_lut_V_load_3 = load i15* %sigmoid_lut_V_addr_3, align 2" [bi_lstm/src/rnn.cpp:58]   --->   Operation 148 'load' 'sigmoid_lut_V_load_3' <Predicate = true> <Delay = 2.77> <Core = "ROM_1P_BRAM">   --->   Core 61 'ROM_1P_BRAM' <Latency = 1> <II = 1> <Delay = 2.77> <Storage> <Opcode : 'load'> <Ports = 1> <Width = 15> <Depth = 256> <ROM>
ST_11 : Operation 149 [1/2] (1.75ns)   --->   "%x_4_V_load = load i16* %x_4_V_addr, align 2" [bi_lstm/src/rnn.cpp:54]   --->   Operation 149 'load' 'x_4_V_load' <Predicate = true> <Delay = 1.75> <Core = "RAM">   --->   Core 37 'RAM' <Latency = 1> <II = 1> <Delay = 1.75> <Storage> <Opcode : 'load' 'store'> <Ports = 2> <Width = 16> <Depth = 6> <RAM>
ST_11 : Operation 150 [1/1] (2.13ns)   --->   "%tmp_4 = icmp sgt i16 %x_4_V_load, 16384" [bi_lstm/src/rnn.cpp:54]   --->   Operation 150 'icmp' 'tmp_4' <Predicate = true> <Delay = 2.13> <Core = "Cmp">   --->   Core 25 'Cmp' <Latency = 0> <II = 1> <Delay = 1.98> <FuncUnit> <Opcode : 'icmp'> <InPorts = 2> <OutPorts = 1>
ST_11 : Operation 151 [1/1] (2.13ns)   --->   "%tmp_9_4 = icmp slt i16 %x_4_V_load, -16384" [bi_lstm/src/rnn.cpp:55]   --->   Operation 151 'icmp' 'tmp_9_4' <Predicate = true> <Delay = 2.13> <Core = "Cmp">   --->   Core 25 'Cmp' <Latency = 0> <II = 1> <Delay = 1.98> <FuncUnit> <Opcode : 'icmp'> <InPorts = 2> <OutPorts = 1>
ST_11 : Operation 152 [1/1] (0.00ns)   --->   "%tmp_51 = call i12 @_ssdm_op_PartSelect.i12.i16.i32.i32(i16 %x_4_V_load, i32 4, i32 15)" [bi_lstm/src/rnn.cpp:57]   --->   Operation 152 'partselect' 'tmp_51' <Predicate = true> <Delay = 0.00>
ST_11 : Operation 153 [1/1] (0.00ns)   --->   "%lhs_V_4_cast = sext i12 %tmp_51 to i13" [bi_lstm/src/rnn.cpp:57]   --->   Operation 153 'sext' 'lhs_V_4_cast' <Predicate = true> <Delay = 0.00>
ST_11 : Operation 154 [1/1] (1.54ns)   --->   "%ret_V_s = add i13 1024, %lhs_V_4_cast" [bi_lstm/src/rnn.cpp:57]   --->   Operation 154 'add' 'ret_V_s' <Predicate = true> <Delay = 1.54> <Core = "AddSub">   --->   Core 14 'AddSub' <Latency = 0> <II = 1> <Delay = 1.89> <FuncUnit> <Opcode : 'add' 'sub'> <InPorts = 2> <OutPorts = 1>
ST_11 : Operation 155 [1/1] (0.00ns)   --->   "%p_shl_4 = call i24 @_ssdm_op_BitConcatenate.i24.i13.i11(i13 %ret_V_s, i11 0)" [bi_lstm/src/rnn.cpp:57]   --->   Operation 155 'bitconcatenate' 'p_shl_4' <Predicate = true> <Delay = 0.00>
ST_11 : Operation 156 [1/1] (0.00ns)   --->   "%p_shl2_4 = call i16 @_ssdm_op_BitConcatenate.i16.i13.i3(i13 %ret_V_s, i3 0)" [bi_lstm/src/rnn.cpp:57]   --->   Operation 156 'bitconcatenate' 'p_shl2_4' <Predicate = true> <Delay = 0.00>
ST_11 : Operation 157 [1/1] (0.00ns)   --->   "%p_shl2_4_cast = sext i16 %p_shl2_4 to i24" [bi_lstm/src/rnn.cpp:57]   --->   Operation 157 'sext' 'p_shl2_4_cast' <Predicate = true> <Delay = 0.00>
ST_11 : Operation 158 [1/1] (1.68ns)   --->   "%r_V_4_4 = sub i24 %p_shl_4, %p_shl2_4_cast" [bi_lstm/src/rnn.cpp:57]   --->   Operation 158 'sub' 'r_V_4_4' <Predicate = true> <Delay = 1.68> <Core = "AddSub">   --->   Core 14 'AddSub' <Latency = 0> <II = 1> <Delay = 1.89> <FuncUnit> <Opcode : 'add' 'sub'> <InPorts = 2> <OutPorts = 1>
ST_11 : Operation 159 [1/1] (0.00ns) (grouped into LUT with out node tmp_83)   --->   "%tmp_108 = call i1 @_ssdm_op_BitSelect.i1.i24.i32(i24 %r_V_4_4, i32 23)" [bi_lstm/src/rnn.cpp:57]   --->   Operation 159 'bitselect' 'tmp_108' <Predicate = true> <Delay = 0.00>
ST_11 : Operation 160 [1/1] (0.00ns)   --->   "%tmp_109 = trunc i24 %r_V_4_4 to i14" [bi_lstm/src/rnn.cpp:57]   --->   Operation 160 'trunc' 'tmp_109' <Predicate = true> <Delay = 0.00>
ST_11 : Operation 161 [1/1] (1.98ns)   --->   "%tmp_12_4 = icmp eq i14 %tmp_109, 0" [bi_lstm/src/rnn.cpp:57]   --->   Operation 161 'icmp' 'tmp_12_4' <Predicate = true> <Delay = 1.98> <Core = "Cmp">   --->   Core 25 'Cmp' <Latency = 0> <II = 1> <Delay = 1.98> <FuncUnit> <Opcode : 'icmp'> <InPorts = 2> <OutPorts = 1>
ST_11 : Operation 162 [1/1] (0.00ns)   --->   "%tmp_80 = call i8 @_ssdm_op_PartSelect.i8.i24.i32.i32(i24 %r_V_4_4, i32 14, i32 21)" [bi_lstm/src/rnn.cpp:57]   --->   Operation 162 'partselect' 'tmp_80' <Predicate = true> <Delay = 0.00>
ST_11 : Operation 163 [1/1] (1.30ns)   --->   "%tmp_81 = add i8 1, %tmp_80" [bi_lstm/src/rnn.cpp:57]   --->   Operation 163 'add' 'tmp_81' <Predicate = true> <Delay = 1.30> <Core = "AddSub">   --->   Core 14 'AddSub' <Latency = 0> <II = 1> <Delay = 1.89> <FuncUnit> <Opcode : 'add' 'sub'> <InPorts = 2> <OutPorts = 1>
ST_11 : Operation 164 [1/1] (0.00ns) (grouped into LUT with out node tmp_83)   --->   "%tmp_82 = select i1 %tmp_12_4, i8 %tmp_80, i8 %tmp_81" [bi_lstm/src/rnn.cpp:57]   --->   Operation 164 'select' 'tmp_82' <Predicate = true> <Delay = 0.00> <Core = "Sel">   --->   Core 26 'Sel' <Latency = 0> <II = 1> <Delay = 0.59> <FuncUnit> <Opcode : 'select'> <InPorts = 3> <OutPorts = 1>
ST_11 : Operation 165 [1/1] (0.44ns) (out node of the LUT)   --->   "%tmp_83 = select i1 %tmp_108, i8 %tmp_82, i8 %tmp_80" [bi_lstm/src/rnn.cpp:57]   --->   Operation 165 'select' 'tmp_83' <Predicate = true> <Delay = 0.44> <Core = "Sel">   --->   Core 26 'Sel' <Latency = 0> <II = 1> <Delay = 0.59> <FuncUnit> <Opcode : 'select'> <InPorts = 3> <OutPorts = 1>
ST_11 : Operation 166 [2/2] (1.75ns)   --->   "%x_5_V_load = load i16* %x_5_V_addr, align 2" [bi_lstm/src/rnn.cpp:54]   --->   Operation 166 'load' 'x_5_V_load' <Predicate = true> <Delay = 1.75> <Core = "RAM">   --->   Core 37 'RAM' <Latency = 1> <II = 1> <Delay = 1.75> <Storage> <Opcode : 'load' 'store'> <Ports = 2> <Width = 16> <Depth = 6> <RAM>

State 12 <SV = 11> <Delay = 7.42>
ST_12 : Operation 167 [1/2] (2.77ns)   --->   "%sigmoid_lut_V_load_3 = load i15* %sigmoid_lut_V_addr_3, align 2" [bi_lstm/src/rnn.cpp:58]   --->   Operation 167 'load' 'sigmoid_lut_V_load_3' <Predicate = true> <Delay = 2.77> <Core = "ROM_1P_BRAM">   --->   Core 61 'ROM_1P_BRAM' <Latency = 1> <II = 1> <Delay = 2.77> <Storage> <Opcode : 'load'> <Ports = 1> <Width = 15> <Depth = 256> <ROM>
ST_12 : Operation 168 [1/1] (0.00ns) (grouped into LUT with out node storemerge1_3)   --->   "%tmp_3_41 = call i11 @_ssdm_op_PartSelect.i11.i15.i32.i32(i15 %sigmoid_lut_V_load_3, i32 4, i32 14)" [bi_lstm/src/rnn.cpp:58]   --->   Operation 168 'partselect' 'tmp_3_41' <Predicate = true> <Delay = 0.00>
ST_12 : Operation 169 [1/1] (0.00ns) (grouped into LUT with out node storemerge1_3)   --->   "%tmp_49 = zext i11 %tmp_3_41 to i12" [bi_lstm/src/rnn.cpp:58]   --->   Operation 169 'zext' 'tmp_49' <Predicate = true> <Delay = 0.00>
ST_12 : Operation 170 [1/1] (0.00ns) (grouped into LUT with out node sel_tmp7)   --->   "%sel_tmp6 = xor i1 %tmp_3, true" [bi_lstm/src/rnn.cpp:54]   --->   Operation 170 'xor' 'sel_tmp6' <Predicate = true> <Delay = 0.00> <Core = "LogicGate">   --->   Core 27 'LogicGate' <Latency = 0> <II = 1> <Delay = 0.80> <FuncUnit> <Opcode : 'and' 'or' 'xor'> <InPorts = 2> <OutPorts = 1>
ST_12 : Operation 171 [1/1] (0.80ns) (out node of the LUT)   --->   "%sel_tmp7 = and i1 %tmp_9_3, %sel_tmp6" [bi_lstm/src/rnn.cpp:55]   --->   Operation 171 'and' 'sel_tmp7' <Predicate = true> <Delay = 0.80> <Core = "LogicGate">   --->   Core 27 'LogicGate' <Latency = 0> <II = 1> <Delay = 0.80> <FuncUnit> <Opcode : 'and' 'or' 'xor'> <InPorts = 2> <OutPorts = 1>
ST_12 : Operation 172 [1/1] (0.00ns) (grouped into LUT with out node storemerge1_3)   --->   "%sel_tmp5 = select i1 %sel_tmp7, i12 0, i12 -2048" [bi_lstm/src/rnn.cpp:58]   --->   Operation 172 'select' 'sel_tmp5' <Predicate = true> <Delay = 0.00> <Core = "Sel">   --->   Core 26 'Sel' <Latency = 0> <II = 1> <Delay = 0.59> <FuncUnit> <Opcode : 'select'> <InPorts = 3> <OutPorts = 1>
ST_12 : Operation 173 [1/1] (0.00ns) (grouped into LUT with out node storemerge1_3)   --->   "%tmp_79 = or i1 %sel_tmp7, %tmp_3" [bi_lstm/src/rnn.cpp:58]   --->   Operation 173 'or' 'tmp_79' <Predicate = true> <Delay = 0.00> <Core = "LogicGate">   --->   Core 27 'LogicGate' <Latency = 0> <II = 1> <Delay = 0.80> <FuncUnit> <Opcode : 'and' 'or' 'xor'> <InPorts = 2> <OutPorts = 1>
ST_12 : Operation 174 [1/1] (0.80ns) (out node of the LUT)   --->   "%storemerge1_3 = select i1 %tmp_79, i12 %sel_tmp5, i12 %tmp_49" [bi_lstm/src/rnn.cpp:58]   --->   Operation 174 'select' 'storemerge1_3' <Predicate = true> <Delay = 0.80> <Core = "Sel">   --->   Core 26 'Sel' <Latency = 0> <II = 1> <Delay = 0.59> <FuncUnit> <Opcode : 'select'> <InPorts = 3> <OutPorts = 1>
ST_12 : Operation 175 [1/1] (0.00ns)   --->   "%storemerge1_3_cast = zext i12 %storemerge1_3 to i16" [bi_lstm/src/rnn.cpp:54]   --->   Operation 175 'zext' 'storemerge1_3_cast' <Predicate = true> <Delay = 0.00>
ST_12 : Operation 176 [1/1] (1.75ns)   --->   "store i16 %storemerge1_3_cast, i16* %x_3_V_addr, align 2" [bi_lstm/src/rnn.cpp:54]   --->   Operation 176 'store' <Predicate = true> <Delay = 1.75> <Core = "RAM">   --->   Core 37 'RAM' <Latency = 1> <II = 1> <Delay = 1.75> <Storage> <Opcode : 'load' 'store'> <Ports = 2> <Width = 16> <Depth = 6> <RAM>
ST_12 : Operation 177 [1/1] (0.00ns)   --->   "%tmp_13_4 = zext i8 %tmp_83 to i64" [bi_lstm/src/rnn.cpp:58]   --->   Operation 177 'zext' 'tmp_13_4' <Predicate = true> <Delay = 0.00>
ST_12 : Operation 178 [1/1] (0.00ns)   --->   "%sigmoid_lut_V_addr_4 = getelementptr [256 x i15]* @sigmoid_lut_V, i64 0, i64 %tmp_13_4" [bi_lstm/src/rnn.cpp:58]   --->   Operation 178 'getelementptr' 'sigmoid_lut_V_addr_4' <Predicate = true> <Delay = 0.00>
ST_12 : Operation 179 [2/2] (2.77ns)   --->   "%sigmoid_lut_V_load_4 = load i15* %sigmoid_lut_V_addr_4, align 2" [bi_lstm/src/rnn.cpp:58]   --->   Operation 179 'load' 'sigmoid_lut_V_load_4' <Predicate = true> <Delay = 2.77> <Core = "ROM_1P_BRAM">   --->   Core 61 'ROM_1P_BRAM' <Latency = 1> <II = 1> <Delay = 2.77> <Storage> <Opcode : 'load'> <Ports = 1> <Width = 15> <Depth = 256> <ROM>
ST_12 : Operation 180 [1/2] (1.75ns)   --->   "%x_5_V_load = load i16* %x_5_V_addr, align 2" [bi_lstm/src/rnn.cpp:54]   --->   Operation 180 'load' 'x_5_V_load' <Predicate = true> <Delay = 1.75> <Core = "RAM">   --->   Core 37 'RAM' <Latency = 1> <II = 1> <Delay = 1.75> <Storage> <Opcode : 'load' 'store'> <Ports = 2> <Width = 16> <Depth = 6> <RAM>
ST_12 : Operation 181 [1/1] (2.13ns)   --->   "%tmp_5 = icmp sgt i16 %x_5_V_load, 16384" [bi_lstm/src/rnn.cpp:54]   --->   Operation 181 'icmp' 'tmp_5' <Predicate = true> <Delay = 2.13> <Core = "Cmp">   --->   Core 25 'Cmp' <Latency = 0> <II = 1> <Delay = 1.98> <FuncUnit> <Opcode : 'icmp'> <InPorts = 2> <OutPorts = 1>
ST_12 : Operation 182 [1/1] (2.13ns)   --->   "%tmp_9_5 = icmp slt i16 %x_5_V_load, -16384" [bi_lstm/src/rnn.cpp:55]   --->   Operation 182 'icmp' 'tmp_9_5' <Predicate = true> <Delay = 2.13> <Core = "Cmp">   --->   Core 25 'Cmp' <Latency = 0> <II = 1> <Delay = 1.98> <FuncUnit> <Opcode : 'icmp'> <InPorts = 2> <OutPorts = 1>
ST_12 : Operation 183 [1/1] (0.00ns)   --->   "%tmp_55 = call i12 @_ssdm_op_PartSelect.i12.i16.i32.i32(i16 %x_5_V_load, i32 4, i32 15)" [bi_lstm/src/rnn.cpp:57]   --->   Operation 183 'partselect' 'tmp_55' <Predicate = true> <Delay = 0.00>
ST_12 : Operation 184 [1/1] (0.00ns)   --->   "%lhs_V_5_cast = sext i12 %tmp_55 to i13" [bi_lstm/src/rnn.cpp:57]   --->   Operation 184 'sext' 'lhs_V_5_cast' <Predicate = true> <Delay = 0.00>
ST_12 : Operation 185 [1/1] (1.54ns)   --->   "%ret_V_5 = add i13 1024, %lhs_V_5_cast" [bi_lstm/src/rnn.cpp:57]   --->   Operation 185 'add' 'ret_V_5' <Predicate = true> <Delay = 1.54> <Core = "AddSub">   --->   Core 14 'AddSub' <Latency = 0> <II = 1> <Delay = 1.89> <FuncUnit> <Opcode : 'add' 'sub'> <InPorts = 2> <OutPorts = 1>
ST_12 : Operation 186 [1/1] (0.00ns)   --->   "%p_shl_5 = call i24 @_ssdm_op_BitConcatenate.i24.i13.i11(i13 %ret_V_5, i11 0)" [bi_lstm/src/rnn.cpp:57]   --->   Operation 186 'bitconcatenate' 'p_shl_5' <Predicate = true> <Delay = 0.00>
ST_12 : Operation 187 [1/1] (0.00ns)   --->   "%p_shl2_5 = call i16 @_ssdm_op_BitConcatenate.i16.i13.i3(i13 %ret_V_5, i3 0)" [bi_lstm/src/rnn.cpp:57]   --->   Operation 187 'bitconcatenate' 'p_shl2_5' <Predicate = true> <Delay = 0.00>
ST_12 : Operation 188 [1/1] (0.00ns)   --->   "%p_shl2_5_cast = sext i16 %p_shl2_5 to i24" [bi_lstm/src/rnn.cpp:57]   --->   Operation 188 'sext' 'p_shl2_5_cast' <Predicate = true> <Delay = 0.00>
ST_12 : Operation 189 [1/1] (1.68ns)   --->   "%r_V_4_5 = sub i24 %p_shl_5, %p_shl2_5_cast" [bi_lstm/src/rnn.cpp:57]   --->   Operation 189 'sub' 'r_V_4_5' <Predicate = true> <Delay = 1.68> <Core = "AddSub">   --->   Core 14 'AddSub' <Latency = 0> <II = 1> <Delay = 1.89> <FuncUnit> <Opcode : 'add' 'sub'> <InPorts = 2> <OutPorts = 1>
ST_12 : Operation 190 [1/1] (0.00ns) (grouped into LUT with out node tmp_88)   --->   "%tmp_110 = call i1 @_ssdm_op_BitSelect.i1.i24.i32(i24 %r_V_4_5, i32 23)" [bi_lstm/src/rnn.cpp:57]   --->   Operation 190 'bitselect' 'tmp_110' <Predicate = true> <Delay = 0.00>
ST_12 : Operation 191 [1/1] (0.00ns)   --->   "%tmp_111 = trunc i24 %r_V_4_5 to i14" [bi_lstm/src/rnn.cpp:57]   --->   Operation 191 'trunc' 'tmp_111' <Predicate = true> <Delay = 0.00>
ST_12 : Operation 192 [1/1] (1.98ns)   --->   "%tmp_12_5 = icmp eq i14 %tmp_111, 0" [bi_lstm/src/rnn.cpp:57]   --->   Operation 192 'icmp' 'tmp_12_5' <Predicate = true> <Delay = 1.98> <Core = "Cmp">   --->   Core 25 'Cmp' <Latency = 0> <II = 1> <Delay = 1.98> <FuncUnit> <Opcode : 'icmp'> <InPorts = 2> <OutPorts = 1>
ST_12 : Operation 193 [1/1] (0.00ns)   --->   "%tmp_85 = call i8 @_ssdm_op_PartSelect.i8.i24.i32.i32(i24 %r_V_4_5, i32 14, i32 21)" [bi_lstm/src/rnn.cpp:57]   --->   Operation 193 'partselect' 'tmp_85' <Predicate = true> <Delay = 0.00>
ST_12 : Operation 194 [1/1] (1.30ns)   --->   "%tmp_86 = add i8 1, %tmp_85" [bi_lstm/src/rnn.cpp:57]   --->   Operation 194 'add' 'tmp_86' <Predicate = true> <Delay = 1.30> <Core = "AddSub">   --->   Core 14 'AddSub' <Latency = 0> <II = 1> <Delay = 1.89> <FuncUnit> <Opcode : 'add' 'sub'> <InPorts = 2> <OutPorts = 1>
ST_12 : Operation 195 [1/1] (0.00ns) (grouped into LUT with out node tmp_88)   --->   "%tmp_87 = select i1 %tmp_12_5, i8 %tmp_85, i8 %tmp_86" [bi_lstm/src/rnn.cpp:57]   --->   Operation 195 'select' 'tmp_87' <Predicate = true> <Delay = 0.00> <Core = "Sel">   --->   Core 26 'Sel' <Latency = 0> <II = 1> <Delay = 0.59> <FuncUnit> <Opcode : 'select'> <InPorts = 3> <OutPorts = 1>
ST_12 : Operation 196 [1/1] (0.44ns) (out node of the LUT)   --->   "%tmp_88 = select i1 %tmp_110, i8 %tmp_87, i8 %tmp_85" [bi_lstm/src/rnn.cpp:57]   --->   Operation 196 'select' 'tmp_88' <Predicate = true> <Delay = 0.44> <Core = "Sel">   --->   Core 26 'Sel' <Latency = 0> <II = 1> <Delay = 0.59> <FuncUnit> <Opcode : 'select'> <InPorts = 3> <OutPorts = 1>
ST_12 : Operation 197 [2/2] (1.75ns)   --->   "%x_6_V_load = load i16* %x_6_V_addr, align 2" [bi_lstm/src/rnn.cpp:54]   --->   Operation 197 'load' 'x_6_V_load' <Predicate = true> <Delay = 1.75> <Core = "RAM">   --->   Core 37 'RAM' <Latency = 1> <II = 1> <Delay = 1.75> <Storage> <Opcode : 'load' 'store'> <Ports = 2> <Width = 16> <Depth = 6> <RAM>

State 13 <SV = 12> <Delay = 7.42>
ST_13 : Operation 198 [1/2] (2.77ns)   --->   "%sigmoid_lut_V_load_4 = load i15* %sigmoid_lut_V_addr_4, align 2" [bi_lstm/src/rnn.cpp:58]   --->   Operation 198 'load' 'sigmoid_lut_V_load_4' <Predicate = true> <Delay = 2.77> <Core = "ROM_1P_BRAM">   --->   Core 61 'ROM_1P_BRAM' <Latency = 1> <II = 1> <Delay = 2.77> <Storage> <Opcode : 'load'> <Ports = 1> <Width = 15> <Depth = 256> <ROM>
ST_13 : Operation 199 [1/1] (0.00ns) (grouped into LUT with out node storemerge1_4)   --->   "%tmp_4_42 = call i11 @_ssdm_op_PartSelect.i11.i15.i32.i32(i15 %sigmoid_lut_V_load_4, i32 4, i32 14)" [bi_lstm/src/rnn.cpp:58]   --->   Operation 199 'partselect' 'tmp_4_42' <Predicate = true> <Delay = 0.00>
ST_13 : Operation 200 [1/1] (0.00ns) (grouped into LUT with out node storemerge1_4)   --->   "%tmp_53 = zext i11 %tmp_4_42 to i12" [bi_lstm/src/rnn.cpp:58]   --->   Operation 200 'zext' 'tmp_53' <Predicate = true> <Delay = 0.00>
ST_13 : Operation 201 [1/1] (0.00ns) (grouped into LUT with out node sel_tmp12)   --->   "%sel_tmp11 = xor i1 %tmp_4, true" [bi_lstm/src/rnn.cpp:54]   --->   Operation 201 'xor' 'sel_tmp11' <Predicate = true> <Delay = 0.00> <Core = "LogicGate">   --->   Core 27 'LogicGate' <Latency = 0> <II = 1> <Delay = 0.80> <FuncUnit> <Opcode : 'and' 'or' 'xor'> <InPorts = 2> <OutPorts = 1>
ST_13 : Operation 202 [1/1] (0.80ns) (out node of the LUT)   --->   "%sel_tmp12 = and i1 %tmp_9_4, %sel_tmp11" [bi_lstm/src/rnn.cpp:55]   --->   Operation 202 'and' 'sel_tmp12' <Predicate = true> <Delay = 0.80> <Core = "LogicGate">   --->   Core 27 'LogicGate' <Latency = 0> <II = 1> <Delay = 0.80> <FuncUnit> <Opcode : 'and' 'or' 'xor'> <InPorts = 2> <OutPorts = 1>
ST_13 : Operation 203 [1/1] (0.00ns) (grouped into LUT with out node storemerge1_4)   --->   "%sel_tmp10 = select i1 %sel_tmp12, i12 0, i12 -2048" [bi_lstm/src/rnn.cpp:58]   --->   Operation 203 'select' 'sel_tmp10' <Predicate = true> <Delay = 0.00> <Core = "Sel">   --->   Core 26 'Sel' <Latency = 0> <II = 1> <Delay = 0.59> <FuncUnit> <Opcode : 'select'> <InPorts = 3> <OutPorts = 1>
ST_13 : Operation 204 [1/1] (0.00ns) (grouped into LUT with out node storemerge1_4)   --->   "%tmp_84 = or i1 %sel_tmp12, %tmp_4" [bi_lstm/src/rnn.cpp:58]   --->   Operation 204 'or' 'tmp_84' <Predicate = true> <Delay = 0.00> <Core = "LogicGate">   --->   Core 27 'LogicGate' <Latency = 0> <II = 1> <Delay = 0.80> <FuncUnit> <Opcode : 'and' 'or' 'xor'> <InPorts = 2> <OutPorts = 1>
ST_13 : Operation 205 [1/1] (0.80ns) (out node of the LUT)   --->   "%storemerge1_4 = select i1 %tmp_84, i12 %sel_tmp10, i12 %tmp_53" [bi_lstm/src/rnn.cpp:58]   --->   Operation 205 'select' 'storemerge1_4' <Predicate = true> <Delay = 0.80> <Core = "Sel">   --->   Core 26 'Sel' <Latency = 0> <II = 1> <Delay = 0.59> <FuncUnit> <Opcode : 'select'> <InPorts = 3> <OutPorts = 1>
ST_13 : Operation 206 [1/1] (0.00ns)   --->   "%storemerge1_4_cast = zext i12 %storemerge1_4 to i16" [bi_lstm/src/rnn.cpp:54]   --->   Operation 206 'zext' 'storemerge1_4_cast' <Predicate = true> <Delay = 0.00>
ST_13 : Operation 207 [1/1] (1.75ns)   --->   "store i16 %storemerge1_4_cast, i16* %x_4_V_addr, align 2" [bi_lstm/src/rnn.cpp:54]   --->   Operation 207 'store' <Predicate = true> <Delay = 1.75> <Core = "RAM">   --->   Core 37 'RAM' <Latency = 1> <II = 1> <Delay = 1.75> <Storage> <Opcode : 'load' 'store'> <Ports = 2> <Width = 16> <Depth = 6> <RAM>
ST_13 : Operation 208 [1/1] (0.00ns)   --->   "%tmp_13_5 = zext i8 %tmp_88 to i64" [bi_lstm/src/rnn.cpp:58]   --->   Operation 208 'zext' 'tmp_13_5' <Predicate = true> <Delay = 0.00>
ST_13 : Operation 209 [1/1] (0.00ns)   --->   "%sigmoid_lut_V_addr_5 = getelementptr [256 x i15]* @sigmoid_lut_V, i64 0, i64 %tmp_13_5" [bi_lstm/src/rnn.cpp:58]   --->   Operation 209 'getelementptr' 'sigmoid_lut_V_addr_5' <Predicate = true> <Delay = 0.00>
ST_13 : Operation 210 [2/2] (2.77ns)   --->   "%sigmoid_lut_V_load_5 = load i15* %sigmoid_lut_V_addr_5, align 2" [bi_lstm/src/rnn.cpp:58]   --->   Operation 210 'load' 'sigmoid_lut_V_load_5' <Predicate = true> <Delay = 2.77> <Core = "ROM_1P_BRAM">   --->   Core 61 'ROM_1P_BRAM' <Latency = 1> <II = 1> <Delay = 2.77> <Storage> <Opcode : 'load'> <Ports = 1> <Width = 15> <Depth = 256> <ROM>
ST_13 : Operation 211 [1/2] (1.75ns)   --->   "%x_6_V_load = load i16* %x_6_V_addr, align 2" [bi_lstm/src/rnn.cpp:54]   --->   Operation 211 'load' 'x_6_V_load' <Predicate = true> <Delay = 1.75> <Core = "RAM">   --->   Core 37 'RAM' <Latency = 1> <II = 1> <Delay = 1.75> <Storage> <Opcode : 'load' 'store'> <Ports = 2> <Width = 16> <Depth = 6> <RAM>
ST_13 : Operation 212 [1/1] (2.13ns)   --->   "%tmp_6 = icmp sgt i16 %x_6_V_load, 16384" [bi_lstm/src/rnn.cpp:54]   --->   Operation 212 'icmp' 'tmp_6' <Predicate = true> <Delay = 2.13> <Core = "Cmp">   --->   Core 25 'Cmp' <Latency = 0> <II = 1> <Delay = 1.98> <FuncUnit> <Opcode : 'icmp'> <InPorts = 2> <OutPorts = 1>
ST_13 : Operation 213 [1/1] (2.13ns)   --->   "%tmp_9_6 = icmp slt i16 %x_6_V_load, -16384" [bi_lstm/src/rnn.cpp:55]   --->   Operation 213 'icmp' 'tmp_9_6' <Predicate = true> <Delay = 2.13> <Core = "Cmp">   --->   Core 25 'Cmp' <Latency = 0> <II = 1> <Delay = 1.98> <FuncUnit> <Opcode : 'icmp'> <InPorts = 2> <OutPorts = 1>
ST_13 : Operation 214 [1/1] (0.00ns)   --->   "%tmp_59 = call i12 @_ssdm_op_PartSelect.i12.i16.i32.i32(i16 %x_6_V_load, i32 4, i32 15)" [bi_lstm/src/rnn.cpp:57]   --->   Operation 214 'partselect' 'tmp_59' <Predicate = true> <Delay = 0.00>
ST_13 : Operation 215 [1/1] (0.00ns)   --->   "%lhs_V_6_cast = sext i12 %tmp_59 to i13" [bi_lstm/src/rnn.cpp:57]   --->   Operation 215 'sext' 'lhs_V_6_cast' <Predicate = true> <Delay = 0.00>
ST_13 : Operation 216 [1/1] (1.54ns)   --->   "%ret_V_6 = add i13 1024, %lhs_V_6_cast" [bi_lstm/src/rnn.cpp:57]   --->   Operation 216 'add' 'ret_V_6' <Predicate = true> <Delay = 1.54> <Core = "AddSub">   --->   Core 14 'AddSub' <Latency = 0> <II = 1> <Delay = 1.89> <FuncUnit> <Opcode : 'add' 'sub'> <InPorts = 2> <OutPorts = 1>
ST_13 : Operation 217 [1/1] (0.00ns)   --->   "%p_shl_6 = call i24 @_ssdm_op_BitConcatenate.i24.i13.i11(i13 %ret_V_6, i11 0)" [bi_lstm/src/rnn.cpp:57]   --->   Operation 217 'bitconcatenate' 'p_shl_6' <Predicate = true> <Delay = 0.00>
ST_13 : Operation 218 [1/1] (0.00ns)   --->   "%p_shl2_6 = call i16 @_ssdm_op_BitConcatenate.i16.i13.i3(i13 %ret_V_6, i3 0)" [bi_lstm/src/rnn.cpp:57]   --->   Operation 218 'bitconcatenate' 'p_shl2_6' <Predicate = true> <Delay = 0.00>
ST_13 : Operation 219 [1/1] (0.00ns)   --->   "%p_shl2_6_cast = sext i16 %p_shl2_6 to i24" [bi_lstm/src/rnn.cpp:57]   --->   Operation 219 'sext' 'p_shl2_6_cast' <Predicate = true> <Delay = 0.00>
ST_13 : Operation 220 [1/1] (1.68ns)   --->   "%r_V_4_6 = sub i24 %p_shl_6, %p_shl2_6_cast" [bi_lstm/src/rnn.cpp:57]   --->   Operation 220 'sub' 'r_V_4_6' <Predicate = true> <Delay = 1.68> <Core = "AddSub">   --->   Core 14 'AddSub' <Latency = 0> <II = 1> <Delay = 1.89> <FuncUnit> <Opcode : 'add' 'sub'> <InPorts = 2> <OutPorts = 1>
ST_13 : Operation 221 [1/1] (0.00ns) (grouped into LUT with out node tmp_93)   --->   "%tmp_112 = call i1 @_ssdm_op_BitSelect.i1.i24.i32(i24 %r_V_4_6, i32 23)" [bi_lstm/src/rnn.cpp:57]   --->   Operation 221 'bitselect' 'tmp_112' <Predicate = true> <Delay = 0.00>
ST_13 : Operation 222 [1/1] (0.00ns)   --->   "%tmp_113 = trunc i24 %r_V_4_6 to i14" [bi_lstm/src/rnn.cpp:57]   --->   Operation 222 'trunc' 'tmp_113' <Predicate = true> <Delay = 0.00>
ST_13 : Operation 223 [1/1] (1.98ns)   --->   "%tmp_12_6 = icmp eq i14 %tmp_113, 0" [bi_lstm/src/rnn.cpp:57]   --->   Operation 223 'icmp' 'tmp_12_6' <Predicate = true> <Delay = 1.98> <Core = "Cmp">   --->   Core 25 'Cmp' <Latency = 0> <II = 1> <Delay = 1.98> <FuncUnit> <Opcode : 'icmp'> <InPorts = 2> <OutPorts = 1>
ST_13 : Operation 224 [1/1] (0.00ns)   --->   "%tmp_90 = call i8 @_ssdm_op_PartSelect.i8.i24.i32.i32(i24 %r_V_4_6, i32 14, i32 21)" [bi_lstm/src/rnn.cpp:57]   --->   Operation 224 'partselect' 'tmp_90' <Predicate = true> <Delay = 0.00>
ST_13 : Operation 225 [1/1] (1.30ns)   --->   "%tmp_91 = add i8 1, %tmp_90" [bi_lstm/src/rnn.cpp:57]   --->   Operation 225 'add' 'tmp_91' <Predicate = true> <Delay = 1.30> <Core = "AddSub">   --->   Core 14 'AddSub' <Latency = 0> <II = 1> <Delay = 1.89> <FuncUnit> <Opcode : 'add' 'sub'> <InPorts = 2> <OutPorts = 1>
ST_13 : Operation 226 [1/1] (0.00ns) (grouped into LUT with out node tmp_93)   --->   "%tmp_92 = select i1 %tmp_12_6, i8 %tmp_90, i8 %tmp_91" [bi_lstm/src/rnn.cpp:57]   --->   Operation 226 'select' 'tmp_92' <Predicate = true> <Delay = 0.00> <Core = "Sel">   --->   Core 26 'Sel' <Latency = 0> <II = 1> <Delay = 0.59> <FuncUnit> <Opcode : 'select'> <InPorts = 3> <OutPorts = 1>
ST_13 : Operation 227 [1/1] (0.44ns) (out node of the LUT)   --->   "%tmp_93 = select i1 %tmp_112, i8 %tmp_92, i8 %tmp_90" [bi_lstm/src/rnn.cpp:57]   --->   Operation 227 'select' 'tmp_93' <Predicate = true> <Delay = 0.44> <Core = "Sel">   --->   Core 26 'Sel' <Latency = 0> <II = 1> <Delay = 0.59> <FuncUnit> <Opcode : 'select'> <InPorts = 3> <OutPorts = 1>
ST_13 : Operation 228 [2/2] (1.75ns)   --->   "%x_7_V_load = load i16* %x_7_V_addr, align 2" [bi_lstm/src/rnn.cpp:54]   --->   Operation 228 'load' 'x_7_V_load' <Predicate = true> <Delay = 1.75> <Core = "RAM">   --->   Core 37 'RAM' <Latency = 1> <II = 1> <Delay = 1.75> <Storage> <Opcode : 'load' 'store'> <Ports = 2> <Width = 16> <Depth = 6> <RAM>

State 14 <SV = 13> <Delay = 7.42>
ST_14 : Operation 229 [1/2] (2.77ns)   --->   "%sigmoid_lut_V_load_5 = load i15* %sigmoid_lut_V_addr_5, align 2" [bi_lstm/src/rnn.cpp:58]   --->   Operation 229 'load' 'sigmoid_lut_V_load_5' <Predicate = true> <Delay = 2.77> <Core = "ROM_1P_BRAM">   --->   Core 61 'ROM_1P_BRAM' <Latency = 1> <II = 1> <Delay = 2.77> <Storage> <Opcode : 'load'> <Ports = 1> <Width = 15> <Depth = 256> <ROM>
ST_14 : Operation 230 [1/1] (0.00ns) (grouped into LUT with out node storemerge1_5)   --->   "%tmp_5_43 = call i11 @_ssdm_op_PartSelect.i11.i15.i32.i32(i15 %sigmoid_lut_V_load_5, i32 4, i32 14)" [bi_lstm/src/rnn.cpp:58]   --->   Operation 230 'partselect' 'tmp_5_43' <Predicate = true> <Delay = 0.00>
ST_14 : Operation 231 [1/1] (0.00ns) (grouped into LUT with out node storemerge1_5)   --->   "%tmp_57 = zext i11 %tmp_5_43 to i12" [bi_lstm/src/rnn.cpp:58]   --->   Operation 231 'zext' 'tmp_57' <Predicate = true> <Delay = 0.00>
ST_14 : Operation 232 [1/1] (0.00ns) (grouped into LUT with out node sel_tmp17)   --->   "%sel_tmp16 = xor i1 %tmp_5, true" [bi_lstm/src/rnn.cpp:54]   --->   Operation 232 'xor' 'sel_tmp16' <Predicate = true> <Delay = 0.00> <Core = "LogicGate">   --->   Core 27 'LogicGate' <Latency = 0> <II = 1> <Delay = 0.80> <FuncUnit> <Opcode : 'and' 'or' 'xor'> <InPorts = 2> <OutPorts = 1>
ST_14 : Operation 233 [1/1] (0.80ns) (out node of the LUT)   --->   "%sel_tmp17 = and i1 %tmp_9_5, %sel_tmp16" [bi_lstm/src/rnn.cpp:55]   --->   Operation 233 'and' 'sel_tmp17' <Predicate = true> <Delay = 0.80> <Core = "LogicGate">   --->   Core 27 'LogicGate' <Latency = 0> <II = 1> <Delay = 0.80> <FuncUnit> <Opcode : 'and' 'or' 'xor'> <InPorts = 2> <OutPorts = 1>
ST_14 : Operation 234 [1/1] (0.00ns) (grouped into LUT with out node storemerge1_5)   --->   "%sel_tmp15 = select i1 %sel_tmp17, i12 0, i12 -2048" [bi_lstm/src/rnn.cpp:58]   --->   Operation 234 'select' 'sel_tmp15' <Predicate = true> <Delay = 0.00> <Core = "Sel">   --->   Core 26 'Sel' <Latency = 0> <II = 1> <Delay = 0.59> <FuncUnit> <Opcode : 'select'> <InPorts = 3> <OutPorts = 1>
ST_14 : Operation 235 [1/1] (0.00ns) (grouped into LUT with out node storemerge1_5)   --->   "%tmp_89 = or i1 %sel_tmp17, %tmp_5" [bi_lstm/src/rnn.cpp:58]   --->   Operation 235 'or' 'tmp_89' <Predicate = true> <Delay = 0.00> <Core = "LogicGate">   --->   Core 27 'LogicGate' <Latency = 0> <II = 1> <Delay = 0.80> <FuncUnit> <Opcode : 'and' 'or' 'xor'> <InPorts = 2> <OutPorts = 1>
ST_14 : Operation 236 [1/1] (0.80ns) (out node of the LUT)   --->   "%storemerge1_5 = select i1 %tmp_89, i12 %sel_tmp15, i12 %tmp_57" [bi_lstm/src/rnn.cpp:58]   --->   Operation 236 'select' 'storemerge1_5' <Predicate = true> <Delay = 0.80> <Core = "Sel">   --->   Core 26 'Sel' <Latency = 0> <II = 1> <Delay = 0.59> <FuncUnit> <Opcode : 'select'> <InPorts = 3> <OutPorts = 1>
ST_14 : Operation 237 [1/1] (0.00ns)   --->   "%storemerge1_5_cast = zext i12 %storemerge1_5 to i16" [bi_lstm/src/rnn.cpp:54]   --->   Operation 237 'zext' 'storemerge1_5_cast' <Predicate = true> <Delay = 0.00>
ST_14 : Operation 238 [1/1] (1.75ns)   --->   "store i16 %storemerge1_5_cast, i16* %x_5_V_addr, align 2" [bi_lstm/src/rnn.cpp:54]   --->   Operation 238 'store' <Predicate = true> <Delay = 1.75> <Core = "RAM">   --->   Core 37 'RAM' <Latency = 1> <II = 1> <Delay = 1.75> <Storage> <Opcode : 'load' 'store'> <Ports = 2> <Width = 16> <Depth = 6> <RAM>
ST_14 : Operation 239 [1/1] (0.00ns)   --->   "%tmp_13_6 = zext i8 %tmp_93 to i64" [bi_lstm/src/rnn.cpp:58]   --->   Operation 239 'zext' 'tmp_13_6' <Predicate = true> <Delay = 0.00>
ST_14 : Operation 240 [1/1] (0.00ns)   --->   "%sigmoid_lut_V_addr_6 = getelementptr [256 x i15]* @sigmoid_lut_V, i64 0, i64 %tmp_13_6" [bi_lstm/src/rnn.cpp:58]   --->   Operation 240 'getelementptr' 'sigmoid_lut_V_addr_6' <Predicate = true> <Delay = 0.00>
ST_14 : Operation 241 [2/2] (2.77ns)   --->   "%sigmoid_lut_V_load_6 = load i15* %sigmoid_lut_V_addr_6, align 2" [bi_lstm/src/rnn.cpp:58]   --->   Operation 241 'load' 'sigmoid_lut_V_load_6' <Predicate = true> <Delay = 2.77> <Core = "ROM_1P_BRAM">   --->   Core 61 'ROM_1P_BRAM' <Latency = 1> <II = 1> <Delay = 2.77> <Storage> <Opcode : 'load'> <Ports = 1> <Width = 15> <Depth = 256> <ROM>
ST_14 : Operation 242 [1/2] (1.75ns)   --->   "%x_7_V_load = load i16* %x_7_V_addr, align 2" [bi_lstm/src/rnn.cpp:54]   --->   Operation 242 'load' 'x_7_V_load' <Predicate = true> <Delay = 1.75> <Core = "RAM">   --->   Core 37 'RAM' <Latency = 1> <II = 1> <Delay = 1.75> <Storage> <Opcode : 'load' 'store'> <Ports = 2> <Width = 16> <Depth = 6> <RAM>
ST_14 : Operation 243 [1/1] (2.13ns)   --->   "%tmp_7 = icmp sgt i16 %x_7_V_load, 16384" [bi_lstm/src/rnn.cpp:54]   --->   Operation 243 'icmp' 'tmp_7' <Predicate = true> <Delay = 2.13> <Core = "Cmp">   --->   Core 25 'Cmp' <Latency = 0> <II = 1> <Delay = 1.98> <FuncUnit> <Opcode : 'icmp'> <InPorts = 2> <OutPorts = 1>
ST_14 : Operation 244 [1/1] (2.13ns)   --->   "%tmp_9_7 = icmp slt i16 %x_7_V_load, -16384" [bi_lstm/src/rnn.cpp:55]   --->   Operation 244 'icmp' 'tmp_9_7' <Predicate = true> <Delay = 2.13> <Core = "Cmp">   --->   Core 25 'Cmp' <Latency = 0> <II = 1> <Delay = 1.98> <FuncUnit> <Opcode : 'icmp'> <InPorts = 2> <OutPorts = 1>
ST_14 : Operation 245 [1/1] (0.00ns)   --->   "%tmp_63 = call i12 @_ssdm_op_PartSelect.i12.i16.i32.i32(i16 %x_7_V_load, i32 4, i32 15)" [bi_lstm/src/rnn.cpp:57]   --->   Operation 245 'partselect' 'tmp_63' <Predicate = true> <Delay = 0.00>
ST_14 : Operation 246 [1/1] (0.00ns)   --->   "%lhs_V_7_cast = sext i12 %tmp_63 to i13" [bi_lstm/src/rnn.cpp:57]   --->   Operation 246 'sext' 'lhs_V_7_cast' <Predicate = true> <Delay = 0.00>
ST_14 : Operation 247 [1/1] (1.54ns)   --->   "%ret_V_7 = add i13 1024, %lhs_V_7_cast" [bi_lstm/src/rnn.cpp:57]   --->   Operation 247 'add' 'ret_V_7' <Predicate = true> <Delay = 1.54> <Core = "AddSub">   --->   Core 14 'AddSub' <Latency = 0> <II = 1> <Delay = 1.89> <FuncUnit> <Opcode : 'add' 'sub'> <InPorts = 2> <OutPorts = 1>
ST_14 : Operation 248 [1/1] (0.00ns)   --->   "%p_shl_7 = call i24 @_ssdm_op_BitConcatenate.i24.i13.i11(i13 %ret_V_7, i11 0)" [bi_lstm/src/rnn.cpp:57]   --->   Operation 248 'bitconcatenate' 'p_shl_7' <Predicate = true> <Delay = 0.00>
ST_14 : Operation 249 [1/1] (0.00ns)   --->   "%p_shl2_7 = call i16 @_ssdm_op_BitConcatenate.i16.i13.i3(i13 %ret_V_7, i3 0)" [bi_lstm/src/rnn.cpp:57]   --->   Operation 249 'bitconcatenate' 'p_shl2_7' <Predicate = true> <Delay = 0.00>
ST_14 : Operation 250 [1/1] (0.00ns)   --->   "%p_shl2_7_cast = sext i16 %p_shl2_7 to i24" [bi_lstm/src/rnn.cpp:57]   --->   Operation 250 'sext' 'p_shl2_7_cast' <Predicate = true> <Delay = 0.00>
ST_14 : Operation 251 [1/1] (1.68ns)   --->   "%r_V_4_7 = sub i24 %p_shl_7, %p_shl2_7_cast" [bi_lstm/src/rnn.cpp:57]   --->   Operation 251 'sub' 'r_V_4_7' <Predicate = true> <Delay = 1.68> <Core = "AddSub">   --->   Core 14 'AddSub' <Latency = 0> <II = 1> <Delay = 1.89> <FuncUnit> <Opcode : 'add' 'sub'> <InPorts = 2> <OutPorts = 1>
ST_14 : Operation 252 [1/1] (0.00ns) (grouped into LUT with out node tmp_98)   --->   "%tmp_114 = call i1 @_ssdm_op_BitSelect.i1.i24.i32(i24 %r_V_4_7, i32 23)" [bi_lstm/src/rnn.cpp:57]   --->   Operation 252 'bitselect' 'tmp_114' <Predicate = true> <Delay = 0.00>
ST_14 : Operation 253 [1/1] (0.00ns)   --->   "%tmp_115 = trunc i24 %r_V_4_7 to i14" [bi_lstm/src/rnn.cpp:57]   --->   Operation 253 'trunc' 'tmp_115' <Predicate = true> <Delay = 0.00>
ST_14 : Operation 254 [1/1] (1.98ns)   --->   "%tmp_12_7 = icmp eq i14 %tmp_115, 0" [bi_lstm/src/rnn.cpp:57]   --->   Operation 254 'icmp' 'tmp_12_7' <Predicate = true> <Delay = 1.98> <Core = "Cmp">   --->   Core 25 'Cmp' <Latency = 0> <II = 1> <Delay = 1.98> <FuncUnit> <Opcode : 'icmp'> <InPorts = 2> <OutPorts = 1>
ST_14 : Operation 255 [1/1] (0.00ns)   --->   "%tmp_95 = call i8 @_ssdm_op_PartSelect.i8.i24.i32.i32(i24 %r_V_4_7, i32 14, i32 21)" [bi_lstm/src/rnn.cpp:57]   --->   Operation 255 'partselect' 'tmp_95' <Predicate = true> <Delay = 0.00>
ST_14 : Operation 256 [1/1] (1.30ns)   --->   "%tmp_96 = add i8 1, %tmp_95" [bi_lstm/src/rnn.cpp:57]   --->   Operation 256 'add' 'tmp_96' <Predicate = true> <Delay = 1.30> <Core = "AddSub">   --->   Core 14 'AddSub' <Latency = 0> <II = 1> <Delay = 1.89> <FuncUnit> <Opcode : 'add' 'sub'> <InPorts = 2> <OutPorts = 1>
ST_14 : Operation 257 [1/1] (0.00ns) (grouped into LUT with out node tmp_98)   --->   "%tmp_97 = select i1 %tmp_12_7, i8 %tmp_95, i8 %tmp_96" [bi_lstm/src/rnn.cpp:57]   --->   Operation 257 'select' 'tmp_97' <Predicate = true> <Delay = 0.00> <Core = "Sel">   --->   Core 26 'Sel' <Latency = 0> <II = 1> <Delay = 0.59> <FuncUnit> <Opcode : 'select'> <InPorts = 3> <OutPorts = 1>
ST_14 : Operation 258 [1/1] (0.44ns) (out node of the LUT)   --->   "%tmp_98 = select i1 %tmp_114, i8 %tmp_97, i8 %tmp_95" [bi_lstm/src/rnn.cpp:57]   --->   Operation 258 'select' 'tmp_98' <Predicate = true> <Delay = 0.44> <Core = "Sel">   --->   Core 26 'Sel' <Latency = 0> <II = 1> <Delay = 0.59> <FuncUnit> <Opcode : 'select'> <InPorts = 3> <OutPorts = 1>

State 15 <SV = 14> <Delay = 5.32>
ST_15 : Operation 259 [1/2] (2.77ns)   --->   "%sigmoid_lut_V_load_6 = load i15* %sigmoid_lut_V_addr_6, align 2" [bi_lstm/src/rnn.cpp:58]   --->   Operation 259 'load' 'sigmoid_lut_V_load_6' <Predicate = true> <Delay = 2.77> <Core = "ROM_1P_BRAM">   --->   Core 61 'ROM_1P_BRAM' <Latency = 1> <II = 1> <Delay = 2.77> <Storage> <Opcode : 'load'> <Ports = 1> <Width = 15> <Depth = 256> <ROM>
ST_15 : Operation 260 [1/1] (0.00ns) (grouped into LUT with out node storemerge1_6)   --->   "%tmp_6_44 = call i11 @_ssdm_op_PartSelect.i11.i15.i32.i32(i15 %sigmoid_lut_V_load_6, i32 4, i32 14)" [bi_lstm/src/rnn.cpp:58]   --->   Operation 260 'partselect' 'tmp_6_44' <Predicate = true> <Delay = 0.00>
ST_15 : Operation 261 [1/1] (0.00ns) (grouped into LUT with out node storemerge1_6)   --->   "%tmp_61 = zext i11 %tmp_6_44 to i12" [bi_lstm/src/rnn.cpp:58]   --->   Operation 261 'zext' 'tmp_61' <Predicate = true> <Delay = 0.00>
ST_15 : Operation 262 [1/1] (0.00ns) (grouped into LUT with out node sel_tmp19)   --->   "%sel_tmp18 = xor i1 %tmp_6, true" [bi_lstm/src/rnn.cpp:54]   --->   Operation 262 'xor' 'sel_tmp18' <Predicate = true> <Delay = 0.00> <Core = "LogicGate">   --->   Core 27 'LogicGate' <Latency = 0> <II = 1> <Delay = 0.80> <FuncUnit> <Opcode : 'and' 'or' 'xor'> <InPorts = 2> <OutPorts = 1>
ST_15 : Operation 263 [1/1] (0.80ns) (out node of the LUT)   --->   "%sel_tmp19 = and i1 %tmp_9_6, %sel_tmp18" [bi_lstm/src/rnn.cpp:55]   --->   Operation 263 'and' 'sel_tmp19' <Predicate = true> <Delay = 0.80> <Core = "LogicGate">   --->   Core 27 'LogicGate' <Latency = 0> <II = 1> <Delay = 0.80> <FuncUnit> <Opcode : 'and' 'or' 'xor'> <InPorts = 2> <OutPorts = 1>
ST_15 : Operation 264 [1/1] (0.00ns) (grouped into LUT with out node storemerge1_6)   --->   "%sel_tmp20 = select i1 %sel_tmp19, i12 0, i12 -2048" [bi_lstm/src/rnn.cpp:58]   --->   Operation 264 'select' 'sel_tmp20' <Predicate = true> <Delay = 0.00> <Core = "Sel">   --->   Core 26 'Sel' <Latency = 0> <II = 1> <Delay = 0.59> <FuncUnit> <Opcode : 'select'> <InPorts = 3> <OutPorts = 1>
ST_15 : Operation 265 [1/1] (0.00ns) (grouped into LUT with out node storemerge1_6)   --->   "%tmp_94 = or i1 %sel_tmp19, %tmp_6" [bi_lstm/src/rnn.cpp:58]   --->   Operation 265 'or' 'tmp_94' <Predicate = true> <Delay = 0.00> <Core = "LogicGate">   --->   Core 27 'LogicGate' <Latency = 0> <II = 1> <Delay = 0.80> <FuncUnit> <Opcode : 'and' 'or' 'xor'> <InPorts = 2> <OutPorts = 1>
ST_15 : Operation 266 [1/1] (0.80ns) (out node of the LUT)   --->   "%storemerge1_6 = select i1 %tmp_94, i12 %sel_tmp20, i12 %tmp_61" [bi_lstm/src/rnn.cpp:58]   --->   Operation 266 'select' 'storemerge1_6' <Predicate = true> <Delay = 0.80> <Core = "Sel">   --->   Core 26 'Sel' <Latency = 0> <II = 1> <Delay = 0.59> <FuncUnit> <Opcode : 'select'> <InPorts = 3> <OutPorts = 1>
ST_15 : Operation 267 [1/1] (0.00ns)   --->   "%storemerge1_6_cast = zext i12 %storemerge1_6 to i16" [bi_lstm/src/rnn.cpp:54]   --->   Operation 267 'zext' 'storemerge1_6_cast' <Predicate = true> <Delay = 0.00>
ST_15 : Operation 268 [1/1] (1.75ns)   --->   "store i16 %storemerge1_6_cast, i16* %x_6_V_addr, align 2" [bi_lstm/src/rnn.cpp:54]   --->   Operation 268 'store' <Predicate = true> <Delay = 1.75> <Core = "RAM">   --->   Core 37 'RAM' <Latency = 1> <II = 1> <Delay = 1.75> <Storage> <Opcode : 'load' 'store'> <Ports = 2> <Width = 16> <Depth = 6> <RAM>
ST_15 : Operation 269 [1/1] (0.00ns)   --->   "%tmp_13_7 = zext i8 %tmp_98 to i64" [bi_lstm/src/rnn.cpp:58]   --->   Operation 269 'zext' 'tmp_13_7' <Predicate = true> <Delay = 0.00>
ST_15 : Operation 270 [1/1] (0.00ns)   --->   "%sigmoid_lut_V_addr_7 = getelementptr [256 x i15]* @sigmoid_lut_V, i64 0, i64 %tmp_13_7" [bi_lstm/src/rnn.cpp:58]   --->   Operation 270 'getelementptr' 'sigmoid_lut_V_addr_7' <Predicate = true> <Delay = 0.00>
ST_15 : Operation 271 [2/2] (2.77ns)   --->   "%sigmoid_lut_V_load_7 = load i15* %sigmoid_lut_V_addr_7, align 2" [bi_lstm/src/rnn.cpp:58]   --->   Operation 271 'load' 'sigmoid_lut_V_load_7' <Predicate = true> <Delay = 2.77> <Core = "ROM_1P_BRAM">   --->   Core 61 'ROM_1P_BRAM' <Latency = 1> <II = 1> <Delay = 2.77> <Storage> <Opcode : 'load'> <Ports = 1> <Width = 15> <Depth = 256> <ROM>

State 16 <SV = 15> <Delay = 5.32>
ST_16 : Operation 272 [1/2] (2.77ns)   --->   "%sigmoid_lut_V_load_7 = load i15* %sigmoid_lut_V_addr_7, align 2" [bi_lstm/src/rnn.cpp:58]   --->   Operation 272 'load' 'sigmoid_lut_V_load_7' <Predicate = true> <Delay = 2.77> <Core = "ROM_1P_BRAM">   --->   Core 61 'ROM_1P_BRAM' <Latency = 1> <II = 1> <Delay = 2.77> <Storage> <Opcode : 'load'> <Ports = 1> <Width = 15> <Depth = 256> <ROM>
ST_16 : Operation 273 [1/1] (0.00ns) (grouped into LUT with out node storemerge1_7)   --->   "%tmp_7_45 = call i11 @_ssdm_op_PartSelect.i11.i15.i32.i32(i15 %sigmoid_lut_V_load_7, i32 4, i32 14)" [bi_lstm/src/rnn.cpp:58]   --->   Operation 273 'partselect' 'tmp_7_45' <Predicate = true> <Delay = 0.00>
ST_16 : Operation 274 [1/1] (0.00ns) (grouped into LUT with out node storemerge1_7)   --->   "%tmp_65 = zext i11 %tmp_7_45 to i12" [bi_lstm/src/rnn.cpp:58]   --->   Operation 274 'zext' 'tmp_65' <Predicate = true> <Delay = 0.00>
ST_16 : Operation 275 [1/1] (0.00ns) (grouped into LUT with out node sel_tmp22)   --->   "%sel_tmp21 = xor i1 %tmp_7, true" [bi_lstm/src/rnn.cpp:54]   --->   Operation 275 'xor' 'sel_tmp21' <Predicate = true> <Delay = 0.00> <Core = "LogicGate">   --->   Core 27 'LogicGate' <Latency = 0> <II = 1> <Delay = 0.80> <FuncUnit> <Opcode : 'and' 'or' 'xor'> <InPorts = 2> <OutPorts = 1>
ST_16 : Operation 276 [1/1] (0.80ns) (out node of the LUT)   --->   "%sel_tmp22 = and i1 %tmp_9_7, %sel_tmp21" [bi_lstm/src/rnn.cpp:55]   --->   Operation 276 'and' 'sel_tmp22' <Predicate = true> <Delay = 0.80> <Core = "LogicGate">   --->   Core 27 'LogicGate' <Latency = 0> <II = 1> <Delay = 0.80> <FuncUnit> <Opcode : 'and' 'or' 'xor'> <InPorts = 2> <OutPorts = 1>
ST_16 : Operation 277 [1/1] (0.00ns) (grouped into LUT with out node storemerge1_7)   --->   "%sel_tmp23 = select i1 %sel_tmp22, i12 0, i12 -2048" [bi_lstm/src/rnn.cpp:58]   --->   Operation 277 'select' 'sel_tmp23' <Predicate = true> <Delay = 0.00> <Core = "Sel">   --->   Core 26 'Sel' <Latency = 0> <II = 1> <Delay = 0.59> <FuncUnit> <Opcode : 'select'> <InPorts = 3> <OutPorts = 1>
ST_16 : Operation 278 [1/1] (0.00ns) (grouped into LUT with out node storemerge1_7)   --->   "%tmp_99 = or i1 %sel_tmp22, %tmp_7" [bi_lstm/src/rnn.cpp:58]   --->   Operation 278 'or' 'tmp_99' <Predicate = true> <Delay = 0.00> <Core = "LogicGate">   --->   Core 27 'LogicGate' <Latency = 0> <II = 1> <Delay = 0.80> <FuncUnit> <Opcode : 'and' 'or' 'xor'> <InPorts = 2> <OutPorts = 1>
ST_16 : Operation 279 [1/1] (0.80ns) (out node of the LUT)   --->   "%storemerge1_7 = select i1 %tmp_99, i12 %sel_tmp23, i12 %tmp_65" [bi_lstm/src/rnn.cpp:58]   --->   Operation 279 'select' 'storemerge1_7' <Predicate = true> <Delay = 0.80> <Core = "Sel">   --->   Core 26 'Sel' <Latency = 0> <II = 1> <Delay = 0.59> <FuncUnit> <Opcode : 'select'> <InPorts = 3> <OutPorts = 1>
ST_16 : Operation 280 [1/1] (0.00ns)   --->   "%storemerge1_7_cast = zext i12 %storemerge1_7 to i16" [bi_lstm/src/rnn.cpp:54]   --->   Operation 280 'zext' 'storemerge1_7_cast' <Predicate = true> <Delay = 0.00>
ST_16 : Operation 281 [1/1] (1.75ns)   --->   "store i16 %storemerge1_7_cast, i16* %x_7_V_addr, align 2" [bi_lstm/src/rnn.cpp:54]   --->   Operation 281 'store' <Predicate = true> <Delay = 1.75> <Core = "RAM">   --->   Core 37 'RAM' <Latency = 1> <II = 1> <Delay = 1.75> <Storage> <Opcode : 'load' 'store'> <Ports = 2> <Width = 16> <Depth = 6> <RAM>
ST_16 : Operation 282 [1/1] (0.00ns)   --->   "br label %_ZN8ap_fixedILi16ELi5EL9ap_q_mode5EL9ap_o_mode3ELi0EEC1Ei.exit.0" [bi_lstm/src/rnn.cpp:52]   --->   Operation 282 'br' <Predicate = true> <Delay = 0.00>


============================================================
+ Verbose Summary: Timing violations
============================================================
Target clock period: 10ns, clock uncertainty: 1.25ns.

 <State 1>: 0.466ns
The critical path consists of the following:
	multiplexor before 'phi' operation ('i', bi_lstm/src/rnn.cpp:52) with incoming values : ('i_3_7', bi_lstm/src/rnn.cpp:52) [13]  (0.466 ns)

 <State 2>: 1.75ns
The critical path consists of the following:
	'phi' operation ('i', bi_lstm/src/rnn.cpp:52) with incoming values : ('i_3_7', bi_lstm/src/rnn.cpp:52) [13]  (0 ns)
	'getelementptr' operation ('x_0_V_addr', bi_lstm/src/rnn.cpp:54) [17]  (0 ns)
	'load' operation ('x_0_V_load', bi_lstm/src/rnn.cpp:54) on array 'res_0_V' [18]  (1.75 ns)

 <State 3>: 7.43ns
The critical path consists of the following:
	'load' operation ('x_0_V_load', bi_lstm/src/rnn.cpp:54) on array 'res_0_V' [18]  (1.75 ns)
	'add' operation ('ret_V', bi_lstm/src/rnn.cpp:57) [27]  (1.55 ns)
	'sub' operation ('r_V_4', bi_lstm/src/rnn.cpp:57) [31]  (1.69 ns)
	'icmp' operation ('tmp_12', bi_lstm/src/rnn.cpp:57) [34]  (1.99 ns)
	'select' operation ('tmp_62', bi_lstm/src/rnn.cpp:57) [37]  (0 ns)
	'select' operation ('tmp_64', bi_lstm/src/rnn.cpp:57) [38]  (0.448 ns)

 <State 4>: 2.77ns
The critical path consists of the following:
	'getelementptr' operation ('sigmoid_lut_V_addr', bi_lstm/src/rnn.cpp:58) [40]  (0 ns)
	'load' operation ('sigmoid_lut_V_load', bi_lstm/src/rnn.cpp:58) on array 'sigmoid_lut_V' [41]  (2.77 ns)

 <State 5>: 2.77ns
The critical path consists of the following:
	'load' operation ('sigmoid_lut_V_load', bi_lstm/src/rnn.cpp:58) on array 'sigmoid_lut_V' [41]  (2.77 ns)

 <State 6>: 7.43ns
The critical path consists of the following:
	'load' operation ('x_1_V_load', bi_lstm/src/rnn.cpp:54) on array 'res_1_V' [50]  (1.75 ns)
	'add' operation ('ret_V_1', bi_lstm/src/rnn.cpp:57) [59]  (1.55 ns)
	'sub' operation ('r_V_4_1', bi_lstm/src/rnn.cpp:57) [63]  (1.69 ns)
	'icmp' operation ('tmp_12_1', bi_lstm/src/rnn.cpp:57) [66]  (1.99 ns)
	'select' operation ('tmp_68', bi_lstm/src/rnn.cpp:57) [69]  (0 ns)
	'select' operation ('tmp_69', bi_lstm/src/rnn.cpp:57) [70]  (0.448 ns)

 <State 7>: 2.77ns
The critical path consists of the following:
	'getelementptr' operation ('sigmoid_lut_V_addr_1', bi_lstm/src/rnn.cpp:58) [72]  (0 ns)
	'load' operation ('sigmoid_lut_V_load_1', bi_lstm/src/rnn.cpp:58) on array 'sigmoid_lut_V' [73]  (2.77 ns)

 <State 8>: 5.32ns
The critical path consists of the following:
	'load' operation ('sigmoid_lut_V_load_1', bi_lstm/src/rnn.cpp:58) on array 'sigmoid_lut_V' [73]  (2.77 ns)
	multiplexor before 'phi' operation ('storemerge1_1', bi_lstm/src/rnn.cpp:58) with incoming values : ('tmp_41', bi_lstm/src/rnn.cpp:58) [78]  (0.794 ns)
	'phi' operation ('storemerge1_1', bi_lstm/src/rnn.cpp:58) with incoming values : ('tmp_41', bi_lstm/src/rnn.cpp:58) [78]  (0 ns)
	'store' operation (bi_lstm/src/rnn.cpp:54) of variable 'storemerge1_1_cast', bi_lstm/src/rnn.cpp:54 on array 'res_1_V' [80]  (1.75 ns)

 <State 9>: 7.43ns
The critical path consists of the following:
	'load' operation ('x_2_V_load', bi_lstm/src/rnn.cpp:54) on array 'res_2_V' [86]  (1.75 ns)
	'add' operation ('ret_V_2', bi_lstm/src/rnn.cpp:57) [91]  (1.55 ns)
	'sub' operation ('r_V_4_2', bi_lstm/src/rnn.cpp:57) [95]  (1.69 ns)
	'icmp' operation ('tmp_12_2', bi_lstm/src/rnn.cpp:57) [98]  (1.99 ns)
	'select' operation ('tmp_72', bi_lstm/src/rnn.cpp:57) [101]  (0 ns)
	'select' operation ('tmp_73', bi_lstm/src/rnn.cpp:57) [102]  (0.448 ns)

 <State 10>: 7.43ns
The critical path consists of the following:
	'load' operation ('x_3_V_load', bi_lstm/src/rnn.cpp:54) on array 'res_3_V' [116]  (1.75 ns)
	'add' operation ('ret_V_3', bi_lstm/src/rnn.cpp:57) [121]  (1.55 ns)
	'sub' operation ('r_V_4_3', bi_lstm/src/rnn.cpp:57) [125]  (1.69 ns)
	'icmp' operation ('tmp_12_3', bi_lstm/src/rnn.cpp:57) [128]  (1.99 ns)
	'select' operation ('tmp_77', bi_lstm/src/rnn.cpp:57) [131]  (0 ns)
	'select' operation ('tmp_78', bi_lstm/src/rnn.cpp:57) [132]  (0.448 ns)

 <State 11>: 7.43ns
The critical path consists of the following:
	'load' operation ('x_4_V_load', bi_lstm/src/rnn.cpp:54) on array 'res_4_V' [146]  (1.75 ns)
	'add' operation ('ret_V_s', bi_lstm/src/rnn.cpp:57) [151]  (1.55 ns)
	'sub' operation ('r_V_4_4', bi_lstm/src/rnn.cpp:57) [155]  (1.69 ns)
	'icmp' operation ('tmp_12_4', bi_lstm/src/rnn.cpp:57) [158]  (1.99 ns)
	'select' operation ('tmp_82', bi_lstm/src/rnn.cpp:57) [161]  (0 ns)
	'select' operation ('tmp_83', bi_lstm/src/rnn.cpp:57) [162]  (0.448 ns)

 <State 12>: 7.43ns
The critical path consists of the following:
	'load' operation ('x_5_V_load', bi_lstm/src/rnn.cpp:54) on array 'res_5_V' [176]  (1.75 ns)
	'add' operation ('ret_V_5', bi_lstm/src/rnn.cpp:57) [181]  (1.55 ns)
	'sub' operation ('r_V_4_5', bi_lstm/src/rnn.cpp:57) [185]  (1.69 ns)
	'icmp' operation ('tmp_12_5', bi_lstm/src/rnn.cpp:57) [188]  (1.99 ns)
	'select' operation ('tmp_87', bi_lstm/src/rnn.cpp:57) [191]  (0 ns)
	'select' operation ('tmp_88', bi_lstm/src/rnn.cpp:57) [192]  (0.448 ns)

 <State 13>: 7.43ns
The critical path consists of the following:
	'load' operation ('x_6_V_load', bi_lstm/src/rnn.cpp:54) on array 'res_6_V' [206]  (1.75 ns)
	'add' operation ('ret_V_6', bi_lstm/src/rnn.cpp:57) [211]  (1.55 ns)
	'sub' operation ('r_V_4_6', bi_lstm/src/rnn.cpp:57) [215]  (1.69 ns)
	'icmp' operation ('tmp_12_6', bi_lstm/src/rnn.cpp:57) [218]  (1.99 ns)
	'select' operation ('tmp_92', bi_lstm/src/rnn.cpp:57) [221]  (0 ns)
	'select' operation ('tmp_93', bi_lstm/src/rnn.cpp:57) [222]  (0.448 ns)

 <State 14>: 7.43ns
The critical path consists of the following:
	'load' operation ('x_7_V_load', bi_lstm/src/rnn.cpp:54) on array 'res_7_V' [236]  (1.75 ns)
	'add' operation ('ret_V_7', bi_lstm/src/rnn.cpp:57) [241]  (1.55 ns)
	'sub' operation ('r_V_4_7', bi_lstm/src/rnn.cpp:57) [245]  (1.69 ns)
	'icmp' operation ('tmp_12_7', bi_lstm/src/rnn.cpp:57) [248]  (1.99 ns)
	'select' operation ('tmp_97', bi_lstm/src/rnn.cpp:57) [251]  (0 ns)
	'select' operation ('tmp_98', bi_lstm/src/rnn.cpp:57) [252]  (0.448 ns)

 <State 15>: 5.33ns
The critical path consists of the following:
	'load' operation ('sigmoid_lut_V_load_6', bi_lstm/src/rnn.cpp:58) on array 'sigmoid_lut_V' [225]  (2.77 ns)
	'select' operation ('storemerge1_6', bi_lstm/src/rnn.cpp:58) [232]  (0.8 ns)
	'store' operation (bi_lstm/src/rnn.cpp:54) of variable 'storemerge1_6_cast', bi_lstm/src/rnn.cpp:54 on array 'res_6_V' [234]  (1.75 ns)

 <State 16>: 5.33ns
The critical path consists of the following:
	'load' operation ('sigmoid_lut_V_load_7', bi_lstm/src/rnn.cpp:58) on array 'sigmoid_lut_V' [255]  (2.77 ns)
	'select' operation ('storemerge1_7', bi_lstm/src/rnn.cpp:58) [262]  (0.8 ns)
	'store' operation (bi_lstm/src/rnn.cpp:54) of variable 'storemerge1_7_cast', bi_lstm/src/rnn.cpp:54 on array 'res_7_V' [264]  (1.75 ns)


============================================================
+ Verbose Summary: Binding
============================================================
N/A
* FSMD analyzer results:
  - Output states:
 - Input state : 
  - Chain level:
	State 1
	State 2
	State 3
	State 4
	State 5
	State 6
	State 7
	State 8
	State 9
	State 10
	State 11
	State 12
	State 13
	State 14
	State 15
	State 16


============================================================
+ Verbose Summary: Datapath Resource usage 
============================================================
N/A
