

================================================================
== Vivado HLS Report for 'tanh'
================================================================
* Date:           Sat Apr 19 01:53:19 2025

* Version:        2018.3 (Build 2405991 on Thu Dec 06 23:56:15 MST 2018)
* Project:        bi_lstm
* Solution:       solution1
* Product family: zynq
* Target device:  xc7z020clg400-2


================================================================
== Performance Estimates
================================================================
+ Timing (ns): 
    * Summary: 
    +--------+-------+----------+------------+
    |  Clock | Target| Estimated| Uncertainty|
    +--------+-------+----------+------------+
    |ap_clk  |  10.00|     7.453|        1.25|
    +--------+-------+----------+------------+

+ Latency (clock cycles): 
    * Summary: 
    +-----+-----+-----+-----+---------+
    |  Latency  |  Interval | Pipeline|
    | min | max | min | max |   Type  |
    +-----+-----+-----+-----+---------+
    |   98|  112|   98|  112|   none  |
    +-----+-----+-----+-----+---------+

    + Detail: 
        * Instance: 
        N/A

        * Loop: 
        +----------+-----+-----+----------+-----------+-----------+------+----------+
        |          |  Latency  | Iteration|  Initiation Interval  | Trip |          |
        | Loop Name| min | max |  Latency |  achieved |   target  | Count| Pipelined|
        +----------+-----+-----+----------+-----------+-----------+------+----------+
        |- Loop 1  |   97|  111|  13 ~ 15 |          -|          -|     7|    no    |
        +----------+-----+-----+----------+-----------+-----------+------+----------+

============================================================
+ Verbose Summary: Synthesis Manager
============================================================
InlineROM: 1
ExposeGlobal: 0
============================================================
+ Verbose Summary: CDFG Model
============================================================
IsTopModel: 0
ResetActiveHigh: 1
IsCombinational: 0
IsDatapathOnly: 0
HasWiredReturn: 1
HasMFsm: 0
HasVarLatency: 1
IsPipeline: 0
IsRtlPipelined: 0
IsInstanceOverlapped: 0
IsDontTouch: 0
HasImplIP: 0
IsGatedGlobalClock: 0


============================================================
+ Verbose Summary: Schedule
============================================================
* Number of FSM states : 16
* Pipeline : 0
* Dataflow Pipeline: 0

* FSM state transitions: 
1 --> 
	2  / true
2 --> 
	3  / true
3 --> 
	5  / (tmp_4) | (tmp_3)
	4  / (!tmp_3 & !tmp_4)
4 --> 
	5  / true
5 --> 
	6  / true
6 --> 
	8  / (tmp_4_1) | (tmp_3_1)
	7  / (!tmp_3_1 & !tmp_4_1)
7 --> 
	8  / true
8 --> 
	9  / (!exitcond_2)
9 --> 
	10  / true
10 --> 
	11  / true
11 --> 
	12  / true
12 --> 
	13  / true
13 --> 
	14  / true
14 --> 
	15  / true
15 --> 
	16  / true
16 --> 
	2  / true

* FSM state operations: 

State 1 <SV = 0> <Delay = 0.46>
ST_1 : Operation 17 [1/1] (0.00ns)   --->   "call void (...)* @_ssdm_op_SpecMemCore([256 x i16]* @tanh_lut_V163, [1 x i8]* @p_str22, [12 x i8]* @p_str40, [1 x i8]* @p_str22, i32 -1, [1 x i8]* @p_str22, [1 x i8]* @p_str22, [1 x i8]* @p_str22, [1 x i8]* @p_str22, [1 x i8]* @p_str22)"   --->   Operation 17 'specmemcore' <Predicate = true> <Delay = 0.00>
ST_1 : Operation 18 [1/1] (0.00ns)   --->   "call void (...)* @_ssdm_op_SpecMemCore([256 x i16]* @tanh_lut_V163, [1 x i8]* @p_str22, [12 x i8]* @p_str40, [1 x i8]* @p_str22, i32 -1, [1 x i8]* @p_str22, [1 x i8]* @p_str22, [1 x i8]* @p_str22, [1 x i8]* @p_str22, [1 x i8]* @p_str22)"   --->   Operation 18 'specmemcore' <Predicate = true> <Delay = 0.00>
ST_1 : Operation 19 [1/1] (0.00ns)   --->   "call void (...)* @_ssdm_op_SpecMemCore([256 x i16]* @tanh_lut_V163, [1 x i8]* @p_str22, [12 x i8]* @p_str40, [1 x i8]* @p_str22, i32 -1, [1 x i8]* @p_str22, [1 x i8]* @p_str22, [1 x i8]* @p_str22, [1 x i8]* @p_str22, [1 x i8]* @p_str22)" [bi_lstm/src/rnn.cpp:301]   --->   Operation 19 'specmemcore' <Predicate = true> <Delay = 0.00>
ST_1 : Operation 20 [1/1] (0.00ns)   --->   "call void (...)* @_ssdm_op_SpecMemCore([256 x i16]* @tanh_lut_V163, [1 x i8]* @p_str22, [12 x i8]* @p_str40, [1 x i8]* @p_str22, i32 -1, [1 x i8]* @p_str22, [1 x i8]* @p_str22, [1 x i8]* @p_str22, [1 x i8]* @p_str22, [1 x i8]* @p_str22)"   --->   Operation 20 'specmemcore' <Predicate = true> <Delay = 0.00>
ST_1 : Operation 21 [1/1] (0.46ns)   --->   "br label %_ZN8ap_fixedILi16ELi5EL9ap_q_mode5EL9ap_o_mode3ELi0EEC1Ei.exit.0" [bi_lstm/src/rnn.cpp:65]   --->   Operation 21 'br' <Predicate = true> <Delay = 0.46>

State 2 <SV = 1> <Delay = 1.75>
ST_2 : Operation 22 [1/1] (0.00ns)   --->   "%i = phi i32 [ 0, %0 ], [ %i_2_7, %_ZN8ap_fixedILi16ELi5EL9ap_q_mode5EL9ap_o_mode3ELi0EEC1Ei.exit.2_ifconv ]" [bi_lstm/src/rnn.cpp:65]   --->   Operation 22 'phi' 'i' <Predicate = true> <Delay = 0.00>
ST_2 : Operation 23 [1/1] (0.00ns)   --->   "%newIndex = call i29 @_ssdm_op_PartSelect.i29.i32.i32.i32(i32 %i, i32 3, i32 31)" [bi_lstm/src/rnn.cpp:67]   --->   Operation 23 'partselect' 'newIndex' <Predicate = true> <Delay = 0.00>
ST_2 : Operation 24 [1/1] (0.00ns)   --->   "%newIndex1 = zext i29 %newIndex to i64" [bi_lstm/src/rnn.cpp:67]   --->   Operation 24 'zext' 'newIndex1' <Predicate = true> <Delay = 0.00>
ST_2 : Operation 25 [1/1] (0.00ns)   --->   "%x_0_V_addr = getelementptr [7 x i16]* %res_0_V, i64 0, i64 %newIndex1" [bi_lstm/src/rnn.cpp:67]   --->   Operation 25 'getelementptr' 'x_0_V_addr' <Predicate = true> <Delay = 0.00>
ST_2 : Operation 26 [2/2] (1.75ns)   --->   "%x_0_V_load = load i16* %x_0_V_addr, align 2" [bi_lstm/src/rnn.cpp:67]   --->   Operation 26 'load' 'x_0_V_load' <Predicate = true> <Delay = 1.75> <Core = "RAM">   --->   Core 37 'RAM' <Latency = 1> <II = 1> <Delay = 1.75> <Storage> <Opcode : 'load' 'store'> <Ports = 2> <Width = 16> <Depth = 6> <RAM>

State 3 <SV = 2> <Delay = 7.45>
ST_3 : Operation 27 [1/1] (0.00ns)   --->   "%empty = call i32 (...)* @_ssdm_op_SpecLoopTripCount(i64 7, i64 7, i64 7)"   --->   Operation 27 'speclooptripcount' 'empty' <Predicate = true> <Delay = 0.00>
ST_3 : Operation 28 [1/2] (1.75ns)   --->   "%x_0_V_load = load i16* %x_0_V_addr, align 2" [bi_lstm/src/rnn.cpp:67]   --->   Operation 28 'load' 'x_0_V_load' <Predicate = true> <Delay = 1.75> <Core = "RAM">   --->   Core 37 'RAM' <Latency = 1> <II = 1> <Delay = 1.75> <Storage> <Opcode : 'load' 'store'> <Ports = 2> <Width = 16> <Depth = 6> <RAM>
ST_3 : Operation 29 [1/1] (2.13ns)   --->   "%tmp_3 = icmp sgt i16 %x_0_V_load, 8192" [bi_lstm/src/rnn.cpp:67]   --->   Operation 29 'icmp' 'tmp_3' <Predicate = true> <Delay = 2.13> <Core = "Cmp">   --->   Core 25 'Cmp' <Latency = 0> <II = 1> <Delay = 1.98> <FuncUnit> <Opcode : 'icmp'> <InPorts = 2> <OutPorts = 1>
ST_3 : Operation 30 [1/1] (0.79ns)   --->   "br i1 %tmp_3, label %branch112, label %_ZN8ap_fixedILi16ELi5EL9ap_q_mode5EL9ap_o_mode3ELi0EEC1Ei.exit60.0" [bi_lstm/src/rnn.cpp:67]   --->   Operation 30 'br' <Predicate = true> <Delay = 0.79>
ST_3 : Operation 31 [1/1] (2.13ns)   --->   "%tmp_4 = icmp slt i16 %x_0_V_load, -8192" [bi_lstm/src/rnn.cpp:68]   --->   Operation 31 'icmp' 'tmp_4' <Predicate = (!tmp_3)> <Delay = 2.13> <Core = "Cmp">   --->   Core 25 'Cmp' <Latency = 0> <II = 1> <Delay = 1.98> <FuncUnit> <Opcode : 'icmp'> <InPorts = 2> <OutPorts = 1>
ST_3 : Operation 32 [1/1] (0.79ns)   --->   "br i1 %tmp_4, label %branch112, label %_ZN8ap_fixedILi16ELi9EL9ap_q_mode5EL9ap_o_mode3ELi0EEC1ILi16ELi5ELb1ELS0_5ELS1_3ELi0EEERK13ap_fixed_baseIXT_EXT0_EXT1_EXT2_EXT3_EXT4_EE.exit.0_ifconv" [bi_lstm/src/rnn.cpp:68]   --->   Operation 32 'br' <Predicate = (!tmp_3)> <Delay = 0.79>
ST_3 : Operation 33 [1/1] (0.00ns)   --->   "%tmp_2 = call i12 @_ssdm_op_PartSelect.i12.i16.i32.i32(i16 %x_0_V_load, i32 4, i32 15)" [bi_lstm/src/rnn.cpp:70]   --->   Operation 33 'partselect' 'tmp_2' <Predicate = (!tmp_3 & !tmp_4)> <Delay = 0.00>
ST_3 : Operation 34 [1/1] (0.00ns)   --->   "%lhs_V_cast = sext i12 %tmp_2 to i13" [bi_lstm/src/rnn.cpp:70]   --->   Operation 34 'sext' 'lhs_V_cast' <Predicate = (!tmp_3 & !tmp_4)> <Delay = 0.00>
ST_3 : Operation 35 [1/1] (1.54ns)   --->   "%ret_V = add i13 512, %lhs_V_cast" [bi_lstm/src/rnn.cpp:70]   --->   Operation 35 'add' 'ret_V' <Predicate = (!tmp_3 & !tmp_4)> <Delay = 1.54> <Core = "AddSub">   --->   Core 14 'AddSub' <Latency = 0> <II = 1> <Delay = 1.89> <FuncUnit> <Opcode : 'add' 'sub'> <InPorts = 2> <OutPorts = 1>
ST_3 : Operation 36 [1/1] (0.00ns)   --->   "%p_shl = call i25 @_ssdm_op_BitConcatenate.i25.i13.i12(i13 %ret_V, i12 0)" [bi_lstm/src/rnn.cpp:70]   --->   Operation 36 'bitconcatenate' 'p_shl' <Predicate = (!tmp_3 & !tmp_4)> <Delay = 0.00>
ST_3 : Operation 37 [1/1] (0.00ns)   --->   "%p_shl2 = call i17 @_ssdm_op_BitConcatenate.i17.i13.i4(i13 %ret_V, i4 0)" [bi_lstm/src/rnn.cpp:70]   --->   Operation 37 'bitconcatenate' 'p_shl2' <Predicate = (!tmp_3 & !tmp_4)> <Delay = 0.00>
ST_3 : Operation 38 [1/1] (0.00ns)   --->   "%p_shl2_cast = sext i17 %p_shl2 to i25" [bi_lstm/src/rnn.cpp:70]   --->   Operation 38 'sext' 'p_shl2_cast' <Predicate = (!tmp_3 & !tmp_4)> <Delay = 0.00>
ST_3 : Operation 39 [1/1] (1.71ns)   --->   "%r_V_2 = sub i25 %p_shl, %p_shl2_cast" [bi_lstm/src/rnn.cpp:70]   --->   Operation 39 'sub' 'r_V_2' <Predicate = (!tmp_3 & !tmp_4)> <Delay = 1.71> <Core = "AddSub">   --->   Core 14 'AddSub' <Latency = 0> <II = 1> <Delay = 1.89> <FuncUnit> <Opcode : 'add' 'sub'> <InPorts = 2> <OutPorts = 1>
ST_3 : Operation 40 [1/1] (0.00ns) (grouped into LUT with out node tmp_11)   --->   "%tmp = call i1 @_ssdm_op_BitSelect.i1.i25.i32(i25 %r_V_2, i32 24)" [bi_lstm/src/rnn.cpp:70]   --->   Operation 40 'bitselect' 'tmp' <Predicate = (!tmp_3 & !tmp_4)> <Delay = 0.00>
ST_3 : Operation 41 [1/1] (0.00ns)   --->   "%tmp_58 = trunc i25 %r_V_2 to i14" [bi_lstm/src/rnn.cpp:70]   --->   Operation 41 'trunc' 'tmp_58' <Predicate = (!tmp_3 & !tmp_4)> <Delay = 0.00>
ST_3 : Operation 42 [1/1] (1.98ns)   --->   "%tmp_s = icmp eq i14 %tmp_58, 0" [bi_lstm/src/rnn.cpp:70]   --->   Operation 42 'icmp' 'tmp_s' <Predicate = (!tmp_3 & !tmp_4)> <Delay = 1.98> <Core = "Cmp">   --->   Core 25 'Cmp' <Latency = 0> <II = 1> <Delay = 1.98> <FuncUnit> <Opcode : 'icmp'> <InPorts = 2> <OutPorts = 1>
ST_3 : Operation 43 [1/1] (0.00ns)   --->   "%tmp_5 = call i8 @_ssdm_op_PartSelect.i8.i25.i32.i32(i25 %r_V_2, i32 14, i32 21)" [bi_lstm/src/rnn.cpp:70]   --->   Operation 43 'partselect' 'tmp_5' <Predicate = (!tmp_3 & !tmp_4)> <Delay = 0.00>
ST_3 : Operation 44 [1/1] (1.30ns)   --->   "%tmp_7 = add i8 1, %tmp_5" [bi_lstm/src/rnn.cpp:70]   --->   Operation 44 'add' 'tmp_7' <Predicate = (!tmp_3 & !tmp_4)> <Delay = 1.30> <Core = "AddSub">   --->   Core 14 'AddSub' <Latency = 0> <II = 1> <Delay = 1.89> <FuncUnit> <Opcode : 'add' 'sub'> <InPorts = 2> <OutPorts = 1>
ST_3 : Operation 45 [1/1] (0.00ns) (grouped into LUT with out node tmp_11)   --->   "%tmp_8 = select i1 %tmp_s, i8 %tmp_5, i8 %tmp_7" [bi_lstm/src/rnn.cpp:70]   --->   Operation 45 'select' 'tmp_8' <Predicate = (!tmp_3 & !tmp_4)> <Delay = 0.00> <Core = "Sel">   --->   Core 26 'Sel' <Latency = 0> <II = 1> <Delay = 0.58> <FuncUnit> <Opcode : 'select'> <InPorts = 3> <OutPorts = 1>
ST_3 : Operation 46 [1/1] (0.44ns) (out node of the LUT)   --->   "%tmp_11 = select i1 %tmp, i8 %tmp_8, i8 %tmp_5" [bi_lstm/src/rnn.cpp:70]   --->   Operation 46 'select' 'tmp_11' <Predicate = (!tmp_3 & !tmp_4)> <Delay = 0.44> <Core = "Sel">   --->   Core 26 'Sel' <Latency = 0> <II = 1> <Delay = 0.58> <FuncUnit> <Opcode : 'select'> <InPorts = 3> <OutPorts = 1>

State 4 <SV = 3> <Delay = 2.77>
ST_4 : Operation 47 [1/1] (0.00ns)   --->   "%tmp_1 = zext i8 %tmp_11 to i64" [bi_lstm/src/rnn.cpp:71]   --->   Operation 47 'zext' 'tmp_1' <Predicate = true> <Delay = 0.00>
ST_4 : Operation 48 [1/1] (0.00ns)   --->   "%tanh_lut_V163_addr = getelementptr [256 x i16]* @tanh_lut_V163, i64 0, i64 %tmp_1" [bi_lstm/src/rnn.cpp:71]   --->   Operation 48 'getelementptr' 'tanh_lut_V163_addr' <Predicate = true> <Delay = 0.00>
ST_4 : Operation 49 [2/2] (2.77ns)   --->   "%tanh_lut_V163_load = load i16* %tanh_lut_V163_addr, align 2" [bi_lstm/src/rnn.cpp:71]   --->   Operation 49 'load' 'tanh_lut_V163_load' <Predicate = true> <Delay = 2.77> <Core = "ROM_1P_BRAM">   --->   Core 61 'ROM_1P_BRAM' <Latency = 1> <II = 1> <Delay = 2.77> <Storage> <Opcode : 'load'> <Ports = 1> <Width = 16> <Depth = 256> <ROM>

State 5 <SV = 4> <Delay = 2.77>
ST_5 : Operation 50 [1/2] (2.77ns)   --->   "%tanh_lut_V163_load = load i16* %tanh_lut_V163_addr, align 2" [bi_lstm/src/rnn.cpp:71]   --->   Operation 50 'load' 'tanh_lut_V163_load' <Predicate = (!tmp_3 & !tmp_4)> <Delay = 2.77> <Core = "ROM_1P_BRAM">   --->   Core 61 'ROM_1P_BRAM' <Latency = 1> <II = 1> <Delay = 2.77> <Storage> <Opcode : 'load'> <Ports = 1> <Width = 16> <Depth = 256> <ROM>
ST_5 : Operation 51 [1/1] (0.00ns)   --->   "%tmp_6 = call i12 @_ssdm_op_PartSelect.i12.i16.i32.i32(i16 %tanh_lut_V163_load, i32 4, i32 15)" [bi_lstm/src/rnn.cpp:71]   --->   Operation 51 'partselect' 'tmp_6' <Predicate = (!tmp_3 & !tmp_4)> <Delay = 0.00>
ST_5 : Operation 52 [1/1] (0.00ns)   --->   "%tmp_8_cast = sext i12 %tmp_6 to i13" [bi_lstm/src/rnn.cpp:71]   --->   Operation 52 'sext' 'tmp_8_cast' <Predicate = (!tmp_3 & !tmp_4)> <Delay = 0.00>
ST_5 : Operation 53 [1/1] (0.79ns)   --->   "br label %branch112"   --->   Operation 53 'br' <Predicate = (!tmp_3 & !tmp_4)> <Delay = 0.79>
ST_5 : Operation 54 [1/1] (0.00ns)   --->   "%x_1_V_addr = getelementptr [7 x i16]* %res_1_V, i64 0, i64 %newIndex1" [bi_lstm/src/rnn.cpp:67]   --->   Operation 54 'getelementptr' 'x_1_V_addr' <Predicate = true> <Delay = 0.00>
ST_5 : Operation 55 [2/2] (1.75ns)   --->   "%x_1_V_load = load i16* %x_1_V_addr, align 2" [bi_lstm/src/rnn.cpp:67]   --->   Operation 55 'load' 'x_1_V_load' <Predicate = true> <Delay = 1.75> <Core = "RAM">   --->   Core 37 'RAM' <Latency = 1> <II = 1> <Delay = 1.75> <Storage> <Opcode : 'load' 'store'> <Ports = 2> <Width = 16> <Depth = 6> <RAM>

State 6 <SV = 5> <Delay = 7.45>
ST_6 : Operation 56 [1/1] (0.00ns)   --->   "%storemerge1 = phi i13 [ 2048, %_ZN8ap_fixedILi16ELi5EL9ap_q_mode5EL9ap_o_mode3ELi0EEC1Ei.exit.0 ], [ %tmp_8_cast, %_ZN8ap_fixedILi16ELi9EL9ap_q_mode5EL9ap_o_mode3ELi0EEC1ILi16ELi5ELb1ELS0_5ELS1_3ELi0EEERK13ap_fixed_baseIXT_EXT0_EXT1_EXT2_EXT3_EXT4_EE.exit.0_ifconv ], [ -2048, %_ZN8ap_fixedILi16ELi5EL9ap_q_mode5EL9ap_o_mode3ELi0EEC1Ei.exit60.0 ]" [bi_lstm/src/rnn.cpp:71]   --->   Operation 56 'phi' 'storemerge1' <Predicate = true> <Delay = 0.00>
ST_6 : Operation 57 [1/1] (0.00ns)   --->   "%storemerge1_cast = sext i13 %storemerge1 to i16" [bi_lstm/src/rnn.cpp:67]   --->   Operation 57 'sext' 'storemerge1_cast' <Predicate = true> <Delay = 0.00>
ST_6 : Operation 58 [1/1] (1.75ns)   --->   "store i16 %storemerge1_cast, i16* %x_0_V_addr, align 2" [bi_lstm/src/rnn.cpp:67]   --->   Operation 58 'store' <Predicate = true> <Delay = 1.75> <Core = "RAM">   --->   Core 37 'RAM' <Latency = 1> <II = 1> <Delay = 1.75> <Storage> <Opcode : 'load' 'store'> <Ports = 2> <Width = 16> <Depth = 6> <RAM>
ST_6 : Operation 59 [1/2] (1.75ns)   --->   "%x_1_V_load = load i16* %x_1_V_addr, align 2" [bi_lstm/src/rnn.cpp:67]   --->   Operation 59 'load' 'x_1_V_load' <Predicate = true> <Delay = 1.75> <Core = "RAM">   --->   Core 37 'RAM' <Latency = 1> <II = 1> <Delay = 1.75> <Storage> <Opcode : 'load' 'store'> <Ports = 2> <Width = 16> <Depth = 6> <RAM>
ST_6 : Operation 60 [1/1] (2.13ns)   --->   "%tmp_3_1 = icmp sgt i16 %x_1_V_load, 8192" [bi_lstm/src/rnn.cpp:67]   --->   Operation 60 'icmp' 'tmp_3_1' <Predicate = true> <Delay = 2.13> <Core = "Cmp">   --->   Core 25 'Cmp' <Latency = 0> <II = 1> <Delay = 1.98> <FuncUnit> <Opcode : 'icmp'> <InPorts = 2> <OutPorts = 1>
ST_6 : Operation 61 [1/1] (0.79ns)   --->   "br i1 %tmp_3_1, label %branch97, label %_ZN8ap_fixedILi16ELi5EL9ap_q_mode5EL9ap_o_mode3ELi0EEC1Ei.exit60.1" [bi_lstm/src/rnn.cpp:67]   --->   Operation 61 'br' <Predicate = true> <Delay = 0.79>
ST_6 : Operation 62 [1/1] (2.13ns)   --->   "%tmp_4_1 = icmp slt i16 %x_1_V_load, -8192" [bi_lstm/src/rnn.cpp:68]   --->   Operation 62 'icmp' 'tmp_4_1' <Predicate = (!tmp_3_1)> <Delay = 2.13> <Core = "Cmp">   --->   Core 25 'Cmp' <Latency = 0> <II = 1> <Delay = 1.98> <FuncUnit> <Opcode : 'icmp'> <InPorts = 2> <OutPorts = 1>
ST_6 : Operation 63 [1/1] (0.79ns)   --->   "br i1 %tmp_4_1, label %branch97, label %_ZN8ap_fixedILi16ELi9EL9ap_q_mode5EL9ap_o_mode3ELi0EEC1ILi16ELi5ELb1ELS0_5ELS1_3ELi0EEERK13ap_fixed_baseIXT_EXT0_EXT1_EXT2_EXT3_EXT4_EE.exit.1_ifconv" [bi_lstm/src/rnn.cpp:68]   --->   Operation 63 'br' <Predicate = (!tmp_3_1)> <Delay = 0.79>
ST_6 : Operation 64 [1/1] (0.00ns)   --->   "%tmp_9 = call i12 @_ssdm_op_PartSelect.i12.i16.i32.i32(i16 %x_1_V_load, i32 4, i32 15)" [bi_lstm/src/rnn.cpp:70]   --->   Operation 64 'partselect' 'tmp_9' <Predicate = (!tmp_3_1 & !tmp_4_1)> <Delay = 0.00>
ST_6 : Operation 65 [1/1] (0.00ns)   --->   "%lhs_V_1_cast = sext i12 %tmp_9 to i13" [bi_lstm/src/rnn.cpp:70]   --->   Operation 65 'sext' 'lhs_V_1_cast' <Predicate = (!tmp_3_1 & !tmp_4_1)> <Delay = 0.00>
ST_6 : Operation 66 [1/1] (1.54ns)   --->   "%ret_V_1 = add i13 512, %lhs_V_1_cast" [bi_lstm/src/rnn.cpp:70]   --->   Operation 66 'add' 'ret_V_1' <Predicate = (!tmp_3_1 & !tmp_4_1)> <Delay = 1.54> <Core = "AddSub">   --->   Core 14 'AddSub' <Latency = 0> <II = 1> <Delay = 1.89> <FuncUnit> <Opcode : 'add' 'sub'> <InPorts = 2> <OutPorts = 1>
ST_6 : Operation 67 [1/1] (0.00ns)   --->   "%p_shl_1 = call i25 @_ssdm_op_BitConcatenate.i25.i13.i12(i13 %ret_V_1, i12 0)" [bi_lstm/src/rnn.cpp:70]   --->   Operation 67 'bitconcatenate' 'p_shl_1' <Predicate = (!tmp_3_1 & !tmp_4_1)> <Delay = 0.00>
ST_6 : Operation 68 [1/1] (0.00ns)   --->   "%p_shl2_1 = call i17 @_ssdm_op_BitConcatenate.i17.i13.i4(i13 %ret_V_1, i4 0)" [bi_lstm/src/rnn.cpp:70]   --->   Operation 68 'bitconcatenate' 'p_shl2_1' <Predicate = (!tmp_3_1 & !tmp_4_1)> <Delay = 0.00>
ST_6 : Operation 69 [1/1] (0.00ns)   --->   "%p_shl2_1_cast = sext i17 %p_shl2_1 to i25" [bi_lstm/src/rnn.cpp:70]   --->   Operation 69 'sext' 'p_shl2_1_cast' <Predicate = (!tmp_3_1 & !tmp_4_1)> <Delay = 0.00>
ST_6 : Operation 70 [1/1] (1.71ns)   --->   "%r_V_2_1 = sub i25 %p_shl_1, %p_shl2_1_cast" [bi_lstm/src/rnn.cpp:70]   --->   Operation 70 'sub' 'r_V_2_1' <Predicate = (!tmp_3_1 & !tmp_4_1)> <Delay = 1.71> <Core = "AddSub">   --->   Core 14 'AddSub' <Latency = 0> <II = 1> <Delay = 1.89> <FuncUnit> <Opcode : 'add' 'sub'> <InPorts = 2> <OutPorts = 1>
ST_6 : Operation 71 [1/1] (0.00ns) (grouped into LUT with out node tmp_19)   --->   "%tmp_59 = call i1 @_ssdm_op_BitSelect.i1.i25.i32(i25 %r_V_2_1, i32 24)" [bi_lstm/src/rnn.cpp:70]   --->   Operation 71 'bitselect' 'tmp_59' <Predicate = (!tmp_3_1 & !tmp_4_1)> <Delay = 0.00>
ST_6 : Operation 72 [1/1] (0.00ns)   --->   "%tmp_60 = trunc i25 %r_V_2_1 to i14" [bi_lstm/src/rnn.cpp:70]   --->   Operation 72 'trunc' 'tmp_60' <Predicate = (!tmp_3_1 & !tmp_4_1)> <Delay = 0.00>
ST_6 : Operation 73 [1/1] (1.98ns)   --->   "%tmp_1_33 = icmp eq i14 %tmp_60, 0" [bi_lstm/src/rnn.cpp:70]   --->   Operation 73 'icmp' 'tmp_1_33' <Predicate = (!tmp_3_1 & !tmp_4_1)> <Delay = 1.98> <Core = "Cmp">   --->   Core 25 'Cmp' <Latency = 0> <II = 1> <Delay = 1.98> <FuncUnit> <Opcode : 'icmp'> <InPorts = 2> <OutPorts = 1>
ST_6 : Operation 74 [1/1] (0.00ns)   --->   "%tmp_13 = call i8 @_ssdm_op_PartSelect.i8.i25.i32.i32(i25 %r_V_2_1, i32 14, i32 21)" [bi_lstm/src/rnn.cpp:70]   --->   Operation 74 'partselect' 'tmp_13' <Predicate = (!tmp_3_1 & !tmp_4_1)> <Delay = 0.00>
ST_6 : Operation 75 [1/1] (1.30ns)   --->   "%tmp_15 = add i8 1, %tmp_13" [bi_lstm/src/rnn.cpp:70]   --->   Operation 75 'add' 'tmp_15' <Predicate = (!tmp_3_1 & !tmp_4_1)> <Delay = 1.30> <Core = "AddSub">   --->   Core 14 'AddSub' <Latency = 0> <II = 1> <Delay = 1.89> <FuncUnit> <Opcode : 'add' 'sub'> <InPorts = 2> <OutPorts = 1>
ST_6 : Operation 76 [1/1] (0.00ns) (grouped into LUT with out node tmp_19)   --->   "%tmp_17 = select i1 %tmp_1_33, i8 %tmp_13, i8 %tmp_15" [bi_lstm/src/rnn.cpp:70]   --->   Operation 76 'select' 'tmp_17' <Predicate = (!tmp_3_1 & !tmp_4_1)> <Delay = 0.00> <Core = "Sel">   --->   Core 26 'Sel' <Latency = 0> <II = 1> <Delay = 0.58> <FuncUnit> <Opcode : 'select'> <InPorts = 3> <OutPorts = 1>
ST_6 : Operation 77 [1/1] (0.44ns) (out node of the LUT)   --->   "%tmp_19 = select i1 %tmp_59, i8 %tmp_17, i8 %tmp_13" [bi_lstm/src/rnn.cpp:70]   --->   Operation 77 'select' 'tmp_19' <Predicate = (!tmp_3_1 & !tmp_4_1)> <Delay = 0.44> <Core = "Sel">   --->   Core 26 'Sel' <Latency = 0> <II = 1> <Delay = 0.58> <FuncUnit> <Opcode : 'select'> <InPorts = 3> <OutPorts = 1>

State 7 <SV = 6> <Delay = 2.77>
ST_7 : Operation 78 [1/1] (0.00ns)   --->   "%tmp_1_1 = zext i8 %tmp_19 to i64" [bi_lstm/src/rnn.cpp:71]   --->   Operation 78 'zext' 'tmp_1_1' <Predicate = true> <Delay = 0.00>
ST_7 : Operation 79 [1/1] (0.00ns)   --->   "%tanh_lut_V163_addr_1 = getelementptr [256 x i16]* @tanh_lut_V163, i64 0, i64 %tmp_1_1" [bi_lstm/src/rnn.cpp:71]   --->   Operation 79 'getelementptr' 'tanh_lut_V163_addr_1' <Predicate = true> <Delay = 0.00>
ST_7 : Operation 80 [2/2] (2.77ns)   --->   "%tanh_lut_V163_load_1 = load i16* %tanh_lut_V163_addr_1, align 2" [bi_lstm/src/rnn.cpp:71]   --->   Operation 80 'load' 'tanh_lut_V163_load_1' <Predicate = true> <Delay = 2.77> <Core = "ROM_1P_BRAM">   --->   Core 61 'ROM_1P_BRAM' <Latency = 1> <II = 1> <Delay = 2.77> <Storage> <Opcode : 'load'> <Ports = 1> <Width = 16> <Depth = 256> <ROM>

State 8 <SV = 7> <Delay = 5.32>
ST_8 : Operation 81 [1/2] (2.77ns)   --->   "%tanh_lut_V163_load_1 = load i16* %tanh_lut_V163_addr_1, align 2" [bi_lstm/src/rnn.cpp:71]   --->   Operation 81 'load' 'tanh_lut_V163_load_1' <Predicate = (!tmp_3_1 & !tmp_4_1)> <Delay = 2.77> <Core = "ROM_1P_BRAM">   --->   Core 61 'ROM_1P_BRAM' <Latency = 1> <II = 1> <Delay = 2.77> <Storage> <Opcode : 'load'> <Ports = 1> <Width = 16> <Depth = 256> <ROM>
ST_8 : Operation 82 [1/1] (0.00ns)   --->   "%tmp_10 = call i12 @_ssdm_op_PartSelect.i12.i16.i32.i32(i16 %tanh_lut_V163_load_1, i32 4, i32 15)" [bi_lstm/src/rnn.cpp:71]   --->   Operation 82 'partselect' 'tmp_10' <Predicate = (!tmp_3_1 & !tmp_4_1)> <Delay = 0.00>
ST_8 : Operation 83 [1/1] (0.00ns)   --->   "%tmp_8_1_cast = sext i12 %tmp_10 to i13" [bi_lstm/src/rnn.cpp:71]   --->   Operation 83 'sext' 'tmp_8_1_cast' <Predicate = (!tmp_3_1 & !tmp_4_1)> <Delay = 0.00>
ST_8 : Operation 84 [1/1] (0.79ns)   --->   "br label %branch97"   --->   Operation 84 'br' <Predicate = (!tmp_3_1 & !tmp_4_1)> <Delay = 0.79>
ST_8 : Operation 85 [1/1] (0.00ns)   --->   "%storemerge1_1 = phi i13 [ 2048, %branch112 ], [ %tmp_8_1_cast, %_ZN8ap_fixedILi16ELi9EL9ap_q_mode5EL9ap_o_mode3ELi0EEC1ILi16ELi5ELb1ELS0_5ELS1_3ELi0EEERK13ap_fixed_baseIXT_EXT0_EXT1_EXT2_EXT3_EXT4_EE.exit.1_ifconv ], [ -2048, %_ZN8ap_fixedILi16ELi5EL9ap_q_mode5EL9ap_o_mode3ELi0EEC1Ei.exit60.1 ]" [bi_lstm/src/rnn.cpp:71]   --->   Operation 85 'phi' 'storemerge1_1' <Predicate = true> <Delay = 0.00>
ST_8 : Operation 86 [1/1] (0.00ns)   --->   "%storemerge1_1_cast = sext i13 %storemerge1_1 to i16" [bi_lstm/src/rnn.cpp:67]   --->   Operation 86 'sext' 'storemerge1_1_cast' <Predicate = true> <Delay = 0.00>
ST_8 : Operation 87 [1/1] (1.75ns)   --->   "store i16 %storemerge1_1_cast, i16* %x_1_V_addr, align 2" [bi_lstm/src/rnn.cpp:67]   --->   Operation 87 'store' <Predicate = true> <Delay = 1.75> <Core = "RAM">   --->   Core 37 'RAM' <Latency = 1> <II = 1> <Delay = 1.75> <Storage> <Opcode : 'load' 'store'> <Ports = 2> <Width = 16> <Depth = 6> <RAM>
ST_8 : Operation 88 [1/1] (0.00ns) (grouped into LUT with out node exitcond_2)   --->   "%i_2_s = or i32 %i, 2" [bi_lstm/src/rnn.cpp:65]   --->   Operation 88 'or' 'i_2_s' <Predicate = true> <Delay = 0.00>
ST_8 : Operation 89 [1/1] (1.96ns) (out node of the LUT)   --->   "%exitcond_2 = icmp eq i32 %i_2_s, 50" [bi_lstm/src/rnn.cpp:65]   --->   Operation 89 'icmp' 'exitcond_2' <Predicate = true> <Delay = 1.96> <Core = "Cmp">   --->   Core 25 'Cmp' <Latency = 0> <II = 1> <Delay = 1.98> <FuncUnit> <Opcode : 'icmp'> <InPorts = 2> <OutPorts = 1>
ST_8 : Operation 90 [1/1] (0.00ns)   --->   "br i1 %exitcond_2, label %1, label %_ZN8ap_fixedILi16ELi5EL9ap_q_mode5EL9ap_o_mode3ELi0EEC1Ei.exit.2_ifconv" [bi_lstm/src/rnn.cpp:65]   --->   Operation 90 'br' <Predicate = true> <Delay = 0.00>
ST_8 : Operation 91 [1/1] (0.00ns)   --->   "%x_2_V_addr = getelementptr [6 x i16]* %res_2_V, i64 0, i64 %newIndex1" [bi_lstm/src/rnn.cpp:67]   --->   Operation 91 'getelementptr' 'x_2_V_addr' <Predicate = (!exitcond_2)> <Delay = 0.00>
ST_8 : Operation 92 [2/2] (1.75ns)   --->   "%x_2_V_load = load i16* %x_2_V_addr, align 2" [bi_lstm/src/rnn.cpp:67]   --->   Operation 92 'load' 'x_2_V_load' <Predicate = (!exitcond_2)> <Delay = 1.75> <Core = "RAM">   --->   Core 37 'RAM' <Latency = 1> <II = 1> <Delay = 1.75> <Storage> <Opcode : 'load' 'store'> <Ports = 2> <Width = 16> <Depth = 6> <RAM>
ST_8 : Operation 93 [1/1] (0.00ns)   --->   "%x_3_V_addr = getelementptr [6 x i16]* %res_3_V, i64 0, i64 %newIndex1" [bi_lstm/src/rnn.cpp:67]   --->   Operation 93 'getelementptr' 'x_3_V_addr' <Predicate = (!exitcond_2)> <Delay = 0.00>
ST_8 : Operation 94 [1/1] (0.00ns)   --->   "%x_4_V_addr = getelementptr [6 x i16]* %res_4_V, i64 0, i64 %newIndex1" [bi_lstm/src/rnn.cpp:67]   --->   Operation 94 'getelementptr' 'x_4_V_addr' <Predicate = (!exitcond_2)> <Delay = 0.00>
ST_8 : Operation 95 [1/1] (0.00ns)   --->   "%x_5_V_addr = getelementptr [6 x i16]* %res_5_V, i64 0, i64 %newIndex1" [bi_lstm/src/rnn.cpp:67]   --->   Operation 95 'getelementptr' 'x_5_V_addr' <Predicate = (!exitcond_2)> <Delay = 0.00>
ST_8 : Operation 96 [1/1] (0.00ns)   --->   "%x_6_V_addr = getelementptr [6 x i16]* %res_6_V, i64 0, i64 %newIndex1" [bi_lstm/src/rnn.cpp:67]   --->   Operation 96 'getelementptr' 'x_6_V_addr' <Predicate = (!exitcond_2)> <Delay = 0.00>
ST_8 : Operation 97 [1/1] (0.00ns)   --->   "%x_7_V_addr = getelementptr [6 x i16]* %res_7_V, i64 0, i64 %newIndex1" [bi_lstm/src/rnn.cpp:67]   --->   Operation 97 'getelementptr' 'x_7_V_addr' <Predicate = (!exitcond_2)> <Delay = 0.00>
ST_8 : Operation 98 [1/1] (1.89ns)   --->   "%i_2_7 = add nsw i32 8, %i" [bi_lstm/src/rnn.cpp:65]   --->   Operation 98 'add' 'i_2_7' <Predicate = (!exitcond_2)> <Delay = 1.89> <Core = "AddSub">   --->   Core 14 'AddSub' <Latency = 0> <II = 1> <Delay = 1.89> <FuncUnit> <Opcode : 'add' 'sub'> <InPorts = 2> <OutPorts = 1>
ST_8 : Operation 99 [1/1] (0.00ns)   --->   "ret void" [bi_lstm/src/rnn.cpp:74]   --->   Operation 99 'ret' <Predicate = (exitcond_2)> <Delay = 0.00>

State 9 <SV = 8> <Delay = 7.45>
ST_9 : Operation 100 [1/2] (1.75ns)   --->   "%x_2_V_load = load i16* %x_2_V_addr, align 2" [bi_lstm/src/rnn.cpp:67]   --->   Operation 100 'load' 'x_2_V_load' <Predicate = true> <Delay = 1.75> <Core = "RAM">   --->   Core 37 'RAM' <Latency = 1> <II = 1> <Delay = 1.75> <Storage> <Opcode : 'load' 'store'> <Ports = 2> <Width = 16> <Depth = 6> <RAM>
ST_9 : Operation 101 [1/1] (2.13ns)   --->   "%tmp_3_2 = icmp sgt i16 %x_2_V_load, 8192" [bi_lstm/src/rnn.cpp:67]   --->   Operation 101 'icmp' 'tmp_3_2' <Predicate = true> <Delay = 2.13> <Core = "Cmp">   --->   Core 25 'Cmp' <Latency = 0> <II = 1> <Delay = 1.98> <FuncUnit> <Opcode : 'icmp'> <InPorts = 2> <OutPorts = 1>
ST_9 : Operation 102 [1/1] (2.13ns)   --->   "%tmp_4_2 = icmp slt i16 %x_2_V_load, -8192" [bi_lstm/src/rnn.cpp:68]   --->   Operation 102 'icmp' 'tmp_4_2' <Predicate = true> <Delay = 2.13> <Core = "Cmp">   --->   Core 25 'Cmp' <Latency = 0> <II = 1> <Delay = 1.98> <FuncUnit> <Opcode : 'icmp'> <InPorts = 2> <OutPorts = 1>
ST_9 : Operation 103 [1/1] (0.00ns)   --->   "%tmp_12 = call i12 @_ssdm_op_PartSelect.i12.i16.i32.i32(i16 %x_2_V_load, i32 4, i32 15)" [bi_lstm/src/rnn.cpp:70]   --->   Operation 103 'partselect' 'tmp_12' <Predicate = true> <Delay = 0.00>
ST_9 : Operation 104 [1/1] (0.00ns)   --->   "%lhs_V_2_cast = sext i12 %tmp_12 to i13" [bi_lstm/src/rnn.cpp:70]   --->   Operation 104 'sext' 'lhs_V_2_cast' <Predicate = true> <Delay = 0.00>
ST_9 : Operation 105 [1/1] (1.54ns)   --->   "%ret_V_s = add i13 512, %lhs_V_2_cast" [bi_lstm/src/rnn.cpp:70]   --->   Operation 105 'add' 'ret_V_s' <Predicate = true> <Delay = 1.54> <Core = "AddSub">   --->   Core 14 'AddSub' <Latency = 0> <II = 1> <Delay = 1.89> <FuncUnit> <Opcode : 'add' 'sub'> <InPorts = 2> <OutPorts = 1>
ST_9 : Operation 106 [1/1] (0.00ns)   --->   "%p_shl_2 = call i25 @_ssdm_op_BitConcatenate.i25.i13.i12(i13 %ret_V_s, i12 0)" [bi_lstm/src/rnn.cpp:70]   --->   Operation 106 'bitconcatenate' 'p_shl_2' <Predicate = true> <Delay = 0.00>
ST_9 : Operation 107 [1/1] (0.00ns)   --->   "%p_shl2_2 = call i17 @_ssdm_op_BitConcatenate.i17.i13.i4(i13 %ret_V_s, i4 0)" [bi_lstm/src/rnn.cpp:70]   --->   Operation 107 'bitconcatenate' 'p_shl2_2' <Predicate = true> <Delay = 0.00>
ST_9 : Operation 108 [1/1] (0.00ns)   --->   "%p_shl2_2_cast = sext i17 %p_shl2_2 to i25" [bi_lstm/src/rnn.cpp:70]   --->   Operation 108 'sext' 'p_shl2_2_cast' <Predicate = true> <Delay = 0.00>
ST_9 : Operation 109 [1/1] (1.71ns)   --->   "%r_V_2_2 = sub i25 %p_shl_2, %p_shl2_2_cast" [bi_lstm/src/rnn.cpp:70]   --->   Operation 109 'sub' 'r_V_2_2' <Predicate = true> <Delay = 1.71> <Core = "AddSub">   --->   Core 14 'AddSub' <Latency = 0> <II = 1> <Delay = 1.89> <FuncUnit> <Opcode : 'add' 'sub'> <InPorts = 2> <OutPorts = 1>
ST_9 : Operation 110 [1/1] (0.00ns) (grouped into LUT with out node tmp_27)   --->   "%tmp_61 = call i1 @_ssdm_op_BitSelect.i1.i25.i32(i25 %r_V_2_2, i32 24)" [bi_lstm/src/rnn.cpp:70]   --->   Operation 110 'bitselect' 'tmp_61' <Predicate = true> <Delay = 0.00>
ST_9 : Operation 111 [1/1] (0.00ns)   --->   "%tmp_62 = trunc i25 %r_V_2_2 to i14" [bi_lstm/src/rnn.cpp:70]   --->   Operation 111 'trunc' 'tmp_62' <Predicate = true> <Delay = 0.00>
ST_9 : Operation 112 [1/1] (1.98ns)   --->   "%tmp_2_34 = icmp eq i14 %tmp_62, 0" [bi_lstm/src/rnn.cpp:70]   --->   Operation 112 'icmp' 'tmp_2_34' <Predicate = true> <Delay = 1.98> <Core = "Cmp">   --->   Core 25 'Cmp' <Latency = 0> <II = 1> <Delay = 1.98> <FuncUnit> <Opcode : 'icmp'> <InPorts = 2> <OutPorts = 1>
ST_9 : Operation 113 [1/1] (0.00ns)   --->   "%tmp_21 = call i8 @_ssdm_op_PartSelect.i8.i25.i32.i32(i25 %r_V_2_2, i32 14, i32 21)" [bi_lstm/src/rnn.cpp:70]   --->   Operation 113 'partselect' 'tmp_21' <Predicate = true> <Delay = 0.00>
ST_9 : Operation 114 [1/1] (1.30ns)   --->   "%tmp_23 = add i8 1, %tmp_21" [bi_lstm/src/rnn.cpp:70]   --->   Operation 114 'add' 'tmp_23' <Predicate = true> <Delay = 1.30> <Core = "AddSub">   --->   Core 14 'AddSub' <Latency = 0> <II = 1> <Delay = 1.89> <FuncUnit> <Opcode : 'add' 'sub'> <InPorts = 2> <OutPorts = 1>
ST_9 : Operation 115 [1/1] (0.00ns) (grouped into LUT with out node tmp_27)   --->   "%tmp_25 = select i1 %tmp_2_34, i8 %tmp_21, i8 %tmp_23" [bi_lstm/src/rnn.cpp:70]   --->   Operation 115 'select' 'tmp_25' <Predicate = true> <Delay = 0.00> <Core = "Sel">   --->   Core 26 'Sel' <Latency = 0> <II = 1> <Delay = 0.58> <FuncUnit> <Opcode : 'select'> <InPorts = 3> <OutPorts = 1>
ST_9 : Operation 116 [1/1] (0.44ns) (out node of the LUT)   --->   "%tmp_27 = select i1 %tmp_61, i8 %tmp_25, i8 %tmp_21" [bi_lstm/src/rnn.cpp:70]   --->   Operation 116 'select' 'tmp_27' <Predicate = true> <Delay = 0.44> <Core = "Sel">   --->   Core 26 'Sel' <Latency = 0> <II = 1> <Delay = 0.58> <FuncUnit> <Opcode : 'select'> <InPorts = 3> <OutPorts = 1>
ST_9 : Operation 117 [2/2] (1.75ns)   --->   "%x_3_V_load = load i16* %x_3_V_addr, align 2" [bi_lstm/src/rnn.cpp:67]   --->   Operation 117 'load' 'x_3_V_load' <Predicate = true> <Delay = 1.75> <Core = "RAM">   --->   Core 37 'RAM' <Latency = 1> <II = 1> <Delay = 1.75> <Storage> <Opcode : 'load' 'store'> <Ports = 2> <Width = 16> <Depth = 6> <RAM>

State 10 <SV = 9> <Delay = 7.45>
ST_10 : Operation 118 [1/1] (0.00ns)   --->   "%tmp_1_2 = zext i8 %tmp_27 to i64" [bi_lstm/src/rnn.cpp:71]   --->   Operation 118 'zext' 'tmp_1_2' <Predicate = true> <Delay = 0.00>
ST_10 : Operation 119 [1/1] (0.00ns)   --->   "%tanh_lut_V163_addr_2 = getelementptr [256 x i16]* @tanh_lut_V163, i64 0, i64 %tmp_1_2" [bi_lstm/src/rnn.cpp:71]   --->   Operation 119 'getelementptr' 'tanh_lut_V163_addr_2' <Predicate = true> <Delay = 0.00>
ST_10 : Operation 120 [2/2] (2.77ns)   --->   "%tanh_lut_V163_load_2 = load i16* %tanh_lut_V163_addr_2, align 2" [bi_lstm/src/rnn.cpp:71]   --->   Operation 120 'load' 'tanh_lut_V163_load_2' <Predicate = true> <Delay = 2.77> <Core = "ROM_1P_BRAM">   --->   Core 61 'ROM_1P_BRAM' <Latency = 1> <II = 1> <Delay = 2.77> <Storage> <Opcode : 'load'> <Ports = 1> <Width = 16> <Depth = 256> <ROM>
ST_10 : Operation 121 [1/2] (1.75ns)   --->   "%x_3_V_load = load i16* %x_3_V_addr, align 2" [bi_lstm/src/rnn.cpp:67]   --->   Operation 121 'load' 'x_3_V_load' <Predicate = true> <Delay = 1.75> <Core = "RAM">   --->   Core 37 'RAM' <Latency = 1> <II = 1> <Delay = 1.75> <Storage> <Opcode : 'load' 'store'> <Ports = 2> <Width = 16> <Depth = 6> <RAM>
ST_10 : Operation 122 [1/1] (2.13ns)   --->   "%tmp_3_3 = icmp sgt i16 %x_3_V_load, 8192" [bi_lstm/src/rnn.cpp:67]   --->   Operation 122 'icmp' 'tmp_3_3' <Predicate = true> <Delay = 2.13> <Core = "Cmp">   --->   Core 25 'Cmp' <Latency = 0> <II = 1> <Delay = 1.98> <FuncUnit> <Opcode : 'icmp'> <InPorts = 2> <OutPorts = 1>
ST_10 : Operation 123 [1/1] (2.13ns)   --->   "%tmp_4_3 = icmp slt i16 %x_3_V_load, -8192" [bi_lstm/src/rnn.cpp:68]   --->   Operation 123 'icmp' 'tmp_4_3' <Predicate = true> <Delay = 2.13> <Core = "Cmp">   --->   Core 25 'Cmp' <Latency = 0> <II = 1> <Delay = 1.98> <FuncUnit> <Opcode : 'icmp'> <InPorts = 2> <OutPorts = 1>
ST_10 : Operation 124 [1/1] (0.00ns)   --->   "%tmp_16 = call i12 @_ssdm_op_PartSelect.i12.i16.i32.i32(i16 %x_3_V_load, i32 4, i32 15)" [bi_lstm/src/rnn.cpp:70]   --->   Operation 124 'partselect' 'tmp_16' <Predicate = true> <Delay = 0.00>
ST_10 : Operation 125 [1/1] (0.00ns)   --->   "%lhs_V_3_cast = sext i12 %tmp_16 to i13" [bi_lstm/src/rnn.cpp:70]   --->   Operation 125 'sext' 'lhs_V_3_cast' <Predicate = true> <Delay = 0.00>
ST_10 : Operation 126 [1/1] (1.54ns)   --->   "%ret_V_3 = add i13 512, %lhs_V_3_cast" [bi_lstm/src/rnn.cpp:70]   --->   Operation 126 'add' 'ret_V_3' <Predicate = true> <Delay = 1.54> <Core = "AddSub">   --->   Core 14 'AddSub' <Latency = 0> <II = 1> <Delay = 1.89> <FuncUnit> <Opcode : 'add' 'sub'> <InPorts = 2> <OutPorts = 1>
ST_10 : Operation 127 [1/1] (0.00ns)   --->   "%p_shl_3 = call i25 @_ssdm_op_BitConcatenate.i25.i13.i12(i13 %ret_V_3, i12 0)" [bi_lstm/src/rnn.cpp:70]   --->   Operation 127 'bitconcatenate' 'p_shl_3' <Predicate = true> <Delay = 0.00>
ST_10 : Operation 128 [1/1] (0.00ns)   --->   "%p_shl2_3 = call i17 @_ssdm_op_BitConcatenate.i17.i13.i4(i13 %ret_V_3, i4 0)" [bi_lstm/src/rnn.cpp:70]   --->   Operation 128 'bitconcatenate' 'p_shl2_3' <Predicate = true> <Delay = 0.00>
ST_10 : Operation 129 [1/1] (0.00ns)   --->   "%p_shl2_3_cast = sext i17 %p_shl2_3 to i25" [bi_lstm/src/rnn.cpp:70]   --->   Operation 129 'sext' 'p_shl2_3_cast' <Predicate = true> <Delay = 0.00>
ST_10 : Operation 130 [1/1] (1.71ns)   --->   "%r_V_2_3 = sub i25 %p_shl_3, %p_shl2_3_cast" [bi_lstm/src/rnn.cpp:70]   --->   Operation 130 'sub' 'r_V_2_3' <Predicate = true> <Delay = 1.71> <Core = "AddSub">   --->   Core 14 'AddSub' <Latency = 0> <II = 1> <Delay = 1.89> <FuncUnit> <Opcode : 'add' 'sub'> <InPorts = 2> <OutPorts = 1>
ST_10 : Operation 131 [1/1] (0.00ns) (grouped into LUT with out node tmp_36)   --->   "%tmp_63 = call i1 @_ssdm_op_BitSelect.i1.i25.i32(i25 %r_V_2_3, i32 24)" [bi_lstm/src/rnn.cpp:70]   --->   Operation 131 'bitselect' 'tmp_63' <Predicate = true> <Delay = 0.00>
ST_10 : Operation 132 [1/1] (0.00ns)   --->   "%tmp_64 = trunc i25 %r_V_2_3 to i14" [bi_lstm/src/rnn.cpp:70]   --->   Operation 132 'trunc' 'tmp_64' <Predicate = true> <Delay = 0.00>
ST_10 : Operation 133 [1/1] (1.98ns)   --->   "%tmp_3_35 = icmp eq i14 %tmp_64, 0" [bi_lstm/src/rnn.cpp:70]   --->   Operation 133 'icmp' 'tmp_3_35' <Predicate = true> <Delay = 1.98> <Core = "Cmp">   --->   Core 25 'Cmp' <Latency = 0> <II = 1> <Delay = 1.98> <FuncUnit> <Opcode : 'icmp'> <InPorts = 2> <OutPorts = 1>
ST_10 : Operation 134 [1/1] (0.00ns)   --->   "%tmp_31 = call i8 @_ssdm_op_PartSelect.i8.i25.i32.i32(i25 %r_V_2_3, i32 14, i32 21)" [bi_lstm/src/rnn.cpp:70]   --->   Operation 134 'partselect' 'tmp_31' <Predicate = true> <Delay = 0.00>
ST_10 : Operation 135 [1/1] (1.30ns)   --->   "%tmp_33 = add i8 1, %tmp_31" [bi_lstm/src/rnn.cpp:70]   --->   Operation 135 'add' 'tmp_33' <Predicate = true> <Delay = 1.30> <Core = "AddSub">   --->   Core 14 'AddSub' <Latency = 0> <II = 1> <Delay = 1.89> <FuncUnit> <Opcode : 'add' 'sub'> <InPorts = 2> <OutPorts = 1>
ST_10 : Operation 136 [1/1] (0.00ns) (grouped into LUT with out node tmp_36)   --->   "%tmp_35 = select i1 %tmp_3_35, i8 %tmp_31, i8 %tmp_33" [bi_lstm/src/rnn.cpp:70]   --->   Operation 136 'select' 'tmp_35' <Predicate = true> <Delay = 0.00> <Core = "Sel">   --->   Core 26 'Sel' <Latency = 0> <II = 1> <Delay = 0.58> <FuncUnit> <Opcode : 'select'> <InPorts = 3> <OutPorts = 1>
ST_10 : Operation 137 [1/1] (0.44ns) (out node of the LUT)   --->   "%tmp_36 = select i1 %tmp_63, i8 %tmp_35, i8 %tmp_31" [bi_lstm/src/rnn.cpp:70]   --->   Operation 137 'select' 'tmp_36' <Predicate = true> <Delay = 0.44> <Core = "Sel">   --->   Core 26 'Sel' <Latency = 0> <II = 1> <Delay = 0.58> <FuncUnit> <Opcode : 'select'> <InPorts = 3> <OutPorts = 1>
ST_10 : Operation 138 [2/2] (1.75ns)   --->   "%x_4_V_load = load i16* %x_4_V_addr, align 2" [bi_lstm/src/rnn.cpp:67]   --->   Operation 138 'load' 'x_4_V_load' <Predicate = true> <Delay = 1.75> <Core = "RAM">   --->   Core 37 'RAM' <Latency = 1> <II = 1> <Delay = 1.75> <Storage> <Opcode : 'load' 'store'> <Ports = 2> <Width = 16> <Depth = 6> <RAM>

State 11 <SV = 10> <Delay = 7.45>
ST_11 : Operation 139 [1/2] (2.77ns)   --->   "%tanh_lut_V163_load_2 = load i16* %tanh_lut_V163_addr_2, align 2" [bi_lstm/src/rnn.cpp:71]   --->   Operation 139 'load' 'tanh_lut_V163_load_2' <Predicate = true> <Delay = 2.77> <Core = "ROM_1P_BRAM">   --->   Core 61 'ROM_1P_BRAM' <Latency = 1> <II = 1> <Delay = 2.77> <Storage> <Opcode : 'load'> <Ports = 1> <Width = 16> <Depth = 256> <ROM>
ST_11 : Operation 140 [1/1] (0.00ns) (grouped into LUT with out node storemerge1_2)   --->   "%tmp_14 = call i12 @_ssdm_op_PartSelect.i12.i16.i32.i32(i16 %tanh_lut_V163_load_2, i32 4, i32 15)" [bi_lstm/src/rnn.cpp:71]   --->   Operation 140 'partselect' 'tmp_14' <Predicate = true> <Delay = 0.00>
ST_11 : Operation 141 [1/1] (0.00ns) (grouped into LUT with out node storemerge1_2)   --->   "%tmp_8_2_cast = sext i12 %tmp_14 to i13" [bi_lstm/src/rnn.cpp:71]   --->   Operation 141 'sext' 'tmp_8_2_cast' <Predicate = true> <Delay = 0.00>
ST_11 : Operation 142 [1/1] (0.00ns) (grouped into LUT with out node sel_tmp2)   --->   "%sel_tmp1 = xor i1 %tmp_3_2, true" [bi_lstm/src/rnn.cpp:67]   --->   Operation 142 'xor' 'sel_tmp1' <Predicate = true> <Delay = 0.00> <Core = "LogicGate">   --->   Core 27 'LogicGate' <Latency = 0> <II = 1> <Delay = 0.80> <FuncUnit> <Opcode : 'and' 'or' 'xor'> <InPorts = 2> <OutPorts = 1>
ST_11 : Operation 143 [1/1] (0.80ns) (out node of the LUT)   --->   "%sel_tmp2 = and i1 %tmp_4_2, %sel_tmp1" [bi_lstm/src/rnn.cpp:68]   --->   Operation 143 'and' 'sel_tmp2' <Predicate = true> <Delay = 0.80> <Core = "LogicGate">   --->   Core 27 'LogicGate' <Latency = 0> <II = 1> <Delay = 0.80> <FuncUnit> <Opcode : 'and' 'or' 'xor'> <InPorts = 2> <OutPorts = 1>
ST_11 : Operation 144 [1/1] (0.00ns) (grouped into LUT with out node storemerge1_2)   --->   "%sel_tmp = select i1 %sel_tmp2, i13 -2048, i13 2048" [bi_lstm/src/rnn.cpp:68]   --->   Operation 144 'select' 'sel_tmp' <Predicate = true> <Delay = 0.00> <Core = "Sel">   --->   Core 26 'Sel' <Latency = 0> <II = 1> <Delay = 0.58> <FuncUnit> <Opcode : 'select'> <InPorts = 3> <OutPorts = 1>
ST_11 : Operation 145 [1/1] (0.00ns) (grouped into LUT with out node storemerge1_2)   --->   "%tmp_29 = or i1 %sel_tmp2, %tmp_3_2" [bi_lstm/src/rnn.cpp:68]   --->   Operation 145 'or' 'tmp_29' <Predicate = true> <Delay = 0.00> <Core = "LogicGate">   --->   Core 27 'LogicGate' <Latency = 0> <II = 1> <Delay = 0.80> <FuncUnit> <Opcode : 'and' 'or' 'xor'> <InPorts = 2> <OutPorts = 1>
ST_11 : Operation 146 [1/1] (0.80ns) (out node of the LUT)   --->   "%storemerge1_2 = select i1 %tmp_29, i13 %sel_tmp, i13 %tmp_8_2_cast" [bi_lstm/src/rnn.cpp:68]   --->   Operation 146 'select' 'storemerge1_2' <Predicate = true> <Delay = 0.80> <Core = "Sel">   --->   Core 26 'Sel' <Latency = 0> <II = 1> <Delay = 0.58> <FuncUnit> <Opcode : 'select'> <InPorts = 3> <OutPorts = 1>
ST_11 : Operation 147 [1/1] (0.00ns)   --->   "%storemerge1_2_cast = sext i13 %storemerge1_2 to i16" [bi_lstm/src/rnn.cpp:67]   --->   Operation 147 'sext' 'storemerge1_2_cast' <Predicate = true> <Delay = 0.00>
ST_11 : Operation 148 [1/1] (1.75ns)   --->   "store i16 %storemerge1_2_cast, i16* %x_2_V_addr, align 2" [bi_lstm/src/rnn.cpp:67]   --->   Operation 148 'store' <Predicate = true> <Delay = 1.75> <Core = "RAM">   --->   Core 37 'RAM' <Latency = 1> <II = 1> <Delay = 1.75> <Storage> <Opcode : 'load' 'store'> <Ports = 2> <Width = 16> <Depth = 6> <RAM>
ST_11 : Operation 149 [1/1] (0.00ns)   --->   "%tmp_1_3 = zext i8 %tmp_36 to i64" [bi_lstm/src/rnn.cpp:71]   --->   Operation 149 'zext' 'tmp_1_3' <Predicate = true> <Delay = 0.00>
ST_11 : Operation 150 [1/1] (0.00ns)   --->   "%tanh_lut_V163_addr_3 = getelementptr [256 x i16]* @tanh_lut_V163, i64 0, i64 %tmp_1_3" [bi_lstm/src/rnn.cpp:71]   --->   Operation 150 'getelementptr' 'tanh_lut_V163_addr_3' <Predicate = true> <Delay = 0.00>
ST_11 : Operation 151 [2/2] (2.77ns)   --->   "%tanh_lut_V163_load_3 = load i16* %tanh_lut_V163_addr_3, align 2" [bi_lstm/src/rnn.cpp:71]   --->   Operation 151 'load' 'tanh_lut_V163_load_3' <Predicate = true> <Delay = 2.77> <Core = "ROM_1P_BRAM">   --->   Core 61 'ROM_1P_BRAM' <Latency = 1> <II = 1> <Delay = 2.77> <Storage> <Opcode : 'load'> <Ports = 1> <Width = 16> <Depth = 256> <ROM>
ST_11 : Operation 152 [1/2] (1.75ns)   --->   "%x_4_V_load = load i16* %x_4_V_addr, align 2" [bi_lstm/src/rnn.cpp:67]   --->   Operation 152 'load' 'x_4_V_load' <Predicate = true> <Delay = 1.75> <Core = "RAM">   --->   Core 37 'RAM' <Latency = 1> <II = 1> <Delay = 1.75> <Storage> <Opcode : 'load' 'store'> <Ports = 2> <Width = 16> <Depth = 6> <RAM>
ST_11 : Operation 153 [1/1] (2.13ns)   --->   "%tmp_3_4 = icmp sgt i16 %x_4_V_load, 8192" [bi_lstm/src/rnn.cpp:67]   --->   Operation 153 'icmp' 'tmp_3_4' <Predicate = true> <Delay = 2.13> <Core = "Cmp">   --->   Core 25 'Cmp' <Latency = 0> <II = 1> <Delay = 1.98> <FuncUnit> <Opcode : 'icmp'> <InPorts = 2> <OutPorts = 1>
ST_11 : Operation 154 [1/1] (2.13ns)   --->   "%tmp_4_4 = icmp slt i16 %x_4_V_load, -8192" [bi_lstm/src/rnn.cpp:68]   --->   Operation 154 'icmp' 'tmp_4_4' <Predicate = true> <Delay = 2.13> <Core = "Cmp">   --->   Core 25 'Cmp' <Latency = 0> <II = 1> <Delay = 1.98> <FuncUnit> <Opcode : 'icmp'> <InPorts = 2> <OutPorts = 1>
ST_11 : Operation 155 [1/1] (0.00ns)   --->   "%tmp_20 = call i12 @_ssdm_op_PartSelect.i12.i16.i32.i32(i16 %x_4_V_load, i32 4, i32 15)" [bi_lstm/src/rnn.cpp:70]   --->   Operation 155 'partselect' 'tmp_20' <Predicate = true> <Delay = 0.00>
ST_11 : Operation 156 [1/1] (0.00ns)   --->   "%lhs_V_4_cast = sext i12 %tmp_20 to i13" [bi_lstm/src/rnn.cpp:70]   --->   Operation 156 'sext' 'lhs_V_4_cast' <Predicate = true> <Delay = 0.00>
ST_11 : Operation 157 [1/1] (1.54ns)   --->   "%ret_V_4 = add i13 512, %lhs_V_4_cast" [bi_lstm/src/rnn.cpp:70]   --->   Operation 157 'add' 'ret_V_4' <Predicate = true> <Delay = 1.54> <Core = "AddSub">   --->   Core 14 'AddSub' <Latency = 0> <II = 1> <Delay = 1.89> <FuncUnit> <Opcode : 'add' 'sub'> <InPorts = 2> <OutPorts = 1>
ST_11 : Operation 158 [1/1] (0.00ns)   --->   "%p_shl_4 = call i25 @_ssdm_op_BitConcatenate.i25.i13.i12(i13 %ret_V_4, i12 0)" [bi_lstm/src/rnn.cpp:70]   --->   Operation 158 'bitconcatenate' 'p_shl_4' <Predicate = true> <Delay = 0.00>
ST_11 : Operation 159 [1/1] (0.00ns)   --->   "%p_shl2_4 = call i17 @_ssdm_op_BitConcatenate.i17.i13.i4(i13 %ret_V_4, i4 0)" [bi_lstm/src/rnn.cpp:70]   --->   Operation 159 'bitconcatenate' 'p_shl2_4' <Predicate = true> <Delay = 0.00>
ST_11 : Operation 160 [1/1] (0.00ns)   --->   "%p_shl2_4_cast = sext i17 %p_shl2_4 to i25" [bi_lstm/src/rnn.cpp:70]   --->   Operation 160 'sext' 'p_shl2_4_cast' <Predicate = true> <Delay = 0.00>
ST_11 : Operation 161 [1/1] (1.71ns)   --->   "%r_V_2_4 = sub i25 %p_shl_4, %p_shl2_4_cast" [bi_lstm/src/rnn.cpp:70]   --->   Operation 161 'sub' 'r_V_2_4' <Predicate = true> <Delay = 1.71> <Core = "AddSub">   --->   Core 14 'AddSub' <Latency = 0> <II = 1> <Delay = 1.89> <FuncUnit> <Opcode : 'add' 'sub'> <InPorts = 2> <OutPorts = 1>
ST_11 : Operation 162 [1/1] (0.00ns) (grouped into LUT with out node tmp_41)   --->   "%tmp_65 = call i1 @_ssdm_op_BitSelect.i1.i25.i32(i25 %r_V_2_4, i32 24)" [bi_lstm/src/rnn.cpp:70]   --->   Operation 162 'bitselect' 'tmp_65' <Predicate = true> <Delay = 0.00>
ST_11 : Operation 163 [1/1] (0.00ns)   --->   "%tmp_66 = trunc i25 %r_V_2_4 to i14" [bi_lstm/src/rnn.cpp:70]   --->   Operation 163 'trunc' 'tmp_66' <Predicate = true> <Delay = 0.00>
ST_11 : Operation 164 [1/1] (1.98ns)   --->   "%tmp_4_36 = icmp eq i14 %tmp_66, 0" [bi_lstm/src/rnn.cpp:70]   --->   Operation 164 'icmp' 'tmp_4_36' <Predicate = true> <Delay = 1.98> <Core = "Cmp">   --->   Core 25 'Cmp' <Latency = 0> <II = 1> <Delay = 1.98> <FuncUnit> <Opcode : 'icmp'> <InPorts = 2> <OutPorts = 1>
ST_11 : Operation 165 [1/1] (0.00ns)   --->   "%tmp_38 = call i8 @_ssdm_op_PartSelect.i8.i25.i32.i32(i25 %r_V_2_4, i32 14, i32 21)" [bi_lstm/src/rnn.cpp:70]   --->   Operation 165 'partselect' 'tmp_38' <Predicate = true> <Delay = 0.00>
ST_11 : Operation 166 [1/1] (1.30ns)   --->   "%tmp_39 = add i8 1, %tmp_38" [bi_lstm/src/rnn.cpp:70]   --->   Operation 166 'add' 'tmp_39' <Predicate = true> <Delay = 1.30> <Core = "AddSub">   --->   Core 14 'AddSub' <Latency = 0> <II = 1> <Delay = 1.89> <FuncUnit> <Opcode : 'add' 'sub'> <InPorts = 2> <OutPorts = 1>
ST_11 : Operation 167 [1/1] (0.00ns) (grouped into LUT with out node tmp_41)   --->   "%tmp_40 = select i1 %tmp_4_36, i8 %tmp_38, i8 %tmp_39" [bi_lstm/src/rnn.cpp:70]   --->   Operation 167 'select' 'tmp_40' <Predicate = true> <Delay = 0.00> <Core = "Sel">   --->   Core 26 'Sel' <Latency = 0> <II = 1> <Delay = 0.58> <FuncUnit> <Opcode : 'select'> <InPorts = 3> <OutPorts = 1>
ST_11 : Operation 168 [1/1] (0.44ns) (out node of the LUT)   --->   "%tmp_41 = select i1 %tmp_65, i8 %tmp_40, i8 %tmp_38" [bi_lstm/src/rnn.cpp:70]   --->   Operation 168 'select' 'tmp_41' <Predicate = true> <Delay = 0.44> <Core = "Sel">   --->   Core 26 'Sel' <Latency = 0> <II = 1> <Delay = 0.58> <FuncUnit> <Opcode : 'select'> <InPorts = 3> <OutPorts = 1>
ST_11 : Operation 169 [2/2] (1.75ns)   --->   "%x_5_V_load = load i16* %x_5_V_addr, align 2" [bi_lstm/src/rnn.cpp:67]   --->   Operation 169 'load' 'x_5_V_load' <Predicate = true> <Delay = 1.75> <Core = "RAM">   --->   Core 37 'RAM' <Latency = 1> <II = 1> <Delay = 1.75> <Storage> <Opcode : 'load' 'store'> <Ports = 2> <Width = 16> <Depth = 6> <RAM>

State 12 <SV = 11> <Delay = 7.45>
ST_12 : Operation 170 [1/2] (2.77ns)   --->   "%tanh_lut_V163_load_3 = load i16* %tanh_lut_V163_addr_3, align 2" [bi_lstm/src/rnn.cpp:71]   --->   Operation 170 'load' 'tanh_lut_V163_load_3' <Predicate = true> <Delay = 2.77> <Core = "ROM_1P_BRAM">   --->   Core 61 'ROM_1P_BRAM' <Latency = 1> <II = 1> <Delay = 2.77> <Storage> <Opcode : 'load'> <Ports = 1> <Width = 16> <Depth = 256> <ROM>
ST_12 : Operation 171 [1/1] (0.00ns) (grouped into LUT with out node storemerge1_3)   --->   "%tmp_18 = call i12 @_ssdm_op_PartSelect.i12.i16.i32.i32(i16 %tanh_lut_V163_load_3, i32 4, i32 15)" [bi_lstm/src/rnn.cpp:71]   --->   Operation 171 'partselect' 'tmp_18' <Predicate = true> <Delay = 0.00>
ST_12 : Operation 172 [1/1] (0.00ns) (grouped into LUT with out node storemerge1_3)   --->   "%tmp_8_3_cast = sext i12 %tmp_18 to i13" [bi_lstm/src/rnn.cpp:71]   --->   Operation 172 'sext' 'tmp_8_3_cast' <Predicate = true> <Delay = 0.00>
ST_12 : Operation 173 [1/1] (0.00ns) (grouped into LUT with out node sel_tmp7)   --->   "%sel_tmp6 = xor i1 %tmp_3_3, true" [bi_lstm/src/rnn.cpp:67]   --->   Operation 173 'xor' 'sel_tmp6' <Predicate = true> <Delay = 0.00> <Core = "LogicGate">   --->   Core 27 'LogicGate' <Latency = 0> <II = 1> <Delay = 0.80> <FuncUnit> <Opcode : 'and' 'or' 'xor'> <InPorts = 2> <OutPorts = 1>
ST_12 : Operation 174 [1/1] (0.80ns) (out node of the LUT)   --->   "%sel_tmp7 = and i1 %tmp_4_3, %sel_tmp6" [bi_lstm/src/rnn.cpp:68]   --->   Operation 174 'and' 'sel_tmp7' <Predicate = true> <Delay = 0.80> <Core = "LogicGate">   --->   Core 27 'LogicGate' <Latency = 0> <II = 1> <Delay = 0.80> <FuncUnit> <Opcode : 'and' 'or' 'xor'> <InPorts = 2> <OutPorts = 1>
ST_12 : Operation 175 [1/1] (0.00ns) (grouped into LUT with out node storemerge1_3)   --->   "%sel_tmp5 = select i1 %sel_tmp7, i13 -2048, i13 2048" [bi_lstm/src/rnn.cpp:68]   --->   Operation 175 'select' 'sel_tmp5' <Predicate = true> <Delay = 0.00> <Core = "Sel">   --->   Core 26 'Sel' <Latency = 0> <II = 1> <Delay = 0.58> <FuncUnit> <Opcode : 'select'> <InPorts = 3> <OutPorts = 1>
ST_12 : Operation 176 [1/1] (0.00ns) (grouped into LUT with out node storemerge1_3)   --->   "%tmp_37 = or i1 %sel_tmp7, %tmp_3_3" [bi_lstm/src/rnn.cpp:68]   --->   Operation 176 'or' 'tmp_37' <Predicate = true> <Delay = 0.00> <Core = "LogicGate">   --->   Core 27 'LogicGate' <Latency = 0> <II = 1> <Delay = 0.80> <FuncUnit> <Opcode : 'and' 'or' 'xor'> <InPorts = 2> <OutPorts = 1>
ST_12 : Operation 177 [1/1] (0.80ns) (out node of the LUT)   --->   "%storemerge1_3 = select i1 %tmp_37, i13 %sel_tmp5, i13 %tmp_8_3_cast" [bi_lstm/src/rnn.cpp:68]   --->   Operation 177 'select' 'storemerge1_3' <Predicate = true> <Delay = 0.80> <Core = "Sel">   --->   Core 26 'Sel' <Latency = 0> <II = 1> <Delay = 0.58> <FuncUnit> <Opcode : 'select'> <InPorts = 3> <OutPorts = 1>
ST_12 : Operation 178 [1/1] (0.00ns)   --->   "%storemerge1_3_cast = sext i13 %storemerge1_3 to i16" [bi_lstm/src/rnn.cpp:67]   --->   Operation 178 'sext' 'storemerge1_3_cast' <Predicate = true> <Delay = 0.00>
ST_12 : Operation 179 [1/1] (1.75ns)   --->   "store i16 %storemerge1_3_cast, i16* %x_3_V_addr, align 2" [bi_lstm/src/rnn.cpp:67]   --->   Operation 179 'store' <Predicate = true> <Delay = 1.75> <Core = "RAM">   --->   Core 37 'RAM' <Latency = 1> <II = 1> <Delay = 1.75> <Storage> <Opcode : 'load' 'store'> <Ports = 2> <Width = 16> <Depth = 6> <RAM>
ST_12 : Operation 180 [1/1] (0.00ns)   --->   "%tmp_1_4 = zext i8 %tmp_41 to i64" [bi_lstm/src/rnn.cpp:71]   --->   Operation 180 'zext' 'tmp_1_4' <Predicate = true> <Delay = 0.00>
ST_12 : Operation 181 [1/1] (0.00ns)   --->   "%tanh_lut_V163_addr_4 = getelementptr [256 x i16]* @tanh_lut_V163, i64 0, i64 %tmp_1_4" [bi_lstm/src/rnn.cpp:71]   --->   Operation 181 'getelementptr' 'tanh_lut_V163_addr_4' <Predicate = true> <Delay = 0.00>
ST_12 : Operation 182 [2/2] (2.77ns)   --->   "%tanh_lut_V163_load_4 = load i16* %tanh_lut_V163_addr_4, align 2" [bi_lstm/src/rnn.cpp:71]   --->   Operation 182 'load' 'tanh_lut_V163_load_4' <Predicate = true> <Delay = 2.77> <Core = "ROM_1P_BRAM">   --->   Core 61 'ROM_1P_BRAM' <Latency = 1> <II = 1> <Delay = 2.77> <Storage> <Opcode : 'load'> <Ports = 1> <Width = 16> <Depth = 256> <ROM>
ST_12 : Operation 183 [1/2] (1.75ns)   --->   "%x_5_V_load = load i16* %x_5_V_addr, align 2" [bi_lstm/src/rnn.cpp:67]   --->   Operation 183 'load' 'x_5_V_load' <Predicate = true> <Delay = 1.75> <Core = "RAM">   --->   Core 37 'RAM' <Latency = 1> <II = 1> <Delay = 1.75> <Storage> <Opcode : 'load' 'store'> <Ports = 2> <Width = 16> <Depth = 6> <RAM>
ST_12 : Operation 184 [1/1] (2.13ns)   --->   "%tmp_3_5 = icmp sgt i16 %x_5_V_load, 8192" [bi_lstm/src/rnn.cpp:67]   --->   Operation 184 'icmp' 'tmp_3_5' <Predicate = true> <Delay = 2.13> <Core = "Cmp">   --->   Core 25 'Cmp' <Latency = 0> <II = 1> <Delay = 1.98> <FuncUnit> <Opcode : 'icmp'> <InPorts = 2> <OutPorts = 1>
ST_12 : Operation 185 [1/1] (2.13ns)   --->   "%tmp_4_5 = icmp slt i16 %x_5_V_load, -8192" [bi_lstm/src/rnn.cpp:68]   --->   Operation 185 'icmp' 'tmp_4_5' <Predicate = true> <Delay = 2.13> <Core = "Cmp">   --->   Core 25 'Cmp' <Latency = 0> <II = 1> <Delay = 1.98> <FuncUnit> <Opcode : 'icmp'> <InPorts = 2> <OutPorts = 1>
ST_12 : Operation 186 [1/1] (0.00ns)   --->   "%tmp_24 = call i12 @_ssdm_op_PartSelect.i12.i16.i32.i32(i16 %x_5_V_load, i32 4, i32 15)" [bi_lstm/src/rnn.cpp:70]   --->   Operation 186 'partselect' 'tmp_24' <Predicate = true> <Delay = 0.00>
ST_12 : Operation 187 [1/1] (0.00ns)   --->   "%lhs_V_5_cast = sext i12 %tmp_24 to i13" [bi_lstm/src/rnn.cpp:70]   --->   Operation 187 'sext' 'lhs_V_5_cast' <Predicate = true> <Delay = 0.00>
ST_12 : Operation 188 [1/1] (1.54ns)   --->   "%ret_V_5 = add i13 512, %lhs_V_5_cast" [bi_lstm/src/rnn.cpp:70]   --->   Operation 188 'add' 'ret_V_5' <Predicate = true> <Delay = 1.54> <Core = "AddSub">   --->   Core 14 'AddSub' <Latency = 0> <II = 1> <Delay = 1.89> <FuncUnit> <Opcode : 'add' 'sub'> <InPorts = 2> <OutPorts = 1>
ST_12 : Operation 189 [1/1] (0.00ns)   --->   "%p_shl_5 = call i25 @_ssdm_op_BitConcatenate.i25.i13.i12(i13 %ret_V_5, i12 0)" [bi_lstm/src/rnn.cpp:70]   --->   Operation 189 'bitconcatenate' 'p_shl_5' <Predicate = true> <Delay = 0.00>
ST_12 : Operation 190 [1/1] (0.00ns)   --->   "%p_shl2_5 = call i17 @_ssdm_op_BitConcatenate.i17.i13.i4(i13 %ret_V_5, i4 0)" [bi_lstm/src/rnn.cpp:70]   --->   Operation 190 'bitconcatenate' 'p_shl2_5' <Predicate = true> <Delay = 0.00>
ST_12 : Operation 191 [1/1] (0.00ns)   --->   "%p_shl2_5_cast = sext i17 %p_shl2_5 to i25" [bi_lstm/src/rnn.cpp:70]   --->   Operation 191 'sext' 'p_shl2_5_cast' <Predicate = true> <Delay = 0.00>
ST_12 : Operation 192 [1/1] (1.71ns)   --->   "%r_V_2_5 = sub i25 %p_shl_5, %p_shl2_5_cast" [bi_lstm/src/rnn.cpp:70]   --->   Operation 192 'sub' 'r_V_2_5' <Predicate = true> <Delay = 1.71> <Core = "AddSub">   --->   Core 14 'AddSub' <Latency = 0> <II = 1> <Delay = 1.89> <FuncUnit> <Opcode : 'add' 'sub'> <InPorts = 2> <OutPorts = 1>
ST_12 : Operation 193 [1/1] (0.00ns) (grouped into LUT with out node tmp_46)   --->   "%tmp_67 = call i1 @_ssdm_op_BitSelect.i1.i25.i32(i25 %r_V_2_5, i32 24)" [bi_lstm/src/rnn.cpp:70]   --->   Operation 193 'bitselect' 'tmp_67' <Predicate = true> <Delay = 0.00>
ST_12 : Operation 194 [1/1] (0.00ns)   --->   "%tmp_68 = trunc i25 %r_V_2_5 to i14" [bi_lstm/src/rnn.cpp:70]   --->   Operation 194 'trunc' 'tmp_68' <Predicate = true> <Delay = 0.00>
ST_12 : Operation 195 [1/1] (1.98ns)   --->   "%tmp_5_37 = icmp eq i14 %tmp_68, 0" [bi_lstm/src/rnn.cpp:70]   --->   Operation 195 'icmp' 'tmp_5_37' <Predicate = true> <Delay = 1.98> <Core = "Cmp">   --->   Core 25 'Cmp' <Latency = 0> <II = 1> <Delay = 1.98> <FuncUnit> <Opcode : 'icmp'> <InPorts = 2> <OutPorts = 1>
ST_12 : Operation 196 [1/1] (0.00ns)   --->   "%tmp_43 = call i8 @_ssdm_op_PartSelect.i8.i25.i32.i32(i25 %r_V_2_5, i32 14, i32 21)" [bi_lstm/src/rnn.cpp:70]   --->   Operation 196 'partselect' 'tmp_43' <Predicate = true> <Delay = 0.00>
ST_12 : Operation 197 [1/1] (1.30ns)   --->   "%tmp_44 = add i8 1, %tmp_43" [bi_lstm/src/rnn.cpp:70]   --->   Operation 197 'add' 'tmp_44' <Predicate = true> <Delay = 1.30> <Core = "AddSub">   --->   Core 14 'AddSub' <Latency = 0> <II = 1> <Delay = 1.89> <FuncUnit> <Opcode : 'add' 'sub'> <InPorts = 2> <OutPorts = 1>
ST_12 : Operation 198 [1/1] (0.00ns) (grouped into LUT with out node tmp_46)   --->   "%tmp_45 = select i1 %tmp_5_37, i8 %tmp_43, i8 %tmp_44" [bi_lstm/src/rnn.cpp:70]   --->   Operation 198 'select' 'tmp_45' <Predicate = true> <Delay = 0.00> <Core = "Sel">   --->   Core 26 'Sel' <Latency = 0> <II = 1> <Delay = 0.58> <FuncUnit> <Opcode : 'select'> <InPorts = 3> <OutPorts = 1>
ST_12 : Operation 199 [1/1] (0.44ns) (out node of the LUT)   --->   "%tmp_46 = select i1 %tmp_67, i8 %tmp_45, i8 %tmp_43" [bi_lstm/src/rnn.cpp:70]   --->   Operation 199 'select' 'tmp_46' <Predicate = true> <Delay = 0.44> <Core = "Sel">   --->   Core 26 'Sel' <Latency = 0> <II = 1> <Delay = 0.58> <FuncUnit> <Opcode : 'select'> <InPorts = 3> <OutPorts = 1>
ST_12 : Operation 200 [2/2] (1.75ns)   --->   "%x_6_V_load = load i16* %x_6_V_addr, align 2" [bi_lstm/src/rnn.cpp:67]   --->   Operation 200 'load' 'x_6_V_load' <Predicate = true> <Delay = 1.75> <Core = "RAM">   --->   Core 37 'RAM' <Latency = 1> <II = 1> <Delay = 1.75> <Storage> <Opcode : 'load' 'store'> <Ports = 2> <Width = 16> <Depth = 6> <RAM>

State 13 <SV = 12> <Delay = 7.45>
ST_13 : Operation 201 [1/2] (2.77ns)   --->   "%tanh_lut_V163_load_4 = load i16* %tanh_lut_V163_addr_4, align 2" [bi_lstm/src/rnn.cpp:71]   --->   Operation 201 'load' 'tanh_lut_V163_load_4' <Predicate = true> <Delay = 2.77> <Core = "ROM_1P_BRAM">   --->   Core 61 'ROM_1P_BRAM' <Latency = 1> <II = 1> <Delay = 2.77> <Storage> <Opcode : 'load'> <Ports = 1> <Width = 16> <Depth = 256> <ROM>
ST_13 : Operation 202 [1/1] (0.00ns) (grouped into LUT with out node storemerge1_4)   --->   "%tmp_22 = call i12 @_ssdm_op_PartSelect.i12.i16.i32.i32(i16 %tanh_lut_V163_load_4, i32 4, i32 15)" [bi_lstm/src/rnn.cpp:71]   --->   Operation 202 'partselect' 'tmp_22' <Predicate = true> <Delay = 0.00>
ST_13 : Operation 203 [1/1] (0.00ns) (grouped into LUT with out node storemerge1_4)   --->   "%tmp_8_4_cast = sext i12 %tmp_22 to i13" [bi_lstm/src/rnn.cpp:71]   --->   Operation 203 'sext' 'tmp_8_4_cast' <Predicate = true> <Delay = 0.00>
ST_13 : Operation 204 [1/1] (0.00ns) (grouped into LUT with out node sel_tmp4)   --->   "%sel_tmp3 = xor i1 %tmp_3_4, true" [bi_lstm/src/rnn.cpp:67]   --->   Operation 204 'xor' 'sel_tmp3' <Predicate = true> <Delay = 0.00> <Core = "LogicGate">   --->   Core 27 'LogicGate' <Latency = 0> <II = 1> <Delay = 0.80> <FuncUnit> <Opcode : 'and' 'or' 'xor'> <InPorts = 2> <OutPorts = 1>
ST_13 : Operation 205 [1/1] (0.80ns) (out node of the LUT)   --->   "%sel_tmp4 = and i1 %tmp_4_4, %sel_tmp3" [bi_lstm/src/rnn.cpp:68]   --->   Operation 205 'and' 'sel_tmp4' <Predicate = true> <Delay = 0.80> <Core = "LogicGate">   --->   Core 27 'LogicGate' <Latency = 0> <II = 1> <Delay = 0.80> <FuncUnit> <Opcode : 'and' 'or' 'xor'> <InPorts = 2> <OutPorts = 1>
ST_13 : Operation 206 [1/1] (0.00ns) (grouped into LUT with out node storemerge1_4)   --->   "%sel_tmp8 = select i1 %sel_tmp4, i13 -2048, i13 2048" [bi_lstm/src/rnn.cpp:68]   --->   Operation 206 'select' 'sel_tmp8' <Predicate = true> <Delay = 0.00> <Core = "Sel">   --->   Core 26 'Sel' <Latency = 0> <II = 1> <Delay = 0.58> <FuncUnit> <Opcode : 'select'> <InPorts = 3> <OutPorts = 1>
ST_13 : Operation 207 [1/1] (0.00ns) (grouped into LUT with out node storemerge1_4)   --->   "%tmp_42 = or i1 %sel_tmp4, %tmp_3_4" [bi_lstm/src/rnn.cpp:68]   --->   Operation 207 'or' 'tmp_42' <Predicate = true> <Delay = 0.00> <Core = "LogicGate">   --->   Core 27 'LogicGate' <Latency = 0> <II = 1> <Delay = 0.80> <FuncUnit> <Opcode : 'and' 'or' 'xor'> <InPorts = 2> <OutPorts = 1>
ST_13 : Operation 208 [1/1] (0.80ns) (out node of the LUT)   --->   "%storemerge1_4 = select i1 %tmp_42, i13 %sel_tmp8, i13 %tmp_8_4_cast" [bi_lstm/src/rnn.cpp:68]   --->   Operation 208 'select' 'storemerge1_4' <Predicate = true> <Delay = 0.80> <Core = "Sel">   --->   Core 26 'Sel' <Latency = 0> <II = 1> <Delay = 0.58> <FuncUnit> <Opcode : 'select'> <InPorts = 3> <OutPorts = 1>
ST_13 : Operation 209 [1/1] (0.00ns)   --->   "%storemerge1_4_cast = sext i13 %storemerge1_4 to i16" [bi_lstm/src/rnn.cpp:67]   --->   Operation 209 'sext' 'storemerge1_4_cast' <Predicate = true> <Delay = 0.00>
ST_13 : Operation 210 [1/1] (1.75ns)   --->   "store i16 %storemerge1_4_cast, i16* %x_4_V_addr, align 2" [bi_lstm/src/rnn.cpp:67]   --->   Operation 210 'store' <Predicate = true> <Delay = 1.75> <Core = "RAM">   --->   Core 37 'RAM' <Latency = 1> <II = 1> <Delay = 1.75> <Storage> <Opcode : 'load' 'store'> <Ports = 2> <Width = 16> <Depth = 6> <RAM>
ST_13 : Operation 211 [1/1] (0.00ns)   --->   "%tmp_1_5 = zext i8 %tmp_46 to i64" [bi_lstm/src/rnn.cpp:71]   --->   Operation 211 'zext' 'tmp_1_5' <Predicate = true> <Delay = 0.00>
ST_13 : Operation 212 [1/1] (0.00ns)   --->   "%tanh_lut_V163_addr_5 = getelementptr [256 x i16]* @tanh_lut_V163, i64 0, i64 %tmp_1_5" [bi_lstm/src/rnn.cpp:71]   --->   Operation 212 'getelementptr' 'tanh_lut_V163_addr_5' <Predicate = true> <Delay = 0.00>
ST_13 : Operation 213 [2/2] (2.77ns)   --->   "%tanh_lut_V163_load_5 = load i16* %tanh_lut_V163_addr_5, align 2" [bi_lstm/src/rnn.cpp:71]   --->   Operation 213 'load' 'tanh_lut_V163_load_5' <Predicate = true> <Delay = 2.77> <Core = "ROM_1P_BRAM">   --->   Core 61 'ROM_1P_BRAM' <Latency = 1> <II = 1> <Delay = 2.77> <Storage> <Opcode : 'load'> <Ports = 1> <Width = 16> <Depth = 256> <ROM>
ST_13 : Operation 214 [1/2] (1.75ns)   --->   "%x_6_V_load = load i16* %x_6_V_addr, align 2" [bi_lstm/src/rnn.cpp:67]   --->   Operation 214 'load' 'x_6_V_load' <Predicate = true> <Delay = 1.75> <Core = "RAM">   --->   Core 37 'RAM' <Latency = 1> <II = 1> <Delay = 1.75> <Storage> <Opcode : 'load' 'store'> <Ports = 2> <Width = 16> <Depth = 6> <RAM>
ST_13 : Operation 215 [1/1] (2.13ns)   --->   "%tmp_3_6 = icmp sgt i16 %x_6_V_load, 8192" [bi_lstm/src/rnn.cpp:67]   --->   Operation 215 'icmp' 'tmp_3_6' <Predicate = true> <Delay = 2.13> <Core = "Cmp">   --->   Core 25 'Cmp' <Latency = 0> <II = 1> <Delay = 1.98> <FuncUnit> <Opcode : 'icmp'> <InPorts = 2> <OutPorts = 1>
ST_13 : Operation 216 [1/1] (2.13ns)   --->   "%tmp_4_6 = icmp slt i16 %x_6_V_load, -8192" [bi_lstm/src/rnn.cpp:68]   --->   Operation 216 'icmp' 'tmp_4_6' <Predicate = true> <Delay = 2.13> <Core = "Cmp">   --->   Core 25 'Cmp' <Latency = 0> <II = 1> <Delay = 1.98> <FuncUnit> <Opcode : 'icmp'> <InPorts = 2> <OutPorts = 1>
ST_13 : Operation 217 [1/1] (0.00ns)   --->   "%tmp_28 = call i12 @_ssdm_op_PartSelect.i12.i16.i32.i32(i16 %x_6_V_load, i32 4, i32 15)" [bi_lstm/src/rnn.cpp:70]   --->   Operation 217 'partselect' 'tmp_28' <Predicate = true> <Delay = 0.00>
ST_13 : Operation 218 [1/1] (0.00ns)   --->   "%lhs_V_6_cast = sext i12 %tmp_28 to i13" [bi_lstm/src/rnn.cpp:70]   --->   Operation 218 'sext' 'lhs_V_6_cast' <Predicate = true> <Delay = 0.00>
ST_13 : Operation 219 [1/1] (1.54ns)   --->   "%ret_V_6 = add i13 512, %lhs_V_6_cast" [bi_lstm/src/rnn.cpp:70]   --->   Operation 219 'add' 'ret_V_6' <Predicate = true> <Delay = 1.54> <Core = "AddSub">   --->   Core 14 'AddSub' <Latency = 0> <II = 1> <Delay = 1.89> <FuncUnit> <Opcode : 'add' 'sub'> <InPorts = 2> <OutPorts = 1>
ST_13 : Operation 220 [1/1] (0.00ns)   --->   "%p_shl_6 = call i25 @_ssdm_op_BitConcatenate.i25.i13.i12(i13 %ret_V_6, i12 0)" [bi_lstm/src/rnn.cpp:70]   --->   Operation 220 'bitconcatenate' 'p_shl_6' <Predicate = true> <Delay = 0.00>
ST_13 : Operation 221 [1/1] (0.00ns)   --->   "%p_shl2_6 = call i17 @_ssdm_op_BitConcatenate.i17.i13.i4(i13 %ret_V_6, i4 0)" [bi_lstm/src/rnn.cpp:70]   --->   Operation 221 'bitconcatenate' 'p_shl2_6' <Predicate = true> <Delay = 0.00>
ST_13 : Operation 222 [1/1] (0.00ns)   --->   "%p_shl2_6_cast = sext i17 %p_shl2_6 to i25" [bi_lstm/src/rnn.cpp:70]   --->   Operation 222 'sext' 'p_shl2_6_cast' <Predicate = true> <Delay = 0.00>
ST_13 : Operation 223 [1/1] (1.71ns)   --->   "%r_V_2_6 = sub i25 %p_shl_6, %p_shl2_6_cast" [bi_lstm/src/rnn.cpp:70]   --->   Operation 223 'sub' 'r_V_2_6' <Predicate = true> <Delay = 1.71> <Core = "AddSub">   --->   Core 14 'AddSub' <Latency = 0> <II = 1> <Delay = 1.89> <FuncUnit> <Opcode : 'add' 'sub'> <InPorts = 2> <OutPorts = 1>
ST_13 : Operation 224 [1/1] (0.00ns) (grouped into LUT with out node tmp_51)   --->   "%tmp_69 = call i1 @_ssdm_op_BitSelect.i1.i25.i32(i25 %r_V_2_6, i32 24)" [bi_lstm/src/rnn.cpp:70]   --->   Operation 224 'bitselect' 'tmp_69' <Predicate = true> <Delay = 0.00>
ST_13 : Operation 225 [1/1] (0.00ns)   --->   "%tmp_70 = trunc i25 %r_V_2_6 to i14" [bi_lstm/src/rnn.cpp:70]   --->   Operation 225 'trunc' 'tmp_70' <Predicate = true> <Delay = 0.00>
ST_13 : Operation 226 [1/1] (1.98ns)   --->   "%tmp_6_38 = icmp eq i14 %tmp_70, 0" [bi_lstm/src/rnn.cpp:70]   --->   Operation 226 'icmp' 'tmp_6_38' <Predicate = true> <Delay = 1.98> <Core = "Cmp">   --->   Core 25 'Cmp' <Latency = 0> <II = 1> <Delay = 1.98> <FuncUnit> <Opcode : 'icmp'> <InPorts = 2> <OutPorts = 1>
ST_13 : Operation 227 [1/1] (0.00ns)   --->   "%tmp_48 = call i8 @_ssdm_op_PartSelect.i8.i25.i32.i32(i25 %r_V_2_6, i32 14, i32 21)" [bi_lstm/src/rnn.cpp:70]   --->   Operation 227 'partselect' 'tmp_48' <Predicate = true> <Delay = 0.00>
ST_13 : Operation 228 [1/1] (1.30ns)   --->   "%tmp_49 = add i8 1, %tmp_48" [bi_lstm/src/rnn.cpp:70]   --->   Operation 228 'add' 'tmp_49' <Predicate = true> <Delay = 1.30> <Core = "AddSub">   --->   Core 14 'AddSub' <Latency = 0> <II = 1> <Delay = 1.89> <FuncUnit> <Opcode : 'add' 'sub'> <InPorts = 2> <OutPorts = 1>
ST_13 : Operation 229 [1/1] (0.00ns) (grouped into LUT with out node tmp_51)   --->   "%tmp_50 = select i1 %tmp_6_38, i8 %tmp_48, i8 %tmp_49" [bi_lstm/src/rnn.cpp:70]   --->   Operation 229 'select' 'tmp_50' <Predicate = true> <Delay = 0.00> <Core = "Sel">   --->   Core 26 'Sel' <Latency = 0> <II = 1> <Delay = 0.58> <FuncUnit> <Opcode : 'select'> <InPorts = 3> <OutPorts = 1>
ST_13 : Operation 230 [1/1] (0.44ns) (out node of the LUT)   --->   "%tmp_51 = select i1 %tmp_69, i8 %tmp_50, i8 %tmp_48" [bi_lstm/src/rnn.cpp:70]   --->   Operation 230 'select' 'tmp_51' <Predicate = true> <Delay = 0.44> <Core = "Sel">   --->   Core 26 'Sel' <Latency = 0> <II = 1> <Delay = 0.58> <FuncUnit> <Opcode : 'select'> <InPorts = 3> <OutPorts = 1>
ST_13 : Operation 231 [2/2] (1.75ns)   --->   "%x_7_V_load = load i16* %x_7_V_addr, align 2" [bi_lstm/src/rnn.cpp:67]   --->   Operation 231 'load' 'x_7_V_load' <Predicate = true> <Delay = 1.75> <Core = "RAM">   --->   Core 37 'RAM' <Latency = 1> <II = 1> <Delay = 1.75> <Storage> <Opcode : 'load' 'store'> <Ports = 2> <Width = 16> <Depth = 6> <RAM>

State 14 <SV = 13> <Delay = 7.45>
ST_14 : Operation 232 [1/2] (2.77ns)   --->   "%tanh_lut_V163_load_5 = load i16* %tanh_lut_V163_addr_5, align 2" [bi_lstm/src/rnn.cpp:71]   --->   Operation 232 'load' 'tanh_lut_V163_load_5' <Predicate = true> <Delay = 2.77> <Core = "ROM_1P_BRAM">   --->   Core 61 'ROM_1P_BRAM' <Latency = 1> <II = 1> <Delay = 2.77> <Storage> <Opcode : 'load'> <Ports = 1> <Width = 16> <Depth = 256> <ROM>
ST_14 : Operation 233 [1/1] (0.00ns) (grouped into LUT with out node storemerge1_5)   --->   "%tmp_26 = call i12 @_ssdm_op_PartSelect.i12.i16.i32.i32(i16 %tanh_lut_V163_load_5, i32 4, i32 15)" [bi_lstm/src/rnn.cpp:71]   --->   Operation 233 'partselect' 'tmp_26' <Predicate = true> <Delay = 0.00>
ST_14 : Operation 234 [1/1] (0.00ns) (grouped into LUT with out node storemerge1_5)   --->   "%tmp_8_5_cast = sext i12 %tmp_26 to i13" [bi_lstm/src/rnn.cpp:71]   --->   Operation 234 'sext' 'tmp_8_5_cast' <Predicate = true> <Delay = 0.00>
ST_14 : Operation 235 [1/1] (0.00ns) (grouped into LUT with out node sel_tmp10)   --->   "%sel_tmp9 = xor i1 %tmp_3_5, true" [bi_lstm/src/rnn.cpp:67]   --->   Operation 235 'xor' 'sel_tmp9' <Predicate = true> <Delay = 0.00> <Core = "LogicGate">   --->   Core 27 'LogicGate' <Latency = 0> <II = 1> <Delay = 0.80> <FuncUnit> <Opcode : 'and' 'or' 'xor'> <InPorts = 2> <OutPorts = 1>
ST_14 : Operation 236 [1/1] (0.80ns) (out node of the LUT)   --->   "%sel_tmp10 = and i1 %tmp_4_5, %sel_tmp9" [bi_lstm/src/rnn.cpp:68]   --->   Operation 236 'and' 'sel_tmp10' <Predicate = true> <Delay = 0.80> <Core = "LogicGate">   --->   Core 27 'LogicGate' <Latency = 0> <II = 1> <Delay = 0.80> <FuncUnit> <Opcode : 'and' 'or' 'xor'> <InPorts = 2> <OutPorts = 1>
ST_14 : Operation 237 [1/1] (0.00ns) (grouped into LUT with out node storemerge1_5)   --->   "%sel_tmp11 = select i1 %sel_tmp10, i13 -2048, i13 2048" [bi_lstm/src/rnn.cpp:68]   --->   Operation 237 'select' 'sel_tmp11' <Predicate = true> <Delay = 0.00> <Core = "Sel">   --->   Core 26 'Sel' <Latency = 0> <II = 1> <Delay = 0.58> <FuncUnit> <Opcode : 'select'> <InPorts = 3> <OutPorts = 1>
ST_14 : Operation 238 [1/1] (0.00ns) (grouped into LUT with out node storemerge1_5)   --->   "%tmp_47 = or i1 %sel_tmp10, %tmp_3_5" [bi_lstm/src/rnn.cpp:68]   --->   Operation 238 'or' 'tmp_47' <Predicate = true> <Delay = 0.00> <Core = "LogicGate">   --->   Core 27 'LogicGate' <Latency = 0> <II = 1> <Delay = 0.80> <FuncUnit> <Opcode : 'and' 'or' 'xor'> <InPorts = 2> <OutPorts = 1>
ST_14 : Operation 239 [1/1] (0.80ns) (out node of the LUT)   --->   "%storemerge1_5 = select i1 %tmp_47, i13 %sel_tmp11, i13 %tmp_8_5_cast" [bi_lstm/src/rnn.cpp:68]   --->   Operation 239 'select' 'storemerge1_5' <Predicate = true> <Delay = 0.80> <Core = "Sel">   --->   Core 26 'Sel' <Latency = 0> <II = 1> <Delay = 0.58> <FuncUnit> <Opcode : 'select'> <InPorts = 3> <OutPorts = 1>
ST_14 : Operation 240 [1/1] (0.00ns)   --->   "%storemerge1_5_cast = sext i13 %storemerge1_5 to i16" [bi_lstm/src/rnn.cpp:67]   --->   Operation 240 'sext' 'storemerge1_5_cast' <Predicate = true> <Delay = 0.00>
ST_14 : Operation 241 [1/1] (1.75ns)   --->   "store i16 %storemerge1_5_cast, i16* %x_5_V_addr, align 2" [bi_lstm/src/rnn.cpp:67]   --->   Operation 241 'store' <Predicate = true> <Delay = 1.75> <Core = "RAM">   --->   Core 37 'RAM' <Latency = 1> <II = 1> <Delay = 1.75> <Storage> <Opcode : 'load' 'store'> <Ports = 2> <Width = 16> <Depth = 6> <RAM>
ST_14 : Operation 242 [1/1] (0.00ns)   --->   "%tmp_1_6 = zext i8 %tmp_51 to i64" [bi_lstm/src/rnn.cpp:71]   --->   Operation 242 'zext' 'tmp_1_6' <Predicate = true> <Delay = 0.00>
ST_14 : Operation 243 [1/1] (0.00ns)   --->   "%tanh_lut_V163_addr_6 = getelementptr [256 x i16]* @tanh_lut_V163, i64 0, i64 %tmp_1_6" [bi_lstm/src/rnn.cpp:71]   --->   Operation 243 'getelementptr' 'tanh_lut_V163_addr_6' <Predicate = true> <Delay = 0.00>
ST_14 : Operation 244 [2/2] (2.77ns)   --->   "%tanh_lut_V163_load_6 = load i16* %tanh_lut_V163_addr_6, align 2" [bi_lstm/src/rnn.cpp:71]   --->   Operation 244 'load' 'tanh_lut_V163_load_6' <Predicate = true> <Delay = 2.77> <Core = "ROM_1P_BRAM">   --->   Core 61 'ROM_1P_BRAM' <Latency = 1> <II = 1> <Delay = 2.77> <Storage> <Opcode : 'load'> <Ports = 1> <Width = 16> <Depth = 256> <ROM>
ST_14 : Operation 245 [1/2] (1.75ns)   --->   "%x_7_V_load = load i16* %x_7_V_addr, align 2" [bi_lstm/src/rnn.cpp:67]   --->   Operation 245 'load' 'x_7_V_load' <Predicate = true> <Delay = 1.75> <Core = "RAM">   --->   Core 37 'RAM' <Latency = 1> <II = 1> <Delay = 1.75> <Storage> <Opcode : 'load' 'store'> <Ports = 2> <Width = 16> <Depth = 6> <RAM>
ST_14 : Operation 246 [1/1] (2.13ns)   --->   "%tmp_3_7 = icmp sgt i16 %x_7_V_load, 8192" [bi_lstm/src/rnn.cpp:67]   --->   Operation 246 'icmp' 'tmp_3_7' <Predicate = true> <Delay = 2.13> <Core = "Cmp">   --->   Core 25 'Cmp' <Latency = 0> <II = 1> <Delay = 1.98> <FuncUnit> <Opcode : 'icmp'> <InPorts = 2> <OutPorts = 1>
ST_14 : Operation 247 [1/1] (2.13ns)   --->   "%tmp_4_7 = icmp slt i16 %x_7_V_load, -8192" [bi_lstm/src/rnn.cpp:68]   --->   Operation 247 'icmp' 'tmp_4_7' <Predicate = true> <Delay = 2.13> <Core = "Cmp">   --->   Core 25 'Cmp' <Latency = 0> <II = 1> <Delay = 1.98> <FuncUnit> <Opcode : 'icmp'> <InPorts = 2> <OutPorts = 1>
ST_14 : Operation 248 [1/1] (0.00ns)   --->   "%tmp_32 = call i12 @_ssdm_op_PartSelect.i12.i16.i32.i32(i16 %x_7_V_load, i32 4, i32 15)" [bi_lstm/src/rnn.cpp:70]   --->   Operation 248 'partselect' 'tmp_32' <Predicate = true> <Delay = 0.00>
ST_14 : Operation 249 [1/1] (0.00ns)   --->   "%lhs_V_7_cast = sext i12 %tmp_32 to i13" [bi_lstm/src/rnn.cpp:70]   --->   Operation 249 'sext' 'lhs_V_7_cast' <Predicate = true> <Delay = 0.00>
ST_14 : Operation 250 [1/1] (1.54ns)   --->   "%ret_V_7 = add i13 512, %lhs_V_7_cast" [bi_lstm/src/rnn.cpp:70]   --->   Operation 250 'add' 'ret_V_7' <Predicate = true> <Delay = 1.54> <Core = "AddSub">   --->   Core 14 'AddSub' <Latency = 0> <II = 1> <Delay = 1.89> <FuncUnit> <Opcode : 'add' 'sub'> <InPorts = 2> <OutPorts = 1>
ST_14 : Operation 251 [1/1] (0.00ns)   --->   "%p_shl_7 = call i25 @_ssdm_op_BitConcatenate.i25.i13.i12(i13 %ret_V_7, i12 0)" [bi_lstm/src/rnn.cpp:70]   --->   Operation 251 'bitconcatenate' 'p_shl_7' <Predicate = true> <Delay = 0.00>
ST_14 : Operation 252 [1/1] (0.00ns)   --->   "%p_shl2_7 = call i17 @_ssdm_op_BitConcatenate.i17.i13.i4(i13 %ret_V_7, i4 0)" [bi_lstm/src/rnn.cpp:70]   --->   Operation 252 'bitconcatenate' 'p_shl2_7' <Predicate = true> <Delay = 0.00>
ST_14 : Operation 253 [1/1] (0.00ns)   --->   "%p_shl2_7_cast = sext i17 %p_shl2_7 to i25" [bi_lstm/src/rnn.cpp:70]   --->   Operation 253 'sext' 'p_shl2_7_cast' <Predicate = true> <Delay = 0.00>
ST_14 : Operation 254 [1/1] (1.71ns)   --->   "%r_V_2_7 = sub i25 %p_shl_7, %p_shl2_7_cast" [bi_lstm/src/rnn.cpp:70]   --->   Operation 254 'sub' 'r_V_2_7' <Predicate = true> <Delay = 1.71> <Core = "AddSub">   --->   Core 14 'AddSub' <Latency = 0> <II = 1> <Delay = 1.89> <FuncUnit> <Opcode : 'add' 'sub'> <InPorts = 2> <OutPorts = 1>
ST_14 : Operation 255 [1/1] (0.00ns) (grouped into LUT with out node tmp_56)   --->   "%tmp_71 = call i1 @_ssdm_op_BitSelect.i1.i25.i32(i25 %r_V_2_7, i32 24)" [bi_lstm/src/rnn.cpp:70]   --->   Operation 255 'bitselect' 'tmp_71' <Predicate = true> <Delay = 0.00>
ST_14 : Operation 256 [1/1] (0.00ns)   --->   "%tmp_72 = trunc i25 %r_V_2_7 to i14" [bi_lstm/src/rnn.cpp:70]   --->   Operation 256 'trunc' 'tmp_72' <Predicate = true> <Delay = 0.00>
ST_14 : Operation 257 [1/1] (1.98ns)   --->   "%tmp_7_39 = icmp eq i14 %tmp_72, 0" [bi_lstm/src/rnn.cpp:70]   --->   Operation 257 'icmp' 'tmp_7_39' <Predicate = true> <Delay = 1.98> <Core = "Cmp">   --->   Core 25 'Cmp' <Latency = 0> <II = 1> <Delay = 1.98> <FuncUnit> <Opcode : 'icmp'> <InPorts = 2> <OutPorts = 1>
ST_14 : Operation 258 [1/1] (0.00ns)   --->   "%tmp_53 = call i8 @_ssdm_op_PartSelect.i8.i25.i32.i32(i25 %r_V_2_7, i32 14, i32 21)" [bi_lstm/src/rnn.cpp:70]   --->   Operation 258 'partselect' 'tmp_53' <Predicate = true> <Delay = 0.00>
ST_14 : Operation 259 [1/1] (1.30ns)   --->   "%tmp_54 = add i8 1, %tmp_53" [bi_lstm/src/rnn.cpp:70]   --->   Operation 259 'add' 'tmp_54' <Predicate = true> <Delay = 1.30> <Core = "AddSub">   --->   Core 14 'AddSub' <Latency = 0> <II = 1> <Delay = 1.89> <FuncUnit> <Opcode : 'add' 'sub'> <InPorts = 2> <OutPorts = 1>
ST_14 : Operation 260 [1/1] (0.00ns) (grouped into LUT with out node tmp_56)   --->   "%tmp_55 = select i1 %tmp_7_39, i8 %tmp_53, i8 %tmp_54" [bi_lstm/src/rnn.cpp:70]   --->   Operation 260 'select' 'tmp_55' <Predicate = true> <Delay = 0.00> <Core = "Sel">   --->   Core 26 'Sel' <Latency = 0> <II = 1> <Delay = 0.58> <FuncUnit> <Opcode : 'select'> <InPorts = 3> <OutPorts = 1>
ST_14 : Operation 261 [1/1] (0.44ns) (out node of the LUT)   --->   "%tmp_56 = select i1 %tmp_71, i8 %tmp_55, i8 %tmp_53" [bi_lstm/src/rnn.cpp:70]   --->   Operation 261 'select' 'tmp_56' <Predicate = true> <Delay = 0.44> <Core = "Sel">   --->   Core 26 'Sel' <Latency = 0> <II = 1> <Delay = 0.58> <FuncUnit> <Opcode : 'select'> <InPorts = 3> <OutPorts = 1>

State 15 <SV = 14> <Delay = 5.32>
ST_15 : Operation 262 [1/2] (2.77ns)   --->   "%tanh_lut_V163_load_6 = load i16* %tanh_lut_V163_addr_6, align 2" [bi_lstm/src/rnn.cpp:71]   --->   Operation 262 'load' 'tanh_lut_V163_load_6' <Predicate = true> <Delay = 2.77> <Core = "ROM_1P_BRAM">   --->   Core 61 'ROM_1P_BRAM' <Latency = 1> <II = 1> <Delay = 2.77> <Storage> <Opcode : 'load'> <Ports = 1> <Width = 16> <Depth = 256> <ROM>
ST_15 : Operation 263 [1/1] (0.00ns) (grouped into LUT with out node storemerge1_6)   --->   "%tmp_30 = call i12 @_ssdm_op_PartSelect.i12.i16.i32.i32(i16 %tanh_lut_V163_load_6, i32 4, i32 15)" [bi_lstm/src/rnn.cpp:71]   --->   Operation 263 'partselect' 'tmp_30' <Predicate = true> <Delay = 0.00>
ST_15 : Operation 264 [1/1] (0.00ns) (grouped into LUT with out node storemerge1_6)   --->   "%tmp_8_6_cast = sext i12 %tmp_30 to i13" [bi_lstm/src/rnn.cpp:71]   --->   Operation 264 'sext' 'tmp_8_6_cast' <Predicate = true> <Delay = 0.00>
ST_15 : Operation 265 [1/1] (0.00ns) (grouped into LUT with out node sel_tmp13)   --->   "%sel_tmp12 = xor i1 %tmp_3_6, true" [bi_lstm/src/rnn.cpp:67]   --->   Operation 265 'xor' 'sel_tmp12' <Predicate = true> <Delay = 0.00> <Core = "LogicGate">   --->   Core 27 'LogicGate' <Latency = 0> <II = 1> <Delay = 0.80> <FuncUnit> <Opcode : 'and' 'or' 'xor'> <InPorts = 2> <OutPorts = 1>
ST_15 : Operation 266 [1/1] (0.80ns) (out node of the LUT)   --->   "%sel_tmp13 = and i1 %tmp_4_6, %sel_tmp12" [bi_lstm/src/rnn.cpp:68]   --->   Operation 266 'and' 'sel_tmp13' <Predicate = true> <Delay = 0.80> <Core = "LogicGate">   --->   Core 27 'LogicGate' <Latency = 0> <II = 1> <Delay = 0.80> <FuncUnit> <Opcode : 'and' 'or' 'xor'> <InPorts = 2> <OutPorts = 1>
ST_15 : Operation 267 [1/1] (0.00ns) (grouped into LUT with out node storemerge1_6)   --->   "%sel_tmp14 = select i1 %sel_tmp13, i13 -2048, i13 2048" [bi_lstm/src/rnn.cpp:68]   --->   Operation 267 'select' 'sel_tmp14' <Predicate = true> <Delay = 0.00> <Core = "Sel">   --->   Core 26 'Sel' <Latency = 0> <II = 1> <Delay = 0.58> <FuncUnit> <Opcode : 'select'> <InPorts = 3> <OutPorts = 1>
ST_15 : Operation 268 [1/1] (0.00ns) (grouped into LUT with out node storemerge1_6)   --->   "%tmp_52 = or i1 %sel_tmp13, %tmp_3_6" [bi_lstm/src/rnn.cpp:68]   --->   Operation 268 'or' 'tmp_52' <Predicate = true> <Delay = 0.00> <Core = "LogicGate">   --->   Core 27 'LogicGate' <Latency = 0> <II = 1> <Delay = 0.80> <FuncUnit> <Opcode : 'and' 'or' 'xor'> <InPorts = 2> <OutPorts = 1>
ST_15 : Operation 269 [1/1] (0.80ns) (out node of the LUT)   --->   "%storemerge1_6 = select i1 %tmp_52, i13 %sel_tmp14, i13 %tmp_8_6_cast" [bi_lstm/src/rnn.cpp:68]   --->   Operation 269 'select' 'storemerge1_6' <Predicate = true> <Delay = 0.80> <Core = "Sel">   --->   Core 26 'Sel' <Latency = 0> <II = 1> <Delay = 0.58> <FuncUnit> <Opcode : 'select'> <InPorts = 3> <OutPorts = 1>
ST_15 : Operation 270 [1/1] (0.00ns)   --->   "%storemerge1_6_cast = sext i13 %storemerge1_6 to i16" [bi_lstm/src/rnn.cpp:67]   --->   Operation 270 'sext' 'storemerge1_6_cast' <Predicate = true> <Delay = 0.00>
ST_15 : Operation 271 [1/1] (1.75ns)   --->   "store i16 %storemerge1_6_cast, i16* %x_6_V_addr, align 2" [bi_lstm/src/rnn.cpp:67]   --->   Operation 271 'store' <Predicate = true> <Delay = 1.75> <Core = "RAM">   --->   Core 37 'RAM' <Latency = 1> <II = 1> <Delay = 1.75> <Storage> <Opcode : 'load' 'store'> <Ports = 2> <Width = 16> <Depth = 6> <RAM>
ST_15 : Operation 272 [1/1] (0.00ns)   --->   "%tmp_1_7 = zext i8 %tmp_56 to i64" [bi_lstm/src/rnn.cpp:71]   --->   Operation 272 'zext' 'tmp_1_7' <Predicate = true> <Delay = 0.00>
ST_15 : Operation 273 [1/1] (0.00ns)   --->   "%tanh_lut_V163_addr_7 = getelementptr [256 x i16]* @tanh_lut_V163, i64 0, i64 %tmp_1_7" [bi_lstm/src/rnn.cpp:71]   --->   Operation 273 'getelementptr' 'tanh_lut_V163_addr_7' <Predicate = true> <Delay = 0.00>
ST_15 : Operation 274 [2/2] (2.77ns)   --->   "%tanh_lut_V163_load_7 = load i16* %tanh_lut_V163_addr_7, align 2" [bi_lstm/src/rnn.cpp:71]   --->   Operation 274 'load' 'tanh_lut_V163_load_7' <Predicate = true> <Delay = 2.77> <Core = "ROM_1P_BRAM">   --->   Core 61 'ROM_1P_BRAM' <Latency = 1> <II = 1> <Delay = 2.77> <Storage> <Opcode : 'load'> <Ports = 1> <Width = 16> <Depth = 256> <ROM>

State 16 <SV = 15> <Delay = 5.32>
ST_16 : Operation 275 [1/2] (2.77ns)   --->   "%tanh_lut_V163_load_7 = load i16* %tanh_lut_V163_addr_7, align 2" [bi_lstm/src/rnn.cpp:71]   --->   Operation 275 'load' 'tanh_lut_V163_load_7' <Predicate = true> <Delay = 2.77> <Core = "ROM_1P_BRAM">   --->   Core 61 'ROM_1P_BRAM' <Latency = 1> <II = 1> <Delay = 2.77> <Storage> <Opcode : 'load'> <Ports = 1> <Width = 16> <Depth = 256> <ROM>
ST_16 : Operation 276 [1/1] (0.00ns) (grouped into LUT with out node storemerge1_7)   --->   "%tmp_34 = call i12 @_ssdm_op_PartSelect.i12.i16.i32.i32(i16 %tanh_lut_V163_load_7, i32 4, i32 15)" [bi_lstm/src/rnn.cpp:71]   --->   Operation 276 'partselect' 'tmp_34' <Predicate = true> <Delay = 0.00>
ST_16 : Operation 277 [1/1] (0.00ns) (grouped into LUT with out node storemerge1_7)   --->   "%tmp_8_7_cast = sext i12 %tmp_34 to i13" [bi_lstm/src/rnn.cpp:71]   --->   Operation 277 'sext' 'tmp_8_7_cast' <Predicate = true> <Delay = 0.00>
ST_16 : Operation 278 [1/1] (0.00ns) (grouped into LUT with out node sel_tmp16)   --->   "%sel_tmp15 = xor i1 %tmp_3_7, true" [bi_lstm/src/rnn.cpp:67]   --->   Operation 278 'xor' 'sel_tmp15' <Predicate = true> <Delay = 0.00> <Core = "LogicGate">   --->   Core 27 'LogicGate' <Latency = 0> <II = 1> <Delay = 0.80> <FuncUnit> <Opcode : 'and' 'or' 'xor'> <InPorts = 2> <OutPorts = 1>
ST_16 : Operation 279 [1/1] (0.80ns) (out node of the LUT)   --->   "%sel_tmp16 = and i1 %tmp_4_7, %sel_tmp15" [bi_lstm/src/rnn.cpp:68]   --->   Operation 279 'and' 'sel_tmp16' <Predicate = true> <Delay = 0.80> <Core = "LogicGate">   --->   Core 27 'LogicGate' <Latency = 0> <II = 1> <Delay = 0.80> <FuncUnit> <Opcode : 'and' 'or' 'xor'> <InPorts = 2> <OutPorts = 1>
ST_16 : Operation 280 [1/1] (0.00ns) (grouped into LUT with out node storemerge1_7)   --->   "%sel_tmp17 = select i1 %sel_tmp16, i13 -2048, i13 2048" [bi_lstm/src/rnn.cpp:68]   --->   Operation 280 'select' 'sel_tmp17' <Predicate = true> <Delay = 0.00> <Core = "Sel">   --->   Core 26 'Sel' <Latency = 0> <II = 1> <Delay = 0.58> <FuncUnit> <Opcode : 'select'> <InPorts = 3> <OutPorts = 1>
ST_16 : Operation 281 [1/1] (0.00ns) (grouped into LUT with out node storemerge1_7)   --->   "%tmp_57 = or i1 %sel_tmp16, %tmp_3_7" [bi_lstm/src/rnn.cpp:68]   --->   Operation 281 'or' 'tmp_57' <Predicate = true> <Delay = 0.00> <Core = "LogicGate">   --->   Core 27 'LogicGate' <Latency = 0> <II = 1> <Delay = 0.80> <FuncUnit> <Opcode : 'and' 'or' 'xor'> <InPorts = 2> <OutPorts = 1>
ST_16 : Operation 282 [1/1] (0.80ns) (out node of the LUT)   --->   "%storemerge1_7 = select i1 %tmp_57, i13 %sel_tmp17, i13 %tmp_8_7_cast" [bi_lstm/src/rnn.cpp:68]   --->   Operation 282 'select' 'storemerge1_7' <Predicate = true> <Delay = 0.80> <Core = "Sel">   --->   Core 26 'Sel' <Latency = 0> <II = 1> <Delay = 0.58> <FuncUnit> <Opcode : 'select'> <InPorts = 3> <OutPorts = 1>
ST_16 : Operation 283 [1/1] (0.00ns)   --->   "%storemerge1_7_cast = sext i13 %storemerge1_7 to i16" [bi_lstm/src/rnn.cpp:67]   --->   Operation 283 'sext' 'storemerge1_7_cast' <Predicate = true> <Delay = 0.00>
ST_16 : Operation 284 [1/1] (1.75ns)   --->   "store i16 %storemerge1_7_cast, i16* %x_7_V_addr, align 2" [bi_lstm/src/rnn.cpp:67]   --->   Operation 284 'store' <Predicate = true> <Delay = 1.75> <Core = "RAM">   --->   Core 37 'RAM' <Latency = 1> <II = 1> <Delay = 1.75> <Storage> <Opcode : 'load' 'store'> <Ports = 2> <Width = 16> <Depth = 6> <RAM>
ST_16 : Operation 285 [1/1] (0.00ns)   --->   "br label %_ZN8ap_fixedILi16ELi5EL9ap_q_mode5EL9ap_o_mode3ELi0EEC1Ei.exit.0" [bi_lstm/src/rnn.cpp:65]   --->   Operation 285 'br' <Predicate = true> <Delay = 0.00>


============================================================
+ Verbose Summary: Timing violations
============================================================
Target clock period: 10ns, clock uncertainty: 1.25ns.

 <State 1>: 0.466ns
The critical path consists of the following:
	multiplexor before 'phi' operation ('i', bi_lstm/src/rnn.cpp:65) with incoming values : ('i_2_7', bi_lstm/src/rnn.cpp:65) [16]  (0.466 ns)

 <State 2>: 1.75ns
The critical path consists of the following:
	'phi' operation ('i', bi_lstm/src/rnn.cpp:65) with incoming values : ('i_2_7', bi_lstm/src/rnn.cpp:65) [16]  (0 ns)
	'getelementptr' operation ('x_0_V_addr', bi_lstm/src/rnn.cpp:67) [20]  (0 ns)
	'load' operation ('x_0_V_load', bi_lstm/src/rnn.cpp:67) on array 'res_0_V' [21]  (1.75 ns)

 <State 3>: 7.45ns
The critical path consists of the following:
	'load' operation ('x_0_V_load', bi_lstm/src/rnn.cpp:67) on array 'res_0_V' [21]  (1.75 ns)
	'add' operation ('ret_V', bi_lstm/src/rnn.cpp:70) [30]  (1.55 ns)
	'sub' operation ('r_V_2', bi_lstm/src/rnn.cpp:70) [34]  (1.72 ns)
	'icmp' operation ('tmp_s', bi_lstm/src/rnn.cpp:70) [37]  (1.99 ns)
	'select' operation ('tmp_8', bi_lstm/src/rnn.cpp:70) [40]  (0 ns)
	'select' operation ('tmp_11', bi_lstm/src/rnn.cpp:70) [41]  (0.448 ns)

 <State 4>: 2.77ns
The critical path consists of the following:
	'getelementptr' operation ('tanh_lut_V163_addr', bi_lstm/src/rnn.cpp:71) [43]  (0 ns)
	'load' operation ('tanh_lut_V163_load', bi_lstm/src/rnn.cpp:71) on array 'tanh_lut_V163' [44]  (2.77 ns)

 <State 5>: 2.77ns
The critical path consists of the following:
	'load' operation ('tanh_lut_V163_load', bi_lstm/src/rnn.cpp:71) on array 'tanh_lut_V163' [44]  (2.77 ns)

 <State 6>: 7.45ns
The critical path consists of the following:
	'load' operation ('x_1_V_load', bi_lstm/src/rnn.cpp:67) on array 'res_1_V' [53]  (1.75 ns)
	'add' operation ('ret_V_1', bi_lstm/src/rnn.cpp:70) [62]  (1.55 ns)
	'sub' operation ('r_V_2_1', bi_lstm/src/rnn.cpp:70) [66]  (1.72 ns)
	'icmp' operation ('tmp_1_33', bi_lstm/src/rnn.cpp:70) [69]  (1.99 ns)
	'select' operation ('tmp_17', bi_lstm/src/rnn.cpp:70) [72]  (0 ns)
	'select' operation ('tmp_19', bi_lstm/src/rnn.cpp:70) [73]  (0.448 ns)

 <State 7>: 2.77ns
The critical path consists of the following:
	'getelementptr' operation ('tanh_lut_V163_addr_1', bi_lstm/src/rnn.cpp:71) [75]  (0 ns)
	'load' operation ('tanh_lut_V163_load_1', bi_lstm/src/rnn.cpp:71) on array 'tanh_lut_V163' [76]  (2.77 ns)

 <State 8>: 5.32ns
The critical path consists of the following:
	'load' operation ('tanh_lut_V163_load_1', bi_lstm/src/rnn.cpp:71) on array 'tanh_lut_V163' [76]  (2.77 ns)
	multiplexor before 'phi' operation ('storemerge1_1', bi_lstm/src/rnn.cpp:71) with incoming values : ('tmp_8_1_cast', bi_lstm/src/rnn.cpp:71) [81]  (0.794 ns)
	'phi' operation ('storemerge1_1', bi_lstm/src/rnn.cpp:71) with incoming values : ('tmp_8_1_cast', bi_lstm/src/rnn.cpp:71) [81]  (0 ns)
	'store' operation (bi_lstm/src/rnn.cpp:67) of variable 'storemerge1_1_cast', bi_lstm/src/rnn.cpp:67 on array 'res_1_V' [83]  (1.75 ns)

 <State 9>: 7.45ns
The critical path consists of the following:
	'load' operation ('x_2_V_load', bi_lstm/src/rnn.cpp:67) on array 'res_2_V' [89]  (1.75 ns)
	'add' operation ('ret_V_s', bi_lstm/src/rnn.cpp:70) [94]  (1.55 ns)
	'sub' operation ('r_V_2_2', bi_lstm/src/rnn.cpp:70) [98]  (1.72 ns)
	'icmp' operation ('tmp_2_34', bi_lstm/src/rnn.cpp:70) [101]  (1.99 ns)
	'select' operation ('tmp_25', bi_lstm/src/rnn.cpp:70) [104]  (0 ns)
	'select' operation ('tmp_27', bi_lstm/src/rnn.cpp:70) [105]  (0.448 ns)

 <State 10>: 7.45ns
The critical path consists of the following:
	'load' operation ('x_3_V_load', bi_lstm/src/rnn.cpp:67) on array 'res_3_V' [119]  (1.75 ns)
	'add' operation ('ret_V_3', bi_lstm/src/rnn.cpp:70) [124]  (1.55 ns)
	'sub' operation ('r_V_2_3', bi_lstm/src/rnn.cpp:70) [128]  (1.72 ns)
	'icmp' operation ('tmp_3_35', bi_lstm/src/rnn.cpp:70) [131]  (1.99 ns)
	'select' operation ('tmp_35', bi_lstm/src/rnn.cpp:70) [134]  (0 ns)
	'select' operation ('tmp_36', bi_lstm/src/rnn.cpp:70) [135]  (0.448 ns)

 <State 11>: 7.45ns
The critical path consists of the following:
	'load' operation ('x_4_V_load', bi_lstm/src/rnn.cpp:67) on array 'res_4_V' [149]  (1.75 ns)
	'add' operation ('ret_V_4', bi_lstm/src/rnn.cpp:70) [154]  (1.55 ns)
	'sub' operation ('r_V_2_4', bi_lstm/src/rnn.cpp:70) [158]  (1.72 ns)
	'icmp' operation ('tmp_4_36', bi_lstm/src/rnn.cpp:70) [161]  (1.99 ns)
	'select' operation ('tmp_40', bi_lstm/src/rnn.cpp:70) [164]  (0 ns)
	'select' operation ('tmp_41', bi_lstm/src/rnn.cpp:70) [165]  (0.448 ns)

 <State 12>: 7.45ns
The critical path consists of the following:
	'load' operation ('x_5_V_load', bi_lstm/src/rnn.cpp:67) on array 'res_5_V' [179]  (1.75 ns)
	'add' operation ('ret_V_5', bi_lstm/src/rnn.cpp:70) [184]  (1.55 ns)
	'sub' operation ('r_V_2_5', bi_lstm/src/rnn.cpp:70) [188]  (1.72 ns)
	'icmp' operation ('tmp_5_37', bi_lstm/src/rnn.cpp:70) [191]  (1.99 ns)
	'select' operation ('tmp_45', bi_lstm/src/rnn.cpp:70) [194]  (0 ns)
	'select' operation ('tmp_46', bi_lstm/src/rnn.cpp:70) [195]  (0.448 ns)

 <State 13>: 7.45ns
The critical path consists of the following:
	'load' operation ('x_6_V_load', bi_lstm/src/rnn.cpp:67) on array 'res_6_V' [209]  (1.75 ns)
	'add' operation ('ret_V_6', bi_lstm/src/rnn.cpp:70) [214]  (1.55 ns)
	'sub' operation ('r_V_2_6', bi_lstm/src/rnn.cpp:70) [218]  (1.72 ns)
	'icmp' operation ('tmp_6_38', bi_lstm/src/rnn.cpp:70) [221]  (1.99 ns)
	'select' operation ('tmp_50', bi_lstm/src/rnn.cpp:70) [224]  (0 ns)
	'select' operation ('tmp_51', bi_lstm/src/rnn.cpp:70) [225]  (0.448 ns)

 <State 14>: 7.45ns
The critical path consists of the following:
	'load' operation ('x_7_V_load', bi_lstm/src/rnn.cpp:67) on array 'res_7_V' [239]  (1.75 ns)
	'add' operation ('ret_V_7', bi_lstm/src/rnn.cpp:70) [244]  (1.55 ns)
	'sub' operation ('r_V_2_7', bi_lstm/src/rnn.cpp:70) [248]  (1.72 ns)
	'icmp' operation ('tmp_7_39', bi_lstm/src/rnn.cpp:70) [251]  (1.99 ns)
	'select' operation ('tmp_55', bi_lstm/src/rnn.cpp:70) [254]  (0 ns)
	'select' operation ('tmp_56', bi_lstm/src/rnn.cpp:70) [255]  (0.448 ns)

 <State 15>: 5.33ns
The critical path consists of the following:
	'load' operation ('tanh_lut_V163_load_6', bi_lstm/src/rnn.cpp:71) on array 'tanh_lut_V163' [228]  (2.77 ns)
	'select' operation ('storemerge1_6', bi_lstm/src/rnn.cpp:68) [235]  (0.8 ns)
	'store' operation (bi_lstm/src/rnn.cpp:67) of variable 'storemerge1_6_cast', bi_lstm/src/rnn.cpp:67 on array 'res_6_V' [237]  (1.75 ns)

 <State 16>: 5.33ns
The critical path consists of the following:
	'load' operation ('tanh_lut_V163_load_7', bi_lstm/src/rnn.cpp:71) on array 'tanh_lut_V163' [258]  (2.77 ns)
	'select' operation ('storemerge1_7', bi_lstm/src/rnn.cpp:68) [265]  (0.8 ns)
	'store' operation (bi_lstm/src/rnn.cpp:67) of variable 'storemerge1_7_cast', bi_lstm/src/rnn.cpp:67 on array 'res_7_V' [267]  (1.75 ns)


============================================================
+ Verbose Summary: Binding
============================================================
N/A
* FSMD analyzer results:
  - Output states:
 - Input state : 
  - Chain level:
	State 1
	State 2
	State 3
	State 4
	State 5
	State 6
	State 7
	State 8
	State 9
	State 10
	State 11
	State 12
	State 13
	State 14
	State 15
	State 16


============================================================
+ Verbose Summary: Datapath Resource usage 
============================================================
N/A
