

================================================================
== Vivado HLS Report for 'write_output'
================================================================
* Date:           Sat Apr 19 01:59:44 2025

* Version:        2018.3 (Build 2405991 on Thu Dec 06 23:56:15 MST 2018)
* Project:        bi_lstm
* Solution:       solution1
* Product family: zynq
* Target device:  xc7z020clg400-2


================================================================
== Performance Estimates
================================================================
+ Timing (ns): 
    * Summary: 
    +--------+-------+----------+------------+
    |  Clock | Target| Estimated| Uncertainty|
    +--------+-------+----------+------------+
    |ap_clk  |  10.00|     1.795|        1.25|
    +--------+-------+----------+------------+

+ Latency (clock cycles): 
    * Summary: 
    +-----+-----+-----+-----+---------+
    |  Latency  |  Interval | Pipeline|
    | min | max | min | max |   Type  |
    +-----+-----+-----+-----+---------+
    |   13|   13|   13|   13|   none  |
    +-----+-----+-----+-----+---------+

    + Detail: 
        * Instance: 
        N/A

        * Loop: 
        +--------------+-----+-----+----------+-----------+-----------+------+----------+
        |              |  Latency  | Iteration|  Initiation Interval  | Trip |          |
        |   Loop Name  | min | max |  Latency |  achieved |   target  | Count| Pipelined|
        +--------------+-----+-----+----------+-----------+-----------+------+----------+
        |- write_loop  |   11|   11|         3|          1|          1|    10|    yes   |
        +--------------+-----+-----+----------+-----------+-----------+------+----------+



================================================================
== Utilization Estimates
================================================================
* Summary: 
+-----------------+---------+-------+--------+-------+
|       Name      | BRAM_18K| DSP48E|   FF   |  LUT  |
+-----------------+---------+-------+--------+-------+
|DSP              |        -|      -|       -|      -|
|Expression       |        -|      -|       0|     25|
|FIFO             |        -|      -|       -|      -|
|Instance         |        -|      -|       0|     47|
|Memory           |        -|      -|       -|      -|
|Multiplexer      |        -|      -|       -|     45|
|Register         |        -|      -|     135|      -|
+-----------------+---------+-------+--------+-------+
|Total            |        0|      0|     135|    117|
+-----------------+---------+-------+--------+-------+
|Available        |      280|    220|  106400|  53200|
+-----------------+---------+-------+--------+-------+
|Utilization (%)  |        0|      0|   ~0   |   ~0  |
+-----------------+---------+-------+--------+-------+

+ Detail: 
    * Instance: 
    +---------------------------+----------------------+---------+-------+---+----+
    |          Instance         |        Module        | BRAM_18K| DSP48E| FF| LUT|
    +---------------------------+----------------------+---------+-------+---+----+
    |BiLSTM_Top_mux_10cJz_U949  |BiLSTM_Top_mux_10cJz  |        0|      0|  0|  47|
    +---------------------------+----------------------+---------+-------+---+----+
    |Total                      |                      |        0|      0|  0|  47|
    +---------------------------+----------------------+---------+-------+---+----+

    * DSP48: 
    N/A

    * Memory: 
    N/A

    * FIFO: 
    N/A

    * Expression: 
    +-----------------------------------------+----------+-------+---+----+------------+------------+
    |              Variable Name              | Operation| DSP48E| FF| LUT| Bitwidth P0| Bitwidth P1|
    +-----------------------------------------+----------+-------+---+----+------------+------------+
    |i_1_fu_185_p2                            |     +    |      0|  0|   6|           4|           1|
    |ap_block_state3_io                       |    and   |      0|  0|   1|           1|           1|
    |ap_block_state4_io                       |    and   |      0|  0|   1|           1|           1|
    |output_stream_V_data_V_1_load_A          |    and   |      0|  0|   1|           1|           1|
    |output_stream_V_data_V_1_load_B          |    and   |      0|  0|   1|           1|           1|
    |output_stream_V_last_V_1_load_A          |    and   |      0|  0|   1|           1|           1|
    |output_stream_V_last_V_1_load_B          |    and   |      0|  0|   1|           1|           1|
    |exitcond_fu_179_p2                       |   icmp   |      0|  0|   2|           4|           4|
    |is_last_fu_191_p2                        |   icmp   |      0|  0|   2|           4|           4|
    |output_stream_V_data_V_1_state_cmp_full  |   icmp   |      0|  0|   1|           2|           1|
    |output_stream_V_last_V_1_state_cmp_full  |   icmp   |      0|  0|   1|           2|           1|
    |ap_block_pp0_stage0_11001                |    or    |      0|  0|   1|           1|           1|
    |ap_block_state1                          |    or    |      0|  0|   1|           1|           1|
    |ap_block_state5                          |    or    |      0|  0|   1|           1|           1|
    |ap_enable_pp0                            |    xor   |      0|  0|   2|           1|           2|
    |ap_enable_reg_pp0_iter1                  |    xor   |      0|  0|   2|           2|           1|
    +-----------------------------------------+----------+-------+---+----+------------+------------+
    |Total                                    |          |      0|  0|  25|          28|          23|
    +-----------------------------------------+----------+-------+---+----+------------+------------+

    * Multiplexer: 
    +-----------------------------------+----+-----------+-----+-----------+
    |                Name               | LUT| Input Size| Bits| Total Bits|
    +-----------------------------------+----+-----------+-----+-----------+
    |ap_NS_fsm                          |   3|          4|    1|          4|
    |ap_done                            |   3|          2|    1|          2|
    |ap_enable_reg_pp0_iter1            |   3|          2|    1|          2|
    |ap_enable_reg_pp0_iter2            |   3|          2|    1|          2|
    |i_reg_168                          |   3|          2|    4|          8|
    |output_stream_TDATA_blk_n          |   3|          2|    1|          2|
    |output_stream_V_data_V_1_data_out  |   3|          2|   32|         64|
    |output_stream_V_data_V_1_state     |   3|          3|    2|          6|
    |output_stream_V_dest_V_1_state     |   3|          3|    2|          6|
    |output_stream_V_id_V_1_state       |   3|          3|    2|          6|
    |output_stream_V_keep_V_1_state     |   3|          3|    2|          6|
    |output_stream_V_last_V_1_data_out  |   3|          2|    1|          2|
    |output_stream_V_last_V_1_state     |   3|          3|    2|          6|
    |output_stream_V_strb_V_1_state     |   3|          3|    2|          6|
    |output_stream_V_user_V_1_state     |   3|          3|    2|          6|
    +-----------------------------------+----+-----------+-----+-----------+
    |Total                              |  45|         39|   56|        128|
    +-----------------------------------+----+-----------+-----+-----------+

    * Register: 
    +------------------------------------+----+----+-----+-----------+
    |                Name                | FF | LUT| Bits| Const Bits|
    +------------------------------------+----+----+-----+-----------+
    |ap_CS_fsm                           |   3|   0|    3|          0|
    |ap_done_reg                         |   1|   0|    1|          0|
    |ap_enable_reg_pp0_iter0             |   1|   0|    1|          0|
    |ap_enable_reg_pp0_iter1             |   1|   0|    1|          0|
    |ap_enable_reg_pp0_iter2             |   1|   0|    1|          0|
    |exitcond_reg_227                    |   1|   0|    1|          0|
    |exitcond_reg_227_pp0_iter1_reg      |   1|   0|    1|          0|
    |i_reg_168                           |   4|   0|    4|          0|
    |is_last_reg_236                     |   1|   0|    1|          0|
    |output_stream_V_data_V_1_payload_A  |  32|   0|   32|          0|
    |output_stream_V_data_V_1_payload_B  |  32|   0|   32|          0|
    |output_stream_V_data_V_1_sel_rd     |   1|   0|    1|          0|
    |output_stream_V_data_V_1_sel_wr     |   1|   0|    1|          0|
    |output_stream_V_data_V_1_state      |   2|   0|    2|          0|
    |output_stream_V_dest_V_1_sel_rd     |   1|   0|    1|          0|
    |output_stream_V_dest_V_1_state      |   2|   0|    2|          0|
    |output_stream_V_id_V_1_sel_rd       |   1|   0|    1|          0|
    |output_stream_V_id_V_1_state        |   2|   0|    2|          0|
    |output_stream_V_keep_V_1_sel_rd     |   1|   0|    1|          0|
    |output_stream_V_keep_V_1_state      |   2|   0|    2|          0|
    |output_stream_V_last_V_1_payload_A  |   1|   0|    1|          0|
    |output_stream_V_last_V_1_payload_B  |   1|   0|    1|          0|
    |output_stream_V_last_V_1_sel_rd     |   1|   0|    1|          0|
    |output_stream_V_last_V_1_sel_wr     |   1|   0|    1|          0|
    |output_stream_V_last_V_1_state      |   2|   0|    2|          0|
    |output_stream_V_strb_V_1_sel_rd     |   1|   0|    1|          0|
    |output_stream_V_strb_V_1_state      |   2|   0|    2|          0|
    |output_stream_V_user_V_1_sel_rd     |   1|   0|    1|          0|
    |output_stream_V_user_V_1_state      |   2|   0|    2|          0|
    |tmp_1_reg_241                       |  32|   0|   32|          0|
    +------------------------------------+----+----+-----+-----------+
    |Total                               | 135|   0|  135|          0|
    +------------------------------------+----+----+-----+-----------+



================================================================
== Interface
================================================================
* Summary: 
+----------------------+-----+-----+------------+------------------------+--------------+
|       RTL Ports      | Dir | Bits|  Protocol  |      Source Object     |    C Type    |
+----------------------+-----+-----+------------+------------------------+--------------+
|ap_clk                |  in |    1| ap_ctrl_hs |      write_output      | return value |
|ap_rst                |  in |    1| ap_ctrl_hs |      write_output      | return value |
|ap_start              |  in |    1| ap_ctrl_hs |      write_output      | return value |
|ap_done               | out |    1| ap_ctrl_hs |      write_output      | return value |
|ap_continue           |  in |    1| ap_ctrl_hs |      write_output      | return value |
|ap_idle               | out |    1| ap_ctrl_hs |      write_output      | return value |
|ap_ready              | out |    1| ap_ctrl_hs |      write_output      | return value |
|output_stream_TDATA   | out |   32|    axis    | output_stream_V_data_V |    pointer   |
|output_stream_TREADY  |  in |    1|    axis    | output_stream_V_data_V |    pointer   |
|output_stream_TVALID  | out |    1|    axis    | output_stream_V_dest_V |    pointer   |
|output_stream_TDEST   | out |    1|    axis    | output_stream_V_dest_V |    pointer   |
|output_stream_TKEEP   | out |    4|    axis    | output_stream_V_keep_V |    pointer   |
|output_stream_TSTRB   | out |    4|    axis    | output_stream_V_strb_V |    pointer   |
|output_stream_TUSER   | out |    1|    axis    | output_stream_V_user_V |    pointer   |
|output_stream_TLAST   | out |    1|    axis    | output_stream_V_last_V |    pointer   |
|output_stream_TID     | out |    1|    axis    |  output_stream_V_id_V  |    pointer   |
|res_0                 |  in |   32|   ap_none  |          res_0         |    pointer   |
|res_1                 |  in |   32|   ap_none  |          res_1         |    pointer   |
|res_2                 |  in |   32|   ap_none  |          res_2         |    pointer   |
|res_3                 |  in |   32|   ap_none  |          res_3         |    pointer   |
|res_4                 |  in |   32|   ap_none  |          res_4         |    pointer   |
|res_5                 |  in |   32|   ap_none  |          res_5         |    pointer   |
|res_6                 |  in |   32|   ap_none  |          res_6         |    pointer   |
|res_7                 |  in |   32|   ap_none  |          res_7         |    pointer   |
|res_8                 |  in |   32|   ap_none  |          res_8         |    pointer   |
|res_9                 |  in |   32|   ap_none  |          res_9         |    pointer   |
+----------------------+-----+-----+------------+------------------------+--------------+

============================================================
+ Verbose Summary: Synthesis Manager
============================================================
InlineROM: 1
ExposeGlobal: 0
============================================================
+ Verbose Summary: CDFG Model
============================================================
IsTopModel: 0
ResetActiveHigh: 1
IsCombinational: 2
IsDatapathOnly: 0
HasWiredReturn: 1
HasMFsm: 0
HasVarLatency: 1
IsPipeline: 0
IsRtlPipelined: 0
IsInstanceOverlapped: 0
IsDontTouch: 0
HasImplIP: 0
IsGatedGlobalClock: 0

+ Individual pipeline summary: 
  * Pipeline-0: initiation interval (II) = 1, depth = 3


============================================================
+ Verbose Summary: Schedule
============================================================
* Number of FSM states : 5
* Pipeline : 1
  Pipeline-0 : II = 1, D = 3, States = { 2 3 4 }
* Dataflow Pipeline: 0

* FSM state transitions: 
1 --> 
	2  / true
2 --> 
	5  / (exitcond)
	3  / (!exitcond)
3 --> 
	4  / true
4 --> 
	2  / true
5 --> 

* FSM state operations: 

State 1 <SV = 0> <Delay = 0.46>
ST_1 : Operation 6 [1/1] (0.00ns)   --->   "call void (...)* @_ssdm_op_SpecInterface(i32* %output_stream_V_data_V, i4* %output_stream_V_keep_V, i4* %output_stream_V_strb_V, i1* %output_stream_V_user_V, i1* %output_stream_V_last_V, i1* %output_stream_V_id_V, i1* %output_stream_V_dest_V, [5 x i8]* @p_str3, i32 1, i32 1, [5 x i8]* @p_str4, i32 0, i32 0, [1 x i8]* @p_str, [1 x i8]* @p_str, [1 x i8]* @p_str, i32 0, i32 0, i32 0, i32 0, [1 x i8]* @p_str, [1 x i8]* @p_str) nounwind"   --->   Operation 6 'specinterface' <Predicate = true> <Delay = 0.00>
ST_1 : Operation 7 [1/1] (0.46ns)   --->   "br label %1" [bi_lstm/src/rnn_top.cpp:20]   --->   Operation 7 'br' <Predicate = true> <Delay = 0.46>

State 2 <SV = 1> <Delay = 1.79>
ST_2 : Operation 8 [1/1] (0.00ns)   --->   "%i = phi i4 [ 0, %0 ], [ %i_1, %2 ]"   --->   Operation 8 'phi' 'i' <Predicate = true> <Delay = 0.00>
ST_2 : Operation 9 [1/1] (0.96ns)   --->   "%exitcond = icmp eq i4 %i, -6" [bi_lstm/src/rnn_top.cpp:20]   --->   Operation 9 'icmp' 'exitcond' <Predicate = true> <Delay = 0.96> <Core = "Cmp">   --->   Core 25 'Cmp' <Latency = 0> <II = 1> <Delay = 0.50> <FuncUnit> <Opcode : 'icmp'> <InPorts = 2> <OutPorts = 1>
ST_2 : Operation 10 [1/1] (0.00ns)   --->   "%empty = call i32 (...)* @_ssdm_op_SpecLoopTripCount(i64 10, i64 10, i64 10)"   --->   Operation 10 'speclooptripcount' 'empty' <Predicate = true> <Delay = 0.00>
ST_2 : Operation 11 [1/1] (0.99ns)   --->   "%i_1 = add i4 %i, 1" [bi_lstm/src/rnn_top.cpp:20]   --->   Operation 11 'add' 'i_1' <Predicate = true> <Delay = 0.99> <Core = "AddSub">   --->   Core 14 'AddSub' <Latency = 0> <II = 1> <Delay = 0.99> <FuncUnit> <Opcode : 'add' 'sub'> <InPorts = 2> <OutPorts = 1>
ST_2 : Operation 12 [1/1] (0.00ns)   --->   "br i1 %exitcond, label %3, label %2" [bi_lstm/src/rnn_top.cpp:20]   --->   Operation 12 'br' <Predicate = true> <Delay = 0.00>
ST_2 : Operation 13 [1/1] (0.96ns)   --->   "%is_last = icmp eq i4 %i, -7" [bi_lstm/src/rnn_top.cpp:22]   --->   Operation 13 'icmp' 'is_last' <Predicate = (!exitcond)> <Delay = 0.96> <Core = "Cmp">   --->   Core 25 'Cmp' <Latency = 0> <II = 1> <Delay = 0.50> <FuncUnit> <Opcode : 'icmp'> <InPorts = 2> <OutPorts = 1>
ST_2 : Operation 14 [1/1] (0.00ns)   --->   "%res_0_read = call float @_ssdm_op_Read.ap_auto.floatP(float* %res_0)" [bi_lstm/src/utils.h:49->bi_lstm/src/rnn_top.cpp:23]   --->   Operation 14 'read' 'res_0_read' <Predicate = (!exitcond)> <Delay = 0.00>
ST_2 : Operation 15 [1/1] (0.00ns)   --->   "%res_1_read = call float @_ssdm_op_Read.ap_auto.floatP(float* %res_1)" [bi_lstm/src/utils.h:49->bi_lstm/src/rnn_top.cpp:23]   --->   Operation 15 'read' 'res_1_read' <Predicate = (!exitcond)> <Delay = 0.00>
ST_2 : Operation 16 [1/1] (0.00ns)   --->   "%res_2_read = call float @_ssdm_op_Read.ap_auto.floatP(float* %res_2)" [bi_lstm/src/utils.h:49->bi_lstm/src/rnn_top.cpp:23]   --->   Operation 16 'read' 'res_2_read' <Predicate = (!exitcond)> <Delay = 0.00>
ST_2 : Operation 17 [1/1] (0.00ns)   --->   "%res_3_read = call float @_ssdm_op_Read.ap_auto.floatP(float* %res_3)" [bi_lstm/src/utils.h:49->bi_lstm/src/rnn_top.cpp:23]   --->   Operation 17 'read' 'res_3_read' <Predicate = (!exitcond)> <Delay = 0.00>
ST_2 : Operation 18 [1/1] (0.00ns)   --->   "%res_4_read = call float @_ssdm_op_Read.ap_auto.floatP(float* %res_4)" [bi_lstm/src/utils.h:49->bi_lstm/src/rnn_top.cpp:23]   --->   Operation 18 'read' 'res_4_read' <Predicate = (!exitcond)> <Delay = 0.00>
ST_2 : Operation 19 [1/1] (0.00ns)   --->   "%res_5_read = call float @_ssdm_op_Read.ap_auto.floatP(float* %res_5)" [bi_lstm/src/utils.h:49->bi_lstm/src/rnn_top.cpp:23]   --->   Operation 19 'read' 'res_5_read' <Predicate = (!exitcond)> <Delay = 0.00>
ST_2 : Operation 20 [1/1] (0.00ns)   --->   "%res_6_read = call float @_ssdm_op_Read.ap_auto.floatP(float* %res_6)" [bi_lstm/src/utils.h:49->bi_lstm/src/rnn_top.cpp:23]   --->   Operation 20 'read' 'res_6_read' <Predicate = (!exitcond)> <Delay = 0.00>
ST_2 : Operation 21 [1/1] (0.00ns)   --->   "%res_7_read = call float @_ssdm_op_Read.ap_auto.floatP(float* %res_7)" [bi_lstm/src/utils.h:49->bi_lstm/src/rnn_top.cpp:23]   --->   Operation 21 'read' 'res_7_read' <Predicate = (!exitcond)> <Delay = 0.00>
ST_2 : Operation 22 [1/1] (0.00ns)   --->   "%res_8_read = call float @_ssdm_op_Read.ap_auto.floatP(float* %res_8)" [bi_lstm/src/utils.h:49->bi_lstm/src/rnn_top.cpp:23]   --->   Operation 22 'read' 'res_8_read' <Predicate = (!exitcond)> <Delay = 0.00>
ST_2 : Operation 23 [1/1] (0.00ns)   --->   "%res_9_read = call float @_ssdm_op_Read.ap_auto.floatP(float* %res_9)" [bi_lstm/src/utils.h:49->bi_lstm/src/rnn_top.cpp:23]   --->   Operation 23 'read' 'res_9_read' <Predicate = (!exitcond)> <Delay = 0.00>
ST_2 : Operation 24 [1/1] (1.79ns)   --->   "%tmp_1 = call float @_ssdm_op_Mux.ap_auto.10float.i4(float %res_0_read, float %res_1_read, float %res_2_read, float %res_3_read, float %res_4_read, float %res_5_read, float %res_6_read, float %res_7_read, float %res_8_read, float %res_9_read, i4 %i)" [bi_lstm/src/utils.h:49->bi_lstm/src/rnn_top.cpp:23]   --->   Operation 24 'mux' 'tmp_1' <Predicate = (!exitcond)> <Delay = 1.79> <Core = "MuxnS">   --->   Core 31 'MuxnS' <Latency = 0> <II = 1> <Delay = 1.79> <FuncUnit> <Opcode : 'mux'> <InPorts = 2> <OutPorts = 1>

State 3 <SV = 2> <Delay = 0.00>
ST_3 : Operation 25 [1/1] (0.00ns)   --->   "%tmp_data_V = bitcast float %tmp_1 to i32" [bi_lstm/src/utils.h:49->bi_lstm/src/rnn_top.cpp:23]   --->   Operation 25 'bitcast' 'tmp_data_V' <Predicate = (!exitcond)> <Delay = 0.00>
ST_3 : Operation 26 [2/2] (0.00ns)   --->   "call void @_ssdm_op_Write.axis.volatile.i32P.i4P.i4P.i1P.i1P.i1P.i1P(i32* %output_stream_V_data_V, i4* %output_stream_V_keep_V, i4* %output_stream_V_strb_V, i1* %output_stream_V_user_V, i1* %output_stream_V_last_V, i1* %output_stream_V_id_V, i1* %output_stream_V_dest_V, i32 %tmp_data_V, i4 -1, i4 -1, i1 false, i1 %is_last, i1 false, i1 false)" [bi_lstm/src/rnn_top.cpp:23]   --->   Operation 26 'write' <Predicate = (!exitcond)> <Delay = 0.00> <Core = "AXI4Stream">   --->   Core 5 'AXI4Stream' <Latency = 0> <II = 1> <Delay = 1.00> <Adapter> <Opcode : >

State 4 <SV = 3> <Delay = 0.00>
ST_4 : Operation 27 [1/1] (0.00ns)   --->   "call void (...)* @_ssdm_op_SpecLoopName([11 x i8]* @p_str2) nounwind" [bi_lstm/src/rnn_top.cpp:20]   --->   Operation 27 'specloopname' <Predicate = (!exitcond)> <Delay = 0.00>
ST_4 : Operation 28 [1/1] (0.00ns)   --->   "%tmp = call i32 (...)* @_ssdm_op_SpecRegionBegin([11 x i8]* @p_str2)" [bi_lstm/src/rnn_top.cpp:20]   --->   Operation 28 'specregionbegin' 'tmp' <Predicate = (!exitcond)> <Delay = 0.00>
ST_4 : Operation 29 [1/1] (0.00ns)   --->   "call void (...)* @_ssdm_op_SpecPipeline(i32 1, i32 1, i32 1, i32 0, [1 x i8]* @p_str) nounwind" [bi_lstm/src/rnn_top.cpp:21]   --->   Operation 29 'specpipeline' <Predicate = (!exitcond)> <Delay = 0.00>
ST_4 : Operation 30 [1/2] (0.00ns)   --->   "call void @_ssdm_op_Write.axis.volatile.i32P.i4P.i4P.i1P.i1P.i1P.i1P(i32* %output_stream_V_data_V, i4* %output_stream_V_keep_V, i4* %output_stream_V_strb_V, i1* %output_stream_V_user_V, i1* %output_stream_V_last_V, i1* %output_stream_V_id_V, i1* %output_stream_V_dest_V, i32 %tmp_data_V, i4 -1, i4 -1, i1 false, i1 %is_last, i1 false, i1 false)" [bi_lstm/src/rnn_top.cpp:23]   --->   Operation 30 'write' <Predicate = (!exitcond)> <Delay = 0.00> <Core = "AXI4Stream">   --->   Core 5 'AXI4Stream' <Latency = 0> <II = 1> <Delay = 1.00> <Adapter> <Opcode : >
ST_4 : Operation 31 [1/1] (0.00ns)   --->   "%empty_32 = call i32 (...)* @_ssdm_op_SpecRegionEnd([11 x i8]* @p_str2, i32 %tmp)" [bi_lstm/src/rnn_top.cpp:24]   --->   Operation 31 'specregionend' 'empty_32' <Predicate = (!exitcond)> <Delay = 0.00>
ST_4 : Operation 32 [1/1] (0.00ns)   --->   "br label %1" [bi_lstm/src/rnn_top.cpp:20]   --->   Operation 32 'br' <Predicate = (!exitcond)> <Delay = 0.00>

State 5 <SV = 2> <Delay = 0.00>
ST_5 : Operation 33 [1/1] (0.00ns)   --->   "ret void" [bi_lstm/src/rnn_top.cpp:25]   --->   Operation 33 'ret' <Predicate = true> <Delay = 0.00>


============================================================
+ Verbose Summary: Binding
============================================================
STG Binding: 
---------------- STG Properties BEGIN ----------------
- Is combinational: 0
- Is one-state seq: 0
- Is datapath-only: 0
- Is pipelined: 0
- Is top level: 0
Port [ Return ] is wired: 1; IO mode=ap_ctrl_hs:ce=0
Port [ output_stream_V_data_V]:  wired=1; compound=1; hidden=0; nouse=0; global=0; static=0; extern=0; dir=1; type=0; pingpong=0; private_global=0; IO mode=axis:ce=0
Port [ output_stream_V_keep_V]:  wired=1; compound=1; hidden=0; nouse=0; global=0; static=0; extern=0; dir=1; type=0; pingpong=0; private_global=0; IO mode=axis:ce=0
Port [ output_stream_V_strb_V]:  wired=1; compound=1; hidden=0; nouse=0; global=0; static=0; extern=0; dir=1; type=0; pingpong=0; private_global=0; IO mode=axis:ce=0
Port [ output_stream_V_user_V]:  wired=1; compound=1; hidden=0; nouse=0; global=0; static=0; extern=0; dir=1; type=0; pingpong=0; private_global=0; IO mode=axis:ce=0
Port [ output_stream_V_last_V]:  wired=1; compound=1; hidden=0; nouse=0; global=0; static=0; extern=0; dir=1; type=0; pingpong=0; private_global=0; IO mode=axis:ce=0
Port [ output_stream_V_id_V]:  wired=1; compound=1; hidden=0; nouse=0; global=0; static=0; extern=0; dir=1; type=0; pingpong=0; private_global=0; IO mode=axis:ce=0
Port [ output_stream_V_dest_V]:  wired=1; compound=1; hidden=0; nouse=0; global=0; static=0; extern=0; dir=1; type=0; pingpong=0; private_global=0; IO mode=axis:ce=0
Port [ res_0]:  wired=1; compound=0; hidden=0; nouse=0; global=0; static=0; extern=0; dir=0; type=0; pingpong=0; private_global=0; IO mode=ap_none:ce=0
Port [ res_1]:  wired=1; compound=0; hidden=0; nouse=0; global=0; static=0; extern=0; dir=0; type=0; pingpong=0; private_global=0; IO mode=ap_none:ce=0
Port [ res_2]:  wired=1; compound=0; hidden=0; nouse=0; global=0; static=0; extern=0; dir=0; type=0; pingpong=0; private_global=0; IO mode=ap_none:ce=0
Port [ res_3]:  wired=1; compound=0; hidden=0; nouse=0; global=0; static=0; extern=0; dir=0; type=0; pingpong=0; private_global=0; IO mode=ap_none:ce=0
Port [ res_4]:  wired=1; compound=0; hidden=0; nouse=0; global=0; static=0; extern=0; dir=0; type=0; pingpong=0; private_global=0; IO mode=ap_none:ce=0
Port [ res_5]:  wired=1; compound=0; hidden=0; nouse=0; global=0; static=0; extern=0; dir=0; type=0; pingpong=0; private_global=0; IO mode=ap_none:ce=0
Port [ res_6]:  wired=1; compound=0; hidden=0; nouse=0; global=0; static=0; extern=0; dir=0; type=0; pingpong=0; private_global=0; IO mode=ap_none:ce=0
Port [ res_7]:  wired=1; compound=0; hidden=0; nouse=0; global=0; static=0; extern=0; dir=0; type=0; pingpong=0; private_global=0; IO mode=ap_none:ce=0
Port [ res_8]:  wired=1; compound=0; hidden=0; nouse=0; global=0; static=0; extern=0; dir=0; type=0; pingpong=0; private_global=0; IO mode=ap_none:ce=0
Port [ res_9]:  wired=1; compound=0; hidden=0; nouse=0; global=0; static=0; extern=0; dir=0; type=0; pingpong=0; private_global=0; IO mode=ap_none:ce=0
---------------- STG Properties END ------------------

---------------- Datapath Model BEGIN ----------------

<LifeTime>
<method=bitvector/>
StgValue_6  (specinterface    ) [ 000000]
StgValue_7  (br               ) [ 011110]
i           (phi              ) [ 001000]
exitcond    (icmp             ) [ 001110]
empty       (speclooptripcount) [ 000000]
i_1         (add              ) [ 011110]
StgValue_12 (br               ) [ 000000]
is_last     (icmp             ) [ 001110]
res_0_read  (read             ) [ 000000]
res_1_read  (read             ) [ 000000]
res_2_read  (read             ) [ 000000]
res_3_read  (read             ) [ 000000]
res_4_read  (read             ) [ 000000]
res_5_read  (read             ) [ 000000]
res_6_read  (read             ) [ 000000]
res_7_read  (read             ) [ 000000]
res_8_read  (read             ) [ 000000]
res_9_read  (read             ) [ 000000]
tmp_1       (mux              ) [ 001100]
tmp_data_V  (bitcast          ) [ 001010]
StgValue_27 (specloopname     ) [ 000000]
tmp         (specregionbegin  ) [ 000000]
StgValue_29 (specpipeline     ) [ 000000]
StgValue_30 (write            ) [ 000000]
empty_32    (specregionend    ) [ 000000]
StgValue_32 (br               ) [ 011110]
StgValue_33 (ret              ) [ 000000]
</LifeTime>

<model>

<comp_list>
<comp id="0" class="1000" name="output_stream_V_data_V">
<pin_list>
<pin id="1" dir="1" index="0" bw="1" slack="0"/>
</pin_list>
<bind>
<StgValue><ssdm name="output_stream_V_data_V"/></StgValue>
</bind>
</comp>

<comp id="2" class="1000" name="output_stream_V_keep_V">
<pin_list>
<pin id="3" dir="1" index="0" bw="1" slack="0"/>
</pin_list>
<bind>
<StgValue><ssdm name="output_stream_V_keep_V"/></StgValue>
</bind>
</comp>

<comp id="4" class="1000" name="output_stream_V_strb_V">
<pin_list>
<pin id="5" dir="1" index="0" bw="1" slack="0"/>
</pin_list>
<bind>
<StgValue><ssdm name="output_stream_V_strb_V"/></StgValue>
</bind>
</comp>

<comp id="6" class="1000" name="output_stream_V_user_V">
<pin_list>
<pin id="7" dir="1" index="0" bw="1" slack="0"/>
</pin_list>
<bind>
<StgValue><ssdm name="output_stream_V_user_V"/></StgValue>
</bind>
</comp>

<comp id="8" class="1000" name="output_stream_V_last_V">
<pin_list>
<pin id="9" dir="1" index="0" bw="1" slack="0"/>
</pin_list>
<bind>
<StgValue><ssdm name="output_stream_V_last_V"/></StgValue>
</bind>
</comp>

<comp id="10" class="1000" name="output_stream_V_id_V">
<pin_list>
<pin id="11" dir="1" index="0" bw="1" slack="0"/>
</pin_list>
<bind>
<StgValue><ssdm name="output_stream_V_id_V"/></StgValue>
</bind>
</comp>

<comp id="12" class="1000" name="output_stream_V_dest_V">
<pin_list>
<pin id="13" dir="1" index="0" bw="1" slack="0"/>
</pin_list>
<bind>
<StgValue><ssdm name="output_stream_V_dest_V"/></StgValue>
</bind>
</comp>

<comp id="14" class="1000" name="res_0">
<pin_list>
<pin id="15" dir="1" index="0" bw="1" slack="0"/>
</pin_list>
<bind>
<StgValue><ssdm name="res_0"/></StgValue>
</bind>
</comp>

<comp id="16" class="1000" name="res_1">
<pin_list>
<pin id="17" dir="1" index="0" bw="1" slack="0"/>
</pin_list>
<bind>
<StgValue><ssdm name="res_1"/></StgValue>
</bind>
</comp>

<comp id="18" class="1000" name="res_2">
<pin_list>
<pin id="19" dir="1" index="0" bw="1" slack="0"/>
</pin_list>
<bind>
<StgValue><ssdm name="res_2"/></StgValue>
</bind>
</comp>

<comp id="20" class="1000" name="res_3">
<pin_list>
<pin id="21" dir="1" index="0" bw="1" slack="0"/>
</pin_list>
<bind>
<StgValue><ssdm name="res_3"/></StgValue>
</bind>
</comp>

<comp id="22" class="1000" name="res_4">
<pin_list>
<pin id="23" dir="1" index="0" bw="1" slack="0"/>
</pin_list>
<bind>
<StgValue><ssdm name="res_4"/></StgValue>
</bind>
</comp>

<comp id="24" class="1000" name="res_5">
<pin_list>
<pin id="25" dir="1" index="0" bw="1" slack="0"/>
</pin_list>
<bind>
<StgValue><ssdm name="res_5"/></StgValue>
</bind>
</comp>

<comp id="26" class="1000" name="res_6">
<pin_list>
<pin id="27" dir="1" index="0" bw="1" slack="0"/>
</pin_list>
<bind>
<StgValue><ssdm name="res_6"/></StgValue>
</bind>
</comp>

<comp id="28" class="1000" name="res_7">
<pin_list>
<pin id="29" dir="1" index="0" bw="1" slack="0"/>
</pin_list>
<bind>
<StgValue><ssdm name="res_7"/></StgValue>
</bind>
</comp>

<comp id="30" class="1000" name="res_8">
<pin_list>
<pin id="31" dir="1" index="0" bw="1" slack="0"/>
</pin_list>
<bind>
<StgValue><ssdm name="res_8"/></StgValue>
</bind>
</comp>

<comp id="32" class="1000" name="res_9">
<pin_list>
<pin id="33" dir="1" index="0" bw="1" slack="0"/>
</pin_list>
<bind>
<StgValue><ssdm name="res_9"/></StgValue>
</bind>
</comp>

<comp id="34" class="1001" name="const_34">
<pin_list>
<pin id="35" dir="1" index="0" bw="1" slack="2147483647"/>
</pin_list>
<bind>
<StgValue><ssdm name="_ssdm_op_SpecInterface"/></StgValue>
</bind>
</comp>

<comp id="36" class="1001" name="const_36">
<pin_list>
<pin id="37" dir="1" index="0" bw="1" slack="2147483647"/>
</pin_list>
<bind>
<StgValue><ssdm name="p_str3"/></StgValue>
</bind>
</comp>

<comp id="38" class="1001" name="const_38">
<pin_list>
<pin id="39" dir="1" index="0" bw="1" slack="2147483647"/>
</pin_list>
<bind>
<StgValue><ssdm name=""/></StgValue>
</bind>
</comp>

<comp id="40" class="1001" name="const_40">
<pin_list>
<pin id="41" dir="1" index="0" bw="1" slack="2147483647"/>
</pin_list>
<bind>
<StgValue><ssdm name="p_str4"/></StgValue>
</bind>
</comp>

<comp id="42" class="1001" name="const_42">
<pin_list>
<pin id="43" dir="1" index="0" bw="1" slack="2147483647"/>
</pin_list>
<bind>
<StgValue><ssdm name=""/></StgValue>
</bind>
</comp>

<comp id="44" class="1001" name="const_44">
<pin_list>
<pin id="45" dir="1" index="0" bw="1" slack="2147483647"/>
</pin_list>
<bind>
<StgValue><ssdm name="p_str"/></StgValue>
</bind>
</comp>

<comp id="46" class="1001" name="const_46">
<pin_list>
<pin id="47" dir="1" index="0" bw="1" slack="1"/>
</pin_list>
<bind>
<StgValue><ssdm name=""/></StgValue>
</bind>
</comp>

<comp id="48" class="1001" name="const_48">
<pin_list>
<pin id="49" dir="1" index="0" bw="1" slack="0"/>
</pin_list>
<bind>
<StgValue><ssdm name=""/></StgValue>
</bind>
</comp>

<comp id="50" class="1001" name="const_50">
<pin_list>
<pin id="51" dir="1" index="0" bw="1" slack="2147483647"/>
</pin_list>
<bind>
<StgValue><ssdm name="_ssdm_op_SpecLoopTripCount"/></StgValue>
</bind>
</comp>

<comp id="52" class="1001" name="const_52">
<pin_list>
<pin id="53" dir="1" index="0" bw="1" slack="2147483647"/>
</pin_list>
<bind>
<StgValue><ssdm name=""/></StgValue>
</bind>
</comp>

<comp id="54" class="1001" name="const_54">
<pin_list>
<pin id="55" dir="1" index="0" bw="1" slack="0"/>
</pin_list>
<bind>
<StgValue><ssdm name=""/></StgValue>
</bind>
</comp>

<comp id="56" class="1001" name="const_56">
<pin_list>
<pin id="57" dir="1" index="0" bw="1" slack="0"/>
</pin_list>
<bind>
<StgValue><ssdm name=""/></StgValue>
</bind>
</comp>

<comp id="58" class="1001" name="const_58">
<pin_list>
<pin id="59" dir="1" index="0" bw="1" slack="0"/>
</pin_list>
<bind>
<StgValue><ssdm name="_ssdm_op_Read.ap_auto.floatP"/></StgValue>
</bind>
</comp>

<comp id="60" class="1001" name="const_60">
<pin_list>
<pin id="61" dir="1" index="0" bw="1" slack="0"/>
</pin_list>
<bind>
<StgValue><ssdm name="_ssdm_op_Mux.ap_auto.10float.i4"/></StgValue>
</bind>
</comp>

<comp id="62" class="1001" name="const_62">
<pin_list>
<pin id="63" dir="1" index="0" bw="1" slack="0"/>
</pin_list>
<bind>
<StgValue><ssdm name="_ssdm_op_Write.axis.volatile.i32P.i4P.i4P.i1P.i1P.i1P.i1P"/></StgValue>
</bind>
</comp>

<comp id="64" class="1001" name="const_64">
<pin_list>
<pin id="65" dir="1" index="0" bw="1" slack="0"/>
</pin_list>
<bind>
<StgValue><ssdm name=""/></StgValue>
</bind>
</comp>

<comp id="66" class="1001" name="const_66">
<pin_list>
<pin id="67" dir="1" index="0" bw="1" slack="0"/>
</pin_list>
<bind>
<StgValue><ssdm name=""/></StgValue>
</bind>
</comp>

<comp id="68" class="1001" name="const_68">
<pin_list>
<pin id="69" dir="1" index="0" bw="1" slack="2147483647"/>
</pin_list>
<bind>
<StgValue><ssdm name="_ssdm_op_SpecLoopName"/></StgValue>
</bind>
</comp>

<comp id="70" class="1001" name="const_70">
<pin_list>
<pin id="71" dir="1" index="0" bw="1" slack="2147483647"/>
</pin_list>
<bind>
<StgValue><ssdm name="p_str2"/></StgValue>
</bind>
</comp>

<comp id="72" class="1001" name="const_72">
<pin_list>
<pin id="73" dir="1" index="0" bw="1" slack="2147483647"/>
</pin_list>
<bind>
<StgValue><ssdm name="_ssdm_op_SpecRegionBegin"/></StgValue>
</bind>
</comp>

<comp id="74" class="1001" name="const_74">
<pin_list>
<pin id="75" dir="1" index="0" bw="1" slack="2147483647"/>
</pin_list>
<bind>
<StgValue><ssdm name="_ssdm_op_SpecPipeline"/></StgValue>
</bind>
</comp>

<comp id="76" class="1001" name="const_76">
<pin_list>
<pin id="77" dir="1" index="0" bw="1" slack="2147483647"/>
</pin_list>
<bind>
<StgValue><ssdm name="_ssdm_op_SpecRegionEnd"/></StgValue>
</bind>
</comp>

<comp id="78" class="1004" name="res_0_read_read_fu_78">
<pin_list>
<pin id="79" dir="0" index="0" bw="32" slack="0"/>
<pin id="80" dir="0" index="1" bw="32" slack="0"/>
<pin id="81" dir="1" index="2" bw="32" slack="0"/>
</pin_list>
<bind>
<opcode="read(1150) " fcode="read"/>
<opset="res_0_read/2 "/>
</bind>
</comp>

<comp id="84" class="1004" name="res_1_read_read_fu_84">
<pin_list>
<pin id="85" dir="0" index="0" bw="32" slack="0"/>
<pin id="86" dir="0" index="1" bw="32" slack="0"/>
<pin id="87" dir="1" index="2" bw="32" slack="0"/>
</pin_list>
<bind>
<opcode="read(1150) " fcode="read"/>
<opset="res_1_read/2 "/>
</bind>
</comp>

<comp id="90" class="1004" name="res_2_read_read_fu_90">
<pin_list>
<pin id="91" dir="0" index="0" bw="32" slack="0"/>
<pin id="92" dir="0" index="1" bw="32" slack="0"/>
<pin id="93" dir="1" index="2" bw="32" slack="0"/>
</pin_list>
<bind>
<opcode="read(1150) " fcode="read"/>
<opset="res_2_read/2 "/>
</bind>
</comp>

<comp id="96" class="1004" name="res_3_read_read_fu_96">
<pin_list>
<pin id="97" dir="0" index="0" bw="32" slack="0"/>
<pin id="98" dir="0" index="1" bw="32" slack="0"/>
<pin id="99" dir="1" index="2" bw="32" slack="0"/>
</pin_list>
<bind>
<opcode="read(1150) " fcode="read"/>
<opset="res_3_read/2 "/>
</bind>
</comp>

<comp id="102" class="1004" name="res_4_read_read_fu_102">
<pin_list>
<pin id="103" dir="0" index="0" bw="32" slack="0"/>
<pin id="104" dir="0" index="1" bw="32" slack="0"/>
<pin id="105" dir="1" index="2" bw="32" slack="0"/>
</pin_list>
<bind>
<opcode="read(1150) " fcode="read"/>
<opset="res_4_read/2 "/>
</bind>
</comp>

<comp id="108" class="1004" name="res_5_read_read_fu_108">
<pin_list>
<pin id="109" dir="0" index="0" bw="32" slack="0"/>
<pin id="110" dir="0" index="1" bw="32" slack="0"/>
<pin id="111" dir="1" index="2" bw="32" slack="0"/>
</pin_list>
<bind>
<opcode="read(1150) " fcode="read"/>
<opset="res_5_read/2 "/>
</bind>
</comp>

<comp id="114" class="1004" name="res_6_read_read_fu_114">
<pin_list>
<pin id="115" dir="0" index="0" bw="32" slack="0"/>
<pin id="116" dir="0" index="1" bw="32" slack="0"/>
<pin id="117" dir="1" index="2" bw="32" slack="0"/>
</pin_list>
<bind>
<opcode="read(1150) " fcode="read"/>
<opset="res_6_read/2 "/>
</bind>
</comp>

<comp id="120" class="1004" name="res_7_read_read_fu_120">
<pin_list>
<pin id="121" dir="0" index="0" bw="32" slack="0"/>
<pin id="122" dir="0" index="1" bw="32" slack="0"/>
<pin id="123" dir="1" index="2" bw="32" slack="0"/>
</pin_list>
<bind>
<opcode="read(1150) " fcode="read"/>
<opset="res_7_read/2 "/>
</bind>
</comp>

<comp id="126" class="1004" name="res_8_read_read_fu_126">
<pin_list>
<pin id="127" dir="0" index="0" bw="32" slack="0"/>
<pin id="128" dir="0" index="1" bw="32" slack="0"/>
<pin id="129" dir="1" index="2" bw="32" slack="0"/>
</pin_list>
<bind>
<opcode="read(1150) " fcode="read"/>
<opset="res_8_read/2 "/>
</bind>
</comp>

<comp id="132" class="1004" name="res_9_read_read_fu_132">
<pin_list>
<pin id="133" dir="0" index="0" bw="32" slack="0"/>
<pin id="134" dir="0" index="1" bw="32" slack="0"/>
<pin id="135" dir="1" index="2" bw="32" slack="0"/>
</pin_list>
<bind>
<opcode="read(1150) " fcode="read"/>
<opset="res_9_read/2 "/>
</bind>
</comp>

<comp id="138" class="1004" name="grp_write_fu_138">
<pin_list>
<pin id="139" dir="0" index="0" bw="0" slack="0"/>
<pin id="140" dir="0" index="1" bw="32" slack="0"/>
<pin id="141" dir="0" index="2" bw="4" slack="0"/>
<pin id="142" dir="0" index="3" bw="4" slack="0"/>
<pin id="143" dir="0" index="4" bw="1" slack="0"/>
<pin id="144" dir="0" index="5" bw="1" slack="0"/>
<pin id="145" dir="0" index="6" bw="1" slack="0"/>
<pin id="146" dir="0" index="7" bw="1" slack="0"/>
<pin id="147" dir="0" index="8" bw="32" slack="0"/>
<pin id="148" dir="0" index="9" bw="1" slack="0"/>
<pin id="149" dir="0" index="10" bw="1" slack="0"/>
<pin id="150" dir="0" index="11" bw="1" slack="0"/>
<pin id="151" dir="0" index="12" bw="1" slack="1"/>
<pin id="152" dir="0" index="13" bw="1" slack="0"/>
<pin id="153" dir="0" index="14" bw="1" slack="0"/>
<pin id="154" dir="1" index="15" bw="0" slack="2147483647"/>
</pin_list>
<bind>
<opcode="write(1151) " fcode="write"/>
<opset="StgValue_26/3 "/>
</bind>
</comp>

<comp id="168" class="1005" name="i_reg_168">
<pin_list>
<pin id="169" dir="0" index="0" bw="4" slack="1"/>
<pin id="170" dir="1" index="1" bw="4" slack="1"/>
</pin_list>
<bind>
<opset="i (phireg) "/>
</bind>
</comp>

<comp id="172" class="1004" name="i_phi_fu_172">
<pin_list>
<pin id="173" dir="0" index="0" bw="1" slack="1"/>
<pin id="174" dir="0" index="1" bw="0" slack="2147483647"/>
<pin id="175" dir="0" index="2" bw="4" slack="0"/>
<pin id="176" dir="0" index="3" bw="0" slack="2147483647"/>
<pin id="177" dir="1" index="4" bw="4" slack="0"/>
</pin_list>
<bind>
<opcode="phi(47) " fcode="phi"/>
<opset="i/2 "/>
</bind>
</comp>

<comp id="179" class="1004" name="exitcond_fu_179">
<pin_list>
<pin id="180" dir="0" index="0" bw="4" slack="0"/>
<pin id="181" dir="0" index="1" bw="4" slack="0"/>
<pin id="182" dir="1" index="2" bw="1" slack="1"/>
</pin_list>
<bind>
<opcode="icmp(45) " fcode="icmp"/>
<opset="exitcond/2 "/>
</bind>
</comp>

<comp id="185" class="1004" name="i_1_fu_185">
<pin_list>
<pin id="186" dir="0" index="0" bw="4" slack="0"/>
<pin id="187" dir="0" index="1" bw="1" slack="0"/>
<pin id="188" dir="1" index="2" bw="4" slack="0"/>
</pin_list>
<bind>
<opcode="add(8) " fcode="add"/>
<opset="i_1/2 "/>
</bind>
</comp>

<comp id="191" class="1004" name="is_last_fu_191">
<pin_list>
<pin id="192" dir="0" index="0" bw="4" slack="0"/>
<pin id="193" dir="0" index="1" bw="4" slack="0"/>
<pin id="194" dir="1" index="2" bw="1" slack="1"/>
</pin_list>
<bind>
<opcode="icmp(45) " fcode="icmp"/>
<opset="is_last/2 "/>
</bind>
</comp>

<comp id="197" class="1004" name="tmp_1_fu_197">
<pin_list>
<pin id="198" dir="0" index="0" bw="32" slack="0"/>
<pin id="199" dir="0" index="1" bw="32" slack="0"/>
<pin id="200" dir="0" index="2" bw="32" slack="0"/>
<pin id="201" dir="0" index="3" bw="32" slack="0"/>
<pin id="202" dir="0" index="4" bw="32" slack="0"/>
<pin id="203" dir="0" index="5" bw="32" slack="0"/>
<pin id="204" dir="0" index="6" bw="32" slack="0"/>
<pin id="205" dir="0" index="7" bw="32" slack="0"/>
<pin id="206" dir="0" index="8" bw="32" slack="0"/>
<pin id="207" dir="0" index="9" bw="32" slack="0"/>
<pin id="208" dir="0" index="10" bw="32" slack="0"/>
<pin id="209" dir="0" index="11" bw="4" slack="0"/>
<pin id="210" dir="1" index="12" bw="32" slack="1"/>
</pin_list>
<bind>
<opcode="mux(1196) " fcode="mux"/>
<opset="tmp_1/2 "/>
</bind>
</comp>

<comp id="223" class="1004" name="tmp_data_V_fu_223">
<pin_list>
<pin id="224" dir="0" index="0" bw="32" slack="1"/>
<pin id="225" dir="1" index="1" bw="32" slack="0"/>
</pin_list>
<bind>
<opcode="bitcast(44) " fcode="bitcast"/>
<opset="tmp_data_V/3 "/>
</bind>
</comp>

<comp id="227" class="1005" name="exitcond_reg_227">
<pin_list>
<pin id="228" dir="0" index="0" bw="1" slack="1"/>
<pin id="229" dir="1" index="1" bw="1" slack="2147483647"/>
</pin_list>
<bind>
<opset="exitcond "/>
</bind>
</comp>

<comp id="231" class="1005" name="i_1_reg_231">
<pin_list>
<pin id="232" dir="0" index="0" bw="4" slack="0"/>
<pin id="233" dir="1" index="1" bw="4" slack="0"/>
</pin_list>
<bind>
<opset="i_1 "/>
</bind>
</comp>

<comp id="236" class="1005" name="is_last_reg_236">
<pin_list>
<pin id="237" dir="0" index="0" bw="1" slack="1"/>
<pin id="238" dir="1" index="1" bw="1" slack="1"/>
</pin_list>
<bind>
<opset="is_last "/>
</bind>
</comp>

<comp id="241" class="1005" name="tmp_1_reg_241">
<pin_list>
<pin id="242" dir="0" index="0" bw="32" slack="1"/>
<pin id="243" dir="1" index="1" bw="32" slack="1"/>
</pin_list>
<bind>
<opset="tmp_1 "/>
</bind>
</comp>

<comp id="246" class="1005" name="tmp_data_V_reg_246">
<pin_list>
<pin id="247" dir="0" index="0" bw="32" slack="1"/>
<pin id="248" dir="1" index="1" bw="32" slack="1"/>
</pin_list>
<bind>
<opset="tmp_data_V "/>
</bind>
</comp>

</comp_list>

<net_list>
<net id="82"><net_src comp="58" pin="0"/><net_sink comp="78" pin=0"/></net>

<net id="83"><net_src comp="14" pin="0"/><net_sink comp="78" pin=1"/></net>

<net id="88"><net_src comp="58" pin="0"/><net_sink comp="84" pin=0"/></net>

<net id="89"><net_src comp="16" pin="0"/><net_sink comp="84" pin=1"/></net>

<net id="94"><net_src comp="58" pin="0"/><net_sink comp="90" pin=0"/></net>

<net id="95"><net_src comp="18" pin="0"/><net_sink comp="90" pin=1"/></net>

<net id="100"><net_src comp="58" pin="0"/><net_sink comp="96" pin=0"/></net>

<net id="101"><net_src comp="20" pin="0"/><net_sink comp="96" pin=1"/></net>

<net id="106"><net_src comp="58" pin="0"/><net_sink comp="102" pin=0"/></net>

<net id="107"><net_src comp="22" pin="0"/><net_sink comp="102" pin=1"/></net>

<net id="112"><net_src comp="58" pin="0"/><net_sink comp="108" pin=0"/></net>

<net id="113"><net_src comp="24" pin="0"/><net_sink comp="108" pin=1"/></net>

<net id="118"><net_src comp="58" pin="0"/><net_sink comp="114" pin=0"/></net>

<net id="119"><net_src comp="26" pin="0"/><net_sink comp="114" pin=1"/></net>

<net id="124"><net_src comp="58" pin="0"/><net_sink comp="120" pin=0"/></net>

<net id="125"><net_src comp="28" pin="0"/><net_sink comp="120" pin=1"/></net>

<net id="130"><net_src comp="58" pin="0"/><net_sink comp="126" pin=0"/></net>

<net id="131"><net_src comp="30" pin="0"/><net_sink comp="126" pin=1"/></net>

<net id="136"><net_src comp="58" pin="0"/><net_sink comp="132" pin=0"/></net>

<net id="137"><net_src comp="32" pin="0"/><net_sink comp="132" pin=1"/></net>

<net id="155"><net_src comp="62" pin="0"/><net_sink comp="138" pin=0"/></net>

<net id="156"><net_src comp="0" pin="0"/><net_sink comp="138" pin=1"/></net>

<net id="157"><net_src comp="2" pin="0"/><net_sink comp="138" pin=2"/></net>

<net id="158"><net_src comp="4" pin="0"/><net_sink comp="138" pin=3"/></net>

<net id="159"><net_src comp="6" pin="0"/><net_sink comp="138" pin=4"/></net>

<net id="160"><net_src comp="8" pin="0"/><net_sink comp="138" pin=5"/></net>

<net id="161"><net_src comp="10" pin="0"/><net_sink comp="138" pin=6"/></net>

<net id="162"><net_src comp="12" pin="0"/><net_sink comp="138" pin=7"/></net>

<net id="163"><net_src comp="64" pin="0"/><net_sink comp="138" pin=9"/></net>

<net id="164"><net_src comp="64" pin="0"/><net_sink comp="138" pin=10"/></net>

<net id="165"><net_src comp="66" pin="0"/><net_sink comp="138" pin=11"/></net>

<net id="166"><net_src comp="66" pin="0"/><net_sink comp="138" pin=13"/></net>

<net id="167"><net_src comp="66" pin="0"/><net_sink comp="138" pin=14"/></net>

<net id="171"><net_src comp="46" pin="0"/><net_sink comp="168" pin=0"/></net>

<net id="178"><net_src comp="168" pin="1"/><net_sink comp="172" pin=0"/></net>

<net id="183"><net_src comp="172" pin="4"/><net_sink comp="179" pin=0"/></net>

<net id="184"><net_src comp="48" pin="0"/><net_sink comp="179" pin=1"/></net>

<net id="189"><net_src comp="172" pin="4"/><net_sink comp="185" pin=0"/></net>

<net id="190"><net_src comp="54" pin="0"/><net_sink comp="185" pin=1"/></net>

<net id="195"><net_src comp="172" pin="4"/><net_sink comp="191" pin=0"/></net>

<net id="196"><net_src comp="56" pin="0"/><net_sink comp="191" pin=1"/></net>

<net id="211"><net_src comp="60" pin="0"/><net_sink comp="197" pin=0"/></net>

<net id="212"><net_src comp="78" pin="2"/><net_sink comp="197" pin=1"/></net>

<net id="213"><net_src comp="84" pin="2"/><net_sink comp="197" pin=2"/></net>

<net id="214"><net_src comp="90" pin="2"/><net_sink comp="197" pin=3"/></net>

<net id="215"><net_src comp="96" pin="2"/><net_sink comp="197" pin=4"/></net>

<net id="216"><net_src comp="102" pin="2"/><net_sink comp="197" pin=5"/></net>

<net id="217"><net_src comp="108" pin="2"/><net_sink comp="197" pin=6"/></net>

<net id="218"><net_src comp="114" pin="2"/><net_sink comp="197" pin=7"/></net>

<net id="219"><net_src comp="120" pin="2"/><net_sink comp="197" pin=8"/></net>

<net id="220"><net_src comp="126" pin="2"/><net_sink comp="197" pin=9"/></net>

<net id="221"><net_src comp="132" pin="2"/><net_sink comp="197" pin=10"/></net>

<net id="222"><net_src comp="172" pin="4"/><net_sink comp="197" pin=11"/></net>

<net id="226"><net_src comp="223" pin="1"/><net_sink comp="138" pin=8"/></net>

<net id="230"><net_src comp="179" pin="2"/><net_sink comp="227" pin=0"/></net>

<net id="234"><net_src comp="185" pin="2"/><net_sink comp="231" pin=0"/></net>

<net id="235"><net_src comp="231" pin="1"/><net_sink comp="172" pin=2"/></net>

<net id="239"><net_src comp="191" pin="2"/><net_sink comp="236" pin=0"/></net>

<net id="240"><net_src comp="236" pin="1"/><net_sink comp="138" pin=12"/></net>

<net id="244"><net_src comp="197" pin="12"/><net_sink comp="241" pin=0"/></net>

<net id="245"><net_src comp="241" pin="1"/><net_sink comp="223" pin=0"/></net>

<net id="249"><net_src comp="223" pin="1"/><net_sink comp="246" pin=0"/></net>

<net id="250"><net_src comp="246" pin="1"/><net_sink comp="138" pin=8"/></net>

</net_list>

</model> 
---------------- Datapath Model END ------------------

* FSMD analyzer results:
  - Output states:
	Port: output_stream_V_data_V | {4 }
	Port: output_stream_V_keep_V | {4 }
	Port: output_stream_V_strb_V | {4 }
	Port: output_stream_V_user_V | {4 }
	Port: output_stream_V_last_V | {4 }
	Port: output_stream_V_id_V | {4 }
	Port: output_stream_V_dest_V | {4 }
 - Input state : 
	Port: write_output : output_stream_V_data_V | {}
	Port: write_output : output_stream_V_keep_V | {}
	Port: write_output : output_stream_V_strb_V | {}
	Port: write_output : output_stream_V_user_V | {}
	Port: write_output : output_stream_V_last_V | {}
	Port: write_output : output_stream_V_id_V | {}
	Port: write_output : output_stream_V_dest_V | {}
	Port: write_output : res_0 | {2 }
	Port: write_output : res_1 | {2 }
	Port: write_output : res_2 | {2 }
	Port: write_output : res_3 | {2 }
	Port: write_output : res_4 | {2 }
	Port: write_output : res_5 | {2 }
	Port: write_output : res_6 | {2 }
	Port: write_output : res_7 | {2 }
	Port: write_output : res_8 | {2 }
	Port: write_output : res_9 | {2 }
  - Chain level:
	State 1
	State 2
		exitcond : 1
		i_1 : 1
		StgValue_12 : 2
		is_last : 1
	State 3
		StgValue_26 : 1
	State 4
		empty_32 : 1
	State 5


============================================================
+ Verbose Summary: Datapath Resource usage 
============================================================

* Functional unit list:
|----------|------------------------|---------|---------|
| Operation|     Functional Unit    |    FF   |   LUT   |
|----------|------------------------|---------|---------|
|    mux   |      tmp_1_fu_197      |    0    |    47   |
|----------|------------------------|---------|---------|
|    add   |       i_1_fu_185       |    0    |    6    |
|----------|------------------------|---------|---------|
|   icmp   |     exitcond_fu_179    |    0    |    2    |
|          |     is_last_fu_191     |    0    |    2    |
|----------|------------------------|---------|---------|
|          |  res_0_read_read_fu_78 |    0    |    0    |
|          |  res_1_read_read_fu_84 |    0    |    0    |
|          |  res_2_read_read_fu_90 |    0    |    0    |
|          |  res_3_read_read_fu_96 |    0    |    0    |
|   read   | res_4_read_read_fu_102 |    0    |    0    |
|          | res_5_read_read_fu_108 |    0    |    0    |
|          | res_6_read_read_fu_114 |    0    |    0    |
|          | res_7_read_read_fu_120 |    0    |    0    |
|          | res_8_read_read_fu_126 |    0    |    0    |
|          | res_9_read_read_fu_132 |    0    |    0    |
|----------|------------------------|---------|---------|
|   write  |    grp_write_fu_138    |    0    |    0    |
|----------|------------------------|---------|---------|
|   Total  |                        |    0    |    57   |
|----------|------------------------|---------|---------|

Memories:
N/A

* Register list:
+------------------+--------+
|                  |   FF   |
+------------------+--------+
| exitcond_reg_227 |    1   |
|    i_1_reg_231   |    4   |
|     i_reg_168    |    4   |
|  is_last_reg_236 |    1   |
|   tmp_1_reg_241  |   32   |
|tmp_data_V_reg_246|   32   |
+------------------+--------+
|       Total      |   74   |
+------------------+--------+

* Multiplexer (MUX) list: 
|------------------|------|------|------|--------||---------||---------|
|       Comp       |  Pin | Size |  BW  | S x BW ||  Delay  ||   LUT   |
|------------------|------|------|------|--------||---------||---------|
| grp_write_fu_138 |  p8  |   2  |  32  |   64   ||    3    |
|------------------|------|------|------|--------||---------||---------|
|       Total      |      |      |      |   64   ||  0.466  ||    3    |
|------------------|------|------|------|--------||---------||---------|



* Summary:
+-----------+--------+--------+--------+
|           |  Delay |   FF   |   LUT  |
+-----------+--------+--------+--------+
|  Function |    -   |    0   |   57   |
|   Memory  |    -   |    -   |    -   |
|Multiplexer|    0   |    -   |    3   |
|  Register |    -   |   74   |    -   |
+-----------+--------+--------+--------+
|   Total   |    0   |   74   |   60   |
+-----------+--------+--------+--------+
