

================================================================
== Vivado HLS Report for 'write_output'
================================================================
* Date:           Sat Apr 19 01:58:29 2025

* Version:        2018.3 (Build 2405991 on Thu Dec 06 23:56:15 MST 2018)
* Project:        bi_lstm
* Solution:       solution1
* Product family: zynq
* Target device:  xc7z020clg400-2


================================================================
== Performance Estimates
================================================================
+ Timing (ns): 
    * Summary: 
    +--------+-------+----------+------------+
    |  Clock | Target| Estimated| Uncertainty|
    +--------+-------+----------+------------+
    |ap_clk  |  10.00|     1.795|        1.25|
    +--------+-------+----------+------------+

+ Latency (clock cycles): 
    * Summary: 
    +-----+-----+-----+-----+---------+
    |  Latency  |  Interval | Pipeline|
    | min | max | min | max |   Type  |
    +-----+-----+-----+-----+---------+
    |   13|   13|   13|   13|   none  |
    +-----+-----+-----+-----+---------+

    + Detail: 
        * Instance: 
        N/A

        * Loop: 
        +--------------+-----+-----+----------+-----------+-----------+------+----------+
        |              |  Latency  | Iteration|  Initiation Interval  | Trip |          |
        |   Loop Name  | min | max |  Latency |  achieved |   target  | Count| Pipelined|
        +--------------+-----+-----+----------+-----------+-----------+------+----------+
        |- write_loop  |   11|   11|         3|          1|          1|    10|    yes   |
        +--------------+-----+-----+----------+-----------+-----------+------+----------+

============================================================
+ Verbose Summary: Synthesis Manager
============================================================
InlineROM: 1
ExposeGlobal: 0
============================================================
+ Verbose Summary: CDFG Model
============================================================
IsTopModel: 0
ResetActiveHigh: 1
IsCombinational: 2
IsDatapathOnly: 0
HasWiredReturn: 1
HasMFsm: 0
HasVarLatency: 1
IsPipeline: 0
IsRtlPipelined: 0
IsInstanceOverlapped: 0
IsDontTouch: 0
HasImplIP: 0
IsGatedGlobalClock: 0

+ Individual pipeline summary: 
  * Pipeline-0: initiation interval (II) = 1, depth = 3


============================================================
+ Verbose Summary: Schedule
============================================================
* Number of FSM states : 5
* Pipeline : 1
  Pipeline-0 : II = 1, D = 3, States = { 2 3 4 }
* Dataflow Pipeline: 0

* FSM state transitions: 
1 --> 
	2  / true
2 --> 
	5  / (exitcond)
	3  / (!exitcond)
3 --> 
	4  / true
4 --> 
	2  / true
5 --> 

* FSM state operations: 

State 1 <SV = 0> <Delay = 0.46>
ST_1 : Operation 6 [1/1] (0.00ns)   --->   "call void (...)* @_ssdm_op_SpecInterface(i32* %output_stream_V_data_V, i4* %output_stream_V_keep_V, i4* %output_stream_V_strb_V, i1* %output_stream_V_user_V, i1* %output_stream_V_last_V, i1* %output_stream_V_id_V, i1* %output_stream_V_dest_V, [5 x i8]* @p_str3, i32 1, i32 1, [5 x i8]* @p_str4, i32 0, i32 0, [1 x i8]* @p_str, [1 x i8]* @p_str, [1 x i8]* @p_str, i32 0, i32 0, i32 0, i32 0, [1 x i8]* @p_str, [1 x i8]* @p_str) nounwind"   --->   Operation 6 'specinterface' <Predicate = true> <Delay = 0.00>
ST_1 : Operation 7 [1/1] (0.46ns)   --->   "br label %1" [bi_lstm/src/rnn_top.cpp:20]   --->   Operation 7 'br' <Predicate = true> <Delay = 0.46>

State 2 <SV = 1> <Delay = 1.79>
ST_2 : Operation 8 [1/1] (0.00ns)   --->   "%i = phi i4 [ 0, %0 ], [ %i_1, %2 ]"   --->   Operation 8 'phi' 'i' <Predicate = true> <Delay = 0.00>
ST_2 : Operation 9 [1/1] (0.96ns)   --->   "%exitcond = icmp eq i4 %i, -6" [bi_lstm/src/rnn_top.cpp:20]   --->   Operation 9 'icmp' 'exitcond' <Predicate = true> <Delay = 0.96> <Core = "Cmp">   --->   Core 25 'Cmp' <Latency = 0> <II = 1> <Delay = 0.96> <FuncUnit> <Opcode : 'icmp'> <InPorts = 2> <OutPorts = 1>
ST_2 : Operation 10 [1/1] (0.00ns)   --->   "%empty = call i32 (...)* @_ssdm_op_SpecLoopTripCount(i64 10, i64 10, i64 10)"   --->   Operation 10 'speclooptripcount' 'empty' <Predicate = true> <Delay = 0.00>
ST_2 : Operation 11 [1/1] (0.99ns)   --->   "%i_1 = add i4 %i, 1" [bi_lstm/src/rnn_top.cpp:20]   --->   Operation 11 'add' 'i_1' <Predicate = true> <Delay = 0.99> <Core = "AddSub">   --->   Core 14 'AddSub' <Latency = 0> <II = 1> <Delay = 0.99> <FuncUnit> <Opcode : 'add' 'sub'> <InPorts = 2> <OutPorts = 1>
ST_2 : Operation 12 [1/1] (0.00ns)   --->   "br i1 %exitcond, label %3, label %2" [bi_lstm/src/rnn_top.cpp:20]   --->   Operation 12 'br' <Predicate = true> <Delay = 0.00>
ST_2 : Operation 13 [1/1] (0.96ns)   --->   "%is_last = icmp eq i4 %i, -7" [bi_lstm/src/rnn_top.cpp:22]   --->   Operation 13 'icmp' 'is_last' <Predicate = (!exitcond)> <Delay = 0.96> <Core = "Cmp">   --->   Core 25 'Cmp' <Latency = 0> <II = 1> <Delay = 0.96> <FuncUnit> <Opcode : 'icmp'> <InPorts = 2> <OutPorts = 1>
ST_2 : Operation 14 [1/1] (0.00ns)   --->   "%res_0_read = call float @_ssdm_op_Read.ap_auto.floatP(float* %res_0)" [bi_lstm/src/utils.h:49->bi_lstm/src/rnn_top.cpp:23]   --->   Operation 14 'read' 'res_0_read' <Predicate = (!exitcond)> <Delay = 0.00>
ST_2 : Operation 15 [1/1] (0.00ns)   --->   "%res_1_read = call float @_ssdm_op_Read.ap_auto.floatP(float* %res_1)" [bi_lstm/src/utils.h:49->bi_lstm/src/rnn_top.cpp:23]   --->   Operation 15 'read' 'res_1_read' <Predicate = (!exitcond)> <Delay = 0.00>
ST_2 : Operation 16 [1/1] (0.00ns)   --->   "%res_2_read = call float @_ssdm_op_Read.ap_auto.floatP(float* %res_2)" [bi_lstm/src/utils.h:49->bi_lstm/src/rnn_top.cpp:23]   --->   Operation 16 'read' 'res_2_read' <Predicate = (!exitcond)> <Delay = 0.00>
ST_2 : Operation 17 [1/1] (0.00ns)   --->   "%res_3_read = call float @_ssdm_op_Read.ap_auto.floatP(float* %res_3)" [bi_lstm/src/utils.h:49->bi_lstm/src/rnn_top.cpp:23]   --->   Operation 17 'read' 'res_3_read' <Predicate = (!exitcond)> <Delay = 0.00>
ST_2 : Operation 18 [1/1] (0.00ns)   --->   "%res_4_read = call float @_ssdm_op_Read.ap_auto.floatP(float* %res_4)" [bi_lstm/src/utils.h:49->bi_lstm/src/rnn_top.cpp:23]   --->   Operation 18 'read' 'res_4_read' <Predicate = (!exitcond)> <Delay = 0.00>
ST_2 : Operation 19 [1/1] (0.00ns)   --->   "%res_5_read = call float @_ssdm_op_Read.ap_auto.floatP(float* %res_5)" [bi_lstm/src/utils.h:49->bi_lstm/src/rnn_top.cpp:23]   --->   Operation 19 'read' 'res_5_read' <Predicate = (!exitcond)> <Delay = 0.00>
ST_2 : Operation 20 [1/1] (0.00ns)   --->   "%res_6_read = call float @_ssdm_op_Read.ap_auto.floatP(float* %res_6)" [bi_lstm/src/utils.h:49->bi_lstm/src/rnn_top.cpp:23]   --->   Operation 20 'read' 'res_6_read' <Predicate = (!exitcond)> <Delay = 0.00>
ST_2 : Operation 21 [1/1] (0.00ns)   --->   "%res_7_read = call float @_ssdm_op_Read.ap_auto.floatP(float* %res_7)" [bi_lstm/src/utils.h:49->bi_lstm/src/rnn_top.cpp:23]   --->   Operation 21 'read' 'res_7_read' <Predicate = (!exitcond)> <Delay = 0.00>
ST_2 : Operation 22 [1/1] (0.00ns)   --->   "%res_8_read = call float @_ssdm_op_Read.ap_auto.floatP(float* %res_8)" [bi_lstm/src/utils.h:49->bi_lstm/src/rnn_top.cpp:23]   --->   Operation 22 'read' 'res_8_read' <Predicate = (!exitcond)> <Delay = 0.00>
ST_2 : Operation 23 [1/1] (0.00ns)   --->   "%res_9_read = call float @_ssdm_op_Read.ap_auto.floatP(float* %res_9)" [bi_lstm/src/utils.h:49->bi_lstm/src/rnn_top.cpp:23]   --->   Operation 23 'read' 'res_9_read' <Predicate = (!exitcond)> <Delay = 0.00>
ST_2 : Operation 24 [1/1] (1.79ns)   --->   "%tmp_1 = call float @_ssdm_op_Mux.ap_auto.10float.i4(float %res_0_read, float %res_1_read, float %res_2_read, float %res_3_read, float %res_4_read, float %res_5_read, float %res_6_read, float %res_7_read, float %res_8_read, float %res_9_read, i4 %i)" [bi_lstm/src/utils.h:49->bi_lstm/src/rnn_top.cpp:23]   --->   Operation 24 'mux' 'tmp_1' <Predicate = (!exitcond)> <Delay = 1.79> <Core = "MuxnS">   --->   Core 31 'MuxnS' <Latency = 0> <II = 1> <Delay = 1.79> <FuncUnit> <Opcode : 'mux'> <InPorts = 2> <OutPorts = 1>

State 3 <SV = 2> <Delay = 0.00>
ST_3 : Operation 25 [1/1] (0.00ns)   --->   "%tmp_data_V = bitcast float %tmp_1 to i32" [bi_lstm/src/utils.h:49->bi_lstm/src/rnn_top.cpp:23]   --->   Operation 25 'bitcast' 'tmp_data_V' <Predicate = (!exitcond)> <Delay = 0.00>
ST_3 : Operation 26 [2/2] (0.00ns)   --->   "call void @_ssdm_op_Write.axis.volatile.i32P.i4P.i4P.i1P.i1P.i1P.i1P(i32* %output_stream_V_data_V, i4* %output_stream_V_keep_V, i4* %output_stream_V_strb_V, i1* %output_stream_V_user_V, i1* %output_stream_V_last_V, i1* %output_stream_V_id_V, i1* %output_stream_V_dest_V, i32 %tmp_data_V, i4 -1, i4 -1, i1 false, i1 %is_last, i1 false, i1 false)" [bi_lstm/src/rnn_top.cpp:23]   --->   Operation 26 'write' <Predicate = (!exitcond)> <Delay = 0.00> <Core = "AXI4Stream">   --->   Core 5 'AXI4Stream' <Latency = 0> <II = 1> <Delay = 1.00> <Adapter> <Opcode : >

State 4 <SV = 3> <Delay = 0.00>
ST_4 : Operation 27 [1/1] (0.00ns)   --->   "call void (...)* @_ssdm_op_SpecLoopName([11 x i8]* @p_str2) nounwind" [bi_lstm/src/rnn_top.cpp:20]   --->   Operation 27 'specloopname' <Predicate = (!exitcond)> <Delay = 0.00>
ST_4 : Operation 28 [1/1] (0.00ns)   --->   "%tmp = call i32 (...)* @_ssdm_op_SpecRegionBegin([11 x i8]* @p_str2)" [bi_lstm/src/rnn_top.cpp:20]   --->   Operation 28 'specregionbegin' 'tmp' <Predicate = (!exitcond)> <Delay = 0.00>
ST_4 : Operation 29 [1/1] (0.00ns)   --->   "call void (...)* @_ssdm_op_SpecPipeline(i32 1, i32 1, i32 1, i32 0, [1 x i8]* @p_str) nounwind" [bi_lstm/src/rnn_top.cpp:21]   --->   Operation 29 'specpipeline' <Predicate = (!exitcond)> <Delay = 0.00>
ST_4 : Operation 30 [1/2] (0.00ns)   --->   "call void @_ssdm_op_Write.axis.volatile.i32P.i4P.i4P.i1P.i1P.i1P.i1P(i32* %output_stream_V_data_V, i4* %output_stream_V_keep_V, i4* %output_stream_V_strb_V, i1* %output_stream_V_user_V, i1* %output_stream_V_last_V, i1* %output_stream_V_id_V, i1* %output_stream_V_dest_V, i32 %tmp_data_V, i4 -1, i4 -1, i1 false, i1 %is_last, i1 false, i1 false)" [bi_lstm/src/rnn_top.cpp:23]   --->   Operation 30 'write' <Predicate = (!exitcond)> <Delay = 0.00> <Core = "AXI4Stream">   --->   Core 5 'AXI4Stream' <Latency = 0> <II = 1> <Delay = 1.00> <Adapter> <Opcode : >
ST_4 : Operation 31 [1/1] (0.00ns)   --->   "%empty_32 = call i32 (...)* @_ssdm_op_SpecRegionEnd([11 x i8]* @p_str2, i32 %tmp)" [bi_lstm/src/rnn_top.cpp:24]   --->   Operation 31 'specregionend' 'empty_32' <Predicate = (!exitcond)> <Delay = 0.00>
ST_4 : Operation 32 [1/1] (0.00ns)   --->   "br label %1" [bi_lstm/src/rnn_top.cpp:20]   --->   Operation 32 'br' <Predicate = (!exitcond)> <Delay = 0.00>

State 5 <SV = 2> <Delay = 0.00>
ST_5 : Operation 33 [1/1] (0.00ns)   --->   "ret void" [bi_lstm/src/rnn_top.cpp:25]   --->   Operation 33 'ret' <Predicate = true> <Delay = 0.00>


============================================================
+ Verbose Summary: Timing violations
============================================================
Target clock period: 10ns, clock uncertainty: 1.25ns.

 <State 1>: 0.466ns
The critical path consists of the following:
	multiplexor before 'phi' operation ('i') with incoming values : ('i', bi_lstm/src/rnn_top.cpp:20) [21]  (0.466 ns)

 <State 2>: 1.79ns
The critical path consists of the following:
	'phi' operation ('i') with incoming values : ('i', bi_lstm/src/rnn_top.cpp:20) [21]  (0 ns)
	'mux' operation ('tmp_1', bi_lstm/src/utils.h:49->bi_lstm/src/rnn_top.cpp:23) [41]  (1.79 ns)

 <State 3>: 0ns
The critical path consists of the following:

 <State 4>: 0ns
The critical path consists of the following:

 <State 5>: 0ns
The critical path consists of the following:


============================================================
+ Verbose Summary: Binding
============================================================
N/A
* FSMD analyzer results:
  - Output states:
 - Input state : 
  - Chain level:
	State 1
	State 2
	State 3
	State 4
	State 5


============================================================
+ Verbose Summary: Datapath Resource usage 
============================================================
N/A
