INFO-FLOW: Workspace D:/Xilinx/Project/LSTM/lstm_hls/bi-lstm_fpga/bi_lstm_exit/solution1 opened at Sun Apr 20 16:54:26 +0800 2025
Execute     config_clock -quiet -name default -period 10 -default=false 
INFO: [SYN 201-201] Setting up clock 'default' with a period of 10ns.
Execute     open_platform DefaultPlatform 
Execute     import_lib D:/Xilinx/Vivado/2018.3/common/technology/xilinx/zynq/zynq 
Execute       source D:/Xilinx/Vivado/2018.3/common/technology/xilinx/common/xilinx.lib 
Execute         source D:/Xilinx/Vivado/2018.3/common/technology/xilinx/interface/xilinx_interface.lib 
Execute           source D:/Xilinx/Vivado/2018.3/common/technology/xilinx/interface/plb46.lib 
Execute           source D:/Xilinx/Vivado/2018.3/common/technology/xilinx/interface/fsl.lib 
Execute           source D:/Xilinx/Vivado/2018.3/common/technology/xilinx/interface/axi4.lib 
Execute           source D:/Xilinx/Vivado/2018.3/common/technology/xilinx/interface/maxi.lib 
Execute           source D:/Xilinx/Vivado/2018.3/common/technology/xilinx/interface/saxilite.lib 
Execute         source D:/Xilinx/Vivado/2018.3/common/technology/xilinx/common/dsp48.lib 
Execute         source D:/Xilinx/Vivado/2018.3/common/technology/xilinx/ip/dds_compiler.lib 
Execute         source D:/Xilinx/Vivado/2018.3/common/technology/xilinx/ip/xfft.lib 
Execute         source D:/Xilinx/Vivado/2018.3/common/technology/xilinx/ip/xfir.lib 
Execute       source D:/Xilinx/Vivado/2018.3/common/technology/xilinx/common/xilinx_old.lib 
Execute       source D:/Xilinx/Vivado/2018.3/common/technology/xilinx/common/xilinx_vivado.lib 
Execute       source D:/Xilinx/Vivado/2018.3/common/technology/xilinx/common/xilinx.hlp 
Execute         source D:/Xilinx/Vivado/2018.3/common/technology/xilinx/common/target_info.tcl 
Execute         source D:/Xilinx/Vivado/2018.3/common/technology/xilinx/interface/xilinx_interface.hlp 
Execute           source D:/Xilinx/Vivado/2018.3/common/technology/xilinx/interface/maxi.hlp 
Execute           source D:/Xilinx/Vivado/2018.3/common/technology/xilinx/interface/saxilite.hlp 
Execute         source D:/Xilinx/Vivado/2018.3/common/technology/xilinx/common/dsp48.hlp 
Execute       source D:/Xilinx/Vivado/2018.3/common/technology/xilinx/zynq/dsp48e1.hlp 
Execute       get_default_platform 
Execute       config_chip_info -quiet -resource  {SLICE 13300}  {LUT 53200}     {FF 106400} {DSP48E 220}   {BRAM 280}  
Execute       config_chip_info -quiet -speed medium 
Execute       source D:/Xilinx/Vivado/2018.3/common/technology/xilinx/common/xilinx.hlp 
Execute         source D:/Xilinx/Vivado/2018.3/common/technology/xilinx/common/target_info.tcl 
Execute         source D:/Xilinx/Vivado/2018.3/common/technology/xilinx/interface/xilinx_interface.hlp 
Execute           source D:/Xilinx/Vivado/2018.3/common/technology/xilinx/interface/maxi.hlp 
Execute           source D:/Xilinx/Vivado/2018.3/common/technology/xilinx/interface/saxilite.hlp 
Execute         source D:/Xilinx/Vivado/2018.3/common/technology/xilinx/common/dsp48.hlp 
Execute     source D:/Xilinx/Vivado/2018.3/common/technology/xilinx/zynq/zynq.gen 
Execute       source D:/Xilinx/Vivado/2018.3/common/technology/xilinx/common/virtex.gen 
Execute         source D:/Xilinx/Vivado/2018.3/common/technology/xilinx/common/xilinx.gen 
Execute           source D:/Xilinx/Vivado/2018.3/common/technology/xilinx/interface/plb46.gen 
Execute           source D:/Xilinx/Vivado/2018.3/common/technology/xilinx/interface/fsl.gen 
Execute           source D:/Xilinx/Vivado/2018.3/common/technology/xilinx/interface/axi4.gen 
Execute           source D:/Xilinx/Vivado/2018.3/common/technology/xilinx/interface/nativeAXI4.gen 
Execute             source D:/Xilinx/Vivado/2018.3/common/technology/xilinx/interface/saxilite.gen 
Execute             source D:/Xilinx/Vivado/2018.3/common/technology/xilinx/interface/maxi.gen 
Execute           source D:/Xilinx/Vivado/2018.3/common/technology/xilinx/scripts/xilinxcoregen.gen 
Execute           source D:/Xilinx/Vivado/2018.3/common/technology/xilinx/interface/XilEDKCoreGen.gen 
Execute           source D:/Xilinx/Vivado/2018.3/common/technology/xilinx/ip/dds_compiler.gen 
Execute           source D:/Xilinx/Vivado/2018.3/common/technology/xilinx/ip/util.gen 
Execute           source D:/Xilinx/Vivado/2018.3/common/technology/xilinx/ip/xfft.gen 
Execute           source D:/Xilinx/Vivado/2018.3/common/technology/xilinx/ip/xfir.gen 
Execute         source D:/Xilinx/Vivado/2018.3/common/technology/xilinx/common/dsp48.gen 
Execute     open_platform DefaultPlatform 
Execute     import_lib D:/Xilinx/Vivado/2018.3/common/technology/xilinx/zynq/zynq_fpv6 
Execute       source D:/Xilinx/Vivado/2018.3/common/technology/xilinx/common/xilinx_fpv7.lib 
Execute         source D:/Xilinx/Vivado/2018.3/common/technology/xilinx/common/xilinx_hp.lib 
Execute       source D:/Xilinx/Vivado/2018.3/common/technology/xilinx/common/xilinx_fpv.hlp 
Execute         source D:/Xilinx/Vivado/2018.3/common/technology/xilinx/common/xilinx.hlp 
Execute           source D:/Xilinx/Vivado/2018.3/common/technology/xilinx/common/target_info.tcl 
Execute           source D:/Xilinx/Vivado/2018.3/common/technology/xilinx/interface/xilinx_interface.hlp 
Execute             source D:/Xilinx/Vivado/2018.3/common/technology/xilinx/interface/maxi.hlp 
Execute             source D:/Xilinx/Vivado/2018.3/common/technology/xilinx/interface/saxilite.hlp 
Execute           source D:/Xilinx/Vivado/2018.3/common/technology/xilinx/common/dsp48.hlp 
Execute       source D:/Xilinx/Vivado/2018.3/common/technology/xilinx/zynq/zynq_hp.hlp 
Execute     source D:/Xilinx/Vivado/2018.3/common/technology/xilinx/zynq/zynq_fpv6.gen 
Execute       source D:/Xilinx/Vivado/2018.3/common/technology/xilinx/common/xilinx_fpv6.gen 
Execute     set_part xc7z020clg400-2 
Execute       add_library xilinx/zynq/zynq:xc7z020:clg400:-2 
Execute         get_default_platform 
Execute         license_isbetapart xc7z020 
Command         license_isbetapart done; error code: 1; 
Execute         get_default_platform 
Execute         config_chip_info -quiet -resource  {SLICE 13300}  {LUT 53200}     {FF 106400} {DSP48E 220}   {BRAM 280}  
Execute         config_chip_info -quiet -speed medium 
Execute       add_library xilinx/zynq/zynq_fpv6 
Execute         get_default_platform 
INFO: [HLS 200-10] Setting target device to 'xc7z020clg400-2'
Execute       get_default_platform 
Execute     get_default_platform 
Execute     config_chip_info -quiet -resource  {SLICE 13300}  {LUT 53200}     {FF 106400} {DSP48E 220}   {BRAM 280}  
Execute     config_chip_info -quiet -speed medium 
Execute     config_export -format=ip_catalog 
Execute     config_export -rtl=verilog 
Command   open_solution done; 0.159 sec.
Execute   set_part xc7z020clg400-2 -tool vivado 
Execute     add_library xilinx/zynq/zynq:xc7z020:clg400:-2 
Execute       get_default_platform 
Execute       license_isbetapart xc7z020 
Command       license_isbetapart done; error code: 1; 
Execute       get_default_platform 
Execute       config_chip_info -quiet -resource  {SLICE 13300}  {LUT 53200}     {FF 106400} {DSP48E 220}   {BRAM 280}  
Execute       config_chip_info -quiet -speed medium 
Execute     add_library xilinx/zynq/zynq_fpv6 
Execute       get_default_platform 
Execute     get_default_platform 
Execute   create_clock -period 10 -name default 
Execute   config_export -format ip_catalog -rtl verilog 
Execute   csynth_design 
Execute     get_config_compile -effort 
Execute     get_config_compile -enable_clang39 
Execute     get_config_compile -g 
Execute     get_config_compile -lm 
Execute     get_config_compile -ng 
Execute     get_config_compile -opt_fp 
Execute     get_config_compile -skip_cdt 
Execute     get_config_compile -skip_syncheck 
Execute     get_config_compile -skip_transform 
Execute     config_compile -blackbox  
Execute     get_config_compile -keep_printf 
Execute     elaborate -effort=medium -skip_syncheck=0 -keep_printf=0 -lm=0 -skip_cdt=0 -skip_transform=0 -ng=0 -g=0 -opt_fp=0 -from_csynth_design=1 
Execute       get_config_schedule -relax_ii_for_timing 
INFO: [SCHED 204-61] Option 'relax_ii_for_timing' is enabled, will increase II to preserve clock frequency constraints.
Execute       get_config_schedule -suppress_dependence_error_break 
INFO: [HLS 200-10] Analyzing design file 'bi_lstm_exit/src/rnn_top.cpp' ... 
INFO-FLOW: Compiling one TU...
Execute       is_m_axi_addr64 
INFO-FLOW: Handling bi_lstm_exit/src/rnn_top.cpp as C++
Execute       get_default_platform 
Execute       is_encrypted bi_lstm_exit/src/rnn_top.cpp 
Execute       get_default_platform 
INFO-FLOW: Running: GCC PP
INFO-FLOW: Source preprocessing
Execute       clang  -fno-limit-debug-info -gcc-toolchain "D:/Xilinx/Vivado/2018.3/msys" -hls  -fno-exceptions  -D__llvm__  -E "bi_lstm_exit/src/rnn_top.cpp"     -fno-math-errno -c -emit-llvm -O0  -mllvm -disable-llvm-optzns -fno-threadsafe-statics  -fno-use-cxa-atexit  -fno-threadsafe-statics -fno-use-cxa-atexit -D__CLANG_3_1__ -D__cdecl= -DAESL_SYN -D__SYNTHESIS__ -D__HLS_SYN__ -I "D:/Xilinx/Vivado/2018.3/common/technology/autopilot" -I "D:/Xilinx/Vivado/2018.3/common/technology/autopilot/ap_sysc" -include etc/autopilot_ssdm_op.h -D__DSP48E1__  -o "D:/Xilinx/Project/LSTM/lstm_hls/bi-lstm_fpga/bi_lstm_exit/solution1/.autopilot/db/rnn_top.pp.0.cpp" 
INFO-FLOW: exec D:/Xilinx/Vivado/2018.3/win64/tools/clang/bin/clang -fno-limit-debug-info -gcc-toolchain D:/Xilinx/Vivado/2018.3/msys -hls -fno-exceptions -D__llvm__ -E bi_lstm_exit/src/rnn_top.cpp -fno-math-errno -c -emit-llvm -O0 -mllvm -disable-llvm-optzns -fno-threadsafe-statics -fno-use-cxa-atexit -fno-threadsafe-statics -fno-use-cxa-atexit -D__CLANG_3_1__ -D__cdecl= -DAESL_SYN -D__SYNTHESIS__ -D__HLS_SYN__ -I D:/Xilinx/Vivado/2018.3/common/technology/autopilot -I D:/Xilinx/Vivado/2018.3/common/technology/autopilot/ap_sysc -include etc/autopilot_ssdm_op.h -D__DSP48E1__ -o D:/Xilinx/Project/LSTM/lstm_hls/bi-lstm_fpga/bi_lstm_exit/solution1/.autopilot/db/rnn_top.pp.0.cpp
Command       clang done; 1.327 sec.
Execute       tidy_31 xilinx-xfmat-array-geometry D:/Xilinx/Project/LSTM/lstm_hls/bi-lstm_fpga/bi_lstm_exit/solution1/.autopilot/db/rnn_top.pp.0.cpp std=gnu++98 
INFO-FLOW: exec D:/Xilinx/Vivado/2018.3/win64/tools/clang-3.9-csynth/bin/tidy-3.1 -header-filter=.* -checks=-*,xilinx-xfmat-array-geometry -quiet -fix D:/Xilinx/Project/LSTM/lstm_hls/bi-lstm_fpga/bi_lstm_exit/solution1/.autopilot/db/rnn_top.pp.0.cpp -- -std=gnu++98 -fhls -ferror-limit=0
Command       tidy_31 done; 1.754 sec.
INFO-FLOW: Syntax Checking before pre-processing...
Execute       clang -syntaxcheck -src D:/Xilinx/Project/LSTM/lstm_hls/bi-lstm_fpga/bi_lstm_exit/solution1/.autopilot/db/rnn_top.pp.0.cpp  -fno-limit-debug-info -gcc-toolchain "D:/Xilinx/Vivado/2018.3/msys" -hls    -fno-math-errno -c -emit-llvm -O0  -mllvm -disable-llvm-optzns -fno-threadsafe-statics  -fno-use-cxa-atexit  -fno-threadsafe-statics -fno-use-cxa-atexit -D__CLANG_3_1__ -D__cdecl= -DAESL_SYN -D__SYNTHESIS__ -D__HLS_SYN__ -I "D:/Xilinx/Vivado/2018.3/common/technology/autopilot" -I "D:/Xilinx/Vivado/2018.3/common/technology/autopilot/ap_sysc" -include etc/autopilot_ssdm_op.h -D__DSP48E1__  "D:/Xilinx/Project/LSTM/lstm_hls/bi-lstm_fpga/bi_lstm_exit/solution1/.autopilot/db/rnn_top.pp.0.cpp"  -o "D:/Xilinx/Project/LSTM/lstm_hls/bi-lstm_fpga/bi_lstm_exit/solution1/.autopilot/db/useless.bc"  
INFO-FLOW: exec D:/Xilinx/Vivado/2018.3/win64/tools/clang/bin/clang -fno-limit-debug-info -gcc-toolchain D:/Xilinx/Vivado/2018.3/msys -hls -fno-math-errno -c -emit-llvm -O0 -mllvm -disable-llvm-optzns -fno-threadsafe-statics -fno-use-cxa-atexit -fno-threadsafe-statics -fno-use-cxa-atexit -D__CLANG_3_1__ -D__cdecl= -DAESL_SYN -D__SYNTHESIS__ -D__HLS_SYN__ -I D:/Xilinx/Vivado/2018.3/common/technology/autopilot -I D:/Xilinx/Vivado/2018.3/common/technology/autopilot/ap_sysc -include etc/autopilot_ssdm_op.h -D__DSP48E1__ D:/Xilinx/Project/LSTM/lstm_hls/bi-lstm_fpga/bi_lstm_exit/solution1/.autopilot/db/rnn_top.pp.0.cpp -o D:/Xilinx/Project/LSTM/lstm_hls/bi-lstm_fpga/bi_lstm_exit/solution1/.autopilot/db/useless.bc
Command       clang done; 1.768 sec.
INFO-FLOW: Done: GCC PP time: 4.9 seconds per iteration
Execute       list_core -type functional_unit 
Execute       tidy_31 xilinx-systemc-detector D:/Xilinx/Project/LSTM/lstm_hls/bi-lstm_fpga/bi_lstm_exit/solution1/.autopilot/db/rnn_top.pp.0.cpp std=gnu++98 -directive=D:/Xilinx/Project/LSTM/lstm_hls/bi-lstm_fpga/bi_lstm_exit/solution1/.autopilot/db/.systemc_flag 
INFO-FLOW: exec D:/Xilinx/Vivado/2018.3/win64/tools/clang-3.9-csynth/bin/tidy-3.1 -header-filter=.* -checks=-*,xilinx-systemc-detector -import-directive=D:/Xilinx/Project/LSTM/lstm_hls/bi-lstm_fpga/bi_lstm_exit/solution1/.autopilot/db/.systemc_flag -quiet -fix-errors D:/Xilinx/Project/LSTM/lstm_hls/bi-lstm_fpga/bi_lstm_exit/solution1/.autopilot/db/rnn_top.pp.0.cpp -- -std=gnu++98 -fhls -ferror-limit=0
Command       tidy_31 done; 0.414 sec.
INFO-FLOW: Running: tidy-3.1 CDT preprocess
Execute       tidy_31 xilinx-directive2pragma D:/Xilinx/Project/LSTM/lstm_hls/bi-lstm_fpga/bi_lstm_exit/solution1/.autopilot/db/rnn_top.pp.0.cpp std=gnu++98 -directive=D:/Xilinx/Project/LSTM/lstm_hls/bi-lstm_fpga/bi_lstm_exit/solution1/.autopilot/db/all.directive.json 
INFO-FLOW: exec D:/Xilinx/Vivado/2018.3/win64/tools/clang-3.9-csynth/bin/tidy-3.1 -header-filter=.* -checks=-*,xilinx-directive2pragma -import-directive=D:/Xilinx/Project/LSTM/lstm_hls/bi-lstm_fpga/bi_lstm_exit/solution1/.autopilot/db/all.directive.json -quiet -fix-errors D:/Xilinx/Project/LSTM/lstm_hls/bi-lstm_fpga/bi_lstm_exit/solution1/.autopilot/db/rnn_top.pp.0.cpp -- -std=gnu++98 -fhls -ferror-limit=0
Command       tidy_31 done; 0.401 sec.
Execute       get_config_dataflow -strict_mode 
Execute       ap_eval exec -ignorestderr D:/Xilinx/Vivado/2018.3/win64/tools/clang-3.9-csynth/bin/xilinx-dataflow-lawyer -export-fixes=D:/Xilinx/Project/LSTM/lstm_hls/bi-lstm_fpga/bi_lstm_exit/solution1/.autopilot/db/xilinx-dataflow-lawyer.rnn_top.pp.0.cpp.diag.yml D:/Xilinx/Project/LSTM/lstm_hls/bi-lstm_fpga/bi_lstm_exit/solution1/.autopilot/db/rnn_top.pp.0.cpp -- -std=gnu++98 -fhls -ferror-limit=0 -fstrict-dataflow > D:/Xilinx/Project/LSTM/lstm_hls/bi-lstm_fpga/bi_lstm_exit/solution1/.autopilot/db/xilinx-dataflow-lawyer.rnn_top.pp.0.cpp.out.log 2> D:/Xilinx/Project/LSTM/lstm_hls/bi-lstm_fpga/bi_lstm_exit/solution1/.autopilot/db/xilinx-dataflow-lawyer.rnn_top.pp.0.cpp.err.log 
Command       ap_eval done; 1.263 sec.
Execute       tidy_31 -errorcheck xilinx-constantarray-param,xilinx-resource-pragma-transformer,xilinx-xfmat-array-geometry D:/Xilinx/Project/LSTM/lstm_hls/bi-lstm_fpga/bi_lstm_exit/solution1/.autopilot/db/rnn_top.pp.0.cpp std=gnu++98 
Execute         ap_eval exec -ignorestderr D:/Xilinx/Vivado/2018.3/win64/tools/clang-3.9-csynth/bin/tidy-3.1 -export-fixes=D:/Xilinx/Project/LSTM/lstm_hls/bi-lstm_fpga/bi_lstm_exit/solution1/.autopilot/db/tidy-3.1.rnn_top.pp.0.cpp.diag.yml -header-filter=.* -checks=-*,xilinx-constantarray-param,xilinx-resource-pragma-transformer,xilinx-xfmat-array-geometry -quiet -fix-errors D:/Xilinx/Project/LSTM/lstm_hls/bi-lstm_fpga/bi_lstm_exit/solution1/.autopilot/db/rnn_top.pp.0.cpp -- -std=gnu++98 -fhls -ferror-limit=0 > D:/Xilinx/Project/LSTM/lstm_hls/bi-lstm_fpga/bi_lstm_exit/solution1/.autopilot/db/tidy-3.1.rnn_top.pp.0.cpp.out.log 2> D:/Xilinx/Project/LSTM/lstm_hls/bi-lstm_fpga/bi_lstm_exit/solution1/.autopilot/db/tidy-3.1.rnn_top.pp.0.cpp.err.log 
Command         ap_eval done; 0.872 sec.
Execute         ap_eval exec -ignorestderr D:/Xilinx/Vivado/2018.3/win64/tools/clang-3.9-csynth/bin/xilinx-legacy-rewriter D:/Xilinx/Project/LSTM/lstm_hls/bi-lstm_fpga/bi_lstm_exit/solution1/.autopilot/db/rnn_top.pp.0.cpp -- -std=gnu++98 -fhls -ferror-limit=0 > D:/Xilinx/Project/LSTM/lstm_hls/bi-lstm_fpga/bi_lstm_exit/solution1/.autopilot/db/xilinx-legacy-rewriter.rnn_top.pp.0.cpp.out.log 2> D:/Xilinx/Project/LSTM/lstm_hls/bi-lstm_fpga/bi_lstm_exit/solution1/.autopilot/db/xilinx-legacy-rewriter.rnn_top.pp.0.cpp.err.log 
Command         ap_eval done; 1.28 sec.
Command       tidy_31 done; 2.162 sec.
INFO-FLOW: Done: tidy-3.1 CDT preprocess time: 3.8 seconds per iteration
INFO-FLOW: Pragma Handling...
Execute       tidy_31 xilinx-ssdm-intrinsics-arguments D:/Xilinx/Project/LSTM/lstm_hls/bi-lstm_fpga/bi_lstm_exit/solution1/.autopilot/db/rnn_top.pragma.1.cpp std=gnu++98 
INFO-FLOW: exec D:/Xilinx/Vivado/2018.3/win64/tools/clang-3.9-csynth/bin/tidy-3.1 -header-filter=.* -checks=-*,xilinx-ssdm-intrinsics-arguments -quiet -fix-errors D:/Xilinx/Project/LSTM/lstm_hls/bi-lstm_fpga/bi_lstm_exit/solution1/.autopilot/db/rnn_top.pragma.1.cpp -- -std=gnu++98 -fhls -ferror-limit=0
Command       tidy_31 done; 0.958 sec.
Execute       get_default_platform 
INFO-FLOW: Processing labels
Execute       clang -src D:/Xilinx/Project/LSTM/lstm_hls/bi-lstm_fpga/bi_lstm_exit/solution1/.autopilot/db/rnn_top.pragma.2.cpp  -fno-limit-debug-info -gcc-toolchain D:/Xilinx/Vivado/2018.3/msys -hls -hls-analyze-label -hls-analyze-pragma -fno-exceptions  -D__llvm__  -w  "D:/Xilinx/Project/LSTM/lstm_hls/bi-lstm_fpga/bi_lstm_exit/solution1/.autopilot/db/rnn_top.pragma.2.cpp"    -fno-math-errno -c -emit-llvm -O0  -mllvm -disable-llvm-optzns -fno-threadsafe-statics  -fno-use-cxa-atexit -DAESL_SYN -D__SYNTHESIS__ -D__HLS_SYN__ -I "D:/Xilinx/Vivado/2018.3/common/technology/autopilot" -I "D:/Xilinx/Vivado/2018.3/common/technology/autopilot/ap_sysc" -include etc/autopilot_ssdm_op.h -D__DSP48E1__ -g -o "D:/Xilinx/Project/LSTM/lstm_hls/bi-lstm_fpga/bi_lstm_exit/solution1/.autopilot/db/rnn_top.bc" 
INFO-FLOW: exec D:/Xilinx/Vivado/2018.3/win64/tools/clang/bin/clang -fno-limit-debug-info -gcc-toolchain D:/Xilinx/Vivado/2018.3/msys -hls -hls-analyze-label -hls-analyze-pragma -fno-exceptions -D__llvm__ -w D:/Xilinx/Project/LSTM/lstm_hls/bi-lstm_fpga/bi_lstm_exit/solution1/.autopilot/db/rnn_top.pragma.2.cpp -fno-math-errno -c -emit-llvm -O0 -mllvm -disable-llvm-optzns -fno-threadsafe-statics -fno-use-cxa-atexit -DAESL_SYN -D__SYNTHESIS__ -D__HLS_SYN__ -I D:/Xilinx/Vivado/2018.3/common/technology/autopilot -I D:/Xilinx/Vivado/2018.3/common/technology/autopilot/ap_sysc -include etc/autopilot_ssdm_op.h -D__DSP48E1__ -g -o D:/Xilinx/Project/LSTM/lstm_hls/bi-lstm_fpga/bi_lstm_exit/solution1/.autopilot/db/rnn_top.bc
Command       clang done; 2.057 sec.
INFO: [HLS 200-10] Analyzing design file 'bi_lstm_exit/src/rnn.cpp' ... 
INFO-FLOW: Compiling one TU...
Execute       is_m_axi_addr64 
INFO-FLOW: Handling bi_lstm_exit/src/rnn.cpp as C++
Execute       get_default_platform 
Execute       is_encrypted bi_lstm_exit/src/rnn.cpp 
Execute       get_default_platform 
INFO-FLOW: Running: GCC PP
INFO-FLOW: Source preprocessing
Execute       clang  -fno-limit-debug-info -gcc-toolchain "D:/Xilinx/Vivado/2018.3/msys" -hls  -fno-exceptions  -D__llvm__  -E "bi_lstm_exit/src/rnn.cpp"     -fno-math-errno -c -emit-llvm -O0  -mllvm -disable-llvm-optzns -fno-threadsafe-statics  -fno-use-cxa-atexit  -fno-threadsafe-statics -fno-use-cxa-atexit -D__CLANG_3_1__ -D__cdecl= -DAESL_SYN -D__SYNTHESIS__ -D__HLS_SYN__ -I "D:/Xilinx/Vivado/2018.3/common/technology/autopilot" -I "D:/Xilinx/Vivado/2018.3/common/technology/autopilot/ap_sysc" -include etc/autopilot_ssdm_op.h -D__DSP48E1__  -o "D:/Xilinx/Project/LSTM/lstm_hls/bi-lstm_fpga/bi_lstm_exit/solution1/.autopilot/db/rnn.pp.0.cpp" 
INFO-FLOW: exec D:/Xilinx/Vivado/2018.3/win64/tools/clang/bin/clang -fno-limit-debug-info -gcc-toolchain D:/Xilinx/Vivado/2018.3/msys -hls -fno-exceptions -D__llvm__ -E bi_lstm_exit/src/rnn.cpp -fno-math-errno -c -emit-llvm -O0 -mllvm -disable-llvm-optzns -fno-threadsafe-statics -fno-use-cxa-atexit -fno-threadsafe-statics -fno-use-cxa-atexit -D__CLANG_3_1__ -D__cdecl= -DAESL_SYN -D__SYNTHESIS__ -D__HLS_SYN__ -I D:/Xilinx/Vivado/2018.3/common/technology/autopilot -I D:/Xilinx/Vivado/2018.3/common/technology/autopilot/ap_sysc -include etc/autopilot_ssdm_op.h -D__DSP48E1__ -o D:/Xilinx/Project/LSTM/lstm_hls/bi-lstm_fpga/bi_lstm_exit/solution1/.autopilot/db/rnn.pp.0.cpp
Command       clang done; 0.678 sec.
Execute       tidy_31 xilinx-xfmat-array-geometry D:/Xilinx/Project/LSTM/lstm_hls/bi-lstm_fpga/bi_lstm_exit/solution1/.autopilot/db/rnn.pp.0.cpp std=gnu++98 
INFO-FLOW: exec D:/Xilinx/Vivado/2018.3/win64/tools/clang-3.9-csynth/bin/tidy-3.1 -header-filter=.* -checks=-*,xilinx-xfmat-array-geometry -quiet -fix D:/Xilinx/Project/LSTM/lstm_hls/bi-lstm_fpga/bi_lstm_exit/solution1/.autopilot/db/rnn.pp.0.cpp -- -std=gnu++98 -fhls -ferror-limit=0
Command       tidy_31 done; 2.534 sec.
INFO-FLOW: Syntax Checking before pre-processing...
Execute       clang -syntaxcheck -src D:/Xilinx/Project/LSTM/lstm_hls/bi-lstm_fpga/bi_lstm_exit/solution1/.autopilot/db/rnn.pp.0.cpp  -fno-limit-debug-info -gcc-toolchain "D:/Xilinx/Vivado/2018.3/msys" -hls    -fno-math-errno -c -emit-llvm -O0  -mllvm -disable-llvm-optzns -fno-threadsafe-statics  -fno-use-cxa-atexit  -fno-threadsafe-statics -fno-use-cxa-atexit -D__CLANG_3_1__ -D__cdecl= -DAESL_SYN -D__SYNTHESIS__ -D__HLS_SYN__ -I "D:/Xilinx/Vivado/2018.3/common/technology/autopilot" -I "D:/Xilinx/Vivado/2018.3/common/technology/autopilot/ap_sysc" -include etc/autopilot_ssdm_op.h -D__DSP48E1__  "D:/Xilinx/Project/LSTM/lstm_hls/bi-lstm_fpga/bi_lstm_exit/solution1/.autopilot/db/rnn.pp.0.cpp"  -o "D:/Xilinx/Project/LSTM/lstm_hls/bi-lstm_fpga/bi_lstm_exit/solution1/.autopilot/db/useless.bc"  
INFO-FLOW: exec D:/Xilinx/Vivado/2018.3/win64/tools/clang/bin/clang -fno-limit-debug-info -gcc-toolchain D:/Xilinx/Vivado/2018.3/msys -hls -fno-math-errno -c -emit-llvm -O0 -mllvm -disable-llvm-optzns -fno-threadsafe-statics -fno-use-cxa-atexit -fno-threadsafe-statics -fno-use-cxa-atexit -D__CLANG_3_1__ -D__cdecl= -DAESL_SYN -D__SYNTHESIS__ -D__HLS_SYN__ -I D:/Xilinx/Vivado/2018.3/common/technology/autopilot -I D:/Xilinx/Vivado/2018.3/common/technology/autopilot/ap_sysc -include etc/autopilot_ssdm_op.h -D__DSP48E1__ D:/Xilinx/Project/LSTM/lstm_hls/bi-lstm_fpga/bi_lstm_exit/solution1/.autopilot/db/rnn.pp.0.cpp -o D:/Xilinx/Project/LSTM/lstm_hls/bi-lstm_fpga/bi_lstm_exit/solution1/.autopilot/db/useless.bc
Command       clang done; 3.455 sec.
INFO-FLOW: Done: GCC PP time: 6.7 seconds per iteration
Execute       list_core -type functional_unit 
Execute       tidy_31 xilinx-systemc-detector D:/Xilinx/Project/LSTM/lstm_hls/bi-lstm_fpga/bi_lstm_exit/solution1/.autopilot/db/rnn.pp.0.cpp std=gnu++98 -directive=D:/Xilinx/Project/LSTM/lstm_hls/bi-lstm_fpga/bi_lstm_exit/solution1/.autopilot/db/.systemc_flag 
INFO-FLOW: exec D:/Xilinx/Vivado/2018.3/win64/tools/clang-3.9-csynth/bin/tidy-3.1 -header-filter=.* -checks=-*,xilinx-systemc-detector -import-directive=D:/Xilinx/Project/LSTM/lstm_hls/bi-lstm_fpga/bi_lstm_exit/solution1/.autopilot/db/.systemc_flag -quiet -fix-errors D:/Xilinx/Project/LSTM/lstm_hls/bi-lstm_fpga/bi_lstm_exit/solution1/.autopilot/db/rnn.pp.0.cpp -- -std=gnu++98 -fhls -ferror-limit=0
Command       tidy_31 done; 2.432 sec.
INFO-FLOW: Running: tidy-3.1 CDT preprocess
Execute       tidy_31 xilinx-directive2pragma D:/Xilinx/Project/LSTM/lstm_hls/bi-lstm_fpga/bi_lstm_exit/solution1/.autopilot/db/rnn.pp.0.cpp std=gnu++98 -directive=D:/Xilinx/Project/LSTM/lstm_hls/bi-lstm_fpga/bi_lstm_exit/solution1/.autopilot/db/all.directive.json 
INFO-FLOW: exec D:/Xilinx/Vivado/2018.3/win64/tools/clang-3.9-csynth/bin/tidy-3.1 -header-filter=.* -checks=-*,xilinx-directive2pragma -import-directive=D:/Xilinx/Project/LSTM/lstm_hls/bi-lstm_fpga/bi_lstm_exit/solution1/.autopilot/db/all.directive.json -quiet -fix-errors D:/Xilinx/Project/LSTM/lstm_hls/bi-lstm_fpga/bi_lstm_exit/solution1/.autopilot/db/rnn.pp.0.cpp -- -std=gnu++98 -fhls -ferror-limit=0
Command       tidy_31 done; 2.328 sec.
Execute       get_config_dataflow -strict_mode 
Execute       ap_eval exec -ignorestderr D:/Xilinx/Vivado/2018.3/win64/tools/clang-3.9-csynth/bin/xilinx-dataflow-lawyer -export-fixes=D:/Xilinx/Project/LSTM/lstm_hls/bi-lstm_fpga/bi_lstm_exit/solution1/.autopilot/db/xilinx-dataflow-lawyer.rnn.pp.0.cpp.diag.yml D:/Xilinx/Project/LSTM/lstm_hls/bi-lstm_fpga/bi_lstm_exit/solution1/.autopilot/db/rnn.pp.0.cpp -- -std=gnu++98 -fhls -ferror-limit=0 -fstrict-dataflow > D:/Xilinx/Project/LSTM/lstm_hls/bi-lstm_fpga/bi_lstm_exit/solution1/.autopilot/db/xilinx-dataflow-lawyer.rnn.pp.0.cpp.out.log 2> D:/Xilinx/Project/LSTM/lstm_hls/bi-lstm_fpga/bi_lstm_exit/solution1/.autopilot/db/xilinx-dataflow-lawyer.rnn.pp.0.cpp.err.log 
Command       ap_eval done; 2.311 sec.
WARNING: [HLS 214-114] Only function calls and local variable declarations are allowed in a dataflow region: bi_lstm_exit/src/rnn.cpp:155:5
Execute       send_msg_by_id WARNING @200-471@%s%s 1 bi_lstm_exit/src/rnn.cpp 
WARNING: [HLS 200-471] Dataflow form checks found 1 issue(s) in file bi_lstm_exit/src/rnn.cpp
Execute       tidy_31 -errorcheck xilinx-constantarray-param,xilinx-resource-pragma-transformer,xilinx-xfmat-array-geometry D:/Xilinx/Project/LSTM/lstm_hls/bi-lstm_fpga/bi_lstm_exit/solution1/.autopilot/db/rnn.pp.0.cpp std=gnu++98 
Execute         ap_eval exec -ignorestderr D:/Xilinx/Vivado/2018.3/win64/tools/clang-3.9-csynth/bin/tidy-3.1 -export-fixes=D:/Xilinx/Project/LSTM/lstm_hls/bi-lstm_fpga/bi_lstm_exit/solution1/.autopilot/db/tidy-3.1.rnn.pp.0.cpp.diag.yml -header-filter=.* -checks=-*,xilinx-constantarray-param,xilinx-resource-pragma-transformer,xilinx-xfmat-array-geometry -quiet -fix-errors D:/Xilinx/Project/LSTM/lstm_hls/bi-lstm_fpga/bi_lstm_exit/solution1/.autopilot/db/rnn.pp.0.cpp -- -std=gnu++98 -fhls -ferror-limit=0 > D:/Xilinx/Project/LSTM/lstm_hls/bi-lstm_fpga/bi_lstm_exit/solution1/.autopilot/db/tidy-3.1.rnn.pp.0.cpp.out.log 2> D:/Xilinx/Project/LSTM/lstm_hls/bi-lstm_fpga/bi_lstm_exit/solution1/.autopilot/db/tidy-3.1.rnn.pp.0.cpp.err.log 
Command         ap_eval done; 3.071 sec.
Execute         ap_eval exec -ignorestderr D:/Xilinx/Vivado/2018.3/win64/tools/clang-3.9-csynth/bin/xilinx-legacy-rewriter D:/Xilinx/Project/LSTM/lstm_hls/bi-lstm_fpga/bi_lstm_exit/solution1/.autopilot/db/rnn.pp.0.cpp -- -std=gnu++98 -fhls -ferror-limit=0 > D:/Xilinx/Project/LSTM/lstm_hls/bi-lstm_fpga/bi_lstm_exit/solution1/.autopilot/db/xilinx-legacy-rewriter.rnn.pp.0.cpp.out.log 2> D:/Xilinx/Project/LSTM/lstm_hls/bi-lstm_fpga/bi_lstm_exit/solution1/.autopilot/db/xilinx-legacy-rewriter.rnn.pp.0.cpp.err.log 
Command         ap_eval done; 2.381 sec.
Command       tidy_31 done; 5.482 sec.
INFO-FLOW: Done: tidy-3.1 CDT preprocess time: 10.1 seconds per iteration
INFO-FLOW: Pragma Handling...
Execute       tidy_31 xilinx-ssdm-intrinsics-arguments D:/Xilinx/Project/LSTM/lstm_hls/bi-lstm_fpga/bi_lstm_exit/solution1/.autopilot/db/rnn.pragma.1.cpp std=gnu++98 
INFO-FLOW: exec D:/Xilinx/Vivado/2018.3/win64/tools/clang-3.9-csynth/bin/tidy-3.1 -header-filter=.* -checks=-*,xilinx-ssdm-intrinsics-arguments -quiet -fix-errors D:/Xilinx/Project/LSTM/lstm_hls/bi-lstm_fpga/bi_lstm_exit/solution1/.autopilot/db/rnn.pragma.1.cpp -- -std=gnu++98 -fhls -ferror-limit=0
Command       tidy_31 done; 3.479 sec.
Execute       get_default_platform 
INFO-FLOW: Processing labels
Execute       clang -src D:/Xilinx/Project/LSTM/lstm_hls/bi-lstm_fpga/bi_lstm_exit/solution1/.autopilot/db/rnn.pragma.2.cpp  -fno-limit-debug-info -gcc-toolchain D:/Xilinx/Vivado/2018.3/msys -hls -hls-analyze-label -hls-analyze-pragma -fno-exceptions  -D__llvm__  -w  "D:/Xilinx/Project/LSTM/lstm_hls/bi-lstm_fpga/bi_lstm_exit/solution1/.autopilot/db/rnn.pragma.2.cpp"    -fno-math-errno -c -emit-llvm -O0  -mllvm -disable-llvm-optzns -fno-threadsafe-statics  -fno-use-cxa-atexit -DAESL_SYN -D__SYNTHESIS__ -D__HLS_SYN__ -I "D:/Xilinx/Vivado/2018.3/common/technology/autopilot" -I "D:/Xilinx/Vivado/2018.3/common/technology/autopilot/ap_sysc" -include etc/autopilot_ssdm_op.h -D__DSP48E1__ -g -o "D:/Xilinx/Project/LSTM/lstm_hls/bi-lstm_fpga/bi_lstm_exit/solution1/.autopilot/db/rnn.bc" 
INFO-FLOW: exec D:/Xilinx/Vivado/2018.3/win64/tools/clang/bin/clang -fno-limit-debug-info -gcc-toolchain D:/Xilinx/Vivado/2018.3/msys -hls -hls-analyze-label -hls-analyze-pragma -fno-exceptions -D__llvm__ -w D:/Xilinx/Project/LSTM/lstm_hls/bi-lstm_fpga/bi_lstm_exit/solution1/.autopilot/db/rnn.pragma.2.cpp -fno-math-errno -c -emit-llvm -O0 -mllvm -disable-llvm-optzns -fno-threadsafe-statics -fno-use-cxa-atexit -DAESL_SYN -D__SYNTHESIS__ -D__HLS_SYN__ -I D:/Xilinx/Vivado/2018.3/common/technology/autopilot -I D:/Xilinx/Vivado/2018.3/common/technology/autopilot/ap_sysc -include etc/autopilot_ssdm_op.h -D__DSP48E1__ -g -o D:/Xilinx/Project/LSTM/lstm_hls/bi-lstm_fpga/bi_lstm_exit/solution1/.autopilot/db/rnn.bc
Command       clang done; 3.521 sec.
INFO-FLOW: Linking Debug ...
Execute       llvm-ld D:/Xilinx/Project/LSTM/lstm_hls/bi-lstm_fpga/bi_lstm_exit/solution1/.autopilot/db/rnn_top.g.bc D:/Xilinx/Project/LSTM/lstm_hls/bi-lstm_fpga/bi_lstm_exit/solution1/.autopilot/db/rnn.g.bc -hls-opt -except-internalize BiLSTM_Top -LD:/Xilinx/Vivado/2018.3/win64/lib -lhlsm -lhlsmc++ -o D:/Xilinx/Project/LSTM/lstm_hls/bi-lstm_fpga/bi_lstm_exit/solution1/.autopilot/db/a.g 
Command       llvm-ld done; 2.509 sec.
INFO: [HLS 200-111] Finished Linking Time (s): cpu = 00:00:00 ; elapsed = 00:00:42 . Memory (MB): peak = 105.000 ; gain = 19.477
INFO: [HLS 200-111] Finished Checking Pragmas Time (s): cpu = 00:00:00 ; elapsed = 00:00:42 . Memory (MB): peak = 105.000 ; gain = 19.477
Execute       get_config_sdx -target 
Execute       opt_and_import_c a -opt_level=2 -skip_syncheck=0 -ng=0 -keep_printf=0 
Execute         cleanup_all_models 
INFO: [HLS 200-10] Starting code transformations ...
Execute         transform -promote-dbg-pointer D:/Xilinx/Project/LSTM/lstm_hls/bi-lstm_fpga/bi_lstm_exit/solution1/.autopilot/db/a.pp.bc -o D:/Xilinx/Project/LSTM/lstm_hls/bi-lstm_fpga/bi_lstm_exit/solution1/.autopilot/db/a.pp.0.bc -f 
Command         transform done; 0.289 sec.
Execute         llvm-ld D:/Xilinx/Project/LSTM/lstm_hls/bi-lstm_fpga/bi_lstm_exit/solution1/.autopilot/db/a.pp.0.bc -disable-opt -LD:/Xilinx/Vivado/2018.3/win64/lib -lfloatconversion -o D:/Xilinx/Project/LSTM/lstm_hls/bi-lstm_fpga/bi_lstm_exit/solution1/.autopilot/db/a.g.0 
Command         llvm-ld done; 0.92 sec.
INFO-FLOW: Running Standard Transforms...
Execute         transform -hls -share-std-xform -demangle-name -inline-byval-memcpy -always-inline -promote-dbg-pointer -interface-preproc -mem2reg -lower-blackbox -scalarrepl -mem2reg -keep-read-access -instcombine -dce -promote-dbg-pointer -bitop-raise -loop-simplify -indvarspre -indvars -loop-simplify -xunroll -constprop -instcombine -simplifycfg -indvars -simplifycfg -dce -globaldce -basicaa -simplifycfg -mem2reg -globalopt -global-constprop -deadargelim -instcombine -simplifycfg -prune-eh -simplifycfg -scalarrepl -instcombine -reassociate -licm -simplifycfg -loop-simplify -indvars -instcombine -simplifycfg -mem2reg -loop-simplify -indvars -instcombine -gvn -gvn -instcombine -adce -break-crit-edges -simplifycfg -loop-delete -global-array-opt -dce -dse -adce -find-syn-modules -top BiLSTM_Top -deadargelim -mem2reg -instcombine -dce -presyn-prepare -auto-rom-infer -interface-preproc -syn-check -check-rec-only -find-region -simplifycfg -func-extr -function-inline -globaldce -mem2reg -instcombine -dce -gvn -globaldce -adce -adse -constprop -instcombine -bit-constprop -instcombine -dce -simplifycfg -bitop-raise -simplifycfg -dce -loop-delete -reassociate -globalopt -global-privatize -mem2reg -dce -global-constprop -pointer-simplify -constprop -dce -func-inst -deadargelim -auto-shift-reg-idiom -promote-dbg-pointer -norm-name D:/Xilinx/Project/LSTM/lstm_hls/bi-lstm_fpga/bi_lstm_exit/solution1/.autopilot/db/a.g.0.bc -o D:/Xilinx/Project/LSTM/lstm_hls/bi-lstm_fpga/bi_lstm_exit/solution1/.autopilot/db/a.g.1.bc -f -phase std-opt 
INFO: [XFORM 203-603] Inlining function 'pop_stream<float, 1, 1, 1>' into 'read_input' (bi_lstm_exit/src/rnn_top.cpp:12).
INFO: [XFORM 203-603] Inlining function 'compute_gate_mask' into 'lstm_infer' (bi_lstm_exit/src/rnn.cpp:165).
INFO: [XFORM 203-603] Inlining function 'compute_gate_mask' into 'lstm_infer' (bi_lstm_exit/src/rnn.cpp:164).
INFO: [XFORM 203-603] Inlining function 'clamp_fixed' into 'step_lstm_optimized' (bi_lstm_exit/src/rnn.cpp:121).
INFO: [XFORM 203-603] Inlining function 'push_stream<float, 1, 1, 1>' into 'write_output' (bi_lstm_exit/src/rnn_top.cpp:23).
Command         transform done; 6.561 sec.
INFO: [HLS 200-111] Finished Standard Transforms Time (s): cpu = 00:00:02 ; elapsed = 00:00:50 . Memory (MB): peak = 346.188 ; gain = 260.664
INFO: [HLS 200-10] Checking synthesizability ...
INFO-FLOW: Checking Synthesizability 1/2..
Execute         transform -hls -syn-check -check-rec-only -disaggr -scalarrepl -norm-name -dce -mem2reg -instcombine -function-uniquify -directive-preproc -mem2reg -dse -dce -auto-rom-infer -dce -pag -array-normalize -instcombine -dce -warn-fifo-pointer -array-seg-normalize -instcombine -dce -array-flatten -instcombine -dce -array-burst -dce -deadargelim -promote-global-argument -simplifycfg -mem2reg -globaldce -resolve-double-ptr -dce -deadargelim -dce -instcombine -function-inline -globaldce -dce -doublePtrSimplify -doublePtrElim -dce -doublePtrSimplify -promote-dbg-pointer -dce -scalarrepl -dse -adse -instcombine -ptrLegalization -simplifycfg -dce -instcombine -pointer-simplify -ptrArgReplace -dce -instcombine -disaggr -scalarrepl -norm-name -dce -mem2reg -instcombine -ptrLegalization -simplifycfg -deadargelim -instcombine -dce -inst-simplify -function-uniquify -directive-preproc -mem2reg -dse -dce -globaldce -check-dspbuiltin D:/Xilinx/Project/LSTM/lstm_hls/bi-lstm_fpga/bi_lstm_exit/solution1/.autopilot/db/a.g.1.bc -o D:/Xilinx/Project/LSTM/lstm_hls/bi-lstm_fpga/bi_lstm_exit/solution1/.autopilot/db/a.g.2.prechk.bc -f 
Command         transform done; 0.826 sec.
INFO-FLOW: Checking Synthesizability 2/2..
Execute         transform -syn-check D:/Xilinx/Project/LSTM/lstm_hls/bi-lstm_fpga/bi_lstm_exit/solution1/.autopilot/db/a.g.2.prechk.bc -o D:/Xilinx/Project/LSTM/lstm_hls/bi-lstm_fpga/bi_lstm_exit/solution1/.autopilot/db/a.g.2.bc -f -phase syn-check 
WARNING: [SYNCHK 200-23] bi_lstm_exit/src/rnn.cpp:59: variable-indexed range selection may cause suboptimal QoR.
INFO: [SYNCHK 200-10] 0 error(s), 1 warning(s).
Command         transform done; 0.191 sec.
INFO: [HLS 200-111] Finished Checking Synthesizability Time (s): cpu = 00:00:03 ; elapsed = 00:00:51 . Memory (MB): peak = 346.188 ; gain = 260.664
INFO-FLOW: Compiler optimizing ...
INFO-FLOW: Share syncheck's 1.bc for syn flow: copy D:/Xilinx/Project/LSTM/lstm_hls/bi-lstm_fpga/bi_lstm_exit/solution1/.autopilot/db/a.g.1.bc to D:/Xilinx/Project/LSTM/lstm_hls/bi-lstm_fpga/bi_lstm_exit/solution1/.autopilot/db/a.o.1.bc
INFO-FLOW: Presyn 1...
Execute         transform -hls -tmp D:/Xilinx/Project/LSTM/lstm_hls/bi-lstm_fpga/bi_lstm_exit/solution1/.autopilot/db -interface-port-rename -type-info -function-uniquify -directive-preproc -mem2reg -dse -dce -disaggr -scalarrepl -norm-name -deadargelim -mem2reg -instcombine -dce -simplifycfg -auto-rom-infer -dce -function-uniquify -resource-proc -simplifycfg -mem2reg -globaldce -resolve-double-ptr -dce -deadargelim -dce -instcombine -clib-intrinsic-prepare -dce -func-buffer -dce -pag -array-normalize -func-legal -instcombine -gvn -constprop -dce -ptrArgReplace -mem2reg -instcombine -dce -array-seg-normalize -deadargelim -instcombine -dce -pointer-simplify -dce -port-alignment -dce -interface-preproc -data-pack -instcombine -dce -basicaa -aggr-aa -aggrmodref-aa -aggr-aa -gvn -gvn -basicaa -aggr-aa -aggrmodref-aa -aggr-aa -dse -adse -adce -loop-simplify -indvars -instcombine -gvn -loop-simplify -mem2reg -dce -find-region -instcombine -auto-loop-pipeline -inst-simplify -interface-preproc -cfgopt -instcombine -indvars -auto-loop-unroll -loop-simplify -loop-bound -xunroll -constprop -instcombine -simplifycfg -indvars -simplifycfg -dce -globaldce -clean-region -attach-range -gvn -inst-simplify -constprop -simplifycfg -dce -pointer-simplify -dce -globalopt -constprop -dce -array-promote -constprop -instcombine -dce -ptrArgReplace -mem2reg -instcombine -simplifycfg -dce -auto-par -instcombine -dce -array-transform-check -array-reshape -instcombine -simplifycfg -dce -ptrArgReplace -deadargelim -mem2reg -instcombine -simplifycfg -dce -indvars -loop-simplify -loop-bound -xunroll -constprop -instcombine -simplifycfg -indvars -simplifycfg -dce -globaldce -basicaa -aggr-aa -aggrmodref-aa -aggr-aa -dse -duplicate-dataflow-processes -globaldce -instcombine -array-partition -instcombine -simplifycfg -dce -ptrArgReplace -global-constprop -deadargelim -mem2reg -func-legal -instcombine -dce -global-constprop -deadargelim -mem2reg -instcombine -simplifycfg -dce -merge-param -deadargelim -globalopt -constprop -dce -array-promote -constprop -instcombine -dce -ptrArgReplace -mem2reg -instcombine -simplifycfg -dce -mem-intrinsic-preproc -dce -global-internalize -global-privatize -mem2reg -globaldce -promote-global-argument -ptrArgReplace -mem2reg -instcombine -dce -globalopt -mergereturn -simplify-global-access -mem2reg -dce -pointer-simplify -dce -functionattrs -basicaa -aggr-aa -aggrmodref-aa -aggr-aa -gvn -gvn -basicaa -aggr-aa -aggrmodref-aa -aggr-aa -dse -adse -adce -inst-simplify -dce -norm-name -function-inline -globaldce -func-inst -constprop -instcombine -simplifycfg -dce -func-legal -dce -loop-bound -arraycheck -bitwidthmin -on-by-dataflow -loop-delete -instcombine -simplifycfg -globaldce -dce -gvn -deadargelim -dce -loop-simplify -clean-region -simplifycfg -propagate-stable-arguments -loop-stream -instcombine -simplifycfg -dce -globaldce -duplicate-dataflow-processes -stream-intrinsic-preproc -dce -check-ap-stream -loop-simplify -eliminate-keepreads -extract-dataflow-in-loop -loop-simplify -dce -gvn -deadargelim -dse -check-dataflow-syntax -legalize-stream-variable -legalize-global -extract-subproc -dce -dead-channel-elimination -canonicalize-gep -globaldce -dce -gvn -deadargelim -annotate-dataflow-channels -scalar-propagation -deadargelim -globaldce -mem2reg -check-dataflow-channels -function-stream -dce -globaldce -prop-fifo-spec -internal-stream-gen -canonicalize-gep -globaldce -dce -gvn -deadargelim -mergereturn -indvars -loop-simplify -instcombine -array-stream -array-seg-normalize -array-partition -func-legal -instcombine -simplifycfg -dce -bundle-memfifo-ops -deadargelim -function-uniquify -directive-preproc -mem2reg -dse -dce -group-axi-access -licm -simplifycfg -dce -loop-delete -norm-name D:/Xilinx/Project/LSTM/lstm_hls/bi-lstm_fpga/bi_lstm_exit/solution1/.autopilot/db/a.o.1.bc -o D:/Xilinx/Project/LSTM/lstm_hls/bi-lstm_fpga/bi_lstm_exit/solution1/.autopilot/db/a.o.1.tmp.bc -f 
INFO: [XFORM 203-502] Unrolling all sub-loops inside loop 'Loop-1.7' (bi_lstm_exit/src/rnn.cpp:201) in function 'lstm_infer' for pipelining.
WARNING: [XFORM 203-503] Ignored partial unroll directive for loop 'Loop-1.7.1' (bi_lstm_exit/src/rnn.cpp:204) because its parent loop or function is pipelined.
INFO: [XFORM 203-502] Unrolling all sub-loops inside loop 'Loop-1.9' (bi_lstm_exit/src/rnn.cpp:215) in function 'lstm_infer' for pipelining.
WARNING: [XFORM 203-503] Ignored partial unroll directive for loop 'Loop-1.9.1' (bi_lstm_exit/src/rnn.cpp:218) because its parent loop or function is pipelined.
INFO: [XFORM 203-502] Unrolling all sub-loops inside loop 'Loop-4' (bi_lstm_exit/src/rnn.cpp:100) in function 'step_lstm_optimized' for pipelining.
WARNING: [XFORM 203-503] Ignored partial unroll directive for loop 'Loop-4.1' (bi_lstm_exit/src/rnn.cpp:103) because its parent loop or function is pipelined.
INFO: [XFORM 203-501] Unrolling loop 'Loop-1.1' (bi_lstm_exit/src/rnn.cpp:157) in function 'lstm_infer' partially with a factor of 3.
INFO: [XFORM 203-501] Unrolling loop 'Loop-1.4' (bi_lstm_exit/src/rnn.cpp:168) in function 'lstm_infer' partially with a factor of 3.
INFO: [XFORM 203-501] Unrolling loop 'Loop-1.5' (bi_lstm_exit/src/rnn.cpp:190) in function 'lstm_infer' partially with a factor of 5.
INFO: [XFORM 203-501] Unrolling loop 'Loop-1.6' (bi_lstm_exit/src/rnn.cpp:197) in function 'lstm_infer' partially with a factor of 5.
INFO: [HLS 200-489] Unrolling loop 'Loop-1.7.1' (bi_lstm_exit/src/rnn.cpp:204) in function 'lstm_infer' completely with a factor of 50.
INFO: [HLS 200-489] Unrolling loop 'Loop-1.8' (bi_lstm_exit/src/rnn.cpp:211) in function 'lstm_infer' completely with a factor of 10.
INFO: [HLS 200-489] Unrolling loop 'Loop-1.9.1' (bi_lstm_exit/src/rnn.cpp:218) in function 'lstm_infer' completely with a factor of 10.
INFO: [HLS 200-489] Unrolling loop 'Loop-2' (bi_lstm_exit/src/rnn.cpp:240) in function 'lstm_infer' completely with a factor of 10.
INFO: [XFORM 203-501] Unrolling loop 'Loop-3' (bi_lstm_exit/src/rnn.cpp:95) in function 'step_lstm_optimized' partially with a factor of 5.
INFO: [HLS 200-489] Unrolling loop 'Loop-4.1' (bi_lstm_exit/src/rnn.cpp:103) in function 'step_lstm_optimized' completely with a factor of 50.
INFO: [XFORM 203-501] Unrolling loop 'Loop-5' (bi_lstm_exit/src/rnn.cpp:117) in function 'step_lstm_optimized' partially with a factor of 5.
INFO: [XFORM 203-501] Unrolling loop 'Loop-1' (bi_lstm_exit/src/rnn.cpp:23) in function 'sigmoid' partially with a factor of 5.
INFO: [XFORM 203-501] Unrolling loop 'Loop-1' (bi_lstm_exit/src/rnn.cpp:36) in function 'tanh' partially with a factor of 5.
INFO: [XFORM 203-102] Partitioning array 'Weight_o_f.V' in dimension 1 automatically.
INFO: [XFORM 203-102] Partitioning array 'Weight_o_b.V' in dimension 1 automatically.
INFO: [XFORM 203-102] Partitioning array 'Weight_i_f.V' in dimension 1 automatically.
INFO: [XFORM 203-102] Partitioning array 'Weight_i_b.V' in dimension 1 automatically.
INFO: [XFORM 203-102] Partitioning array 'Weight_g_f.V' in dimension 1 automatically.
INFO: [XFORM 203-102] Partitioning array 'Weight_g_b.V' in dimension 1 automatically.
INFO: [XFORM 203-102] Partitioning array 'Weight_fc2.V' in dimension 1 automatically.
INFO: [XFORM 203-102] Partitioning array 'Weight_fc1.V' in dimension 1 automatically.
INFO: [XFORM 203-102] Partitioning array 'Weight_f_f.V' in dimension 1 automatically.
INFO: [XFORM 203-102] Partitioning array 'Weight_f_b.V' in dimension 1 automatically.
INFO: [XFORM 203-101] Partitioning array 'res' (bi_lstm_exit/src/rnn_top.cpp:36) in dimension 1 completely.
INFO: [XFORM 203-101] Partitioning array 'h_f.V' (bi_lstm_exit/src/rnn.cpp:134) in dimension 1 with a cyclic factor 5.
INFO: [XFORM 203-101] Partitioning array 'h_b.V' (bi_lstm_exit/src/rnn.cpp:135) in dimension 1 with a cyclic factor 5.
INFO: [XFORM 203-101] Partitioning array 'prev_h_f.V' (bi_lstm_exit/src/rnn.cpp:136) in dimension 1 with a cyclic factor 5.
INFO: [XFORM 203-101] Partitioning array 'prev_h_b.V' (bi_lstm_exit/src/rnn.cpp:137) in dimension 1 with a cyclic factor 5.
WARNING: [XFORM 203-104] Completely partitioning array 'h_cat.V' (bi_lstm_exit/src/rnn.cpp:146) accessed through non-constant indices on dimension 1 (bi_lstm_exit/src/rnn.cpp:193:13), which may result in long runtime and suboptimal QoR due to large multiplexers. Please consider wrapping the array access into a function or using a register file core instead.
INFO: [XFORM 203-101] Partitioning array 'h_cat.V' (bi_lstm_exit/src/rnn.cpp:146) in dimension 1 completely.
INFO: [XFORM 203-101] Partitioning array 'fc1.V' (bi_lstm_exit/src/rnn.cpp:147) in dimension 1 with a cyclic factor 5.
INFO: [XFORM 203-101] Partitioning array 'fc2.V' (bi_lstm_exit/src/rnn.cpp:147) in dimension 1 completely.
WARNING: [XFORM 203-104] Completely partitioning array 'x_h.V' (bi_lstm_exit/src/rnn.cpp:83) accessed through non-constant indices on dimension 1 (bi_lstm_exit/src/rnn.cpp:102:19), which may result in long runtime and suboptimal QoR due to large multiplexers. Please consider wrapping the array access into a function or using a register file core instead.
INFO: [XFORM 203-101] Partitioning array 'x_h.V' (bi_lstm_exit/src/rnn.cpp:83) in dimension 1 completely.
INFO: [XFORM 203-101] Partitioning array 'i_.V' (bi_lstm_exit/src/rnn.cpp:86) in dimension 1 with a cyclic factor 5.
INFO: [XFORM 203-101] Partitioning array 'f.V' (bi_lstm_exit/src/rnn.cpp:86) in dimension 1 with a cyclic factor 5.
INFO: [XFORM 203-101] Partitioning array 'g.V' (bi_lstm_exit/src/rnn.cpp:86) in dimension 1 with a cyclic factor 5.
INFO: [XFORM 203-101] Partitioning array 'o.V' (bi_lstm_exit/src/rnn.cpp:86) in dimension 1 with a cyclic factor 5.
ERROR: [XFORM 203-722] Found unsupported dataflow constructs in function 'lstm_infer' (bi_lstm_exit/src/rnn.cpp:130): the loop (bi_lstm_exit/src/rnn.cpp:155:19) has multiple exit points.
INFO: [XFORM 203-721] Changing loop 'Loop_0' (bi_lstm_exit/src/rnn.cpp:155)  to a process function for dataflow in function 'lstm_infer'.
INFO: [XFORM 203-721] Changing loop 'Loop_1' (bi_lstm_exit/src/rnn.cpp:252)  to a process function for dataflow in function 'lstm_infer'.
ERROR: [XFORM 203-711] Function 'lstm_infer' failed dataflow checking: control flows are not allowed inside a dataflow region  (bi_lstm_exit/src/rnn.cpp:131:1).
Command         transform done; error code: 1; 5.63 sec.
ERROR: [HLS 200-70] Pre-synthesis failed.
Command       opt_and_import_c done; error code: 2; 14.455 sec.
Command     elaborate done; error code: 2; 55.749 sec.
Command   csynth_design done; error code: 2; 55.755 sec.
Command ap_source done; error code: 1; 56.05 sec.
Execute cleanup_all 
INFO-FLOW: Workspace D:/Xilinx/Project/LSTM/lstm_hls/bi-lstm_fpga/bi_lstm_exit/solution1 opened at Sun Apr 20 17:17:27 +0800 2025
Execute     config_clock -quiet -name default -period 10 -default=false 
INFO: [SYN 201-201] Setting up clock 'default' with a period of 10ns.
Execute     open_platform DefaultPlatform 
Execute     import_lib D:/Xilinx/Vivado/2018.3/common/technology/xilinx/zynq/zynq 
Execute       source D:/Xilinx/Vivado/2018.3/common/technology/xilinx/common/xilinx.lib 
Execute         source D:/Xilinx/Vivado/2018.3/common/technology/xilinx/interface/xilinx_interface.lib 
Execute           source D:/Xilinx/Vivado/2018.3/common/technology/xilinx/interface/plb46.lib 
Execute           source D:/Xilinx/Vivado/2018.3/common/technology/xilinx/interface/fsl.lib 
Execute           source D:/Xilinx/Vivado/2018.3/common/technology/xilinx/interface/axi4.lib 
Execute           source D:/Xilinx/Vivado/2018.3/common/technology/xilinx/interface/maxi.lib 
Execute           source D:/Xilinx/Vivado/2018.3/common/technology/xilinx/interface/saxilite.lib 
Execute         source D:/Xilinx/Vivado/2018.3/common/technology/xilinx/common/dsp48.lib 
Execute         source D:/Xilinx/Vivado/2018.3/common/technology/xilinx/ip/dds_compiler.lib 
Execute         source D:/Xilinx/Vivado/2018.3/common/technology/xilinx/ip/xfft.lib 
Execute         source D:/Xilinx/Vivado/2018.3/common/technology/xilinx/ip/xfir.lib 
Execute       source D:/Xilinx/Vivado/2018.3/common/technology/xilinx/common/xilinx_old.lib 
Execute       source D:/Xilinx/Vivado/2018.3/common/technology/xilinx/common/xilinx_vivado.lib 
Execute       source D:/Xilinx/Vivado/2018.3/common/technology/xilinx/common/xilinx.hlp 
Execute         source D:/Xilinx/Vivado/2018.3/common/technology/xilinx/common/target_info.tcl 
Execute         source D:/Xilinx/Vivado/2018.3/common/technology/xilinx/interface/xilinx_interface.hlp 
Execute           source D:/Xilinx/Vivado/2018.3/common/technology/xilinx/interface/maxi.hlp 
Execute           source D:/Xilinx/Vivado/2018.3/common/technology/xilinx/interface/saxilite.hlp 
Execute         source D:/Xilinx/Vivado/2018.3/common/technology/xilinx/common/dsp48.hlp 
Execute       source D:/Xilinx/Vivado/2018.3/common/technology/xilinx/zynq/dsp48e1.hlp 
Execute       get_default_platform 
Execute       config_chip_info -quiet -resource  {SLICE 13300}  {LUT 53200}     {FF 106400} {DSP48E 220}   {BRAM 280}  
Execute       config_chip_info -quiet -speed medium 
Execute       source D:/Xilinx/Vivado/2018.3/common/technology/xilinx/common/xilinx.hlp 
Execute         source D:/Xilinx/Vivado/2018.3/common/technology/xilinx/common/target_info.tcl 
Execute         source D:/Xilinx/Vivado/2018.3/common/technology/xilinx/interface/xilinx_interface.hlp 
Execute           source D:/Xilinx/Vivado/2018.3/common/technology/xilinx/interface/maxi.hlp 
Execute           source D:/Xilinx/Vivado/2018.3/common/technology/xilinx/interface/saxilite.hlp 
Execute         source D:/Xilinx/Vivado/2018.3/common/technology/xilinx/common/dsp48.hlp 
Execute     source D:/Xilinx/Vivado/2018.3/common/technology/xilinx/zynq/zynq.gen 
Execute       source D:/Xilinx/Vivado/2018.3/common/technology/xilinx/common/virtex.gen 
Execute         source D:/Xilinx/Vivado/2018.3/common/technology/xilinx/common/xilinx.gen 
Execute           source D:/Xilinx/Vivado/2018.3/common/technology/xilinx/interface/plb46.gen 
Execute           source D:/Xilinx/Vivado/2018.3/common/technology/xilinx/interface/fsl.gen 
Execute           source D:/Xilinx/Vivado/2018.3/common/technology/xilinx/interface/axi4.gen 
Execute           source D:/Xilinx/Vivado/2018.3/common/technology/xilinx/interface/nativeAXI4.gen 
Execute             source D:/Xilinx/Vivado/2018.3/common/technology/xilinx/interface/saxilite.gen 
Execute             source D:/Xilinx/Vivado/2018.3/common/technology/xilinx/interface/maxi.gen 
Execute           source D:/Xilinx/Vivado/2018.3/common/technology/xilinx/scripts/xilinxcoregen.gen 
Execute           source D:/Xilinx/Vivado/2018.3/common/technology/xilinx/interface/XilEDKCoreGen.gen 
Execute           source D:/Xilinx/Vivado/2018.3/common/technology/xilinx/ip/dds_compiler.gen 
Execute           source D:/Xilinx/Vivado/2018.3/common/technology/xilinx/ip/util.gen 
Execute           source D:/Xilinx/Vivado/2018.3/common/technology/xilinx/ip/xfft.gen 
Execute           source D:/Xilinx/Vivado/2018.3/common/technology/xilinx/ip/xfir.gen 
Execute         source D:/Xilinx/Vivado/2018.3/common/technology/xilinx/common/dsp48.gen 
Execute     open_platform DefaultPlatform 
Execute     import_lib D:/Xilinx/Vivado/2018.3/common/technology/xilinx/zynq/zynq_fpv6 
Execute       source D:/Xilinx/Vivado/2018.3/common/technology/xilinx/common/xilinx_fpv7.lib 
Execute         source D:/Xilinx/Vivado/2018.3/common/technology/xilinx/common/xilinx_hp.lib 
Execute       source D:/Xilinx/Vivado/2018.3/common/technology/xilinx/common/xilinx_fpv.hlp 
Execute         source D:/Xilinx/Vivado/2018.3/common/technology/xilinx/common/xilinx.hlp 
Execute           source D:/Xilinx/Vivado/2018.3/common/technology/xilinx/common/target_info.tcl 
Execute           source D:/Xilinx/Vivado/2018.3/common/technology/xilinx/interface/xilinx_interface.hlp 
Execute             source D:/Xilinx/Vivado/2018.3/common/technology/xilinx/interface/maxi.hlp 
Execute             source D:/Xilinx/Vivado/2018.3/common/technology/xilinx/interface/saxilite.hlp 
Execute           source D:/Xilinx/Vivado/2018.3/common/technology/xilinx/common/dsp48.hlp 
Execute       source D:/Xilinx/Vivado/2018.3/common/technology/xilinx/zynq/zynq_hp.hlp 
Execute     source D:/Xilinx/Vivado/2018.3/common/technology/xilinx/zynq/zynq_fpv6.gen 
Execute       source D:/Xilinx/Vivado/2018.3/common/technology/xilinx/common/xilinx_fpv6.gen 
Execute     set_part xc7z020clg400-2 
Execute       add_library xilinx/zynq/zynq:xc7z020:clg400:-2 
Execute         get_default_platform 
Execute         license_isbetapart xc7z020 
Command         license_isbetapart done; error code: 1; 
Execute         get_default_platform 
Execute         config_chip_info -quiet -resource  {SLICE 13300}  {LUT 53200}     {FF 106400} {DSP48E 220}   {BRAM 280}  
Execute         config_chip_info -quiet -speed medium 
Execute       add_library xilinx/zynq/zynq_fpv6 
Execute         get_default_platform 
INFO: [HLS 200-10] Setting target device to 'xc7z020clg400-2'
Execute       get_default_platform 
Execute     get_default_platform 
Execute     config_chip_info -quiet -resource  {SLICE 13300}  {LUT 53200}     {FF 106400} {DSP48E 220}   {BRAM 280}  
Execute     config_chip_info -quiet -speed medium 
Execute     config_export -format=ip_catalog 
Execute     config_export -rtl=verilog 
Command   open_solution done; 0.19 sec.
Execute   csim_design -quiet 
INFO: [SIM 211-2] *************** CSIM start ***************
INFO: [SIM 211-4] CSIM will launch GCC as the compiler.
Execute     source csim/.lst_opt.tcl 
Execute     is_encrypted D:/Xilinx/Project/LSTM/lstm_hls/bi-lstm_fpga/bi_lstm_exit/src/main.cpp 
Execute     is_xip D:/Xilinx/Project/LSTM/lstm_hls/bi-lstm_fpga/bi_lstm_exit/src/main.cpp 
Execute     is_encrypted D:/Xilinx/Project/LSTM/lstm_hls/bi-lstm_fpga/bi_lstm_exit/src/weight_sparse4.h 
Execute     is_xip D:/Xilinx/Project/LSTM/lstm_hls/bi-lstm_fpga/bi_lstm_exit/src/weight_sparse4.h 
Execute     is_encrypted D:/Xilinx/Project/LSTM/lstm_hls/bi-lstm_fpga/bi_lstm_exit/src/weight_sparse3.h 
Execute     is_xip D:/Xilinx/Project/LSTM/lstm_hls/bi-lstm_fpga/bi_lstm_exit/src/weight_sparse3.h 
Execute     is_encrypted D:/Xilinx/Project/LSTM/lstm_hls/bi-lstm_fpga/bi_lstm_exit/src/weight_sparse2.h 
Execute     is_xip D:/Xilinx/Project/LSTM/lstm_hls/bi-lstm_fpga/bi_lstm_exit/src/weight_sparse2.h 
Execute     is_encrypted D:/Xilinx/Project/LSTM/lstm_hls/bi-lstm_fpga/bi_lstm_exit/src/weight.h 
Execute     is_xip D:/Xilinx/Project/LSTM/lstm_hls/bi-lstm_fpga/bi_lstm_exit/src/weight.h 
Execute     is_encrypted D:/Xilinx/Project/LSTM/lstm_hls/bi-lstm_fpga/bi_lstm_exit/src/utils.h 
Execute     is_xip D:/Xilinx/Project/LSTM/lstm_hls/bi-lstm_fpga/bi_lstm_exit/src/utils.h 
Execute     is_encrypted D:/Xilinx/Project/LSTM/lstm_hls/bi-lstm_fpga/bi_lstm_exit/src/rnn_top.cpp 
Execute     is_xip D:/Xilinx/Project/LSTM/lstm_hls/bi-lstm_fpga/bi_lstm_exit/src/rnn_top.cpp 
Execute     is_encrypted D:/Xilinx/Project/LSTM/lstm_hls/bi-lstm_fpga/bi_lstm_exit/src/rnn.h 
Execute     is_xip D:/Xilinx/Project/LSTM/lstm_hls/bi-lstm_fpga/bi_lstm_exit/src/rnn.h 
Execute     is_encrypted D:/Xilinx/Project/LSTM/lstm_hls/bi-lstm_fpga/bi_lstm_exit/src/rnn.cpp 
Execute     is_xip D:/Xilinx/Project/LSTM/lstm_hls/bi-lstm_fpga/bi_lstm_exit/src/rnn.cpp 
Execute     get_default_platform 
Execute     source run_sim.tcl 
Command     ap_source done; 77.219 sec.
INFO: [SIM 211-1] CSim done with 0 errors.
INFO: [SIM 211-3] *************** CSIM finish ***************
Command   csim_design done; 90.225 sec.
Command ap_source done; 90.418 sec.
Execute cleanup_all 
