INFO: Applying HLS Y2K22 patch v1.2 for IP revision
INFO: [HLS 200-10] Running 'D:/Xilinx/Vivado/2018.3/bin/unwrapped/win64.o/vivado_hls.exe'
INFO: [HLS 200-10] For user 'zude1' on host 'jude' (Windows NT_amd64 version 6.2) on Sat Apr 05 09:48:17 +0800 2025
INFO: [HLS 200-10] In directory 'D:/Xilinx/Project/LSTM/lstm_hls/dynamic_quant'
INFO: [HLS 200-10] Opening project 'D:/Xilinx/Project/LSTM/lstm_hls/dynamic_quant/dyn_quant'.
INFO: [HLS 200-10] Opening solution 'D:/Xilinx/Project/LSTM/lstm_hls/dynamic_quant/dyn_quant/solution1'.
INFO: [SYN 201-201] Setting up clock 'default' with a period of 10ns.
INFO: [HLS 200-10] Setting target device to 'xc7z020clg400-2'
INFO: [SIM 211-2] *************** CSIM start ***************
INFO: [SIM 211-4] CSIM will launch GCC as the compiler.
   Compiling ../../../src/test_mixed_precision_lstm.cpp in debug mode
   Generating csim.exe
In file included from D:/Xilinx/Vivado/2018.3/include/floating_point_v7_0_bitacc_cmodel.h:143:0,
                 from D:/Xilinx/Vivado/2018.3/include/hls_fpo.h:186,
                 from D:/Xilinx/Vivado/2018.3/include/hls_half.h:44,
                 from D:/Xilinx/Vivado/2018.3/include/etc/ap_private.h:90,
                 from D:/Xilinx/Vivado/2018.3/include/ap_common.h:641,
                 from D:/Xilinx/Vivado/2018.3/include/ap_fixed.h:54,
                 from ../../../src/fixed_lstm.h:4,
                 from ../../../src/test_mixed_precision_lstm.cpp:6:
D:/Xilinx/Vivado/2018.3/include/gmp.h:62:0: warning: "__GMP_LIBGMP_DLL" redefined
 #define __GMP_LIBGMP_DLL  0
 
In file included from D:/Xilinx/Vivado/2018.3/include/hls_fpo.h:186:0,
                 from D:/Xilinx/Vivado/2018.3/include/hls_half.h:44,
                 from D:/Xilinx/Vivado/2018.3/include/etc/ap_private.h:90,
                 from D:/Xilinx/Vivado/2018.3/include/ap_common.h:641,
                 from D:/Xilinx/Vivado/2018.3/include/ap_fixed.h:54,
                 from ../../../src/fixed_lstm.h:4,
                 from ../../../src/test_mixed_precision_lstm.cpp:6:
D:/Xilinx/Vivado/2018.3/include/floating_point_v7_0_bitacc_cmodel.h:135:0: note: this is the location of the previous definition
 #define __GMP_LIBGMP_DLL 1
 
i'm in the main function !





Current dir: D:\Xilinx\Project\LSTM\lstm_hls\dynamic_quant\dyn_quant\solution1\csim\build
test on the road!
Testing all images...
274.191s usded, acc = 0.914300
Test done.
INFO: [SIM 211-1] CSim done with 0 errors.
INFO: [SIM 211-3] *************** CSIM finish ***************
