INFO: Applying HLS Y2K22 patch v1.2 for IP revision
INFO: [HLS 200-10] Running 'D:/Xilinx/Vivado/2018.3/bin/unwrapped/win64.o/vivado_hls.exe'
INFO: [HLS 200-10] For user 'zude1' on host 'jude' (Windows NT_amd64 version 6.2) on Mon Apr 28 20:59:00 +0800 2025
INFO: [HLS 200-10] In directory 'D:/Xilinx/Project/LSTM/lstm_hls/bi-lstm_fpga'
INFO: [HLS 200-10] Opening project 'D:/Xilinx/Project/LSTM/lstm_hls/bi-lstm_fpga/bi_lstm'.
INFO: [HLS 200-10] Opening solution 'D:/Xilinx/Project/LSTM/lstm_hls/bi-lstm_fpga/bi_lstm/solution1'.
INFO: [SYN 201-201] Setting up clock 'default' with a period of 10ns.
INFO: [HLS 200-10] Setting target device to 'xc7z020clg400-2'
INFO: [SIM 211-2] *************** CSIM start ***************
INFO: [SIM 211-4] CSIM will launch GCC as the compiler.
   Compiling ../../../src/rnn.cpp in debug mode
   Generating csim.exe
In file included from D:/Xilinx/Vivado/2018.3/include/floating_point_v7_0_bitacc_cmodel.h:143:0,
                 from D:/Xilinx/Vivado/2018.3/include/hls_fpo.h:186,
                 from D:/Xilinx/Vivado/2018.3/include/hls_half.h:44,
                 from D:/Xilinx/Vivado/2018.3/include/etc/ap_private.h:90,
                 from D:/Xilinx/Vivado/2018.3/include/ap_common.h:641,
                 from D:/Xilinx/Vivado/2018.3/include/ap_fixed.h:54,
                 from ../../../src/rnn.h:5,
                 from ../../../src/rnn.cpp:1:
D:/Xilinx/Vivado/2018.3/include/gmp.h:62:0: warning: "__GMP_LIBGMP_DLL" redefined
 #define __GMP_LIBGMP_DLL  0
 
In file included from D:/Xilinx/Vivado/2018.3/include/hls_fpo.h:186:0,
                 from D:/Xilinx/Vivado/2018.3/include/hls_half.h:44,
                 from D:/Xilinx/Vivado/2018.3/include/etc/ap_private.h:90,
                 from D:/Xilinx/Vivado/2018.3/include/ap_common.h:641,
                 from D:/Xilinx/Vivado/2018.3/include/ap_fixed.h:54,
                 from ../../../src/rnn.h:5,
                 from ../../../src/rnn.cpp:1:
D:/Xilinx/Vivado/2018.3/include/floating_point_v7_0_bitacc_cmodel.h:135:0: note: this is the location of the previous definition
 #define __GMP_LIBGMP_DLL 1
 
test in main function !!


(forward)skip_num=2(0.066667)
(backward)skip_num=2(0.066667)
(forward)skip_num=2(0.060606)
(backward)skip_num=2(0.060606)
(forward)skip_num=1(0.027778)
(backward)skip_num=1(0.027778)
(forward)skip_num=3(0.088235)
(backward)skip_num=3(0.088235)
(forward)skip_num=11(0.268293)
(backward)skip_num=11(0.268293)
(forward)skip_num=3(0.107143)
(backward)skip_num=3(0.107143)
(forward)skip_num=4(0.088889)
(backward)skip_num=4(0.088889)
(forward)skip_num=4(0.102564)
(backward)skip_num=4(0.102564)
(forward)skip_num=2(0.046512)
(backward)skip_num=3(0.069767)
(forward)skip_num=3(0.085714)
(backward)skip_num=3(0.085714)
(forward)skip_num=2(0.105263)
(backward)skip_num=2(0.105263)
(forward)skip_num=1(0.040000)
(backward)skip_num=1(0.040000)
(forward)skip_num=3(0.083333)
(backward)skip_num=3(0.083333)
(forward)skip_num=8(0.275862)
(backward)skip_num=8(0.275862)
(forward)skip_num=2(0.051282)
(backward)skip_num=2(0.051282)
(forward)skip_num=7(0.179487)
(backward)skip_num=6(0.153846)
(forward)skip_num=3(0.096774)
(backward)skip_num=3(0.096774)
(forward)skip_num=4(0.210526)
(backward)skip_num=4(0.210526)
(forward)skip_num=1(0.033333)
(backward)skip_num=1(0.033333)
(forward)skip_num=4(0.129032)
(backward)skip_num=4(0.129032)
(forward)skip_num=10(0.256410)
(backward)skip_num=10(0.256410)
(forward)skip_num=2(0.024691)
(backward)skip_num=2(0.024691)
(forward)skip_num=3(0.078947)
(backward)skip_num=3(0.078947)
(forward)skip_num=4(0.142857)
(backward)skip_num=4(0.142857)
(forward)skip_num=2(0.045455)
(backward)skip_num=2(0.045455)
(forward)skip_num=2(0.060606)
(backward)skip_num=2(0.060606)
(forward)skip_num=1(0.032258)
(backward)skip_num=1(0.032258)
(forward)skip_num=2(0.071429)
(backward)skip_num=2(0.071429)
(forward)skip_num=1(0.027027)
(backward)skip_num=1(0.027027)
(forward)skip_num=10(0.232558)
(backward)skip_num=10(0.232558)
(forward)skip_num=6(0.130435)
(backward)skip_num=6(0.130435)
(forward)skip_num=1(0.043478)
(backward)skip_num=1(0.043478)
(forward)skip_num=3(0.111111)
(backward)skip_num=3(0.111111)
(forward)skip_num=1(0.028571)
(backward)skip_num=1(0.028571)
(forward)skip_num=7(0.189189)
(backward)skip_num=7(0.189189)
(forward)skip_num=6(0.153846)
(backward)skip_num=6(0.153846)
(forward)skip_num=2(0.051282)
(backward)skip_num=2(0.051282)
(forward)skip_num=5(0.116279)
(backward)skip_num=5(0.116279)
(forward)skip_num=2(0.060606)
(backward)skip_num=2(0.060606)
(forward)skip_num=2(0.071429)
(backward)skip_num=2(0.071429)
(forward)skip_num=7(0.116667)
(backward)skip_num=7(0.116667)
(forward)skip_num=3(0.093750)
(backward)skip_num=3(0.093750)
(forward)skip_num=6(0.272727)
(backward)skip_num=6(0.272727)
(forward)skip_num=7(0.170732)
(backward)skip_num=7(0.170732)
(forward)skip_num=5(0.113636)
(backward)skip_num=4(0.090909)
(forward)skip_num=5(0.089286)
(backward)skip_num=5(0.089286)
(forward)skip_num=1(0.040000)
(backward)skip_num=1(0.040000)
(forward)skip_num=1(0.024390)
(backward)skip_num=1(0.024390)
(forward)skip_num=2(0.064516)
(backward)skip_num=2(0.064516)
(forward)skip_num=7(0.194444)
(backward)skip_num=7(0.194444)
(forward)skip_num=5(0.172414)
(backward)skip_num=5(0.172414)
(forward)skip_num=2(0.051282)
(backward)skip_num=2(0.051282)
(forward)skip_num=3(0.058824)
(backward)skip_num=2(0.039216)
(forward)skip_num=3(0.115385)
(backward)skip_num=3(0.115385)
(forward)skip_num=1(0.027778)
(backward)skip_num=1(0.027778)
(forward)skip_num=4(0.129032)
(backward)skip_num=4(0.129032)
(forward)skip_num=5(0.113636)
(backward)skip_num=5(0.113636)
(forward)skip_num=5(0.121951)
(backward)skip_num=5(0.121951)
(forward)skip_num=2(0.068966)
(backward)skip_num=2(0.068966)
(forward)skip_num=8(0.163265)
(backward)skip_num=8(0.163265)
(forward)skip_num=1(0.015873)
(backward)skip_num=1(0.015873)
(forward)skip_num=4(0.088889)
(backward)skip_num=4(0.088889)
(forward)skip_num=2(0.057143)
(backward)skip_num=2(0.057143)
(forward)skip_num=2(0.080000)
(backward)skip_num=2(0.080000)
(forward)skip_num=4(0.108108)
(backward)skip_num=4(0.108108)
(forward)skip_num=5(0.100000)
(backward)skip_num=6(0.120000)
(forward)skip_num=1(0.038462)
(backward)skip_num=1(0.038462)
(forward)skip_num=1(0.035714)
(backward)skip_num=1(0.035714)
(forward)skip_num=1(0.041667)
(backward)skip_num=1(0.041667)
(forward)skip_num=3(0.052632)
(backward)skip_num=4(0.070175)
(forward)skip_num=1(0.062500)
(backward)skip_num=1(0.062500)
(forward)skip_num=2(0.083333)
(backward)skip_num=2(0.083333)
(forward)skip_num=1(0.023810)
(backward)skip_num=1(0.023810)
(forward)skip_num=1(0.045455)
(backward)skip_num=1(0.045455)
(forward)skip_num=3(0.107143)
(backward)skip_num=3(0.107143)
(forward)skip_num=4(0.100000)
(backward)skip_num=4(0.100000)
(forward)skip_num=1(0.031250)
(backward)skip_num=1(0.031250)
(forward)skip_num=2(0.074074)
(backward)skip_num=2(0.074074)
(forward)skip_num=2(0.048780)
(backward)skip_num=2(0.048780)
(forward)skip_num=6(0.146341)
(backward)skip_num=6(0.146341)
(forward)skip_num=8(0.173913)
(backward)skip_num=8(0.173913)
(forward)skip_num=3(0.136364)
(backward)skip_num=3(0.136364)
(forward)skip_num=3(0.115385)
(backward)skip_num=3(0.115385)
(forward)skip_num=4(0.074074)
(backward)skip_num=4(0.074074)
(forward)skip_num=6(0.139535)
(backward)skip_num=6(0.139535)
(forward)skip_num=7(0.166667)
(backward)skip_num=6(0.142857)
(forward)skip_num=1(0.027778)
(backward)skip_num=1(0.027778)
(forward)skip_num=2(0.080000)
(backward)skip_num=2(0.080000)
(forward)skip_num=1(0.030303)
(backward)skip_num=1(0.030303)
(forward)skip_num=11(0.379310)
(backward)skip_num=11(0.379310)
(forward)skip_num=3(0.130435)
(backward)skip_num=3(0.130435)
(forward)skip_num=1(0.027027)
(backward)skip_num=1(0.027027)
(forward)skip_num=4(0.105263)
(backward)skip_num=4(0.105263)
(forward)skip_num=4(0.114286)
(backward)skip_num=5(0.142857)
(forward)skip_num=2(0.133333)
(backward)skip_num=2(0.133333)
(forward)skip_num=8(0.173913)
(backward)skip_num=8(0.173913)
(forward)skip_num=2(0.062500)
(backward)skip_num=2(0.062500)
(forward)skip_num=3(0.054545)
(backward)skip_num=3(0.054545)
(forward)skip_num=3(0.085714)
(backward)skip_num=3(0.085714)
(forward)skip_num=6(0.193548)
(backward)skip_num=6(0.193548)
(forward)skip_num=2(0.071429)
(backward)skip_num=2(0.071429)
(forward)skip_num=2(0.068966)
(backward)skip_num=2(0.068966)
(forward)skip_num=1(0.045455)
(backward)skip_num=1(0.045455)
(forward)skip_num=3(0.081081)
(backward)skip_num=3(0.081081)
(forward)skip_num=1(0.028571)
(backward)skip_num=1(0.028571)
(forward)skip_num=5(0.135135)
(backward)skip_num=5(0.135135)
(forward)skip_num=3(0.083333)
(backward)skip_num=3(0.083333)
(forward)skip_num=2(0.050000)
(backward)skip_num=2(0.050000)
(forward)skip_num=6(0.130435)
(backward)skip_num=6(0.130435)
(forward)skip_num=4(0.137931)
(backward)skip_num=4(0.137931)
(forward)skip_num=1(0.020833)
(backward)skip_num=1(0.020833)
(forward)skip_num=1(0.045455)
(backward)skip_num=1(0.045455)
(forward)skip_num=5(0.185185)
(backward)skip_num=5(0.185185)
(forward)skip_num=3(0.085714)
(backward)skip_num=3(0.085714)
(forward)skip_num=5(0.161290)
(backward)skip_num=5(0.161290)
(forward)skip_num=10(0.192308)
(backward)skip_num=9(0.173077)
(forward)skip_num=3(0.107143)
(backward)skip_num=3(0.107143)
(forward)skip_num=8(0.250000)
(backward)skip_num=8(0.250000)
(forward)skip_num=8(0.205128)
(backward)skip_num=8(0.205128)
(forward)skip_num=3(0.071429)
(backward)skip_num=3(0.071429)
(forward)skip_num=1(0.025641)
(backward)skip_num=1(0.025641)
(forward)skip_num=1(0.038462)
(backward)skip_num=1(0.038462)
(forward)skip_num=7(0.194444)
(backward)skip_num=8(0.222222)
(forward)skip_num=9(0.236842)
(backward)skip_num=9(0.236842)
(forward)skip_num=4(0.160000)
(backward)skip_num=4(0.160000)
(forward)skip_num=2(0.055556)
(backward)skip_num=2(0.055556)
(forward)skip_num=3(0.107143)
(backward)skip_num=3(0.107143)
(forward)skip_num=1(0.025641)
(backward)skip_num=1(0.025641)
(forward)skip_num=1(0.034483)
(backward)skip_num=1(0.034483)
(forward)skip_num=1(0.037037)
(backward)skip_num=1(0.037037)
(forward)skip_num=5(0.172414)
(backward)skip_num=5(0.172414)
(forward)skip_num=1(0.029412)
(backward)skip_num=1(0.029412)
(forward)skip_num=5(0.100000)
(backward)skip_num=5(0.100000)
(forward)skip_num=5(0.147059)
(backward)skip_num=6(0.176471)
(forward)skip_num=1(0.029412)
(backward)skip_num=1(0.029412)
(forward)skip_num=1(0.020000)
(backward)skip_num=1(0.020000)
(forward)skip_num=2(0.038462)
(backward)skip_num=2(0.038462)
(forward)skip_num=5(0.119048)
(backward)skip_num=5(0.119048)
(forward)skip_num=3(0.063830)
(backward)skip_num=3(0.063830)
(forward)skip_num=8(0.200000)
(backward)skip_num=8(0.200000)
(forward)skip_num=1(0.035714)
(backward)skip_num=1(0.035714)
(forward)skip_num=7(0.170732)
(backward)skip_num=5(0.121951)
(forward)skip_num=5(0.151515)
(backward)skip_num=5(0.151515)
(forward)skip_num=3(0.187500)
(backward)skip_num=3(0.187500)
(forward)skip_num=7(0.175000)
(backward)skip_num=6(0.150000)
(forward)skip_num=1(0.047619)
(backward)skip_num=1(0.047619)
(forward)skip_num=1(0.021277)
(backward)skip_num=1(0.021277)
(forward)skip_num=3(0.107143)
(backward)skip_num=3(0.107143)
(forward)skip_num=4(0.108108)
(backward)skip_num=4(0.108108)
(forward)skip_num=7(0.145833)
(backward)skip_num=7(0.145833)
(forward)skip_num=7(0.162791)
(backward)skip_num=7(0.162791)
(forward)skip_num=2(0.050000)
(backward)skip_num=2(0.050000)
(forward)skip_num=4(0.111111)
(backward)skip_num=4(0.111111)
(forward)skip_num=4(0.095238)
(backward)skip_num=4(0.095238)
(forward)skip_num=3(0.125000)
(backward)skip_num=3(0.125000)
(forward)skip_num=2(0.080000)
(backward)skip_num=2(0.080000)
(forward)skip_num=5(0.217391)
(backward)skip_num=5(0.217391)
(forward)skip_num=7(0.148936)
(backward)skip_num=7(0.148936)
(forward)skip_num=3(0.111111)
(backward)skip_num=3(0.111111)
(forward)skip_num=1(0.035714)
(backward)skip_num=1(0.035714)
(forward)skip_num=1(0.043478)
(backward)skip_num=1(0.043478)
(forward)skip_num=2(0.062500)
(backward)skip_num=2(0.062500)
(forward)skip_num=1(0.031250)
(backward)skip_num=1(0.031250)
(forward)skip_num=6(0.136364)
(backward)skip_num=6(0.136364)
(forward)skip_num=4(0.108108)
(backward)skip_num=4(0.108108)
(forward)skip_num=5(0.138889)
(backward)skip_num=5(0.138889)
(forward)skip_num=1(0.030303)
(backward)skip_num=1(0.030303)
(forward)skip_num=3(0.093750)
(backward)skip_num=3(0.093750)
(forward)skip_num=2(0.064516)
(backward)skip_num=2(0.064516)
(forward)skip_num=3(0.078947)
(backward)skip_num=3(0.078947)
(forward)skip_num=3(0.093750)
(backward)skip_num=3(0.093750)
(forward)skip_num=1(0.028571)
(backward)skip_num=1(0.028571)
(forward)skip_num=1(0.031250)
(backward)skip_num=1(0.031250)
(forward)skip_num=7(0.148936)
(backward)skip_num=7(0.148936)
(forward)skip_num=6(0.146341)
(backward)skip_num=6(0.146341)
(forward)skip_num=3(0.125000)
(backward)skip_num=3(0.125000)
(forward)skip_num=9(0.243243)
(backward)skip_num=7(0.189189)
(forward)skip_num=8(0.266667)
(backward)skip_num=8(0.266667)
(forward)skip_num=3(0.069767)
(backward)skip_num=3(0.069767)
(forward)skip_num=1(0.029412)
(backward)skip_num=1(0.029412)
(forward)skip_num=6(0.181818)
(backward)skip_num=6(0.181818)
(forward)skip_num=6(0.230769)
(backward)skip_num=6(0.230769)
(forward)skip_num=3(0.100000)
(backward)skip_num=2(0.066667)
(forward)skip_num=10(0.312500)
(backward)skip_num=10(0.312500)
(forward)skip_num=1(0.022727)
(backward)skip_num=1(0.022727)
(forward)skip_num=1(0.037037)
(backward)skip_num=1(0.037037)
(forward)skip_num=1(0.034483)
(backward)skip_num=1(0.034483)
(forward)skip_num=2(0.090909)
(backward)skip_num=2(0.090909)
(forward)skip_num=9(0.142857)
(backward)skip_num=9(0.142857)
(forward)skip_num=4(0.153846)
(backward)skip_num=3(0.115385)
(forward)skip_num=3(0.103448)
(backward)skip_num=3(0.103448)
(forward)skip_num=8(0.190476)
(backward)skip_num=7(0.166667)
(forward)skip_num=1(0.047619)
(backward)skip_num=1(0.047619)
(forward)skip_num=5(0.147059)
(backward)skip_num=5(0.147059)
(forward)skip_num=4(0.105263)
(backward)skip_num=4(0.105263)
(forward)skip_num=7(0.129630)
(backward)skip_num=8(0.148148)
(forward)skip_num=5(0.142857)
(backward)skip_num=5(0.142857)
(forward)skip_num=3(0.111111)
(backward)skip_num=3(0.111111)
(forward)skip_num=2(0.066667)
(backward)skip_num=2(0.066667)
(forward)skip_num=3(0.078947)
(backward)skip_num=3(0.078947)
(forward)skip_num=9(0.150000)
(backward)skip_num=8(0.133333)
(forward)skip_num=2(0.048780)
(backward)skip_num=2(0.048780)
(forward)skip_num=1(0.030303)
(backward)skip_num=1(0.030303)
(forward)skip_num=5(0.098039)
(backward)skip_num=5(0.098039)
(forward)skip_num=1(0.037037)
(backward)skip_num=1(0.037037)
(forward)skip_num=4(0.083333)
(backward)skip_num=4(0.083333)
(forward)skip_num=2(0.046512)
(backward)skip_num=2(0.046512)
(forward)skip_num=12(0.315789)
(backward)skip_num=11(0.289474)
(forward)skip_num=6(0.139535)
(backward)skip_num=6(0.139535)
(forward)skip_num=4(0.200000)
(backward)skip_num=4(0.200000)
(forward)skip_num=1(0.030303)
(backward)skip_num=1(0.030303)
(forward)skip_num=4(0.121212)
(backward)skip_num=4(0.121212)
1.704s usded
Accuracy: 0.94
INFO: [SIM 211-1] CSim done with 0 errors.
INFO: [SIM 211-3] *************** CSIM finish ***************
